[0.003s][info][gc,init] Initializing The Z Garbage Collector
[0.012s][info][gc,init] Version: 11.0.15+10-Ubuntu-0ubuntu0.20.04.1 (release)
[0.012s][info][gc,init] NUMA Support: Disabled
[0.012s][info][gc,init] CPUs: 1 total, 1 available
[0.012s][info][gc,init] Memory: 7952M
[0.012s][info][gc,init] Large Page Support: Disabled
[0.012s][info][gc,init] Workers: 1 parallel, 1 concurrent
[0.012s][info][gc,init] Heap backed by file: /memfd:java_heap
[0.012s][info][gc,init] Available space on backing filesystem: N/A
[0.101s][info][gc,init] Pre-touching: Disabled
[0.101s][info][gc,init] Pre-mapping: 126M
[0.132s][info][gc,init] Runtime Workers: 1 parallel
[0.132s][info][gc     ] Using The Z Garbage Collector
[7.881s][info][gc,start] GC(0) Garbage Collection (Metadata GC Threshold)
[7.882s][info][gc,phases] GC(0) Pause Mark Start 0.630ms
[7.966s][info][gc,phases] GC(0) Concurrent Mark 84.114ms
[7.971s][info][gc,phases] GC(0) Pause Mark End 0.091ms
[7.971s][info][gc,phases] GC(0) Concurrent Process Non-Strong References 0.513ms
[7.973s][info][gc,phases] GC(0) Concurrent Reset Relocation Set 0.001ms
[7.973s][info][gc,phases] GC(0) Concurrent Destroy Detached Pages 0.001ms
[7.975s][info][gc,phases] GC(0) Concurrent Select Relocation Set 2.815ms
[7.976s][info][gc,phases] GC(0) Concurrent Prepare Relocation Set 0.386ms
[7.981s][info][gc,phases] GC(0) Pause Relocate Start 1.040ms
[8.020s][info][gc,phases] GC(0) Concurrent Relocate 24.551ms
[8.020s][info][gc,load  ] GC(0) Load: 5.53/4.46/3.08
[8.020s][info][gc,mmu   ] GC(0) MMU: 2ms/48.0%, 5ms/79.2%, 10ms/89.6%, 20ms/94.3%, 50ms/97.7%, 100ms/98.2%
[8.020s][info][gc,marking] GC(0) Mark: 1 stripe(s), 3 proactive flush(es), 1 terminate flush(es), 0 completion(s), 0 continuation(s) 
[8.020s][info][gc,reloc  ] GC(0) Relocation: Successful, 16M relocated
[8.020s][info][gc,nmethod] GC(0) NMethods: 342 registered, 0 unregistered
[8.020s][info][gc,metaspace] GC(0) Metaspace: 20M used, 21M capacity, 21M committed, 22M reserved
[8.020s][info][gc,ref      ] GC(0) Soft: 356 encountered, 0 discovered, 0 enqueued
[8.020s][info][gc,ref      ] GC(0) Weak: 711 encountered, 650 discovered, 188 enqueued
[8.020s][info][gc,ref      ] GC(0) Final: 2 encountered, 0 discovered, 0 enqueued
[8.020s][info][gc,ref      ] GC(0) Phantom: 839 encountered, 644 discovered, 245 enqueued
[8.020s][info][gc,heap     ] GC(0)                Mark Start          Mark End        Relocate Start      Relocate End           High               Low         
[8.020s][info][gc,heap     ] GC(0)  Capacity:      160M (16%)         160M (16%)         160M (16%)         160M (16%)         160M (16%)         160M (16%)    
[8.020s][info][gc,heap     ] GC(0)   Reserve:       34M (3%)           34M (3%)           34M (3%)           34M (3%)           34M (3%)           34M (3%)     
[8.020s][info][gc,heap     ] GC(0)      Free:      876M (88%)         874M (87%)         874M (87%)         916M (92%)         916M (92%)         872M (87%)    
[8.020s][info][gc,heap     ] GC(0)      Used:       90M (9%)           92M (9%)           92M (9%)           50M (5%)           94M (9%)           50M (5%)     
[8.020s][info][gc,heap     ] GC(0)      Live:         -                17M (2%)           17M (2%)           17M (2%)             -                  -          
[8.020s][info][gc,heap     ] GC(0) Allocated:         -                 2M (0%)            2M (0%)           12M (1%)             -                  -          
[8.021s][info][gc,heap     ] GC(0)   Garbage:         -                72M (7%)           72M (7%)           30M (3%)             -                  -          
[8.021s][info][gc,heap     ] GC(0) Reclaimed:         -                  -                 0M (0%)           42M (4%)             -                  -          
[8.021s][info][gc          ] GC(0) Garbage Collection (Metadata GC Threshold) 90M(9%)->50M(5%)
[10.215s][info][gc,stats    ] === Garbage Collection Statistics =======================================================================================================================
[10.215s][info][gc,stats    ]                                                              Last 10s              Last 10m              Last 10h                Total
[10.215s][info][gc,stats    ]                                                              Avg / Max             Avg / Max             Avg / Max             Avg / Max
[10.215s][info][gc,stats    ]   Collector: Garbage Collection Cycle                    139.107 / 139.107     139.107 / 139.107     139.107 / 139.107     139.107 / 139.107     ms
[10.215s][info][gc,stats    ]  Contention: Mark Segment Reset Contention                     0 / 0                 0 / 0                 0 / 0                 0 / 0           ops/s
[10.215s][info][gc,stats    ]  Contention: Mark SeqNum Reset Contention                      0 / 0                 0 / 0                 0 / 0                 0 / 0           ops/s
[10.215s][info][gc,stats    ]  Contention: Relocation Contention                             0 / 0                 0 / 0                 0 / 0                 0 / 0           ops/s
[10.215s][info][gc,stats    ]    Critical: Allocation Stall                              0.000 / 0.000         0.000 / 0.000         0.000 / 0.000         0.000 / 0.000       ms
[10.215s][info][gc,stats    ]    Critical: Allocation Stall                                  0 / 0                 0 / 0                 0 / 0                 0 / 0           ops/s
[10.215s][info][gc,stats    ]    Critical: GC Locker Stall                               0.000 / 0.000         0.000 / 0.000         0.000 / 0.000         0.000 / 0.000       ms
[10.215s][info][gc,stats    ]    Critical: GC Locker Stall                                   0 / 0                 0 / 0                 0 / 0                 0 / 0           ops/s
[10.215s][info][gc,stats    ]      Memory: Allocation Rate                                  13 / 56               13 / 56               13 / 56               13 / 56          MB/s
[10.215s][info][gc,stats    ]      Memory: Heap Used After Mark                             92 / 92               92 / 92               92 / 92               92 / 92          MB
[10.215s][info][gc,stats    ]      Memory: Heap Used After Relocation                       50 / 50               50 / 50               50 / 50               50 / 50          MB
[10.215s][info][gc,stats    ]      Memory: Heap Used Before Mark                            90 / 90               90 / 90               90 / 90               90 / 90          MB
[10.215s][info][gc,stats    ]      Memory: Heap Used Before Relocation                      92 / 92               92 / 92               92 / 92               92 / 92          MB
[10.215s][info][gc,stats    ]      Memory: Out Of Memory                                     0 / 0                 0 / 0                 0 / 0                 0 / 0           ops/s
[10.215s][info][gc,stats    ]      Memory: Page Cache Flush                                  0 / 0                 0 / 0                 0 / 0                 0 / 0           MB/s
[10.215s][info][gc,stats    ]      Memory: Page Cache Hit L1                                 2 / 9                 2 / 9                 2 / 9                 2 / 9           ops/s
[10.215s][info][gc,stats    ]      Memory: Page Cache Hit L2                                 0 / 0                 0 / 0                 0 / 0                 0 / 0           ops/s
[10.215s][info][gc,stats    ]      Memory: Page Cache Miss                                   3 / 12                3 / 12                3 / 12                3 / 12          ops/s
[10.215s][info][gc,stats    ]      Memory: Undo Object Allocation Failed                     0 / 0                 0 / 0                 0 / 0                 0 / 0           ops/s
[10.215s][info][gc,stats    ]      Memory: Undo Object Allocation Succeeded                  0 / 0                 0 / 0                 0 / 0                 0 / 0           ops/s
[10.215s][info][gc,stats    ]      Memory: Undo Page Allocation                              0 / 0                 0 / 0                 0 / 0                 0 / 0           ops/s
[10.215s][info][gc,stats    ]       Phase: Concurrent Destroy Detached Pages             0.001 / 0.001         0.001 / 0.001         0.001 / 0.001         0.001 / 0.001       ms
[10.215s][info][gc,stats    ]       Phase: Concurrent Mark                              84.114 / 84.114       84.114 / 84.114       84.114 / 84.114       84.114 / 84.114      ms
[10.215s][info][gc,stats    ]       Phase: Concurrent Mark Continue                      0.000 / 0.000         0.000 / 0.000         0.000 / 0.000         0.000 / 0.000       ms
[10.215s][info][gc,stats    ]       Phase: Concurrent Prepare Relocation Set             0.386 / 0.386         0.386 / 0.386         0.386 / 0.386         0.386 / 0.386       ms
[10.215s][info][gc,stats    ]       Phase: Concurrent Process Non-Strong References      0.513 / 0.513         0.513 / 0.513         0.513 / 0.513         0.513 / 0.513       ms
[10.215s][info][gc,stats    ]       Phase: Concurrent Relocate                          24.551 / 24.551       24.551 / 24.551       24.551 / 24.551       24.551 / 24.551      ms
[10.215s][info][gc,stats    ]       Phase: Concurrent Reset Relocation Set               0.001 / 0.001         0.001 / 0.001         0.001 / 0.001         0.001 / 0.001       ms
[10.215s][info][gc,stats    ]       Phase: Concurrent Select Relocation Set              2.815 / 2.815         2.815 / 2.815         2.815 / 2.815         2.815 / 2.815       ms
[10.215s][info][gc,stats    ]       Phase: Pause Mark End                                0.091 / 0.091         0.091 / 0.091         0.091 / 0.091         0.091 / 0.091       ms
[10.215s][info][gc,stats    ]       Phase: Pause Mark Start                              0.630 / 0.630         0.630 / 0.630         0.630 / 0.630         0.630 / 0.630       ms
[10.215s][info][gc,stats    ]       Phase: Pause Relocate Start                          1.040 / 1.040         1.040 / 1.040         1.040 / 1.040         1.040 / 1.040       ms
[10.215s][info][gc,stats    ]    Subphase: Concurrent Mark                              84.095 / 84.095       84.095 / 84.095       84.095 / 84.095       84.095 / 84.095      ms
[10.215s][info][gc,stats    ]    Subphase: Concurrent Mark Idle                          0.000 / 0.000         0.000 / 0.000         0.000 / 0.000         0.000 / 0.000       ms
[10.215s][info][gc,stats    ]    Subphase: Concurrent Mark Try Flush                     4.518 / 9.354         4.518 / 9.354         4.518 / 9.354         4.518 / 9.354       ms
[10.215s][info][gc,stats    ]    Subphase: Concurrent Mark Try Terminate                 0.492 / 0.984         0.492 / 0.984         0.492 / 0.984         0.492 / 0.984       ms
[10.215s][info][gc,stats    ]    Subphase: Concurrent References Enqueue                 0.002 / 0.002         0.002 / 0.002         0.002 / 0.002         0.002 / 0.002       ms
[10.215s][info][gc,stats    ]    Subphase: Concurrent References Process                 0.307 / 0.307         0.307 / 0.307         0.307 / 0.307         0.307 / 0.307       ms
[10.215s][info][gc,stats    ]    Subphase: Concurrent Weak Roots                         0.192 / 0.192         0.192 / 0.192         0.192 / 0.192         0.192 / 0.192       ms
[10.215s][info][gc,stats    ]    Subphase: Concurrent Weak Roots JNIWeakHandles          0.000 / 0.000         0.000 / 0.000         0.000 / 0.000         0.000 / 0.000       ms
[10.215s][info][gc,stats    ]    Subphase: Concurrent Weak Roots StringTable             0.164 / 0.164         0.164 / 0.164         0.164 / 0.164         0.164 / 0.164       ms
[10.215s][info][gc,stats    ]    Subphase: Concurrent Weak Roots VMWeakHandles           0.027 / 0.027         0.027 / 0.027         0.027 / 0.027         0.027 / 0.027       ms
[10.215s][info][gc,stats    ]    Subphase: Pause Mark Try Complete                       0.000 / 0.000         0.000 / 0.000         0.000 / 0.000         0.000 / 0.000       ms
[10.215s][info][gc,stats    ]    Subphase: Pause Remap TLABS                             0.000 / 0.000         0.000 / 0.000         0.000 / 0.000         0.000 / 0.000       ms
[10.215s][info][gc,stats    ]    Subphase: Pause Retire TLABS                            0.004 / 0.004         0.004 / 0.004         0.004 / 0.004         0.004 / 0.004       ms
[10.215s][info][gc,stats    ]    Subphase: Pause Roots                                   0.543 / 0.984         0.543 / 0.984         0.543 / 0.984         0.543 / 0.984       ms
[10.215s][info][gc,stats    ]    Subphase: Pause Roots ClassLoaderDataGraph              0.407 / 0.698         0.407 / 0.698         0.407 / 0.698         0.407 / 0.698       ms
[10.215s][info][gc,stats    ]    Subphase: Pause Roots CodeCache                         0.182 / 0.183         0.182 / 0.183         0.182 / 0.183         0.182 / 0.183       ms
[10.215s][info][gc,stats    ]    Subphase: Pause Roots JNIHandles                        0.001 / 0.001         0.001 / 0.001         0.001 / 0.001         0.001 / 0.001       ms
[10.215s][info][gc,stats    ]    Subphase: Pause Roots JNIWeakHandles                    0.000 / 0.000         0.000 / 0.000         0.000 / 0.000         0.000 / 0.000       ms
[10.215s][info][gc,stats    ]    Subphase: Pause Roots JRFWeak                           0.000 / 0.000         0.000 / 0.000         0.000 / 0.000         0.000 / 0.000       ms
[10.215s][info][gc,stats    ]    Subphase: Pause Roots JVMTIExport                       0.000 / 0.001         0.000 / 0.001         0.000 / 0.001         0.000 / 0.001       ms
[10.215s][info][gc,stats    ]    Subphase: Pause Roots JVMTIWeakExport                   0.001 / 0.001         0.001 / 0.001         0.001 / 0.001         0.001 / 0.001       ms
[10.215s][info][gc,stats    ]    Subphase: Pause Roots Management                        0.001 / 0.001         0.001 / 0.001         0.001 / 0.001         0.001 / 0.001       ms
[10.215s][info][gc,stats    ]    Subphase: Pause Roots ObjectSynchronizer                0.000 / 0.000         0.000 / 0.000         0.000 / 0.000         0.000 / 0.000       ms
[10.215s][info][gc,stats    ]    Subphase: Pause Roots Setup                             0.020 / 0.034         0.020 / 0.034         0.020 / 0.034         0.020 / 0.034       ms
[10.215s][info][gc,stats    ]    Subphase: Pause Roots StringTable                       0.000 / 0.000         0.000 / 0.000         0.000 / 0.000         0.000 / 0.000       ms
[10.215s][info][gc,stats    ]    Subphase: Pause Roots SystemDictionary                  0.019 / 0.035         0.019 / 0.035         0.019 / 0.035         0.019 / 0.035       ms
[10.215s][info][gc,stats    ]    Subphase: Pause Roots Teardown                          0.000 / 0.001         0.000 / 0.001         0.000 / 0.001         0.000 / 0.001       ms
[10.215s][info][gc,stats    ]    Subphase: Pause Roots Threads                           0.133 / 0.274         0.133 / 0.274         0.133 / 0.274         0.133 / 0.274       ms
[10.215s][info][gc,stats    ]    Subphase: Pause Roots Universe                          0.002 / 0.002         0.002 / 0.002         0.002 / 0.002         0.002 / 0.002       ms
[10.215s][info][gc,stats    ]    Subphase: Pause Roots VMWeakHandles                     0.000 / 0.000         0.000 / 0.000         0.000 / 0.000         0.000 / 0.000       ms
[10.215s][info][gc,stats    ]    Subphase: Pause Weak Roots                              0.009 / 0.009         0.009 / 0.009         0.009 / 0.009         0.009 / 0.009       ms
[10.215s][info][gc,stats    ]    Subphase: Pause Weak Roots JFRWeak                      0.001 / 0.001         0.001 / 0.001         0.001 / 0.001         0.001 / 0.001       ms
[10.215s][info][gc,stats    ]    Subphase: Pause Weak Roots JNIWeakHandles               0.000 / 0.000         0.000 / 0.000         0.000 / 0.000         0.000 / 0.000       ms
[10.215s][info][gc,stats    ]    Subphase: Pause Weak Roots JVMTIWeakExport              0.007 / 0.007         0.007 / 0.007         0.007 / 0.007         0.007 / 0.007       ms
[10.215s][info][gc,stats    ]    Subphase: Pause Weak Roots Setup                        0.000 / 0.000         0.000 / 0.000         0.000 / 0.000         0.000 / 0.000       ms
[10.215s][info][gc,stats    ]    Subphase: Pause Weak Roots StringTable                  0.000 / 0.000         0.000 / 0.000         0.000 / 0.000         0.000 / 0.000       ms
[10.215s][info][gc,stats    ]    Subphase: Pause Weak Roots SymbolTable                  0.000 / 0.000         0.000 / 0.000         0.000 / 0.000         0.000 / 0.000       ms
[10.215s][info][gc,stats    ]    Subphase: Pause Weak Roots Teardown                     0.000 / 0.000         0.000 / 0.000         0.000 / 0.000         0.000 / 0.000       ms
[10.216s][info][gc,stats    ]    Subphase: Pause Weak Roots VMWeakHandles                0.000 / 0.000         0.000 / 0.000         0.000 / 0.000         0.000 / 0.000       ms
[10.216s][info][gc,stats    ]      System: Java Threads                                      9 / 9                 9 / 9                 9 / 9                 9 / 9           threads
[10.216s][info][gc,stats    ] =========================================================================================================================================================
[10.983s][info][gc,start    ] GC(1) Garbage Collection (Metadata GC Threshold)
[10.992s][info][gc,phases   ] GC(1) Pause Mark Start 6.071ms
[11.133s][info][gc,phases   ] GC(1) Concurrent Mark 141.556ms
[11.134s][info][gc,phases   ] GC(1) Pause Mark End 0.154ms
[11.135s][info][gc,phases   ] GC(1) Concurrent Process Non-Strong References 1.079ms
[11.135s][info][gc,phases   ] GC(1) Concurrent Reset Relocation Set 0.082ms
[11.135s][info][gc,phases   ] GC(1) Concurrent Destroy Detached Pages 0.000ms
[11.141s][info][gc,phases   ] GC(1) Concurrent Select Relocation Set 5.575ms
[11.141s][info][gc,phases   ] GC(1) Concurrent Prepare Relocation Set 0.345ms
[11.144s][info][gc,phases   ] GC(1) Pause Relocate Start 3.241ms
[11.172s][info][gc,phases   ] GC(1) Concurrent Relocate 27.337ms
[11.172s][info][gc,load     ] GC(1) Load: 5.32/4.43/3.08
[11.172s][info][gc,mmu      ] GC(1) MMU: 2ms/0.0%, 5ms/0.0%, 10ms/39.3%, 20ms/69.6%, 50ms/87.9%, 100ms/93.9%
[11.172s][info][gc,marking  ] GC(1) Mark: 1 stripe(s), 2 proactive flush(es), 1 terminate flush(es), 0 completion(s), 0 continuation(s) 
[11.172s][info][gc,reloc    ] GC(1) Relocation: Successful, 12M relocated
[11.172s][info][gc,nmethod  ] GC(1) NMethods: 685 registered, 0 unregistered
[11.172s][info][gc,metaspace] GC(1) Metaspace: 34M used, 35M capacity, 36M committed, 38M reserved
[11.172s][info][gc,ref      ] GC(1) Soft: 2902 encountered, 0 discovered, 0 enqueued
[11.172s][info][gc,ref      ] GC(1) Weak: 1460 encountered, 1121 discovered, 227 enqueued
[11.172s][info][gc,ref      ] GC(1) Final: 26 encountered, 13 discovered, 13 enqueued
[11.172s][info][gc,ref      ] GC(1) Phantom: 907 encountered, 765 discovered, 295 enqueued
[11.172s][info][gc,heap     ] GC(1)                Mark Start          Mark End        Relocate Start      Relocate End           High               Low         
[11.172s][info][gc,heap     ] GC(1)  Capacity:      160M (16%)         160M (16%)         160M (16%)         160M (16%)         160M (16%)         160M (16%)    
[11.172s][info][gc,heap     ] GC(1)   Reserve:       34M (3%)           34M (3%)           34M (3%)           34M (3%)           34M (3%)           34M (3%)     
[11.172s][info][gc,heap     ] GC(1)      Free:      858M (86%)         854M (85%)         854M (85%)         910M (91%)         910M (91%)         852M (85%)    
[11.172s][info][gc,heap     ] GC(1)      Used:      108M (11%)         112M (11%)         112M (11%)          56M (6%)          114M (11%)          56M (6%)     
[11.172s][info][gc,heap     ] GC(1)      Live:         -                21M (2%)           21M (2%)           21M (2%)             -                  -          
[11.172s][info][gc,heap     ] GC(1) Allocated:         -                 4M (0%)            4M (0%)           10M (1%)             -                  -          
[11.172s][info][gc,heap     ] GC(1)   Garbage:         -                86M (9%)           86M (9%)           30M (3%)             -                  -          
[11.172s][info][gc,heap     ] GC(1) Reclaimed:         -                  -                 0M (0%)           56M (6%)             -                  -          
[11.172s][info][gc          ] GC(1) Garbage Collection (Metadata GC Threshold) 108M(11%)->56M(6%)
[15.412s][info][gc,start    ] GC(2) Garbage Collection (Warmup)
[15.415s][info][gc,phases   ] GC(2) Pause Mark Start 2.063ms
[16.377s][info][gc,phases   ] GC(2) Concurrent Mark 961.781ms
[16.378s][info][gc,phases   ] GC(2) Pause Mark End 0.187ms
[16.383s][info][gc,phases   ] GC(2) Concurrent Process Non-Strong References 4.824ms
[16.384s][info][gc,phases   ] GC(2) Concurrent Reset Relocation Set 0.007ms
[16.384s][info][gc,phases   ] GC(2) Concurrent Destroy Detached Pages 0.000ms
[16.387s][info][gc,phases   ] GC(2) Concurrent Select Relocation Set 3.627ms
[16.388s][info][gc,phases   ] GC(2) Concurrent Prepare Relocation Set 0.287ms
[16.395s][info][gc,phases   ] GC(2) Pause Relocate Start 6.717ms
[16.442s][info][gc,phases   ] GC(2) Concurrent Relocate 47.669ms
[16.442s][info][gc,load     ] GC(2) Load: 5.14/4.41/3.08
[16.442s][info][gc,mmu      ] GC(2) MMU: 2ms/0.0%, 5ms/0.0%, 10ms/32.8%, 20ms/65.5%, 50ms/86.2%, 100ms/93.1%
[16.442s][info][gc,marking  ] GC(2) Mark: 1 stripe(s), 2 proactive flush(es), 1 terminate flush(es), 0 completion(s), 0 continuation(s) 
[16.442s][info][gc,reloc    ] GC(2) Relocation: Successful, 14M relocated
[16.442s][info][gc,nmethod  ] GC(2) NMethods: 1045 registered, 0 unregistered
[16.442s][info][gc,metaspace] GC(2) Metaspace: 50M used, 52M capacity, 52M committed, 54M reserved
[16.442s][info][gc,ref      ] GC(2) Soft: 3457 encountered, 0 discovered, 0 enqueued
[16.442s][info][gc,ref      ] GC(2) Weak: 2461 encountered, 1907 discovered, 284 enqueued
[16.442s][info][gc,ref      ] GC(2) Final: 30 encountered, 6 discovered, 6 enqueued
[16.442s][info][gc,ref      ] GC(2) Phantom: 1110 encountered, 917 discovered, 476 enqueued
[16.443s][info][gc,heap     ] GC(2)                Mark Start          Mark End        Relocate Start      Relocate End           High               Low         
[16.443s][info][gc,heap     ] GC(2)  Capacity:      334M (33%)         534M (53%)         534M (53%)         540M (54%)         540M (54%)         334M (33%)    
[16.443s][info][gc,heap     ] GC(2)   Reserve:       34M (3%)           34M (3%)           34M (3%)           34M (3%)           34M (3%)           34M (3%)     
[16.443s][info][gc,heap     ] GC(2)      Free:      666M (67%)         466M (47%)         466M (47%)         534M (53%)         666M (67%)         460M (46%)    
[16.443s][info][gc,heap     ] GC(2)      Used:      300M (30%)         500M (50%)         500M (50%)         432M (43%)         506M (51%)         300M (30%)    
[16.443s][info][gc,heap     ] GC(2)      Live:         -               185M (19%)         185M (19%)         185M (19%)            -                  -          
[16.443s][info][gc,heap     ] GC(2) Allocated:         -               200M (20%)         200M (20%)         222M (22%)            -                  -          
[16.443s][info][gc,heap     ] GC(2)   Garbage:         -               114M (11%)         114M (11%)          32M (3%)             -                  -          
[16.443s][info][gc,heap     ] GC(2) Reclaimed:         -                  -                 0M (0%)           82M (8%)             -                  -          
[16.443s][info][gc          ] GC(2) Garbage Collection (Warmup) 300M(30%)->432M(43%)
[16.512s][info][gc,start    ] GC(3) Garbage Collection (Allocation Rate)
[16.519s][info][gc,phases   ] GC(3) Pause Mark Start 1.360ms
[18.819s][info][gc,phases   ] GC(3) Concurrent Mark 2300.591ms
[18.826s][info][gc,phases   ] GC(3) Pause Mark End 0.199ms
[18.828s][info][gc,phases   ] GC(3) Concurrent Process Non-Strong References 1.372ms
[18.828s][info][gc,phases   ] GC(3) Concurrent Reset Relocation Set 0.006ms
[18.828s][info][gc,phases   ] GC(3) Concurrent Destroy Detached Pages 0.001ms
[18.829s][info][gc,phases   ] GC(3) Concurrent Select Relocation Set 1.557ms
[18.829s][info][gc,phases   ] GC(3) Concurrent Prepare Relocation Set 0.000ms
[18.834s][info][gc,phases   ] GC(3) Pause Relocate Start 4.415ms
[18.835s][info][gc,phases   ] GC(3) Concurrent Relocate 0.902ms
[18.835s][info][gc,load     ] GC(3) Load: 5.14/4.41/3.08
[18.835s][info][gc,mmu      ] GC(3) MMU: 2ms/0.0%, 5ms/0.0%, 10ms/32.8%, 20ms/65.5%, 50ms/86.2%, 100ms/93.1%
[18.835s][info][gc,marking  ] GC(3) Mark: 1 stripe(s), 2 proactive flush(es), 1 terminate flush(es), 0 completion(s), 0 continuation(s) 
[18.835s][info][gc,reloc    ] GC(3) Relocation: Successful, 10M relocated
[18.835s][info][gc,nmethod  ] GC(3) NMethods: 1068 registered, 0 unregistered
[18.835s][info][gc,metaspace] GC(3) Metaspace: 50M used, 52M capacity, 52M committed, 54M reserved
[18.835s][info][gc,ref      ] GC(3) Soft: 3457 encountered, 0 discovered, 0 enqueued
[18.835s][info][gc,ref      ] GC(3) Weak: 2177 encountered, 1625 discovered, 0 enqueued
[18.835s][info][gc,ref      ] GC(3) Final: 24 encountered, 0 discovered, 0 enqueued
[18.835s][info][gc,ref      ] GC(3) Phantom: 634 encountered, 442 discovered, 0 enqueued
[18.835s][info][gc,heap     ] GC(3)                Mark Start          Mark End        Relocate Start      Relocate End           High               Low         
[18.835s][info][gc,heap     ] GC(3)  Capacity:      540M (54%)         858M (86%)         858M (86%)         858M (86%)         858M (86%)         540M (54%)    
[18.835s][info][gc,heap     ] GC(3)   Reserve:       34M (3%)           34M (3%)           34M (3%)           34M (3%)           34M (3%)           34M (3%)     
[18.835s][info][gc,heap     ] GC(3)      Free:      494M (49%)         142M (14%)         142M (14%)         142M (14%)         494M (49%)         142M (14%)    
[18.835s][info][gc,heap     ] GC(3)      Used:      472M (47%)         824M (82%)         824M (82%)         824M (82%)         824M (82%)         472M (47%)    
[18.835s][info][gc,heap     ] GC(3)      Live:         -               434M (43%)         434M (43%)         434M (43%)            -                  -          
[18.835s][info][gc,heap     ] GC(3) Allocated:         -               352M (35%)         352M (35%)         352M (35%)            -                  -          
[18.835s][info][gc,heap     ] GC(3)   Garbage:         -                37M (4%)           37M (4%)           37M (4%)             -                  -          
[18.835s][info][gc,heap     ] GC(3) Reclaimed:         -                  -                 0M (0%)            0M (0%)             -                  -          
[18.835s][info][gc          ] GC(3) Garbage Collection (Allocation Rate) 472M(47%)->824M(82%)
[18.912s][info][gc,start    ] GC(4) Garbage Collection (Allocation Rate)
[18.919s][info][gc,phases   ] GC(4) Pause Mark Start 1.261ms
[20.216s][info][gc,stats    ] === Garbage Collection Statistics =======================================================================================================================
[20.216s][info][gc,stats    ]                                                              Last 10s              Last 10m              Last 10h                Total
[20.216s][info][gc,stats    ]                                                              Avg / Max             Avg / Max             Avg / Max             Avg / Max
[20.216s][info][gc,stats    ]   Collector: Garbage Collection Cycle                   1180.768 / 2322.552    920.353 / 2322.552    920.353 / 2322.552    920.353 / 2322.552    ms
[20.216s][info][gc,stats    ]  Contention: Mark Segment Reset Contention                     0 / 0                 0 / 0                 0 / 0                 0 / 0           ops/s
[20.216s][info][gc,stats    ]  Contention: Mark SeqNum Reset Contention                      0 / 0                 0 / 0                 0 / 0                 0 / 0           ops/s
[20.216s][info][gc,stats    ]  Contention: Relocation Contention                             0 / 0                 0 / 0                 0 / 0                 0 / 0           ops/s
[20.216s][info][gc,stats    ]    Critical: Allocation Stall                              0.000 / 0.000         0.000 / 0.000         0.000 / 0.000         0.000 / 0.000       ms
[20.216s][info][gc,stats    ]    Critical: Allocation Stall                                  0 / 0                 0 / 0                 0 / 0                 0 / 0           ops/s
[20.216s][info][gc,stats    ]    Critical: GC Locker Stall                               0.013 / 0.014         0.013 / 0.014         0.013 / 0.014         0.013 / 0.014       ms
[20.216s][info][gc,stats    ]    Critical: GC Locker Stall                                   0 / 1                 0 / 1                 0 / 1                 0 / 1           ops/s
[20.216s][info][gc,stats    ]      Memory: Allocation Rate                                  87 / 250              50 / 250              50 / 250              50 / 250         MB/s
[20.216s][info][gc,stats    ]      Memory: Heap Used After Mark                            478 / 824             382 / 824             382 / 824             382 / 824         MB
[20.216s][info][gc,stats    ]      Memory: Heap Used After Relocation                      437 / 824             340 / 824             340 / 824             340 / 824         MB
[20.216s][info][gc,stats    ]      Memory: Heap Used Before Mark                           426 / 824             358 / 824             358 / 824             358 / 824         MB
[20.216s][info][gc,stats    ]      Memory: Heap Used Before Relocation                     478 / 824             382 / 824             382 / 824             382 / 824         MB
[20.216s][info][gc,stats    ]      Memory: Out Of Memory                                     0 / 0                 0 / 0                 0 / 0                 0 / 0           ops/s
[20.216s][info][gc,stats    ]      Memory: Page Cache Flush                                  0 / 0                 0 / 0                 0 / 0                 0 / 0           MB/s
[20.216s][info][gc,stats    ]      Memory: Page Cache Hit L1                                 7 / 45                5 / 45                5 / 45                5 / 45          ops/s
[20.216s][info][gc,stats    ]      Memory: Page Cache Hit L2                                 0 / 0                 0 / 0                 0 / 0                 0 / 0           ops/s
[20.216s][info][gc,stats    ]      Memory: Page Cache Miss                                  36 / 114              19 / 114              19 / 114              19 / 114         ops/s
[20.216s][info][gc,stats    ]      Memory: Undo Object Allocation Failed                     0 / 0                 0 / 0                 0 / 0                 0 / 0           ops/s
[20.216s][info][gc,stats    ]      Memory: Undo Object Allocation Succeeded                  0 / 0                 0 / 0                 0 / 0                 0 / 0           ops/s
[20.216s][info][gc,stats    ]      Memory: Undo Page Allocation                              0 / 0                 0 / 0                 0 / 0                 0 / 0           ops/s
[20.216s][info][gc,stats    ]       Phase: Concurrent Destroy Detached Pages             0.000 / 0.001         0.001 / 0.001         0.001 / 0.001         0.001 / 0.001       ms
[20.216s][info][gc,stats    ]       Phase: Concurrent Mark                            1134.642 / 2300.591    872.010 / 2300.591    872.010 / 2300.591    872.010 / 2300.591    ms
[20.216s][info][gc,stats    ]       Phase: Concurrent Mark Continue                      0.000 / 0.000         0.000 / 0.000         0.000 / 0.000         0.000 / 0.000       ms
[20.216s][info][gc,stats    ]       Phase: Concurrent Prepare Relocation Set             0.211 / 0.345         0.255 / 0.386         0.255 / 0.386         0.255 / 0.386       ms
[20.216s][info][gc,stats    ]       Phase: Concurrent Process Non-Strong References      2.425 / 4.824         1.947 / 4.824         1.947 / 4.824         1.947 / 4.824       ms
[20.216s][info][gc,stats    ]       Phase: Concurrent Relocate                          25.302 / 47.669       25.115 / 47.669       25.115 / 47.669       25.115 / 47.669      ms
[20.216s][info][gc,stats    ]       Phase: Concurrent Reset Relocation Set               0.032 / 0.082         0.024 / 0.082         0.024 / 0.082         0.024 / 0.082       ms
[20.216s][info][gc,stats    ]       Phase: Concurrent Select Relocation Set              3.586 / 5.575         3.394 / 5.575         3.394 / 5.575         3.394 / 5.575       ms
[20.216s][info][gc,stats    ]       Phase: Pause Mark End                                0.180 / 0.199         0.158 / 0.199         0.158 / 0.199         0.158 / 0.199       ms
[20.216s][info][gc,stats    ]       Phase: Pause Mark Start                              2.689 / 6.071         2.277 / 6.071         2.277 / 6.071         2.277 / 6.071       ms
[20.216s][info][gc,stats    ]       Phase: Pause Relocate Start                          4.791 / 6.717         3.853 / 6.717         3.853 / 6.717         3.853 / 6.717       ms
[20.216s][info][gc,stats    ]    Subphase: Concurrent Mark                            1134.621 / 2300.563    871.989 / 2300.563    871.989 / 2300.563    871.989 / 2300.563    ms
[20.216s][info][gc,stats    ]    Subphase: Concurrent Mark Idle                          0.000 / 0.000         0.000 / 0.000         0.000 / 0.000         0.000 / 0.000       ms
[20.216s][info][gc,stats    ]    Subphase: Concurrent Mark Try Flush                     2.352 / 6.959         3.019 / 9.354         3.019 / 9.354         3.019 / 9.354       ms
[20.216s][info][gc,stats    ]    Subphase: Concurrent Mark Try Terminate                 0.307 / 0.959         0.353 / 0.984         0.353 / 0.984         0.353 / 0.984       ms
[20.216s][info][gc,stats    ]    Subphase: Concurrent References Enqueue                 0.003 / 0.007         0.003 / 0.007         0.003 / 0.007         0.003 / 0.007       ms
[20.216s][info][gc,stats    ]    Subphase: Concurrent References Process                 0.487 / 0.678         0.442 / 0.678         0.442 / 0.678         0.442 / 0.678       ms
[20.216s][info][gc,stats    ]    Subphase: Concurrent Weak Roots                         1.900 / 4.123         1.473 / 4.123         1.473 / 4.123         1.473 / 4.123       ms
[20.216s][info][gc,stats    ]    Subphase: Concurrent Weak Roots JNIWeakHandles          0.000 / 0.000         0.000 / 0.000         0.000 / 0.000         0.000 / 0.000       ms
[20.216s][info][gc,stats    ]    Subphase: Concurrent Weak Roots StringTable             1.711 / 3.915         1.324 / 3.915         1.324 / 3.915         1.324 / 3.915       ms
[20.216s][info][gc,stats    ]    Subphase: Concurrent Weak Roots VMWeakHandles           0.187 / 0.215         0.147 / 0.215         0.147 / 0.215         0.147 / 0.215       ms
[20.216s][info][gc,stats    ]    Subphase: Pause Mark Try Complete                       0.000 / 0.000         0.000 / 0.000         0.000 / 0.000         0.000 / 0.000       ms
[20.216s][info][gc,stats    ]    Subphase: Pause Remap TLABS                             0.001 / 0.001         0.001 / 0.001         0.001 / 0.001         0.001 / 0.001       ms
[20.216s][info][gc,stats    ]    Subphase: Pause Retire TLABS                            0.020 / 0.029         0.016 / 0.029         0.016 / 0.029         0.016 / 0.029       ms
[20.216s][info][gc,stats    ]    Subphase: Pause Roots                                   1.467 / 6.548         1.254 / 6.548         1.254 / 6.548         1.254 / 6.548       ms
[20.216s][info][gc,stats    ]    Subphase: Pause Roots ClassLoaderDataGraph              0.575 / 1.402         0.538 / 1.402         0.538 / 1.402         0.538 / 1.402       ms
[20.216s][info][gc,stats    ]    Subphase: Pause Roots CodeCache                         0.437 / 0.569         0.381 / 0.569         0.381 / 0.569         0.381 / 0.569       ms
[20.216s][info][gc,stats    ]    Subphase: Pause Roots JNIHandles                        0.001 / 0.004         0.001 / 0.004         0.001 / 0.004         0.001 / 0.004       ms
[20.216s][info][gc,stats    ]    Subphase: Pause Roots JNIWeakHandles                    0.000 / 0.000         0.000 / 0.000         0.000 / 0.000         0.000 / 0.000       ms
[20.216s][info][gc,stats    ]    Subphase: Pause Roots JRFWeak                           0.000 / 0.000         0.000 / 0.000         0.000 / 0.000         0.000 / 0.000       ms
[20.216s][info][gc,stats    ]    Subphase: Pause Roots JVMTIExport                       0.001 / 0.001         0.001 / 0.001         0.001 / 0.001         0.001 / 0.001       ms
[20.216s][info][gc,stats    ]    Subphase: Pause Roots JVMTIWeakExport                   0.001 / 0.001         0.001 / 0.001         0.001 / 0.001         0.001 / 0.001       ms
[20.216s][info][gc,stats    ]    Subphase: Pause Roots Management                        0.630 / 4.405         0.490 / 4.405         0.490 / 4.405         0.490 / 4.405       ms
[20.216s][info][gc,stats    ]    Subphase: Pause Roots ObjectSynchronizer                0.000 / 0.001         0.000 / 0.001         0.000 / 0.001         0.000 / 0.001       ms
[20.216s][info][gc,stats    ]    Subphase: Pause Roots Setup                             0.087 / 0.139         0.071 / 0.139         0.071 / 0.139         0.071 / 0.139       ms
[20.216s][info][gc,stats    ]    Subphase: Pause Roots StringTable                       0.000 / 0.000         0.000 / 0.000         0.000 / 0.000         0.000 / 0.000       ms
[20.216s][info][gc,stats    ]    Subphase: Pause Roots SystemDictionary                  0.016 / 0.058         0.016 / 0.058         0.016 / 0.058         0.016 / 0.058       ms
[20.216s][info][gc,stats    ]    Subphase: Pause Roots Teardown                          0.002 / 0.006         0.002 / 0.006         0.002 / 0.006         0.002 / 0.006       ms
[20.216s][info][gc,stats    ]    Subphase: Pause Roots Threads                           0.301 / 0.974         0.262 / 0.974         0.262 / 0.974         0.262 / 0.974       ms
[20.216s][info][gc,stats    ]    Subphase: Pause Roots Universe                          0.002 / 0.003         0.002 / 0.003         0.002 / 0.003         0.002 / 0.003       ms
[20.216s][info][gc,stats    ]    Subphase: Pause Roots VMWeakHandles                     0.000 / 0.000         0.000 / 0.000         0.000 / 0.000         0.000 / 0.000       ms
[20.216s][info][gc,stats    ]    Subphase: Pause Weak Roots                              0.002 / 0.002         0.003 / 0.009         0.003 / 0.009         0.003 / 0.009       ms
[20.216s][info][gc,stats    ]    Subphase: Pause Weak Roots JFRWeak                      0.001 / 0.001         0.001 / 0.001         0.001 / 0.001         0.001 / 0.001       ms
[20.216s][info][gc,stats    ]    Subphase: Pause Weak Roots JNIWeakHandles               0.000 / 0.000         0.000 / 0.000         0.000 / 0.000         0.000 / 0.000       ms
[20.216s][info][gc,stats    ]    Subphase: Pause Weak Roots JVMTIWeakExport              0.001 / 0.001         0.002 / 0.007         0.002 / 0.007         0.002 / 0.007       ms
[20.216s][info][gc,stats    ]    Subphase: Pause Weak Roots Setup                        0.000 / 0.000         0.000 / 0.000         0.000 / 0.000         0.000 / 0.000       ms
[20.216s][info][gc,stats    ]    Subphase: Pause Weak Roots StringTable                  0.000 / 0.000         0.000 / 0.000         0.000 / 0.000         0.000 / 0.000       ms
[20.216s][info][gc,stats    ]    Subphase: Pause Weak Roots SymbolTable                  0.000 / 0.000         0.000 / 0.000         0.000 / 0.000         0.000 / 0.000       ms
[20.216s][info][gc,stats    ]    Subphase: Pause Weak Roots Teardown                     0.001 / 0.001         0.001 / 0.001         0.001 / 0.001         0.001 / 0.001       ms
[20.216s][info][gc,stats    ]    Subphase: Pause Weak Roots VMWeakHandles                0.000 / 0.000         0.000 / 0.000         0.000 / 0.000         0.000 / 0.000       ms
[20.216s][info][gc,stats    ]      System: Java Threads                                     37 / 46               31 / 46               31 / 46               31 / 46          threads
[20.216s][info][gc,stats    ] =========================================================================================================================================================
[24.128s][info][gc,phases   ] GC(4) Concurrent Mark 5208.825ms
[24.137s][info][gc,phases   ] GC(4) Pause Mark End 0.448ms
[24.138s][info][gc,phases   ] GC(4) Concurrent Process Non-Strong References 0.951ms
[24.138s][info][gc,phases   ] GC(4) Concurrent Reset Relocation Set 0.000ms
[24.138s][info][gc,phases   ] GC(4) Concurrent Destroy Detached Pages 0.001ms
[24.139s][info][gc,phases   ] GC(4) Concurrent Select Relocation Set 1.575ms
[24.139s][info][gc,phases   ] GC(4) Concurrent Prepare Relocation Set 0.130ms
[24.145s][info][gc,phases   ] GC(4) Pause Relocate Start 2.217ms
[24.192s][info][gc,phases   ] GC(4) Concurrent Relocate 46.455ms
[24.192s][info][gc,load     ] GC(4) Load: 5.05/4.40/3.09
[24.192s][info][gc,mmu      ] GC(4) MMU: 2ms/0.0%, 5ms/0.0%, 10ms/32.8%, 20ms/65.5%, 50ms/86.2%, 100ms/93.1%
[24.192s][info][gc,marking  ] GC(4) Mark: 1 stripe(s), 4 proactive flush(es), 1 terminate flush(es), 0 completion(s), 0 continuation(s) 
[24.192s][info][gc,reloc    ] GC(4) Relocation: Successful, 11M relocated
[24.192s][info][gc,nmethod  ] GC(4) NMethods: 1367 registered, 0 unregistered
[24.192s][info][gc,metaspace] GC(4) Metaspace: 58M used, 60M capacity, 60M committed, 62M reserved
[24.192s][info][gc,ref      ] GC(4) Soft: 3457 encountered, 0 discovered, 0 enqueued
[24.192s][info][gc,ref      ] GC(4) Weak: 2177 encountered, 1623 discovered, 0 enqueued
[24.192s][info][gc,ref      ] GC(4) Final: 24 encountered, 0 discovered, 0 enqueued
[24.192s][info][gc,ref      ] GC(4) Phantom: 635 encountered, 443 discovered, 0 enqueued
[24.192s][info][gc,heap     ] GC(4)                Mark Start          Mark End        Relocate Start      Relocate End           High               Low         
[24.192s][info][gc,heap     ] GC(4)  Capacity:      858M (86%)         942M (94%)         942M (94%)         946M (95%)         946M (95%)         858M (86%)    
[24.192s][info][gc,heap     ] GC(4)   Reserve:       34M (3%)           34M (3%)           34M (3%)           34M (3%)           34M (3%)           34M (3%)     
[24.192s][info][gc,heap     ] GC(4)      Free:      142M (14%)          58M (6%)           58M (6%)           58M (6%)          142M (14%)          54M (5%)     
[24.192s][info][gc,heap     ] GC(4)      Used:      824M (82%)         908M (91%)         908M (91%)         908M (91%)         912M (91%)         824M (82%)    
[24.192s][info][gc,heap     ] GC(4)      Live:         -               779M (78%)         779M (78%)         779M (78%)            -                  -          
[24.192s][info][gc,heap     ] GC(4) Allocated:         -                84M (8%)           84M (8%)           90M (9%)             -                  -          
[24.192s][info][gc,heap     ] GC(4)   Garbage:         -                44M (4%)           44M (4%)           44M (4%)             -                  -          
[24.192s][info][gc,heap     ] GC(4) Reclaimed:         -                  -                 0M (0%)            0M (0%)             -                  -          
[24.192s][info][gc          ] GC(4) Garbage Collection (Allocation Rate) 824M(82%)->908M(91%)
[24.216s][info][gc,start    ] GC(5) Garbage Collection (Allocation Rate)
[24.224s][info][gc,phases   ] GC(5) Pause Mark Start 2.006ms
[24.453s][info][gc,phases   ] GC(5) Concurrent Mark 229.426ms
[24.463s][info][gc,phases   ] GC(5) Pause Mark End 0.635ms
[24.465s][info][gc,phases   ] GC(5) Concurrent Process Non-Strong References 1.855ms
[24.465s][info][gc,phases   ] GC(5) Concurrent Reset Relocation Set 0.002ms
[24.465s][info][gc,phases   ] GC(5) Concurrent Destroy Detached Pages 0.000ms
[24.467s][info][gc,phases   ] GC(5) Concurrent Select Relocation Set 1.540ms
[24.467s][info][gc,phases   ] GC(5) Concurrent Prepare Relocation Set 0.073ms
[24.479s][info][gc,phases   ] GC(5) Pause Relocate Start 12.570ms
[24.523s][info][gc,phases   ] GC(5) Concurrent Relocate 35.546ms
[24.524s][info][gc,load     ] GC(5) Load: 5.05/4.40/3.09
[24.524s][info][gc,mmu      ] GC(5) MMU: 2ms/0.0%, 5ms/0.0%, 10ms/0.0%, 20ms/34.0%, 50ms/73.6%, 100ms/86.8%
[24.524s][info][gc,marking  ] GC(5) Mark: 1 stripe(s), 3 proactive flush(es), 2 terminate flush(es), 0 completion(s), 0 continuation(s) 
[24.524s][info][gc,reloc    ] GC(5) Relocation: Successful, 10M relocated
[24.524s][info][gc,nmethod  ] GC(5) NMethods: 1380 registered, 0 unregistered
[24.524s][info][gc,metaspace] GC(5) Metaspace: 58M used, 61M capacity, 61M committed, 62M reserved
[24.524s][info][gc,ref      ] GC(5) Soft: 3767 encountered, 0 discovered, 0 enqueued
[24.524s][info][gc,ref      ] GC(5) Weak: 2878 encountered, 2238 discovered, 197 enqueued
[24.524s][info][gc,ref      ] GC(5) Final: 34 encountered, 8 discovered, 8 enqueued
[24.524s][info][gc,ref      ] GC(5) Phantom: 907 encountered, 776 discovered, 266 enqueued
[24.524s][info][gc,heap     ] GC(5)                Mark Start          Mark End        Relocate Start      Relocate End           High               Low         
[24.524s][info][gc,heap     ] GC(5)  Capacity:      946M (95%)         946M (95%)         946M (95%)         946M (95%)         946M (95%)         946M (95%)    
[24.524s][info][gc,heap     ] GC(5)   Reserve:       34M (3%)           34M (3%)           34M (3%)           34M (3%)           34M (3%)           34M (3%)     
[24.524s][info][gc,heap     ] GC(5)      Free:       58M (6%)           54M (5%)          844M (84%)         902M (90%)         904M (90%)          54M (5%)     
[24.524s][info][gc,heap     ] GC(5)      Used:      908M (91%)         912M (91%)         122M (12%)          64M (6%)          912M (91%)          62M (6%)     
[24.524s][info][gc,heap     ] GC(5)      Live:         -                28M (3%)           28M (3%)           28M (3%)             -                  -          
[24.524s][info][gc,heap     ] GC(5) Allocated:         -                 4M (0%)            4M (0%)           12M (1%)             -                  -          
[24.524s][info][gc,heap     ] GC(5)   Garbage:         -               879M (88%)          89M (9%)           29M (3%)             -                  -          
[24.524s][info][gc,heap     ] GC(5) Reclaimed:         -                  -               790M (79%)         850M (85%)            -                  -          
[24.524s][info][gc          ] GC(5) Garbage Collection (Allocation Rate) 908M(91%)->64M(6%)
[24.605s][info][gc,start    ] GC(6) Garbage Collection (System.gc())
[24.607s][info][gc,phases   ] GC(6) Pause Mark Start 1.531ms
[24.748s][info][gc,phases   ] GC(6) Concurrent Mark 141.404ms
[24.749s][info][gc,phases   ] GC(6) Pause Mark End 0.173ms
[24.750s][info][gc,phases   ] GC(6) Concurrent Process Non-Strong References 1.425ms
[24.750s][info][gc,phases   ] GC(6) Concurrent Reset Relocation Set 0.004ms
[24.750s][info][gc,phases   ] GC(6) Concurrent Destroy Detached Pages 0.000ms
[24.752s][info][gc,phases   ] GC(6) Concurrent Select Relocation Set 1.520ms
[24.752s][info][gc,phases   ] GC(6) Concurrent Prepare Relocation Set 0.011ms
[24.757s][info][gc,phases   ] GC(6) Pause Relocate Start 1.307ms
[24.758s][info][gc,phases   ] GC(6) Concurrent Relocate 1.012ms
[24.758s][info][gc,load     ] GC(6) Load: 5.05/4.40/3.09
[24.758s][info][gc,mmu      ] GC(6) MMU: 2ms/0.0%, 5ms/0.0%, 10ms/0.0%, 20ms/34.0%, 50ms/73.6%, 100ms/86.8%
[24.758s][info][gc,marking  ] GC(6) Mark: 1 stripe(s), 2 proactive flush(es), 1 terminate flush(es), 0 completion(s), 0 continuation(s) 
[24.758s][info][gc,reloc    ] GC(6) Relocation: Successful, 6M relocated
[24.758s][info][gc,nmethod  ] GC(6) NMethods: 1385 registered, 0 unregistered
[24.758s][info][gc,metaspace] GC(6) Metaspace: 58M used, 61M capacity, 61M committed, 62M reserved
[24.758s][info][gc,ref      ] GC(6) Soft: 3878 encountered, 0 discovered, 0 enqueued
[24.758s][info][gc,ref      ] GC(6) Weak: 2742 encountered, 2051 discovered, 3 enqueued
[24.758s][info][gc,ref      ] GC(6) Final: 26 encountered, 0 discovered, 0 enqueued
[24.758s][info][gc,ref      ] GC(6) Phantom: 646 encountered, 643 discovered, 5 enqueued
[24.758s][info][gc,heap     ] GC(6)                Mark Start          Mark End        Relocate Start      Relocate End           High               Low         
[24.758s][info][gc,heap     ] GC(6)  Capacity:      946M (95%)         946M (95%)         946M (95%)         946M (95%)         946M (95%)         946M (95%)    
[24.758s][info][gc,heap     ] GC(6)   Reserve:       34M (3%)           34M (3%)           34M (3%)           34M (3%)           34M (3%)           34M (3%)     
[24.758s][info][gc,heap     ] GC(6)      Free:      900M (90%)         898M (90%)         898M (90%)         906M (91%)         906M (91%)         896M (90%)    
[24.758s][info][gc,heap     ] GC(6)      Used:       66M (7%)           68M (7%)           68M (7%)           60M (6%)           70M (7%)           60M (6%)     
[24.758s][info][gc,heap     ] GC(6)      Live:         -                29M (3%)           29M (3%)           29M (3%)             -                  -          
[24.758s][info][gc,heap     ] GC(6) Allocated:         -                 2M (0%)            2M (0%)            4M (0%)             -                  -          
[24.758s][info][gc,heap     ] GC(6)   Garbage:         -                36M (4%)           36M (4%)           28M (3%)             -                  -          
[24.758s][info][gc,heap     ] GC(6) Reclaimed:         -                  -                 0M (0%)            8M (1%)             -                  -          
[24.758s][info][gc          ] GC(6) Garbage Collection (System.gc()) 66M(7%)->60M(6%)
[28.818s][info][gc,start    ] GC(7) Garbage Collection (Allocation Rate)
[28.824s][info][gc,phases   ] GC(7) Pause Mark Start 2.527ms
[29.074s][info][gc,phases   ] GC(7) Concurrent Mark 250.254ms
[29.076s][info][gc,phases   ] GC(7) Pause Mark End 0.194ms
[29.082s][info][gc,phases   ] GC(7) Concurrent Process Non-Strong References 1.711ms
[29.082s][info][gc,phases   ] GC(7) Concurrent Reset Relocation Set 0.003ms
[29.082s][info][gc,phases   ] GC(7) Concurrent Destroy Detached Pages 0.000ms
[29.083s][info][gc,phases   ] GC(7) Concurrent Select Relocation Set 1.539ms
[29.083s][info][gc,phases   ] GC(7) Concurrent Prepare Relocation Set 0.069ms
[29.092s][info][gc,phases   ] GC(7) Pause Relocate Start 8.206ms
[29.125s][info][gc,phases   ] GC(7) Concurrent Relocate 32.495ms
[29.125s][info][gc,load     ] GC(7) Load: 4.88/4.38/3.09
[29.125s][info][gc,mmu      ] GC(7) MMU: 2ms/0.0%, 5ms/0.0%, 10ms/0.0%, 20ms/34.0%, 50ms/73.6%, 100ms/86.8%
[29.125s][info][gc,marking  ] GC(7) Mark: 1 stripe(s), 2 proactive flush(es), 1 terminate flush(es), 0 completion(s), 0 continuation(s) 
[29.125s][info][gc,reloc    ] GC(7) Relocation: Successful, 8M relocated
[29.125s][info][gc,nmethod  ] GC(7) NMethods: 1793 registered, 0 unregistered
[29.125s][info][gc,metaspace] GC(7) Metaspace: 67M used, 70M capacity, 70M committed, 72M reserved
[29.125s][info][gc,ref      ] GC(7) Soft: 4438 encountered, 0 discovered, 0 enqueued
[29.125s][info][gc,ref      ] GC(7) Weak: 4203 encountered, 3201 discovered, 320 enqueued
[29.125s][info][gc,ref      ] GC(7) Final: 29 encountered, 3 discovered, 3 enqueued
[29.125s][info][gc,ref      ] GC(7) Phantom: 1058 encountered, 1005 discovered, 402 enqueued
[29.125s][info][gc,heap     ] GC(7)                Mark Start          Mark End        Relocate Start      Relocate End           High               Low         
[29.125s][info][gc,heap     ] GC(7)  Capacity:      946M (95%)         946M (95%)         946M (95%)         946M (95%)         946M (95%)         946M (95%)    
[29.125s][info][gc,heap     ] GC(7)   Reserve:       34M (3%)           34M (3%)           34M (3%)           34M (3%)           34M (3%)           34M (3%)     
[29.125s][info][gc,heap     ] GC(7)      Free:      702M (70%)         670M (67%)         794M (79%)         870M (87%)         870M (87%)         670M (67%)    
[29.125s][info][gc,heap     ] GC(7)      Used:      264M (26%)         296M (30%)         172M (17%)          96M (10%)         296M (30%)          96M (10%)    
[29.125s][info][gc,heap     ] GC(7)      Live:         -                32M (3%)           32M (3%)           32M (3%)             -                  -          
[29.125s][info][gc,heap     ] GC(7) Allocated:         -                32M (3%)           32M (3%)           36M (4%)             -                  -          
[29.125s][info][gc,heap     ] GC(7)   Garbage:         -               231M (23%)         107M (11%)          31M (3%)             -                  -          
[29.125s][info][gc,heap     ] GC(7) Reclaimed:         -                  -               124M (12%)         200M (20%)            -                  -          
[29.125s][info][gc          ] GC(7) Garbage Collection (Allocation Rate) 264M(26%)->96M(10%)
[29.416s][info][gc,start    ] GC(8) Garbage Collection (Allocation Rate)
[29.428s][info][gc,phases   ] GC(8) Pause Mark Start 5.113ms
[29.660s][info][gc,phases   ] GC(8) Concurrent Mark 232.488ms
[29.661s][info][gc,phases   ] GC(8) Pause Mark End 0.234ms
[29.663s][info][gc,phases   ] GC(8) Concurrent Process Non-Strong References 1.664ms
[29.663s][info][gc,phases   ] GC(8) Concurrent Reset Relocation Set 0.006ms
[29.663s][info][gc,phases   ] GC(8) Concurrent Destroy Detached Pages 0.001ms
[29.668s][info][gc,phases   ] GC(8) Concurrent Select Relocation Set 5.717ms
[29.668s][info][gc,phases   ] GC(8) Concurrent Prepare Relocation Set 0.014ms
[29.670s][info][gc,phases   ] GC(8) Pause Relocate Start 1.660ms
[29.677s][info][gc,phases   ] GC(8) Concurrent Relocate 6.243ms
[29.677s][info][gc,load     ] GC(8) Load: 4.88/4.38/3.09
[29.677s][info][gc,mmu      ] GC(8) MMU: 2ms/0.0%, 5ms/0.0%, 10ms/0.0%, 20ms/34.0%, 50ms/73.6%, 100ms/86.8%
[29.677s][info][gc,marking  ] GC(8) Mark: 1 stripe(s), 2 proactive flush(es), 1 terminate flush(es), 0 completion(s), 0 continuation(s) 
[29.677s][info][gc,reloc    ] GC(8) Relocation: Successful, 6M relocated
[29.677s][info][gc,nmethod  ] GC(8) NMethods: 1857 registered, 0 unregistered
[29.677s][info][gc,metaspace] GC(8) Metaspace: 67M used, 70M capacity, 70M committed, 72M reserved
[29.677s][info][gc,ref      ] GC(8) Soft: 4438 encountered, 0 discovered, 0 enqueued
[29.677s][info][gc,ref      ] GC(8) Weak: 3883 encountered, 2881 discovered, 0 enqueued
[29.677s][info][gc,ref      ] GC(8) Final: 26 encountered, 0 discovered, 0 enqueued
[29.677s][info][gc,ref      ] GC(8) Phantom: 656 encountered, 653 discovered, 0 enqueued
[29.677s][info][gc,heap     ] GC(8)                Mark Start          Mark End        Relocate Start      Relocate End           High               Low         
[29.677s][info][gc,heap     ] GC(8)  Capacity:      946M (95%)         946M (95%)         946M (95%)         946M (95%)         946M (95%)         946M (95%)    
[29.677s][info][gc,heap     ] GC(8)   Reserve:       34M (3%)           34M (3%)           34M (3%)           34M (3%)           34M (3%)           34M (3%)     
[29.677s][info][gc,heap     ] GC(8)      Free:      786M (79%)         724M (72%)         822M (82%)         838M (84%)         838M (84%)         724M (72%)    
[29.677s][info][gc,heap     ] GC(8)      Used:      180M (18%)         242M (24%)         144M (14%)         128M (13%)         242M (24%)         128M (13%)    
[29.677s][info][gc,heap     ] GC(8)      Live:         -                32M (3%)           32M (3%)           32M (3%)             -                  -          
[29.677s][info][gc,heap     ] GC(8) Allocated:         -                62M (6%)           62M (6%)           66M (7%)             -                  -          
[29.677s][info][gc,heap     ] GC(8)   Garbage:         -               147M (15%)          49M (5%)           31M (3%)             -                  -          
[29.677s][info][gc,heap     ] GC(8) Reclaimed:         -                  -                98M (10%)         116M (12%)            -                  -          
[29.677s][info][gc          ] GC(8) Garbage Collection (Allocation Rate) 180M(18%)->128M(13%)
[29.812s][info][gc,start    ] GC(9) Garbage Collection (Allocation Rate)
[29.818s][info][gc,phases   ] GC(9) Pause Mark Start 2.047ms
[29.954s][info][gc,phases   ] GC(9) Concurrent Mark 136.396ms
[29.963s][info][gc,phases   ] GC(9) Pause Mark End 0.213ms
[29.964s][info][gc,phases   ] GC(9) Concurrent Process Non-Strong References 1.327ms
[29.964s][info][gc,phases   ] GC(9) Concurrent Reset Relocation Set 0.003ms
[29.964s][info][gc,phases   ] GC(9) Concurrent Destroy Detached Pages 0.001ms
[29.966s][info][gc,phases   ] GC(9) Concurrent Select Relocation Set 1.548ms
[29.966s][info][gc,phases   ] GC(9) Concurrent Prepare Relocation Set 0.009ms
[29.972s][info][gc,phases   ] GC(9) Pause Relocate Start 6.289ms
[29.973s][info][gc,phases   ] GC(9) Concurrent Relocate 0.455ms
[29.973s][info][gc,load     ] GC(9) Load: 4.88/4.38/3.09
[29.973s][info][gc,mmu      ] GC(9) MMU: 2ms/0.0%, 5ms/0.0%, 10ms/0.0%, 20ms/34.0%, 50ms/73.6%, 100ms/86.8%
[29.973s][info][gc,marking  ] GC(9) Mark: 1 stripe(s), 2 proactive flush(es), 1 terminate flush(es), 0 completion(s), 0 continuation(s) 
[29.973s][info][gc,reloc    ] GC(9) Relocation: Successful, 6M relocated
[29.973s][info][gc,nmethod  ] GC(9) NMethods: 1867 registered, 0 unregistered
[29.973s][info][gc,metaspace] GC(9) Metaspace: 67M used, 70M capacity, 70M committed, 72M reserved
[29.973s][info][gc,ref      ] GC(9) Soft: 4438 encountered, 0 discovered, 0 enqueued
[29.973s][info][gc,ref      ] GC(9) Weak: 3883 encountered, 2881 discovered, 0 enqueued
[29.973s][info][gc,ref      ] GC(9) Final: 26 encountered, 0 discovered, 0 enqueued
[29.973s][info][gc,ref      ] GC(9) Phantom: 656 encountered, 653 discovered, 0 enqueued
[29.973s][info][gc,heap     ] GC(9)                Mark Start          Mark End        Relocate Start      Relocate End           High               Low         
[29.973s][info][gc,heap     ] GC(9)  Capacity:      946M (95%)         946M (95%)         946M (95%)         946M (95%)         946M (95%)         946M (95%)    
[29.973s][info][gc,heap     ] GC(9)   Reserve:       34M (3%)           34M (3%)           34M (3%)           34M (3%)           34M (3%)           34M (3%)     
[29.973s][info][gc,heap     ] GC(9)      Free:      746M (75%)         690M (69%)         840M (84%)         846M (85%)         846M (85%)         690M (69%)    
[29.973s][info][gc,heap     ] GC(9)      Used:      220M (22%)         276M (28%)         126M (13%)         120M (12%)         276M (28%)         120M (12%)    
[29.973s][info][gc,heap     ] GC(9)      Live:         -                32M (3%)           32M (3%)           32M (3%)             -                  -          
[29.973s][info][gc,heap     ] GC(9) Allocated:         -                56M (6%)           56M (6%)           58M (6%)             -                  -          
[29.973s][info][gc,heap     ] GC(9)   Garbage:         -               187M (19%)          37M (4%)           31M (3%)             -                  -          
[29.973s][info][gc,heap     ] GC(9) Reclaimed:         -                  -               150M (15%)         156M (16%)            -                  -          
[29.973s][info][gc          ] GC(9) Garbage Collection (Allocation Rate) 220M(22%)->120M(12%)
[30.112s][info][gc,start    ] GC(10) Garbage Collection (Allocation Rate)
[30.116s][info][gc,phases   ] GC(10) Pause Mark Start 3.704ms
[30.216s][info][gc,stats    ] === Garbage Collection Statistics =======================================================================================================================
[30.216s][info][gc,stats    ]                                                              Last 10s              Last 10m              Last 10h                Total
[30.216s][info][gc,stats    ]                                                              Avg / Max             Avg / Max             Avg / Max             Avg / Max
[30.217s][info][gc,stats    ]   Collector: Garbage Collection Cycle                   1078.091 / 5279.755   1014.996 / 5279.755   1014.996 / 5279.755   1014.996 / 5279.755    ms
[30.217s][info][gc,stats    ]  Contention: Mark Segment Reset Contention                     0 / 0                 0 / 0                 0 / 0                 0 / 0           ops/s
[30.217s][info][gc,stats    ]  Contention: Mark SeqNum Reset Contention                      0 / 0                 0 / 0                 0 / 0                 0 / 0           ops/s
[30.217s][info][gc,stats    ]  Contention: Relocation Contention                             0 / 0                 0 / 0                 0 / 0                 0 / 0           ops/s
[30.217s][info][gc,stats    ]    Critical: Allocation Stall                              0.000 / 0.000         0.000 / 0.000         0.000 / 0.000         0.000 / 0.000       ms
[30.217s][info][gc,stats    ]    Critical: Allocation Stall                                  0 / 0                 0 / 0                 0 / 0                 0 / 0           ops/s
[30.217s][info][gc,stats    ]    Critical: GC Locker Stall                               0.000 / 0.000         0.013 / 0.014         0.013 / 0.014         0.013 / 0.014       ms
[30.217s][info][gc,stats    ]    Critical: GC Locker Stall                                   0 / 0                 0 / 1                 0 / 1                 0 / 1           ops/s
[30.217s][info][gc,stats    ]      Memory: Allocation Rate                                  77 / 428              59 / 428              59 / 428              59 / 428         MB/s
[30.217s][info][gc,stats    ]      Memory: Heap Used After Mark                            450 / 912             423 / 912             423 / 912             423 / 912         MB
[30.217s][info][gc,stats    ]      Memory: Heap Used After Relocation                      229 / 908             273 / 908             273 / 908             273 / 908         MB
[30.217s][info][gc,stats    ]      Memory: Heap Used Before Mark                           311 / 908             332 / 908             332 / 908             332 / 908         MB
[30.217s][info][gc,stats    ]      Memory: Heap Used Before Relocation                     256 / 908             306 / 908             306 / 908             306 / 908         MB
[30.217s][info][gc,stats    ]      Memory: Out Of Memory                                     0 / 0                 0 / 0                 0 / 0                 0 / 0           ops/s
[30.217s][info][gc,stats    ]      Memory: Page Cache Flush                                  0 / 0                 0 / 0                 0 / 0                 0 / 0           MB/s
[30.217s][info][gc,stats    ]      Memory: Page Cache Hit L1                                33 / 216              14 / 216              14 / 216              14 / 216         ops/s
[30.217s][info][gc,stats    ]      Memory: Page Cache Hit L2                                 0 / 0                 0 / 0                 0 / 0                 0 / 0           ops/s
[30.217s][info][gc,stats    ]      Memory: Page Cache Miss                                   2 / 8                14 / 114              14 / 114              14 / 114         ops/s
[30.217s][info][gc,stats    ]      Memory: Undo Object Allocation Failed                     0 / 0                 0 / 0                 0 / 0                 0 / 0           ops/s
[30.217s][info][gc,stats    ]      Memory: Undo Object Allocation Succeeded                  0 / 0                 0 / 0                 0 / 0                 0 / 0           ops/s
[30.217s][info][gc,stats    ]      Memory: Undo Page Allocation                              0 / 0                 0 / 0                 0 / 0                 0 / 0           ops/s
[30.217s][info][gc,stats    ]       Phase: Concurrent Destroy Detached Pages             0.001 / 0.001         0.001 / 0.001         0.001 / 0.001         0.001 / 0.001       ms
[30.217s][info][gc,stats    ]       Phase: Concurrent Mark                            1033.132 / 5208.825    968.683 / 5208.825    968.683 / 5208.825    968.683 / 5208.825    ms
[30.217s][info][gc,stats    ]       Phase: Concurrent Mark Continue                      0.000 / 0.000         0.000 / 0.000         0.000 / 0.000         0.000 / 0.000       ms
[30.217s][info][gc,stats    ]       Phase: Concurrent Prepare Relocation Set             0.051 / 0.130         0.132 / 0.386         0.132 / 0.386         0.132 / 0.386       ms
[30.217s][info][gc,stats    ]       Phase: Concurrent Process Non-Strong References      1.488 / 1.855         1.672 / 4.824         1.672 / 4.824         1.672 / 4.824       ms
[30.217s][info][gc,stats    ]       Phase: Concurrent Relocate                          20.368 / 46.455       22.266 / 47.669       22.266 / 47.669       22.266 / 47.669      ms
[30.217s][info][gc,stats    ]       Phase: Concurrent Reset Relocation Set               0.003 / 0.006         0.011 / 0.082         0.011 / 0.082         0.011 / 0.082       ms
[30.217s][info][gc,stats    ]       Phase: Concurrent Select Relocation Set              2.240 / 5.717         2.701 / 5.717         2.701 / 5.717         2.701 / 5.717       ms
[30.217s][info][gc,stats    ]       Phase: Pause Mark End                                0.316 / 0.635         0.253 / 0.635         0.253 / 0.635         0.253 / 0.635       ms
[30.217s][info][gc,stats    ]       Phase: Pause Mark Start                              2.821 / 5.113         2.574 / 6.071         2.574 / 6.071         2.574 / 6.071       ms
[30.217s][info][gc,stats    ]       Phase: Pause Relocate Start                          5.375 / 12.570        4.766 / 12.570        4.766 / 12.570        4.766 / 12.570      ms
[30.217s][info][gc,stats    ]    Subphase: Concurrent Mark                            1029.185 / 5208.804    966.307 / 5208.804    966.307 / 5208.804    966.307 / 5208.804    ms
[30.217s][info][gc,stats    ]    Subphase: Concurrent Mark Idle                          0.000 / 0.000         0.000 / 0.000         0.000 / 0.000         0.000 / 0.000       ms
[30.217s][info][gc,stats    ]    Subphase: Concurrent Mark Try Flush                     4.889 / 13.515        4.194 / 13.515        4.194 / 13.515        4.194 / 13.515      ms
[30.217s][info][gc,stats    ]    Subphase: Concurrent Mark Try Terminate                 2.333 / 11.682        1.579 / 11.682        1.579 / 11.682        1.579 / 11.682      ms
[30.217s][info][gc,stats    ]    Subphase: Concurrent References Enqueue                 0.002 / 0.004         0.002 / 0.007         0.002 / 0.007         0.002 / 0.007       ms
[30.217s][info][gc,stats    ]    Subphase: Concurrent References Process                 0.621 / 0.855         0.549 / 0.855         0.549 / 0.855         0.549 / 0.855       ms
[30.217s][info][gc,stats    ]    Subphase: Concurrent Weak Roots                         0.855 / 1.178         1.102 / 4.123         1.102 / 4.123         1.102 / 4.123       ms
[30.217s][info][gc,stats    ]    Subphase: Concurrent Weak Roots JNIWeakHandles          0.000 / 0.000         0.000 / 0.000         0.000 / 0.000         0.000 / 0.000       ms
[30.217s][info][gc,stats    ]    Subphase: Concurrent Weak Roots StringTable             0.659 / 0.931         0.925 / 3.915         0.925 / 3.915         0.925 / 3.915       ms
[30.217s][info][gc,stats    ]    Subphase: Concurrent Weak Roots VMWeakHandles           0.195 / 0.290         0.176 / 0.290         0.176 / 0.290         0.176 / 0.290       ms
[30.217s][info][gc,stats    ]    Subphase: Pause Mark Try Complete                       0.000 / 0.000         0.000 / 0.000         0.000 / 0.000         0.000 / 0.000       ms
[30.217s][info][gc,stats    ]    Subphase: Pause Remap TLABS                             0.001 / 0.001         0.001 / 0.001         0.001 / 0.001         0.001 / 0.001       ms
[30.217s][info][gc,stats    ]    Subphase: Pause Retire TLABS                            0.019 / 0.032         0.018 / 0.032         0.018 / 0.032         0.018 / 0.032       ms
[30.217s][info][gc,stats    ]    Subphase: Pause Roots                                   1.842 / 12.371        1.595 / 12.371        1.595 / 12.371        1.595 / 12.371      ms
[30.217s][info][gc,stats    ]    Subphase: Pause Roots ClassLoaderDataGraph              1.578 / 11.302        1.132 / 11.302        1.132 / 11.302        1.132 / 11.302      ms
[30.217s][info][gc,stats    ]    Subphase: Pause Roots CodeCache                         0.704 / 0.948         0.565 / 0.948         0.565 / 0.948         0.565 / 0.948       ms
[30.217s][info][gc,stats    ]    Subphase: Pause Roots JNIHandles                        0.001 / 0.004         0.001 / 0.004         0.001 / 0.004         0.001 / 0.004       ms
[30.217s][info][gc,stats    ]    Subphase: Pause Roots JNIWeakHandles                    0.000 / 0.000         0.000 / 0.000         0.000 / 0.000         0.000 / 0.000       ms
[30.217s][info][gc,stats    ]    Subphase: Pause Roots JRFWeak                           0.000 / 0.000         0.000 / 0.000         0.000 / 0.000         0.000 / 0.000       ms
[30.217s][info][gc,stats    ]    Subphase: Pause Roots JVMTIExport                       0.001 / 0.001         0.001 / 0.001         0.001 / 0.001         0.001 / 0.001       ms
[30.217s][info][gc,stats    ]    Subphase: Pause Roots JVMTIWeakExport                   0.001 / 0.001         0.001 / 0.001         0.001 / 0.001         0.001 / 0.001       ms
[30.217s][info][gc,stats    ]    Subphase: Pause Roots Management                        0.001 / 0.003         0.211 / 4.405         0.211 / 4.405         0.211 / 4.405       ms
[30.217s][info][gc,stats    ]    Subphase: Pause Roots ObjectSynchronizer                0.000 / 0.001         0.000 / 0.001         0.000 / 0.001         0.000 / 0.001       ms
[30.217s][info][gc,stats    ]    Subphase: Pause Roots Setup                             0.145 / 0.280         0.114 / 0.280         0.114 / 0.280         0.114 / 0.280       ms
[30.217s][info][gc,stats    ]    Subphase: Pause Roots StringTable                       0.000 / 0.000         0.000 / 0.000         0.000 / 0.000         0.000 / 0.000       ms
[30.217s][info][gc,stats    ]    Subphase: Pause Roots SystemDictionary                  0.012 / 0.027         0.014 / 0.058         0.014 / 0.058         0.014 / 0.058       ms
[30.217s][info][gc,stats    ]    Subphase: Pause Roots Teardown                          0.002 / 0.011         0.002 / 0.011         0.002 / 0.011         0.002 / 0.011       ms
[30.217s][info][gc,stats    ]    Subphase: Pause Roots Threads                           0.284 / 0.655         0.275 / 0.974         0.275 / 0.974         0.275 / 0.974       ms
[30.217s][info][gc,stats    ]    Subphase: Pause Roots Universe                          0.035 / 0.365         0.021 / 0.365         0.021 / 0.365         0.021 / 0.365       ms
[30.217s][info][gc,stats    ]    Subphase: Pause Roots VMWeakHandles                     0.000 / 0.000         0.000 / 0.000         0.000 / 0.000         0.000 / 0.000       ms
[30.217s][info][gc,stats    ]    Subphase: Pause Weak Roots                              0.002 / 0.002         0.002 / 0.009         0.002 / 0.009         0.002 / 0.009       ms
[30.217s][info][gc,stats    ]    Subphase: Pause Weak Roots JFRWeak                      0.001 / 0.001         0.001 / 0.001         0.001 / 0.001         0.001 / 0.001       ms
[30.217s][info][gc,stats    ]    Subphase: Pause Weak Roots JNIWeakHandles               0.000 / 0.000         0.000 / 0.000         0.000 / 0.000         0.000 / 0.000       ms
[30.217s][info][gc,stats    ]    Subphase: Pause Weak Roots JVMTIWeakExport              0.001 / 0.001         0.001 / 0.007         0.001 / 0.007         0.001 / 0.007       ms
[30.217s][info][gc,stats    ]    Subphase: Pause Weak Roots Setup                        0.000 / 0.000         0.000 / 0.000         0.000 / 0.000         0.000 / 0.000       ms
[30.217s][info][gc,stats    ]    Subphase: Pause Weak Roots StringTable                  0.000 / 0.000         0.000 / 0.000         0.000 / 0.000         0.000 / 0.000       ms
[30.217s][info][gc,stats    ]    Subphase: Pause Weak Roots SymbolTable                  0.000 / 0.000         0.000 / 0.000         0.000 / 0.000         0.000 / 0.000       ms
[30.217s][info][gc,stats    ]    Subphase: Pause Weak Roots Teardown                     0.001 / 0.001         0.001 / 0.001         0.001 / 0.001         0.001 / 0.001       ms
[30.217s][info][gc,stats    ]    Subphase: Pause Weak Roots VMWeakHandles                0.000 / 0.000         0.000 / 0.000         0.000 / 0.000         0.000 / 0.000       ms
[30.217s][info][gc,stats    ]      System: Java Threads                                     47 / 48               40 / 48               40 / 48               40 / 48          threads
[30.217s][info][gc,stats    ] =========================================================================================================================================================
[30.252s][info][gc,phases   ] GC(10) Concurrent Mark 135.767ms
[30.252s][info][gc,phases   ] GC(10) Pause Mark End 0.220ms
[30.257s][info][gc,phases   ] GC(10) Concurrent Process Non-Strong References 5.160ms
[30.257s][info][gc,phases   ] GC(10) Concurrent Reset Relocation Set 0.002ms
[30.257s][info][gc,phases   ] GC(10) Concurrent Destroy Detached Pages 0.001ms
[30.259s][info][gc,phases   ] GC(10) Concurrent Select Relocation Set 1.531ms
[30.259s][info][gc,phases   ] GC(10) Concurrent Prepare Relocation Set 0.007ms
[30.265s][info][gc,phases   ] GC(10) Pause Relocate Start 5.740ms
[30.272s][info][gc,phases   ] GC(10) Concurrent Relocate 7.819ms
[30.273s][info][gc,load     ] GC(10) Load: 4.73/4.36/3.09
[30.273s][info][gc,mmu      ] GC(10) MMU: 2ms/0.0%, 5ms/0.0%, 10ms/0.0%, 20ms/34.0%, 50ms/73.6%, 100ms/86.8%
[30.273s][info][gc,marking  ] GC(10) Mark: 1 stripe(s), 2 proactive flush(es), 1 terminate flush(es), 0 completion(s), 0 continuation(s) 
[30.273s][info][gc,reloc    ] GC(10) Relocation: Successful, 6M relocated
[30.273s][info][gc,nmethod  ] GC(10) NMethods: 1871 registered, 0 unregistered
[30.273s][info][gc,metaspace] GC(10) Metaspace: 67M used, 70M capacity, 70M committed, 72M reserved
[30.273s][info][gc,ref      ] GC(10) Soft: 4438 encountered, 0 discovered, 0 enqueued
[30.273s][info][gc,ref      ] GC(10) Weak: 3883 encountered, 2881 discovered, 0 enqueued
[30.273s][info][gc,ref      ] GC(10) Final: 26 encountered, 0 discovered, 0 enqueued
[30.273s][info][gc,ref      ] GC(10) Phantom: 656 encountered, 653 discovered, 0 enqueued
[30.273s][info][gc,heap     ] GC(10)                Mark Start          Mark End        Relocate Start      Relocate End           High               Low         
[30.273s][info][gc,heap     ] GC(10)  Capacity:      946M (95%)         946M (95%)         946M (95%)         946M (95%)         946M (95%)         946M (95%)    
[30.273s][info][gc,heap     ] GC(10)   Reserve:       34M (3%)           34M (3%)           34M (3%)           34M (3%)           34M (3%)           34M (3%)     
[30.273s][info][gc,heap     ] GC(10)      Free:      736M (74%)         680M (68%)         844M (84%)         840M (84%)         844M (84%)         680M (68%)    
[30.273s][info][gc,heap     ] GC(10)      Used:      230M (23%)         286M (29%)         122M (12%)         126M (13%)         286M (29%)         122M (12%)    
[30.273s][info][gc,heap     ] GC(10)      Live:         -                32M (3%)           32M (3%)           32M (3%)             -                  -          
[30.273s][info][gc,heap     ] GC(10) Allocated:         -                56M (6%)           56M (6%)           64M (6%)             -                  -          
[30.273s][info][gc,heap     ] GC(10)   Garbage:         -               197M (20%)          33M (3%)           33M (3%)             -                  -          
[30.273s][info][gc,heap     ] GC(10) Reclaimed:         -                  -               164M (16%)         164M (16%)            -                  -          
[30.273s][info][gc          ] GC(10) Garbage Collection (Allocation Rate) 230M(23%)->126M(13%)
[30.516s][info][gc,start    ] GC(11) Garbage Collection (Allocation Rate)
[30.524s][info][gc,phases   ] GC(11) Pause Mark Start 2.016ms
[30.681s][info][gc,phases   ] GC(11) Concurrent Mark 156.983ms
[30.688s][info][gc,phases   ] GC(11) Pause Mark End 0.208ms
[30.689s][info][gc,phases   ] GC(11) Concurrent Process Non-Strong References 1.390ms
[30.689s][info][gc,phases   ] GC(11) Concurrent Reset Relocation Set 0.001ms
[30.689s][info][gc,phases   ] GC(11) Concurrent Destroy Detached Pages 0.000ms
[30.691s][info][gc,phases   ] GC(11) Concurrent Select Relocation Set 1.557ms
[30.691s][info][gc,phases   ] GC(11) Concurrent Prepare Relocation Set 0.007ms
[30.696s][info][gc,phases   ] GC(11) Pause Relocate Start 5.679ms
[30.705s][info][gc,phases   ] GC(11) Concurrent Relocate 8.453ms
[30.705s][info][gc,load     ] GC(11) Load: 4.73/4.36/3.09
[30.705s][info][gc,mmu      ] GC(11) MMU: 2ms/0.0%, 5ms/0.0%, 10ms/0.0%, 20ms/34.0%, 50ms/73.6%, 100ms/86.8%
[30.705s][info][gc,marking  ] GC(11) Mark: 1 stripe(s), 2 proactive flush(es), 1 terminate flush(es), 0 completion(s), 0 continuation(s) 
[30.705s][info][gc,reloc    ] GC(11) Relocation: Successful, 6M relocated
[30.705s][info][gc,nmethod  ] GC(11) NMethods: 1878 registered, 0 unregistered
[30.705s][info][gc,metaspace] GC(11) Metaspace: 67M used, 70M capacity, 70M committed, 72M reserved
[30.705s][info][gc,ref      ] GC(11) Soft: 4438 encountered, 0 discovered, 0 enqueued
[30.705s][info][gc,ref      ] GC(11) Weak: 3883 encountered, 2881 discovered, 0 enqueued
[30.705s][info][gc,ref      ] GC(11) Final: 26 encountered, 0 discovered, 0 enqueued
[30.705s][info][gc,ref      ] GC(11) Phantom: 656 encountered, 653 discovered, 0 enqueued
[30.705s][info][gc,heap     ] GC(11)                Mark Start          Mark End        Relocate Start      Relocate End           High               Low         
[30.705s][info][gc,heap     ] GC(11)  Capacity:      946M (95%)         946M (95%)         946M (95%)         946M (95%)         946M (95%)         946M (95%)    
[30.705s][info][gc,heap     ] GC(11)   Reserve:       34M (3%)           34M (3%)           34M (3%)           34M (3%)           34M (3%)           34M (3%)     
[30.705s][info][gc,heap     ] GC(11)      Free:      660M (66%)         606M (61%)         842M (84%)         842M (84%)         842M (84%)         606M (61%)    
[30.705s][info][gc,heap     ] GC(11)      Used:      306M (31%)         360M (36%)         124M (12%)         124M (12%)         360M (36%)         124M (12%)    
[30.705s][info][gc,heap     ] GC(11)      Live:         -                32M (3%)           32M (3%)           32M (3%)             -                  -          
[30.705s][info][gc,heap     ] GC(11) Allocated:         -                54M (5%)           54M (5%)           62M (6%)             -                  -          
[30.705s][info][gc,heap     ] GC(11)   Garbage:         -               273M (27%)          37M (4%)           33M (3%)             -                  -          
[30.705s][info][gc,heap     ] GC(11) Reclaimed:         -                  -               236M (24%)         240M (24%)            -                  -          
[30.705s][info][gc          ] GC(11) Garbage Collection (Allocation Rate) 306M(31%)->124M(12%)
[31.212s][info][gc,start    ] GC(12) Garbage Collection (Allocation Rate)
[31.220s][info][gc,phases   ] GC(12) Pause Mark Start 2.088ms
[31.361s][info][gc,phases   ] GC(12) Concurrent Mark 140.429ms
[31.364s][info][gc,phases   ] GC(12) Pause Mark End 0.199ms
[31.365s][info][gc,phases   ] GC(12) Concurrent Process Non-Strong References 1.330ms
[31.365s][info][gc,phases   ] GC(12) Concurrent Reset Relocation Set 0.002ms
[31.365s][info][gc,phases   ] GC(12) Concurrent Destroy Detached Pages 0.001ms
[31.367s][info][gc,phases   ] GC(12) Concurrent Select Relocation Set 1.552ms
[31.367s][info][gc,phases   ] GC(12) Concurrent Prepare Relocation Set 0.009ms
[31.372s][info][gc,phases   ] GC(12) Pause Relocate Start 5.549ms
[31.373s][info][gc,phases   ] GC(12) Concurrent Relocate 0.419ms
[31.373s][info][gc,load     ] GC(12) Load: 4.73/4.36/3.09
[31.373s][info][gc,mmu      ] GC(12) MMU: 2ms/0.0%, 5ms/0.0%, 10ms/0.0%, 20ms/34.0%, 50ms/73.6%, 100ms/86.8%
[31.373s][info][gc,marking  ] GC(12) Mark: 1 stripe(s), 2 proactive flush(es), 1 terminate flush(es), 0 completion(s), 0 continuation(s) 
[31.373s][info][gc,reloc    ] GC(12) Relocation: Successful, 6M relocated
[31.373s][info][gc,nmethod  ] GC(12) NMethods: 1910 registered, 0 unregistered
[31.373s][info][gc,metaspace] GC(12) Metaspace: 67M used, 70M capacity, 70M committed, 72M reserved
[31.373s][info][gc,ref      ] GC(12) Soft: 4438 encountered, 0 discovered, 0 enqueued
[31.373s][info][gc,ref      ] GC(12) Weak: 3883 encountered, 2881 discovered, 0 enqueued
[31.373s][info][gc,ref      ] GC(12) Final: 26 encountered, 0 discovered, 0 enqueued
[31.373s][info][gc,ref      ] GC(12) Phantom: 656 encountered, 653 discovered, 0 enqueued
[31.373s][info][gc,heap     ] GC(12)                Mark Start          Mark End        Relocate Start      Relocate End           High               Low         
[31.373s][info][gc,heap     ] GC(12)  Capacity:      946M (95%)         946M (95%)         946M (95%)         946M (95%)         946M (95%)         946M (95%)    
[31.373s][info][gc,heap     ] GC(12)   Reserve:       34M (3%)           34M (3%)           34M (3%)           34M (3%)           34M (3%)           34M (3%)     
[31.373s][info][gc,heap     ] GC(12)      Free:      506M (51%)         448M (45%)         830M (83%)         844M (84%)         844M (84%)         448M (45%)    
[31.373s][info][gc,heap     ] GC(12)      Used:      460M (46%)         518M (52%)         136M (14%)         122M (12%)         518M (52%)         122M (12%)    
[31.373s][info][gc,heap     ] GC(12)      Live:         -                32M (3%)           32M (3%)           32M (3%)             -                  -          
[31.373s][info][gc,heap     ] GC(12) Allocated:         -                58M (6%)           58M (6%)           60M (6%)             -                  -          
[31.373s][info][gc,heap     ] GC(12)   Garbage:         -               427M (43%)          45M (5%)           31M (3%)             -                  -          
[31.373s][info][gc,heap     ] GC(12) Reclaimed:         -                  -               382M (38%)         396M (40%)            -                  -          
[31.373s][info][gc          ] GC(12) Garbage Collection (Allocation Rate) 460M(46%)->122M(12%)
[32.216s][info][gc,start    ] GC(13) Garbage Collection (Allocation Rate)
[32.221s][info][gc,phases   ] GC(13) Pause Mark Start 2.100ms
[32.378s][info][gc,phases   ] GC(13) Concurrent Mark 154.173ms
[32.389s][info][gc,phases   ] GC(13) Pause Mark End 0.214ms
[32.390s][info][gc,phases   ] GC(13) Concurrent Process Non-Strong References 1.322ms
[32.390s][info][gc,phases   ] GC(13) Concurrent Reset Relocation Set 0.002ms
[32.390s][info][gc,phases   ] GC(13) Concurrent Destroy Detached Pages 0.000ms
[32.392s][info][gc,phases   ] GC(13) Concurrent Select Relocation Set 1.724ms
[32.392s][info][gc,phases   ] GC(13) Concurrent Prepare Relocation Set 0.011ms
[32.398s][info][gc,phases   ] GC(13) Pause Relocate Start 5.924ms
[32.405s][info][gc,phases   ] GC(13) Concurrent Relocate 6.562ms
[32.405s][info][gc,load     ] GC(13) Load: 4.73/4.36/3.09
[32.405s][info][gc,mmu      ] GC(13) MMU: 2ms/0.0%, 5ms/0.0%, 10ms/0.0%, 20ms/34.0%, 50ms/73.6%, 100ms/86.8%
[32.405s][info][gc,marking  ] GC(13) Mark: 1 stripe(s), 2 proactive flush(es), 1 terminate flush(es), 0 completion(s), 0 continuation(s) 
[32.405s][info][gc,reloc    ] GC(13) Relocation: Successful, 6M relocated
[32.405s][info][gc,nmethod  ] GC(13) NMethods: 1943 registered, 0 unregistered
[32.405s][info][gc,metaspace] GC(13) Metaspace: 67M used, 70M capacity, 70M committed, 72M reserved
[32.405s][info][gc,ref      ] GC(13) Soft: 4449 encountered, 0 discovered, 0 enqueued
[32.405s][info][gc,ref      ] GC(13) Weak: 3943 encountered, 2982 discovered, 98 enqueued
[32.405s][info][gc,ref      ] GC(13) Final: 26 encountered, 0 discovered, 0 enqueued
[32.405s][info][gc,ref      ] GC(13) Phantom: 674 encountered, 671 discovered, 17 enqueued
[32.405s][info][gc,heap     ] GC(13)                Mark Start          Mark End        Relocate Start      Relocate End           High               Low         
[32.405s][info][gc,heap     ] GC(13)  Capacity:      946M (95%)         946M (95%)         946M (95%)         946M (95%)         946M (95%)         946M (95%)    
[32.405s][info][gc,heap     ] GC(13)   Reserve:       34M (3%)           34M (3%)           34M (3%)           34M (3%)           34M (3%)           34M (3%)     
[32.405s][info][gc,heap     ] GC(13)      Free:      332M (33%)         278M (28%)         832M (83%)         846M (85%)         846M (85%)         278M (28%)    
[32.405s][info][gc,heap     ] GC(13)      Used:      634M (63%)         688M (69%)         134M (13%)         120M (12%)         688M (69%)         120M (12%)    
[32.405s][info][gc,heap     ] GC(13)      Live:         -                32M (3%)           32M (3%)           32M (3%)             -                  -          
[32.405s][info][gc,heap     ] GC(13) Allocated:         -                54M (5%)           54M (5%)           58M (6%)             -                  -          
[32.405s][info][gc,heap     ] GC(13)   Garbage:         -               601M (60%)          47M (5%)           31M (3%)             -                  -          
[32.405s][info][gc,heap     ] GC(13) Reclaimed:         -                  -               554M (55%)         570M (57%)            -                  -          
[32.405s][info][gc          ] GC(13) Garbage Collection (Allocation Rate) 634M(63%)->120M(12%)
[33.016s][info][gc,start    ] GC(14) Garbage Collection (Allocation Rate)
[33.021s][info][gc,phases   ] GC(14) Pause Mark Start 2.002ms
[33.258s][info][gc,phases   ] GC(14) Concurrent Mark 236.199ms
[33.271s][info][gc,phases   ] GC(14) Pause Mark End 0.204ms
[33.278s][info][gc,phases   ] GC(14) Concurrent Process Non-Strong References 6.909ms
[33.278s][info][gc,phases   ] GC(14) Concurrent Reset Relocation Set 0.003ms
[33.278s][info][gc,phases   ] GC(14) Concurrent Destroy Detached Pages 0.001ms
[33.279s][info][gc,phases   ] GC(14) Concurrent Select Relocation Set 1.542ms
[33.279s][info][gc,phases   ] GC(14) Concurrent Prepare Relocation Set 0.008ms
[33.285s][info][gc,phases   ] GC(14) Pause Relocate Start 1.804ms
[33.299s][info][gc,phases   ] GC(14) Concurrent Relocate 7.338ms
[33.299s][info][gc,load     ] GC(14) Load: 4.73/4.36/3.09
[33.299s][info][gc,mmu      ] GC(14) MMU: 2ms/0.0%, 5ms/0.0%, 10ms/0.0%, 20ms/34.0%, 50ms/73.6%, 100ms/86.8%
[33.299s][info][gc,marking  ] GC(14) Mark: 1 stripe(s), 2 proactive flush(es), 1 terminate flush(es), 0 completion(s), 0 continuation(s) 
[33.299s][info][gc,reloc    ] GC(14) Relocation: Successful, 6M relocated
[33.299s][info][gc,nmethod  ] GC(14) NMethods: 1965 registered, 0 unregistered
[33.299s][info][gc,metaspace] GC(14) Metaspace: 67M used, 70M capacity, 70M committed, 72M reserved
[33.299s][info][gc,ref      ] GC(14) Soft: 4449 encountered, 0 discovered, 0 enqueued
[33.299s][info][gc,ref      ] GC(14) Weak: 3845 encountered, 2905 discovered, 0 enqueued
[33.299s][info][gc,ref      ] GC(14) Final: 26 encountered, 0 discovered, 0 enqueued
[33.299s][info][gc,ref      ] GC(14) Phantom: 657 encountered, 654 discovered, 0 enqueued
[33.299s][info][gc,heap     ] GC(14)                Mark Start          Mark End        Relocate Start      Relocate End           High               Low         
[33.299s][info][gc,heap     ] GC(14)  Capacity:      946M (95%)         946M (95%)         946M (95%)         946M (95%)         946M (95%)         946M (95%)    
[33.299s][info][gc,heap     ] GC(14)   Reserve:       34M (3%)           34M (3%)           34M (3%)           34M (3%)           34M (3%)           34M (3%)     
[33.299s][info][gc,heap     ] GC(14)      Free:      408M (41%)         346M (35%)         828M (83%)         832M (83%)         832M (83%)         342M (34%)    
[33.299s][info][gc,heap     ] GC(14)      Used:      558M (56%)         620M (62%)         138M (14%)         134M (13%)         624M (62%)         134M (13%)    
[33.299s][info][gc,heap     ] GC(14)      Live:         -                32M (3%)           32M (3%)           32M (3%)             -                  -          
[33.299s][info][gc,heap     ] GC(14) Allocated:         -                62M (6%)           66M (7%)           72M (7%)             -                  -          
[33.299s][info][gc,heap     ] GC(14)   Garbage:         -               525M (53%)          39M (4%)           31M (3%)             -                  -          
[33.299s][info][gc,heap     ] GC(14) Reclaimed:         -                  -               486M (49%)         494M (49%)            -                  -          
[33.299s][info][gc          ] GC(14) Garbage Collection (Allocation Rate) 558M(56%)->134M(13%)
[34.512s][info][gc,start    ] GC(15) Garbage Collection (Allocation Rate)
[34.520s][info][gc,phases   ] GC(15) Pause Mark Start 2.112ms
[34.663s][info][gc,phases   ] GC(15) Concurrent Mark 142.243ms
[34.668s][info][gc,phases   ] GC(15) Pause Mark End 0.206ms
[34.670s][info][gc,phases   ] GC(15) Concurrent Process Non-Strong References 1.533ms
[34.670s][info][gc,phases   ] GC(15) Concurrent Reset Relocation Set 0.002ms
[34.670s][info][gc,phases   ] GC(15) Concurrent Destroy Detached Pages 0.000ms
[34.671s][info][gc,phases   ] GC(15) Concurrent Select Relocation Set 1.672ms
[34.671s][info][gc,phases   ] GC(15) Concurrent Prepare Relocation Set 0.017ms
[34.678s][info][gc,phases   ] GC(15) Pause Relocate Start 1.853ms
[34.684s][info][gc,phases   ] GC(15) Concurrent Relocate 5.555ms
[34.684s][info][gc,load     ] GC(15) Load: 4.73/4.36/3.09
[34.684s][info][gc,mmu      ] GC(15) MMU: 2ms/0.0%, 5ms/0.0%, 10ms/0.0%, 20ms/34.0%, 50ms/73.6%, 100ms/86.8%
[34.684s][info][gc,marking  ] GC(15) Mark: 1 stripe(s), 2 proactive flush(es), 1 terminate flush(es), 0 completion(s), 0 continuation(s) 
[34.684s][info][gc,reloc    ] GC(15) Relocation: Successful, 7M relocated
[34.684s][info][gc,nmethod  ] GC(15) NMethods: 2034 registered, 0 unregistered
[34.684s][info][gc,metaspace] GC(15) Metaspace: 68M used, 71M capacity, 71M committed, 72M reserved
[34.684s][info][gc,ref      ] GC(15) Soft: 4501 encountered, 0 discovered, 0 enqueued
[34.684s][info][gc,ref      ] GC(15) Weak: 4290 encountered, 3276 discovered, 152 enqueued
[34.684s][info][gc,ref      ] GC(15) Final: 26 encountered, 0 discovered, 0 enqueued
[34.684s][info][gc,ref      ] GC(15) Phantom: 751 encountered, 748 discovered, 94 enqueued
[34.684s][info][gc,heap     ] GC(15)                Mark Start          Mark End        Relocate Start      Relocate End           High               Low         
[34.684s][info][gc,heap     ] GC(15)  Capacity:      946M (95%)         946M (95%)         946M (95%)         946M (95%)         946M (95%)         946M (95%)    
[34.684s][info][gc,heap     ] GC(15)   Reserve:       34M (3%)           34M (3%)           34M (3%)           34M (3%)           34M (3%)           34M (3%)     
[34.684s][info][gc,heap     ] GC(15)      Free:      416M (42%)         368M (37%)         830M (83%)         852M (85%)         852M (85%)         368M (37%)    
[34.684s][info][gc,heap     ] GC(15)      Used:      550M (55%)         598M (60%)         136M (14%)         114M (11%)         598M (60%)         114M (11%)    
[34.684s][info][gc,heap     ] GC(15)      Live:         -                33M (3%)           33M (3%)           33M (3%)             -                  -          
[34.684s][info][gc,heap     ] GC(15) Allocated:         -                48M (5%)           48M (5%)           52M (5%)             -                  -          
[34.684s][info][gc,heap     ] GC(15)   Garbage:         -               516M (52%)          54M (5%)           30M (3%)             -                  -          
[34.684s][info][gc,heap     ] GC(15) Reclaimed:         -                  -               462M (46%)         486M (49%)            -                  -          
[34.684s][info][gc          ] GC(15) Garbage Collection (Allocation Rate) 550M(55%)->114M(11%)
[35.212s][info][gc,start    ] GC(16) Garbage Collection (Allocation Rate)
[35.214s][info][gc,phases   ] GC(16) Pause Mark Start 2.133ms
[35.376s][info][gc,phases   ] GC(16) Concurrent Mark 161.547ms
[35.380s][info][gc,phases   ] GC(16) Pause Mark End 0.210ms
[35.382s][info][gc,phases   ] GC(16) Concurrent Process Non-Strong References 1.366ms
[35.382s][info][gc,phases   ] GC(16) Concurrent Reset Relocation Set 0.004ms
[35.382s][info][gc,phases   ] GC(16) Concurrent Destroy Detached Pages 0.001ms
[35.383s][info][gc,phases   ] GC(16) Concurrent Select Relocation Set 1.548ms
[35.383s][info][gc,phases   ] GC(16) Concurrent Prepare Relocation Set 0.015ms
[35.390s][info][gc,phases   ] GC(16) Pause Relocate Start 1.905ms
[35.397s][info][gc,phases   ] GC(16) Concurrent Relocate 6.666ms
[35.397s][info][gc,load     ] GC(16) Load: 4.59/4.33/3.09
[35.397s][info][gc,mmu      ] GC(16) MMU: 2ms/0.0%, 5ms/0.0%, 10ms/0.0%, 20ms/34.0%, 50ms/73.6%, 100ms/86.8%
[35.397s][info][gc,marking  ] GC(16) Mark: 1 stripe(s), 2 proactive flush(es), 1 terminate flush(es), 0 completion(s), 0 continuation(s) 
[35.397s][info][gc,reloc    ] GC(16) Relocation: Successful, 7M relocated
[35.397s][info][gc,nmethod  ] GC(16) NMethods: 2038 registered, 0 unregistered
[35.397s][info][gc,metaspace] GC(16) Metaspace: 68M used, 71M capacity, 71M committed, 72M reserved
[35.397s][info][gc,ref      ] GC(16) Soft: 4501 encountered, 0 discovered, 0 enqueued
[35.397s][info][gc,ref      ] GC(16) Weak: 4138 encountered, 3124 discovered, 0 enqueued
[35.397s][info][gc,ref      ] GC(16) Final: 26 encountered, 0 discovered, 0 enqueued
[35.397s][info][gc,ref      ] GC(16) Phantom: 657 encountered, 654 discovered, 0 enqueued
[35.397s][info][gc,heap     ] GC(16)                Mark Start          Mark End        Relocate Start      Relocate End           High               Low         
[35.397s][info][gc,heap     ] GC(16)  Capacity:      946M (95%)         946M (95%)         946M (95%)         946M (95%)         946M (95%)         946M (95%)    
[35.397s][info][gc,heap     ] GC(16)   Reserve:       34M (3%)           34M (3%)           34M (3%)           34M (3%)           34M (3%)           34M (3%)     
[35.397s][info][gc,heap     ] GC(16)      Free:      526M (53%)         480M (48%)         848M (85%)         856M (86%)         856M (86%)         480M (48%)    
[35.397s][info][gc,heap     ] GC(16)      Used:      440M (44%)         486M (49%)         118M (12%)         110M (11%)         486M (49%)         110M (11%)    
[35.397s][info][gc,heap     ] GC(16)      Live:         -                33M (3%)           33M (3%)           33M (3%)             -                  -          
[35.397s][info][gc,heap     ] GC(16) Allocated:         -                46M (5%)           46M (5%)           48M (5%)             -                  -          
[35.397s][info][gc,heap     ] GC(16)   Garbage:         -               406M (41%)          38M (4%)           30M (3%)             -                  -          
[35.397s][info][gc,heap     ] GC(16) Reclaimed:         -                  -               368M (37%)         376M (38%)            -                  -          
[35.397s][info][gc          ] GC(16) Garbage Collection (Allocation Rate) 440M(44%)->110M(11%)
[36.316s][info][gc,start    ] GC(17) Garbage Collection (Allocation Rate)
[36.325s][info][gc,phases   ] GC(17) Pause Mark Start 2.208ms
[36.466s][info][gc,phases   ] GC(17) Concurrent Mark 140.731ms
[36.473s][info][gc,phases   ] GC(17) Pause Mark End 0.227ms
[36.475s][info][gc,phases   ] GC(17) Concurrent Process Non-Strong References 2.147ms
[36.476s][info][gc,phases   ] GC(17) Concurrent Reset Relocation Set 0.003ms
[36.476s][info][gc,phases   ] GC(17) Concurrent Destroy Detached Pages 0.001ms
[36.477s][info][gc,phases   ] GC(17) Concurrent Select Relocation Set 1.768ms
[36.477s][info][gc,phases   ] GC(17) Concurrent Prepare Relocation Set 0.013ms
[36.486s][info][gc,phases   ] GC(17) Pause Relocate Start 1.779ms
[36.488s][info][gc,phases   ] GC(17) Concurrent Relocate 2.807ms
[36.489s][info][gc,load     ] GC(17) Load: 4.59/4.33/3.09
[36.489s][info][gc,mmu      ] GC(17) MMU: 2ms/0.0%, 5ms/0.0%, 10ms/0.0%, 20ms/34.0%, 50ms/73.6%, 100ms/86.8%
[36.489s][info][gc,marking  ] GC(17) Mark: 1 stripe(s), 3 proactive flush(es), 1 terminate flush(es), 0 completion(s), 0 continuation(s) 
[36.489s][info][gc,reloc    ] GC(17) Relocation: Successful, 7M relocated
[36.489s][info][gc,nmethod  ] GC(17) NMethods: 2050 registered, 0 unregistered
[36.489s][info][gc,metaspace] GC(17) Metaspace: 68M used, 71M capacity, 71M committed, 72M reserved
[36.489s][info][gc,ref      ] GC(17) Soft: 4501 encountered, 0 discovered, 0 enqueued
[36.489s][info][gc,ref      ] GC(17) Weak: 4138 encountered, 3124 discovered, 0 enqueued
[36.489s][info][gc,ref      ] GC(17) Final: 26 encountered, 0 discovered, 0 enqueued
[36.489s][info][gc,ref      ] GC(17) Phantom: 657 encountered, 654 discovered, 0 enqueued
[36.489s][info][gc,heap     ] GC(17)                Mark Start          Mark End        Relocate Start      Relocate End           High               Low         
[36.489s][info][gc,heap     ] GC(17)  Capacity:      946M (95%)         946M (95%)         946M (95%)         946M (95%)         946M (95%)         946M (95%)    
[36.489s][info][gc,heap     ] GC(17)   Reserve:       34M (3%)           34M (3%)           34M (3%)           34M (3%)           34M (3%)           34M (3%)     
[36.489s][info][gc,heap     ] GC(17)      Free:      308M (31%)         264M (26%)         852M (85%)         854M (85%)         854M (85%)         264M (26%)    
[36.489s][info][gc,heap     ] GC(17)      Used:      658M (66%)         702M (70%)         114M (11%)         112M (11%)         702M (70%)         112M (11%)    
[36.489s][info][gc,heap     ] GC(17)      Live:         -                33M (3%)           33M (3%)           33M (3%)             -                  -          
[36.489s][info][gc,heap     ] GC(17) Allocated:         -                44M (4%)           44M (4%)           50M (5%)             -                  -          
[36.489s][info][gc,heap     ] GC(17)   Garbage:         -               624M (62%)          36M (4%)           32M (3%)             -                  -          
[36.489s][info][gc,heap     ] GC(17) Reclaimed:         -                  -               588M (59%)         592M (59%)            -                  -          
[36.489s][info][gc          ] GC(17) Garbage Collection (Allocation Rate) 658M(66%)->112M(11%)
[37.612s][info][gc,start    ] GC(18) Garbage Collection (Allocation Rate)
[37.617s][info][gc,phases   ] GC(18) Pause Mark Start 2.107ms
[37.757s][info][gc,phases   ] GC(18) Concurrent Mark 139.495ms
[37.763s][info][gc,phases   ] GC(18) Pause Mark End 0.206ms
[37.764s][info][gc,phases   ] GC(18) Concurrent Process Non-Strong References 1.464ms
[37.764s][info][gc,phases   ] GC(18) Concurrent Reset Relocation Set 0.002ms
[37.764s][info][gc,phases   ] GC(18) Concurrent Destroy Detached Pages 0.001ms
[37.766s][info][gc,phases   ] GC(18) Concurrent Select Relocation Set 1.579ms
[37.766s][info][gc,phases   ] GC(18) Concurrent Prepare Relocation Set 0.013ms
[37.772s][info][gc,phases   ] GC(18) Pause Relocate Start 6.260ms
[37.781s][info][gc,phases   ] GC(18) Concurrent Relocate 8.627ms
[37.781s][info][gc,load     ] GC(18) Load: 4.59/4.33/3.09
[37.781s][info][gc,mmu      ] GC(18) MMU: 2ms/0.0%, 5ms/0.0%, 10ms/0.0%, 20ms/34.0%, 50ms/73.6%, 100ms/86.8%
[37.781s][info][gc,marking  ] GC(18) Mark: 1 stripe(s), 2 proactive flush(es), 1 terminate flush(es), 0 completion(s), 0 continuation(s) 
[37.781s][info][gc,reloc    ] GC(18) Relocation: Successful, 7M relocated
[37.781s][info][gc,nmethod  ] GC(18) NMethods: 2059 registered, 0 unregistered
[37.781s][info][gc,metaspace] GC(18) Metaspace: 68M used, 71M capacity, 71M committed, 72M reserved
[37.781s][info][gc,ref      ] GC(18) Soft: 4501 encountered, 0 discovered, 0 enqueued
[37.781s][info][gc,ref      ] GC(18) Weak: 4138 encountered, 3124 discovered, 0 enqueued
[37.781s][info][gc,ref      ] GC(18) Final: 26 encountered, 0 discovered, 0 enqueued
[37.781s][info][gc,ref      ] GC(18) Phantom: 657 encountered, 654 discovered, 0 enqueued
[37.781s][info][gc,heap     ] GC(18)                Mark Start          Mark End        Relocate Start      Relocate End           High               Low         
[37.781s][info][gc,heap     ] GC(18)  Capacity:      946M (95%)         946M (95%)         946M (95%)         946M (95%)         946M (95%)         946M (95%)    
[37.781s][info][gc,heap     ] GC(18)   Reserve:       34M (3%)           34M (3%)           34M (3%)           34M (3%)           34M (3%)           34M (3%)     
[37.781s][info][gc,heap     ] GC(18)      Free:      286M (29%)         238M (24%)         844M (84%)         848M (85%)         848M (85%)         238M (24%)    
[37.781s][info][gc,heap     ] GC(18)      Used:      680M (68%)         728M (73%)         122M (12%)         118M (12%)         728M (73%)         118M (12%)    
[37.781s][info][gc,heap     ] GC(18)      Live:         -                33M (3%)           33M (3%)           33M (3%)             -                  -          
[37.781s][info][gc,heap     ] GC(18) Allocated:         -                48M (5%)           48M (5%)           56M (6%)             -                  -          
[37.781s][info][gc,heap     ] GC(18)   Garbage:         -               646M (65%)          40M (4%)           32M (3%)             -                  -          
[37.781s][info][gc,heap     ] GC(18) Reclaimed:         -                  -               606M (61%)         614M (61%)            -                  -          
[37.781s][info][gc          ] GC(18) Garbage Collection (Allocation Rate) 680M(68%)->118M(12%)
[39.116s][info][gc,start    ] GC(19) Garbage Collection (Allocation Rate)
[39.121s][info][gc,phases   ] GC(19) Pause Mark Start 2.156ms
[39.262s][info][gc,phases   ] GC(19) Concurrent Mark 141.298ms
[39.268s][info][gc,phases   ] GC(19) Pause Mark End 0.270ms
[39.269s][info][gc,phases   ] GC(19) Concurrent Process Non-Strong References 1.683ms
[39.269s][info][gc,phases   ] GC(19) Concurrent Reset Relocation Set 0.003ms
[39.269s][info][gc,phases   ] GC(19) Concurrent Destroy Detached Pages 0.000ms
[39.271s][info][gc,phases   ] GC(19) Concurrent Select Relocation Set 1.593ms
[39.271s][info][gc,phases   ] GC(19) Concurrent Prepare Relocation Set 0.017ms
[39.278s][info][gc,phases   ] GC(19) Pause Relocate Start 1.894ms
[39.282s][info][gc,phases   ] GC(19) Concurrent Relocate 4.401ms
[39.282s][info][gc,load     ] GC(19) Load: 4.59/4.33/3.09
[39.282s][info][gc,mmu      ] GC(19) MMU: 2ms/0.0%, 5ms/0.0%, 10ms/0.0%, 20ms/34.0%, 50ms/73.6%, 100ms/86.8%
[39.282s][info][gc,marking  ] GC(19) Mark: 1 stripe(s), 2 proactive flush(es), 1 terminate flush(es), 0 completion(s), 0 continuation(s) 
[39.282s][info][gc,reloc    ] GC(19) Relocation: Successful, 7M relocated
[39.282s][info][gc,nmethod  ] GC(19) NMethods: 2123 registered, 0 unregistered
[39.282s][info][gc,metaspace] GC(19) Metaspace: 68M used, 71M capacity, 71M committed, 72M reserved
[39.282s][info][gc,ref      ] GC(19) Soft: 4501 encountered, 0 discovered, 0 enqueued
[39.282s][info][gc,ref      ] GC(19) Weak: 4214 encountered, 3201 discovered, 74 enqueued
[39.282s][info][gc,ref      ] GC(19) Final: 26 encountered, 0 discovered, 0 enqueued
[39.282s][info][gc,ref      ] GC(19) Phantom: 657 encountered, 654 discovered, 0 enqueued
[39.282s][info][gc,heap     ] GC(19)                Mark Start          Mark End        Relocate Start      Relocate End           High               Low         
[39.282s][info][gc,heap     ] GC(19)  Capacity:      946M (95%)         946M (95%)         946M (95%)         946M (95%)         946M (95%)         946M (95%)    
[39.282s][info][gc,heap     ] GC(19)   Reserve:       34M (3%)           34M (3%)           34M (3%)           34M (3%)           34M (3%)           34M (3%)     
[39.282s][info][gc,heap     ] GC(19)      Free:      290M (29%)         244M (24%)         836M (84%)         850M (85%)         850M (85%)         244M (24%)    
[39.282s][info][gc,heap     ] GC(19)      Used:      676M (68%)         722M (72%)         130M (13%)         116M (12%)         722M (72%)         116M (12%)    
[39.282s][info][gc,heap     ] GC(19)      Live:         -                33M (3%)           33M (3%)           33M (3%)             -                  -          
[39.282s][info][gc,heap     ] GC(19) Allocated:         -                46M (5%)           46M (5%)           52M (5%)             -                  -          
[39.282s][info][gc,heap     ] GC(19)   Garbage:         -               642M (64%)          50M (5%)           32M (3%)             -                  -          
[39.282s][info][gc,heap     ] GC(19) Reclaimed:         -                  -               592M (59%)         610M (61%)            -                  -          
[39.282s][info][gc          ] GC(19) Garbage Collection (Allocation Rate) 676M(68%)->116M(12%)
[40.116s][info][gc,start    ] GC(20) Garbage Collection (Allocation Rate)
[40.122s][info][gc,phases   ] GC(20) Pause Mark Start 2.284ms
[40.217s][info][gc,stats    ] === Garbage Collection Statistics =======================================================================================================================
[40.217s][info][gc,stats    ]                                                              Last 10s              Last 10m              Last 10h                Total
[40.217s][info][gc,stats    ]                                                              Avg / Max             Avg / Max             Avg / Max             Avg / Max
[40.217s][info][gc,stats    ]   Collector: Garbage Collection Cycle                    184.742 / 282.878     599.869 / 5279.755    599.869 / 5279.755    599.869 / 5279.755    ms
[40.217s][info][gc,stats    ]  Contention: Mark Segment Reset Contention                     0 / 0                 0 / 0                 0 / 0                 0 / 0           ops/s
[40.217s][info][gc,stats    ]  Contention: Mark SeqNum Reset Contention                      0 / 0                 0 / 0                 0 / 0                 0 / 0           ops/s
[40.217s][info][gc,stats    ]  Contention: Relocation Contention                             0 / 1                 0 / 1                 0 / 1                 0 / 1           ops/s
[40.217s][info][gc,stats    ]    Critical: Allocation Stall                              0.000 / 0.000         0.000 / 0.000         0.000 / 0.000         0.000 / 0.000       ms
[40.217s][info][gc,stats    ]    Critical: Allocation Stall                                  0 / 0                 0 / 0                 0 / 0                 0 / 0           ops/s
[40.217s][info][gc,stats    ]    Critical: GC Locker Stall                               0.000 / 0.000         0.013 / 0.014         0.013 / 0.014         0.013 / 0.014       ms
[40.217s][info][gc,stats    ]    Critical: GC Locker Stall                                   0 / 0                 0 / 1                 0 / 1                 0 / 1           ops/s
[40.217s][info][gc,stats    ]      Memory: Allocation Rate                                 497 / 600             168 / 600             168 / 600             168 / 600         MB/s
[40.217s][info][gc,stats    ]      Memory: Heap Used After Mark                            570 / 728             496 / 912             496 / 912             496 / 912         MB
[40.217s][info][gc,stats    ]      Memory: Heap Used After Relocation                      119 / 134             196 / 908             196 / 908             196 / 908         MB
[40.217s][info][gc,stats    ]      Memory: Heap Used Before Mark                           562 / 680             442 / 908             442 / 908             442 / 908         MB
[40.217s][info][gc,stats    ]      Memory: Heap Used Before Relocation                     127 / 138             217 / 908             217 / 908             217 / 908         MB
[40.217s][info][gc,stats    ]      Memory: Out Of Memory                                     0 / 0                 0 / 0                 0 / 0                 0 / 0           ops/s
[40.217s][info][gc,stats    ]      Memory: Page Cache Flush                                  0 / 0                 0 / 0                 0 / 0                 0 / 0           MB/s
[40.217s][info][gc,stats    ]      Memory: Page Cache Hit L1                               249 / 301              73 / 301              73 / 301              73 / 301         ops/s
[40.217s][info][gc,stats    ]      Memory: Page Cache Hit L2                                 0 / 0                 0 / 0                 0 / 0                 0 / 0           ops/s
[40.217s][info][gc,stats    ]      Memory: Page Cache Miss                                   0 / 0                10 / 114              10 / 114              10 / 114         ops/s
[40.217s][info][gc,stats    ]      Memory: Undo Object Allocation Failed                     0 / 0                 0 / 0                 0 / 0                 0 / 0           ops/s
[40.217s][info][gc,stats    ]      Memory: Undo Object Allocation Succeeded                  0 / 1                 0 / 1                 0 / 1                 0 / 1           ops/s
[40.217s][info][gc,stats    ]      Memory: Undo Page Allocation                              0 / 0                 0 / 0                 0 / 0                 0 / 0           ops/s
[40.217s][info][gc,stats    ]       Phase: Concurrent Destroy Detached Pages             0.001 / 0.001         0.001 / 0.001         0.001 / 0.001         0.001 / 0.001       ms
[40.217s][info][gc,stats    ]       Phase: Concurrent Mark                             154.887 / 236.199     561.785 / 5208.825    561.785 / 5208.825    561.785 / 5208.825    ms
[40.217s][info][gc,stats    ]       Phase: Concurrent Mark Continue                      0.000 / 0.000         0.000 / 0.000         0.000 / 0.000         0.000 / 0.000       ms
[40.217s][info][gc,stats    ]       Phase: Concurrent Prepare Relocation Set             0.012 / 0.017         0.072 / 0.386         0.072 / 0.386         0.072 / 0.386       ms
[40.217s][info][gc,stats    ]       Phase: Concurrent Process Non-Strong References      2.430 / 6.909         2.051 / 6.909         2.051 / 6.909         2.051 / 6.909       ms
[40.217s][info][gc,stats    ]       Phase: Concurrent Relocate                           5.865 / 8.627        14.066 / 47.669       14.066 / 47.669       14.066 / 47.669      ms
[40.217s][info][gc,stats    ]       Phase: Concurrent Reset Relocation Set               0.002 / 0.004         0.007 / 0.082         0.007 / 0.082         0.007 / 0.082       ms
[40.217s][info][gc,stats    ]       Phase: Concurrent Select Relocation Set              1.607 / 1.768         2.154 / 5.717         2.154 / 5.717         2.154 / 5.717       ms
[40.217s][info][gc,stats    ]       Phase: Pause Mark End                                0.216 / 0.270         0.235 / 0.635         0.235 / 0.635         0.235 / 0.635       ms
[40.217s][info][gc,stats    ]       Phase: Pause Mark Start                              2.121 / 2.284         2.358 / 6.071         2.358 / 6.071         2.358 / 6.071       ms
[40.217s][info][gc,stats    ]       Phase: Pause Relocate Start                          3.839 / 6.260         4.302 / 12.570        4.302 / 12.570        4.302 / 12.570      ms
[40.217s][info][gc,stats    ]    Subphase: Concurrent Mark                             154.864 / 236.177     560.585 / 5208.804    560.585 / 5208.804    560.585 / 5208.804    ms
[40.217s][info][gc,stats    ]    Subphase: Concurrent Mark Idle                          0.000 / 0.000         0.000 / 0.000         0.000 / 0.000         0.000 / 0.000       ms
[40.217s][info][gc,stats    ]    Subphase: Concurrent Mark Try Flush                     3.579 / 14.061        3.905 / 14.061        3.905 / 14.061        3.905 / 14.061      ms
[40.217s][info][gc,stats    ]    Subphase: Concurrent Mark Try Terminate                 0.953 / 7.801         1.274 / 11.682        1.274 / 11.682        1.274 / 11.682      ms
[40.217s][info][gc,stats    ]    Subphase: Concurrent References Enqueue                 0.001 / 0.003         0.002 / 0.007         0.002 / 0.007         0.002 / 0.007       ms
[40.217s][info][gc,stats    ]    Subphase: Concurrent References Process                 1.639 / 6.169         1.094 / 6.169         1.094 / 6.169         1.094 / 6.169       ms
[40.217s][info][gc,stats    ]    Subphase: Concurrent Weak Roots                         0.771 / 1.259         0.936 / 4.123         0.936 / 4.123         0.936 / 4.123       ms
[40.217s][info][gc,stats    ]    Subphase: Concurrent Weak Roots JNIWeakHandles          0.000 / 0.000         0.000 / 0.000         0.000 / 0.000         0.000 / 0.000       ms
[40.217s][info][gc,stats    ]    Subphase: Concurrent Weak Roots StringTable             0.590 / 1.044         0.757 / 3.915         0.757 / 3.915         0.757 / 3.915       ms
[40.217s][info][gc,stats    ]    Subphase: Concurrent Weak Roots VMWeakHandles           0.179 / 0.213         0.177 / 0.290         0.177 / 0.290         0.177 / 0.290       ms
[40.217s][info][gc,stats    ]    Subphase: Pause Mark Try Complete                       0.000 / 0.000         0.000 / 0.000         0.000 / 0.000         0.000 / 0.000       ms
[40.217s][info][gc,stats    ]    Subphase: Pause Remap TLABS                             0.001 / 0.007         0.001 / 0.007         0.001 / 0.007         0.001 / 0.007       ms
[40.217s][info][gc,stats    ]    Subphase: Pause Retire TLABS                            0.012 / 0.015         0.015 / 0.032         0.015 / 0.032         0.015 / 0.032       ms
[40.217s][info][gc,stats    ]    Subphase: Pause Roots                                   1.580 / 5.513         1.588 / 12.371        1.588 / 12.371        1.588 / 12.371      ms
[40.217s][info][gc,stats    ]    Subphase: Pause Roots ClassLoaderDataGraph              0.608 / 0.728         0.877 / 11.302        0.877 / 11.302        0.877 / 11.302      ms
[40.217s][info][gc,stats    ]    Subphase: Pause Roots CodeCache                         1.440 / 4.832         0.992 / 4.832         0.992 / 4.832         0.992 / 4.832       ms
[40.217s][info][gc,stats    ]    Subphase: Pause Roots JNIHandles                        0.001 / 0.002         0.001 / 0.004         0.001 / 0.004         0.001 / 0.004       ms
[40.217s][info][gc,stats    ]    Subphase: Pause Roots JNIWeakHandles                    0.000 / 0.000         0.000 / 0.000         0.000 / 0.000         0.000 / 0.000       ms
[40.217s][info][gc,stats    ]    Subphase: Pause Roots JRFWeak                           0.000 / 0.000         0.000 / 0.000         0.000 / 0.000         0.000 / 0.000       ms
[40.217s][info][gc,stats    ]    Subphase: Pause Roots JVMTIExport                       0.001 / 0.001         0.001 / 0.001         0.001 / 0.001         0.001 / 0.001       ms
[40.217s][info][gc,stats    ]    Subphase: Pause Roots JVMTIWeakExport                   0.001 / 0.001         0.001 / 0.001         0.001 / 0.001         0.001 / 0.001       ms
[40.217s][info][gc,stats    ]    Subphase: Pause Roots Management                        0.001 / 0.004         0.109 / 4.405         0.109 / 4.405         0.109 / 4.405       ms
[40.217s][info][gc,stats    ]    Subphase: Pause Roots ObjectSynchronizer                0.000 / 0.001         0.000 / 0.001         0.000 / 0.001         0.000 / 0.001       ms
[40.217s][info][gc,stats    ]    Subphase: Pause Roots Setup                             0.170 / 0.504         0.141 / 0.504         0.141 / 0.504         0.141 / 0.504       ms
[40.217s][info][gc,stats    ]    Subphase: Pause Roots StringTable                       0.000 / 0.000         0.000 / 0.000         0.000 / 0.000         0.000 / 0.000       ms
[40.217s][info][gc,stats    ]    Subphase: Pause Roots SystemDictionary                  0.012 / 0.016         0.013 / 0.058         0.013 / 0.058         0.013 / 0.058       ms
[40.217s][info][gc,stats    ]    Subphase: Pause Roots Teardown                          0.002 / 0.016         0.002 / 0.016         0.002 / 0.016         0.002 / 0.016       ms
[40.217s][info][gc,stats    ]    Subphase: Pause Roots Threads                           0.200 / 0.257         0.238 / 0.974         0.238 / 0.974         0.238 / 0.974       ms
[40.217s][info][gc,stats    ]    Subphase: Pause Roots Universe                          0.003 / 0.008         0.012 / 0.365         0.012 / 0.365         0.012 / 0.365       ms
[40.217s][info][gc,stats    ]    Subphase: Pause Roots VMWeakHandles                     0.000 / 0.000         0.000 / 0.000         0.000 / 0.000         0.000 / 0.000       ms
[40.217s][info][gc,stats    ]    Subphase: Pause Weak Roots                              0.002 / 0.003         0.002 / 0.009         0.002 / 0.009         0.002 / 0.009       ms
[40.217s][info][gc,stats    ]    Subphase: Pause Weak Roots JFRWeak                      0.001 / 0.001         0.001 / 0.001         0.001 / 0.001         0.001 / 0.001       ms
[40.217s][info][gc,stats    ]    Subphase: Pause Weak Roots JNIWeakHandles               0.000 / 0.000         0.000 / 0.000         0.000 / 0.000         0.000 / 0.000       ms
[40.217s][info][gc,stats    ]    Subphase: Pause Weak Roots JVMTIWeakExport              0.001 / 0.001         0.001 / 0.007         0.001 / 0.007         0.001 / 0.007       ms
[40.217s][info][gc,stats    ]    Subphase: Pause Weak Roots Setup                        0.000 / 0.000         0.000 / 0.000         0.000 / 0.000         0.000 / 0.000       ms
[40.217s][info][gc,stats    ]    Subphase: Pause Weak Roots StringTable                  0.000 / 0.000         0.000 / 0.000         0.000 / 0.000         0.000 / 0.000       ms
[40.217s][info][gc,stats    ]    Subphase: Pause Weak Roots SymbolTable                  0.000 / 0.000         0.000 / 0.000         0.000 / 0.000         0.000 / 0.000       ms
[40.217s][info][gc,stats    ]    Subphase: Pause Weak Roots Teardown                     0.001 / 0.001         0.001 / 0.001         0.001 / 0.001         0.001 / 0.001       ms
[40.217s][info][gc,stats    ]    Subphase: Pause Weak Roots VMWeakHandles                0.000 / 0.000         0.000 / 0.000         0.000 / 0.000         0.000 / 0.000       ms
[40.217s][info][gc,stats    ]      System: Java Threads                                     48 / 50               44 / 50               44 / 50               44 / 50          threads
[40.217s][info][gc,stats    ] =========================================================================================================================================================
[40.265s][info][gc,phases   ] GC(20) Concurrent Mark 143.152ms
[40.269s][info][gc,phases   ] GC(20) Pause Mark End 0.214ms
[40.270s][info][gc,phases   ] GC(20) Concurrent Process Non-Strong References 1.387ms
[40.270s][info][gc,phases   ] GC(20) Concurrent Reset Relocation Set 0.003ms
[40.270s][info][gc,phases   ] GC(20) Concurrent Destroy Detached Pages 0.000ms
[40.276s][info][gc,phases   ] GC(20) Concurrent Select Relocation Set 5.533ms
[40.276s][info][gc,phases   ] GC(20) Concurrent Prepare Relocation Set 0.024ms
[40.278s][info][gc,phases   ] GC(20) Pause Relocate Start 1.825ms
[40.285s][info][gc,phases   ] GC(20) Concurrent Relocate 7.223ms
[40.285s][info][gc,load     ] GC(20) Load: 4.38/4.29/3.08
[40.285s][info][gc,mmu      ] GC(20) MMU: 2ms/0.0%, 5ms/0.0%, 10ms/0.0%, 20ms/34.0%, 50ms/73.6%, 100ms/86.8%
[40.285s][info][gc,marking  ] GC(20) Mark: 1 stripe(s), 2 proactive flush(es), 1 terminate flush(es), 0 completion(s), 0 continuation(s) 
[40.285s][info][gc,reloc    ] GC(20) Relocation: Successful, 7M relocated
[40.285s][info][gc,nmethod  ] GC(20) NMethods: 2128 registered, 0 unregistered
[40.285s][info][gc,metaspace] GC(20) Metaspace: 68M used, 71M capacity, 71M committed, 72M reserved
[40.285s][info][gc,ref      ] GC(20) Soft: 4501 encountered, 0 discovered, 0 enqueued
[40.285s][info][gc,ref      ] GC(20) Weak: 4140 encountered, 3127 discovered, 0 enqueued
[40.285s][info][gc,ref      ] GC(20) Final: 26 encountered, 0 discovered, 0 enqueued
[40.285s][info][gc,ref      ] GC(20) Phantom: 657 encountered, 654 discovered, 0 enqueued
[40.285s][info][gc,heap     ] GC(20)                Mark Start          Mark End        Relocate Start      Relocate End           High               Low         
[40.285s][info][gc,heap     ] GC(20)  Capacity:      946M (95%)         946M (95%)         946M (95%)         946M (95%)         946M (95%)         946M (95%)    
[40.285s][info][gc,heap     ] GC(20)   Reserve:       34M (3%)           34M (3%)           34M (3%)           34M (3%)           34M (3%)           34M (3%)     
[40.285s][info][gc,heap     ] GC(20)      Free:      306M (31%)         256M (26%)         844M (84%)         850M (85%)         850M (85%)         256M (26%)    
[40.285s][info][gc,heap     ] GC(20)      Used:      660M (66%)         710M (71%)         122M (12%)         116M (12%)         710M (71%)         116M (12%)    
[40.285s][info][gc,heap     ] GC(20)      Live:         -                33M (3%)           33M (3%)           33M (3%)             -                  -          
[40.285s][info][gc,heap     ] GC(20) Allocated:         -                50M (5%)           50M (5%)           54M (5%)             -                  -          
[40.285s][info][gc,heap     ] GC(20)   Garbage:         -               626M (63%)          38M (4%)           30M (3%)             -                  -          
[40.285s][info][gc,heap     ] GC(20) Reclaimed:         -                  -               588M (59%)         596M (60%)            -                  -          
[40.286s][info][gc          ] GC(20) Garbage Collection (Allocation Rate) 660M(66%)->116M(12%)
[41.115s][info][gc,start    ] GC(21) Garbage Collection (Allocation Rate)
[41.120s][info][gc,phases   ] GC(21) Pause Mark Start 2.223ms
[41.261s][info][gc,phases   ] GC(21) Concurrent Mark 140.631ms
[41.266s][info][gc,phases   ] GC(21) Pause Mark End 0.210ms
[41.268s][info][gc,phases   ] GC(21) Concurrent Process Non-Strong References 1.421ms
[41.268s][info][gc,phases   ] GC(21) Concurrent Reset Relocation Set 0.003ms
[41.268s][info][gc,phases   ] GC(21) Concurrent Destroy Detached Pages 0.001ms
[41.269s][info][gc,phases   ] GC(21) Concurrent Select Relocation Set 1.754ms
[41.269s][info][gc,phases   ] GC(21) Concurrent Prepare Relocation Set 0.015ms
[41.276s][info][gc,phases   ] GC(21) Pause Relocate Start 6.098ms
[41.284s][info][gc,phases   ] GC(21) Concurrent Relocate 8.683ms
[41.285s][info][gc,load     ] GC(21) Load: 4.38/4.29/3.08
[41.285s][info][gc,mmu      ] GC(21) MMU: 2ms/0.0%, 5ms/0.0%, 10ms/0.0%, 20ms/34.0%, 50ms/73.6%, 100ms/86.8%
[41.285s][info][gc,marking  ] GC(21) Mark: 1 stripe(s), 2 proactive flush(es), 1 terminate flush(es), 0 completion(s), 0 continuation(s) 
[41.285s][info][gc,reloc    ] GC(21) Relocation: Successful, 7M relocated
[41.285s][info][gc,nmethod  ] GC(21) NMethods: 2129 registered, 0 unregistered
[41.285s][info][gc,metaspace] GC(21) Metaspace: 68M used, 71M capacity, 71M committed, 72M reserved
[41.285s][info][gc,ref      ] GC(21) Soft: 4501 encountered, 0 discovered, 0 enqueued
[41.285s][info][gc,ref      ] GC(21) Weak: 4140 encountered, 3127 discovered, 0 enqueued
[41.285s][info][gc,ref      ] GC(21) Final: 26 encountered, 0 discovered, 0 enqueued
[41.285s][info][gc,ref      ] GC(21) Phantom: 657 encountered, 654 discovered, 0 enqueued
[41.285s][info][gc,heap     ] GC(21)                Mark Start          Mark End        Relocate Start      Relocate End           High               Low         
[41.285s][info][gc,heap     ] GC(21)  Capacity:      946M (95%)         946M (95%)         946M (95%)         946M (95%)         946M (95%)         946M (95%)    
[41.285s][info][gc,heap     ] GC(21)   Reserve:       34M (3%)           34M (3%)           34M (3%)           34M (3%)           34M (3%)           34M (3%)     
[41.285s][info][gc,heap     ] GC(21)      Free:      320M (32%)         272M (27%)         850M (85%)         848M (85%)         850M (85%)         272M (27%)    
[41.285s][info][gc,heap     ] GC(21)      Used:      646M (65%)         694M (69%)         116M (12%)         118M (12%)         694M (69%)         116M (12%)    
[41.285s][info][gc,heap     ] GC(21)      Live:         -                33M (3%)           33M (3%)           33M (3%)             -                  -          
[41.285s][info][gc,heap     ] GC(21) Allocated:         -                48M (5%)           48M (5%)           56M (6%)             -                  -          
[41.285s][info][gc,heap     ] GC(21)   Garbage:         -               612M (61%)          34M (3%)           30M (3%)             -                  -          
[41.285s][info][gc,heap     ] GC(21) Reclaimed:         -                  -               578M (58%)         582M (58%)            -                  -          
[41.285s][info][gc          ] GC(21) Garbage Collection (Allocation Rate) 646M(65%)->118M(12%)
[42.116s][info][gc,start    ] GC(22) Garbage Collection (Allocation Rate)
[42.119s][info][gc,phases   ] GC(22) Pause Mark Start 2.175ms
[42.456s][info][gc,phases   ] GC(22) Concurrent Mark 337.487ms
[42.460s][info][gc,phases   ] GC(22) Pause Mark End 0.367ms
[42.461s][info][gc,phases   ] GC(22) Concurrent Process Non-Strong References 1.450ms
[42.461s][info][gc,phases   ] GC(22) Concurrent Reset Relocation Set 0.002ms
[42.461s][info][gc,phases   ] GC(22) Concurrent Destroy Detached Pages 0.000ms
[42.463s][info][gc,phases   ] GC(22) Concurrent Select Relocation Set 1.530ms
[42.463s][info][gc,phases   ] GC(22) Concurrent Prepare Relocation Set 0.014ms
[42.469s][info][gc,phases   ] GC(22) Pause Relocate Start 6.101ms
[42.484s][info][gc,phases   ] GC(22) Concurrent Relocate 14.561ms
[42.484s][info][gc,load     ] GC(22) Load: 4.38/4.29/3.08
[42.484s][info][gc,mmu      ] GC(22) MMU: 2ms/0.0%, 5ms/0.0%, 10ms/0.0%, 20ms/34.0%, 50ms/73.6%, 100ms/86.8%
[42.484s][info][gc,marking  ] GC(22) Mark: 1 stripe(s), 10 proactive flush(es), 1 terminate flush(es), 1 completion(s), 0 continuation(s) 
[42.484s][info][gc,reloc    ] GC(22) Relocation: Successful, 6M relocated
[42.484s][info][gc,nmethod  ] GC(22) NMethods: 2176 registered, 0 unregistered
[42.484s][info][gc,metaspace] GC(22) Metaspace: 68M used, 71M capacity, 72M committed, 74M reserved
[42.484s][info][gc,ref      ] GC(22) Soft: 4505 encountered, 0 discovered, 0 enqueued
[42.484s][info][gc,ref      ] GC(22) Weak: 4139 encountered, 3129 discovered, 1 enqueued
[42.484s][info][gc,ref      ] GC(22) Final: 26 encountered, 0 discovered, 0 enqueued
[42.484s][info][gc,ref      ] GC(22) Phantom: 656 encountered, 653 discovered, 0 enqueued
[42.484s][info][gc,heap     ] GC(22)                Mark Start          Mark End        Relocate Start      Relocate End           High               Low         
[42.484s][info][gc,heap     ] GC(22)  Capacity:      946M (95%)         946M (95%)         946M (95%)         946M (95%)         946M (95%)         946M (95%)    
[42.484s][info][gc,heap     ] GC(22)   Reserve:       34M (3%)           34M (3%)           34M (3%)           34M (3%)           34M (3%)           34M (3%)     
[42.484s][info][gc,heap     ] GC(22)      Free:      316M (32%)         304M (30%)         874M (87%)         890M (89%)         890M (89%)         304M (30%)    
[42.484s][info][gc,heap     ] GC(22)      Used:      650M (65%)         662M (66%)          92M (9%)           76M (8%)          662M (66%)          76M (8%)     
[42.484s][info][gc,heap     ] GC(22)      Live:         -                32M (3%)           32M (3%)           32M (3%)             -                  -          
[42.484s][info][gc,heap     ] GC(22) Allocated:         -                12M (1%)           12M (1%)           14M (1%)             -                  -          
[42.484s][info][gc,heap     ] GC(22)   Garbage:         -               617M (62%)          47M (5%)           31M (3%)             -                  -          
[42.484s][info][gc,heap     ] GC(22) Reclaimed:         -                  -               570M (57%)         586M (59%)            -                  -          
[42.484s][info][gc          ] GC(22) Garbage Collection (Allocation Rate) 650M(65%)->76M(8%)
[50.216s][info][gc,stats    ] === Garbage Collection Statistics =======================================================================================================================
[50.217s][info][gc,stats    ]                                                              Last 10s              Last 10m              Last 10h                Total
[50.217s][info][gc,stats    ]                                                              Avg / Max             Avg / Max             Avg / Max             Avg / Max
[50.217s][info][gc,stats    ]   Collector: Garbage Collection Cycle                    235.371 / 367.472     552.326 / 5279.755    552.326 / 5279.755    552.326 / 5279.755    ms
[50.217s][info][gc,stats    ]  Contention: Mark Segment Reset Contention                     0 / 0                 0 / 0                 0 / 0                 0 / 0           ops/s
[50.217s][info][gc,stats    ]  Contention: Mark SeqNum Reset Contention                      0 / 0                 0 / 0                 0 / 0                 0 / 0           ops/s
[50.217s][info][gc,stats    ]  Contention: Relocation Contention                             0 / 0                 0 / 1                 0 / 1                 0 / 1           ops/s
[50.217s][info][gc,stats    ]    Critical: Allocation Stall                              0.000 / 0.000         0.000 / 0.000         0.000 / 0.000         0.000 / 0.000       ms
[50.217s][info][gc,stats    ]    Critical: Allocation Stall                                  0 / 0                 0 / 0                 0 / 0                 0 / 0           ops/s
[50.217s][info][gc,stats    ]    Critical: GC Locker Stall                               0.000 / 0.000         0.013 / 0.014         0.013 / 0.014         0.013 / 0.014       ms
[50.217s][info][gc,stats    ]    Critical: GC Locker Stall                                   0 / 0                 0 / 1                 0 / 1                 0 / 1           ops/s
[50.217s][info][gc,stats    ]      Memory: Allocation Rate                                 171 / 582             169 / 600             169 / 600             169 / 600         MB/s
[50.217s][info][gc,stats    ]      Memory: Heap Used After Mark                            688 / 710             521 / 912             521 / 912             521 / 912         MB
[50.217s][info][gc,stats    ]      Memory: Heap Used After Relocation                      103 / 118             184 / 908             184 / 908             184 / 908         MB
[50.217s][info][gc,stats    ]      Memory: Heap Used Before Mark                           648 / 650             460 / 908             460 / 908             460 / 908         MB
[50.217s][info][gc,stats    ]      Memory: Heap Used Before Relocation                     110 / 122             203 / 908             203 / 908             203 / 908         MB
[50.217s][info][gc,stats    ]      Memory: Out Of Memory                                     0 / 0                 0 / 0                 0 / 0                 0 / 0           ops/s
[50.217s][info][gc,stats    ]      Memory: Page Cache Flush                                  0 / 0                 0 / 0                 0 / 0                 0 / 0           MB/s
[50.217s][info][gc,stats    ]      Memory: Page Cache Hit L1                                82 / 292              75 / 301              75 / 301              75 / 301         ops/s
[50.217s][info][gc,stats    ]      Memory: Page Cache Hit L2                                 0 / 0                 0 / 0                 0 / 0                 0 / 0           ops/s
[50.217s][info][gc,stats    ]      Memory: Page Cache Miss                                   0 / 1                 8 / 114               8 / 114               8 / 114         ops/s
[50.217s][info][gc,stats    ]      Memory: Undo Object Allocation Failed                     0 / 0                 0 / 0                 0 / 0                 0 / 0           ops/s
[50.217s][info][gc,stats    ]      Memory: Undo Object Allocation Succeeded                  0 / 0                 0 / 1                 0 / 1                 0 / 1           ops/s
[50.217s][info][gc,stats    ]      Memory: Undo Page Allocation                              0 / 0                 0 / 0                 0 / 0                 0 / 0           ops/s
[50.217s][info][gc,stats    ]       Phase: Concurrent Destroy Detached Pages             0.000 / 0.001         0.001 / 0.001         0.001 / 0.001         0.001 / 0.001       ms
[50.217s][info][gc,stats    ]       Phase: Concurrent Mark                             207.090 / 337.487     515.520 / 5208.825    515.520 / 5208.825    515.520 / 5208.825    ms
[50.217s][info][gc,stats    ]       Phase: Concurrent Mark Continue                      0.000 / 0.000         0.000 / 0.000         0.000 / 0.000         0.000 / 0.000       ms
[50.217s][info][gc,stats    ]       Phase: Concurrent Prepare Relocation Set             0.017 / 0.024         0.065 / 0.386         0.065 / 0.386         0.065 / 0.386       ms
[50.217s][info][gc,stats    ]       Phase: Concurrent Process Non-Strong References      1.420 / 1.450         1.969 / 6.909         1.969 / 6.909         1.969 / 6.909       ms
[50.217s][info][gc,stats    ]       Phase: Concurrent Relocate                          10.155 / 14.561       13.556 / 47.669       13.556 / 47.669       13.556 / 47.669      ms
[50.217s][info][gc,stats    ]       Phase: Concurrent Reset Relocation Set               0.003 / 0.003         0.006 / 0.082         0.006 / 0.082         0.006 / 0.082       ms
[50.217s][info][gc,stats    ]       Phase: Concurrent Select Relocation Set              2.939 / 5.533         2.256 / 5.717         2.256 / 5.717         2.256 / 5.717       ms
[50.217s][info][gc,stats    ]       Phase: Pause Mark End                                0.264 / 0.367         0.238 / 0.635         0.238 / 0.635         0.238 / 0.635       ms
[50.217s][info][gc,stats    ]       Phase: Pause Mark Start                              2.199 / 2.223         2.344 / 6.071         2.344 / 6.071         2.344 / 6.071       ms
[50.217s][info][gc,stats    ]       Phase: Pause Relocate Start                          4.675 / 6.101         4.351 / 12.570        4.351 / 12.570        4.351 / 12.570      ms
[50.217s][info][gc,stats    ]    Subphase: Concurrent Mark                             207.070 / 337.471     514.475 / 5208.804    514.475 / 5208.804    514.475 / 5208.804    ms
[50.217s][info][gc,stats    ]    Subphase: Concurrent Mark Idle                          0.000 / 0.000         0.000 / 0.000         0.000 / 0.000         0.000 / 0.000       ms
[50.217s][info][gc,stats    ]    Subphase: Concurrent Mark Try Flush                     6.603 / 18.131        4.458 / 18.131        4.458 / 18.131        4.458 / 18.131      ms
[50.217s][info][gc,stats    ]    Subphase: Concurrent Mark Try Terminate                 0.456 / 0.923         1.169 / 11.682        1.169 / 11.682        1.169 / 11.682      ms
[50.217s][info][gc,stats    ]    Subphase: Concurrent References Enqueue                 0.001 / 0.002         0.001 / 0.007         0.001 / 0.007         0.001 / 0.007       ms
[50.217s][info][gc,stats    ]    Subphase: Concurrent References Process                 0.660 / 0.690         1.038 / 6.169         1.038 / 6.169         1.038 / 6.169       ms
[50.217s][info][gc,stats    ]    Subphase: Concurrent Weak Roots                         0.751 / 0.761         0.912 / 4.123         0.912 / 4.123         0.912 / 4.123       ms
[50.217s][info][gc,stats    ]    Subphase: Concurrent Weak Roots JNIWeakHandles          0.000 / 0.000         0.000 / 0.000         0.000 / 0.000         0.000 / 0.000       ms
[50.217s][info][gc,stats    ]    Subphase: Concurrent Weak Roots StringTable             0.552 / 0.562         0.731 / 3.915         0.731 / 3.915         0.731 / 3.915       ms
[50.217s][info][gc,stats    ]    Subphase: Concurrent Weak Roots VMWeakHandles           0.198 / 0.199         0.180 / 0.290         0.180 / 0.290         0.180 / 0.290       ms
[50.217s][info][gc,stats    ]    Subphase: Pause Mark Try Complete                       0.002 / 0.002         0.002 / 0.002         0.002 / 0.002         0.002 / 0.002       ms
[50.217s][info][gc,stats    ]    Subphase: Pause Remap TLABS                             0.001 / 0.001         0.001 / 0.007         0.001 / 0.007         0.001 / 0.007       ms
[50.217s][info][gc,stats    ]    Subphase: Pause Retire TLABS                            0.011 / 0.012         0.015 / 0.032         0.015 / 0.032         0.015 / 0.032       ms
[50.217s][info][gc,stats    ]    Subphase: Pause Roots                                   1.667 / 5.828         1.597 / 12.371        1.597 / 12.371        1.597 / 12.371      ms
[50.217s][info][gc,stats    ]    Subphase: Pause Roots ClassLoaderDataGraph              0.558 / 0.681         0.842 / 11.302        0.842 / 11.302        0.842 / 11.302      ms
[50.217s][info][gc,stats    ]    Subphase: Pause Roots CodeCache                         1.730 / 5.114         1.072 / 5.114         1.072 / 5.114         1.072 / 5.114       ms
[50.217s][info][gc,stats    ]    Subphase: Pause Roots JNIHandles                        0.001 / 0.001         0.001 / 0.004         0.001 / 0.004         0.001 / 0.004       ms
[50.217s][info][gc,stats    ]    Subphase: Pause Roots JNIWeakHandles                    0.000 / 0.000         0.000 / 0.000         0.000 / 0.000         0.000 / 0.000       ms
[50.217s][info][gc,stats    ]    Subphase: Pause Roots JRFWeak                           0.000 / 0.000         0.000 / 0.000         0.000 / 0.000         0.000 / 0.000       ms
[50.217s][info][gc,stats    ]    Subphase: Pause Roots JVMTIExport                       0.001 / 0.001         0.001 / 0.001         0.001 / 0.001         0.001 / 0.001       ms
[50.217s][info][gc,stats    ]    Subphase: Pause Roots JVMTIWeakExport                   0.001 / 0.001         0.001 / 0.001         0.001 / 0.001         0.001 / 0.001       ms
[50.217s][info][gc,stats    ]    Subphase: Pause Roots Management                        0.001 / 0.002         0.097 / 4.405         0.097 / 4.405         0.097 / 4.405       ms
[50.217s][info][gc,stats    ]    Subphase: Pause Roots ObjectSynchronizer                0.000 / 0.000         0.000 / 0.001         0.000 / 0.001         0.000 / 0.001       ms
[50.217s][info][gc,stats    ]    Subphase: Pause Roots Setup                             0.161 / 0.276         0.144 / 0.504         0.144 / 0.504         0.144 / 0.504       ms
[50.217s][info][gc,stats    ]    Subphase: Pause Roots StringTable                       0.000 / 0.000         0.000 / 0.000         0.000 / 0.000         0.000 / 0.000       ms
[50.217s][info][gc,stats    ]    Subphase: Pause Roots SystemDictionary                  0.013 / 0.017         0.013 / 0.058         0.013 / 0.058         0.013 / 0.058       ms
[50.217s][info][gc,stats    ]    Subphase: Pause Roots Teardown                          0.001 / 0.004         0.002 / 0.016         0.002 / 0.016         0.002 / 0.016       ms
[50.217s][info][gc,stats    ]    Subphase: Pause Roots Threads                           0.223 / 0.330         0.236 / 0.974         0.236 / 0.974         0.236 / 0.974       ms
[50.217s][info][gc,stats    ]    Subphase: Pause Roots Universe                          0.002 / 0.004         0.011 / 0.365         0.011 / 0.365         0.011 / 0.365       ms
[50.217s][info][gc,stats    ]    Subphase: Pause Roots VMWeakHandles                     0.000 / 0.000         0.000 / 0.000         0.000 / 0.000         0.000 / 0.000       ms
[50.217s][info][gc,stats    ]    Subphase: Pause Weak Roots                              0.002 / 0.002         0.002 / 0.009         0.002 / 0.009         0.002 / 0.009       ms
[50.217s][info][gc,stats    ]    Subphase: Pause Weak Roots JFRWeak                      0.001 / 0.001         0.001 / 0.001         0.001 / 0.001         0.001 / 0.001       ms
[50.217s][info][gc,stats    ]    Subphase: Pause Weak Roots JNIWeakHandles               0.000 / 0.000         0.000 / 0.000         0.000 / 0.000         0.000 / 0.000       ms
[50.217s][info][gc,stats    ]    Subphase: Pause Weak Roots JVMTIWeakExport              0.001 / 0.001         0.001 / 0.007         0.001 / 0.007         0.001 / 0.007       ms
[50.217s][info][gc,stats    ]    Subphase: Pause Weak Roots Setup                        0.000 / 0.000         0.000 / 0.000         0.000 / 0.000         0.000 / 0.000       ms
[50.217s][info][gc,stats    ]    Subphase: Pause Weak Roots StringTable                  0.000 / 0.000         0.000 / 0.000         0.000 / 0.000         0.000 / 0.000       ms
[50.217s][info][gc,stats    ]    Subphase: Pause Weak Roots SymbolTable                  0.000 / 0.000         0.000 / 0.000         0.000 / 0.000         0.000 / 0.000       ms
[50.217s][info][gc,stats    ]    Subphase: Pause Weak Roots Teardown                     0.001 / 0.001         0.001 / 0.001         0.001 / 0.001         0.001 / 0.001       ms
[50.217s][info][gc,stats    ]    Subphase: Pause Weak Roots VMWeakHandles                0.000 / 0.000         0.000 / 0.000         0.000 / 0.000         0.000 / 0.000       ms
[50.217s][info][gc,stats    ]      System: Java Threads                                     50 / 51               44 / 51               44 / 51               44 / 51          threads
[50.217s][info][gc,stats    ] =========================================================================================================================================================
[51.516s][info][gc,start    ] GC(23) Garbage Collection (Allocation Rate)
[51.522s][info][gc,phases   ] GC(23) Pause Mark Start 2.492ms
[52.806s][info][gc,phases   ] GC(23) Concurrent Mark 1283.139ms
[52.814s][info][gc,phases   ] GC(23) Pause Mark End 0.215ms
[52.815s][info][gc,phases   ] GC(23) Concurrent Process Non-Strong References 1.709ms
[52.826s][info][gc,phases   ] GC(23) Concurrent Reset Relocation Set 0.007ms
[52.826s][info][gc,phases   ] GC(23) Concurrent Destroy Detached Pages 0.001ms
[52.828s][info][gc,phases   ] GC(23) Concurrent Select Relocation Set 1.582ms
[52.895s][info][gc,phases   ] GC(23) Concurrent Prepare Relocation Set 67.644ms
[52.906s][info][gc,phases   ] GC(23) Pause Relocate Start 2.691ms
[53.776s][info][gc,phases   ] GC(23) Concurrent Relocate 851.942ms
[53.776s][info][gc,load     ] GC(23) Load: 4.17/4.25/3.08
[53.776s][info][gc,mmu      ] GC(23) MMU: 2ms/0.0%, 5ms/0.0%, 10ms/0.0%, 20ms/34.0%, 50ms/73.6%, 100ms/86.8%
[53.776s][info][gc,marking  ] GC(23) Mark: 1 stripe(s), 2 proactive flush(es), 1 terminate flush(es), 0 completion(s), 0 continuation(s) 
[53.776s][info][gc,reloc    ] GC(23) Relocation: Successful, 109M relocated
[53.776s][info][gc,nmethod  ] GC(23) NMethods: 2822 registered, 0 unregistered
[53.776s][info][gc,metaspace] GC(23) Metaspace: 70M used, 73M capacity, 73M committed, 74M reserved
[53.776s][info][gc,ref      ] GC(23) Soft: 4643 encountered, 0 discovered, 0 enqueued
[53.776s][info][gc,ref      ] GC(23) Weak: 4507 encountered, 3493 discovered, 151 enqueued
[53.776s][info][gc,ref      ] GC(23) Final: 26 encountered, 0 discovered, 0 enqueued
[53.776s][info][gc,ref      ] GC(23) Phantom: 799 encountered, 796 discovered, 145 enqueued
[53.776s][info][gc,heap     ] GC(23)                Mark Start          Mark End        Relocate Start      Relocate End           High               Low         
[53.776s][info][gc,heap     ] GC(23)  Capacity:      984M (98%)         994M (99%)        1000M (100%)       1000M (100%)       1000M (100%)        984M (98%)    
[53.776s][info][gc,heap     ] GC(23)   Reserve:       34M (3%)           34M (3%)           34M (3%)           34M (3%)           34M (3%)           28M (3%)     
[53.776s][info][gc,heap     ] GC(23)      Free:      172M (17%)           6M (1%)           28M (3%)          522M (52%)         522M (52%)           0M (0%)     
[53.776s][info][gc,heap     ] GC(23)      Used:      794M (79%)         960M (96%)         938M (94%)         444M (44%)         972M (97%)         444M (44%)    
[53.776s][info][gc,heap     ] GC(23)      Live:         -               151M (15%)         151M (15%)         151M (15%)            -                  -          
[53.776s][info][gc,heap     ] GC(23) Allocated:         -               166M (17%)         172M (17%)         376M (38%)            -                  -          
[53.776s][info][gc,heap     ] GC(23)   Garbage:         -               642M (64%)         614M (61%)         110M (11%)            -                  -          
[53.776s][info][gc,heap     ] GC(23) Reclaimed:         -                  -                28M (3%)          532M (53%)            -                  -          
[53.776s][info][gc          ] GC(23) Garbage Collection (Allocation Rate) 794M(79%)->444M(44%)
[53.816s][info][gc,start    ] GC(24) Garbage Collection (Allocation Rate)
[53.825s][info][gc,phases   ] GC(24) Pause Mark Start 2.571ms
[55.036s][info][gc,heap     ] Page Cache Flushed: 18M requested, 22M(422M->400M) flushed
[56.121s][info][gc,phases   ] GC(24) Concurrent Mark 2296.439ms
[56.124s][info][gc,phases   ] GC(24) Pause Mark End 0.228ms
[56.126s][info][gc,phases   ] GC(24) Concurrent Process Non-Strong References 1.864ms
[56.128s][info][gc,phases   ] GC(24) Concurrent Reset Relocation Set 1.351ms
[56.134s][info][gc,phases   ] GC(24) Concurrent Destroy Detached Pages 0.006ms
[56.135s][info][gc,phases   ] GC(24) Concurrent Select Relocation Set 1.537ms
[56.153s][info][gc,phases   ] GC(24) Concurrent Prepare Relocation Set 17.637ms
[56.158s][info][gc,phases   ] GC(24) Pause Relocate Start 2.104ms
[56.422s][info][gc,phases   ] GC(24) Concurrent Relocate 263.315ms
[56.427s][info][gc,load     ] GC(24) Load: 4.16/4.25/3.08
[56.427s][info][gc,mmu      ] GC(24) MMU: 2ms/0.0%, 5ms/0.0%, 10ms/0.0%, 20ms/34.0%, 50ms/73.6%, 100ms/86.8%
[56.427s][info][gc,marking  ] GC(24) Mark: 1 stripe(s), 2 proactive flush(es), 1 terminate flush(es), 0 completion(s), 0 continuation(s) 
[56.427s][info][gc,reloc    ] GC(24) Relocation: Successful, 41M relocated
[56.427s][info][gc,nmethod  ] GC(24) NMethods: 2823 registered, 0 unregistered
[56.427s][info][gc,metaspace] GC(24) Metaspace: 70M used, 73M capacity, 73M committed, 74M reserved
[56.427s][info][gc,ref      ] GC(24) Soft: 4653 encountered, 0 discovered, 0 enqueued
[56.427s][info][gc,ref      ] GC(24) Weak: 4452 encountered, 3437 discovered, 29 enqueued
[56.427s][info][gc,ref      ] GC(24) Final: 26 encountered, 0 discovered, 0 enqueued
[56.427s][info][gc,ref      ] GC(24) Phantom: 683 encountered, 680 discovered, 29 enqueued
[56.427s][info][gc,heap     ] GC(24)                Mark Start          Mark End        Relocate Start      Relocate End           High               Low         
[56.427s][info][gc,heap     ] GC(24)  Capacity:     1000M (100%)       1000M (100%)       1000M (100%)       1000M (100%)       1000M (100%)       1000M (100%)   
[56.427s][info][gc,heap     ] GC(24)   Reserve:       34M (3%)           34M (3%)           34M (3%)           34M (3%)           34M (3%)           34M (3%)     
[56.427s][info][gc,heap     ] GC(24)      Free:      512M (51%)         270M (27%)         272M (27%)         496M (50%)         512M (51%)         270M (27%)    
[56.427s][info][gc,heap     ] GC(24)      Used:      454M (45%)         696M (70%)         694M (69%)         470M (47%)         696M (70%)         454M (45%)    
[56.427s][info][gc,heap     ] GC(24)      Live:         -               167M (17%)         167M (17%)         167M (17%)            -                  -          
[56.427s][info][gc,heap     ] GC(24) Allocated:         -               242M (24%)         246M (25%)         284M (28%)            -                  -          
[56.427s][info][gc,heap     ] GC(24)   Garbage:         -               286M (29%)         280M (28%)          56M (6%)             -                  -          
[56.427s][info][gc,heap     ] GC(24) Reclaimed:         -                  -                 6M (1%)          230M (23%)            -                  -          
[56.427s][info][gc          ] GC(24) Garbage Collection (Allocation Rate) 454M(45%)->470M(47%)
[56.512s][info][gc,start    ] GC(25) Garbage Collection (Allocation Rate)
[56.517s][info][gc,phases   ] GC(25) Pause Mark Start 2.635ms
[59.360s][info][gc,phases   ] GC(25) Concurrent Mark 2842.834ms
[59.376s][info][gc,phases   ] GC(25) Pause Mark End 0.280ms
[59.389s][info][gc,phases   ] GC(25) Concurrent Process Non-Strong References 12.620ms
[59.390s][info][gc,phases   ] GC(25) Concurrent Reset Relocation Set 0.463ms
[59.390s][info][gc,phases   ] GC(25) Concurrent Destroy Detached Pages 0.001ms
[59.392s][info][gc,phases   ] GC(25) Concurrent Select Relocation Set 1.815ms
[59.422s][info][gc,phases   ] GC(25) Concurrent Prepare Relocation Set 30.122ms
[59.438s][info][gc,phases   ] GC(25) Pause Relocate Start 2.158ms
[59.904s][info][gc,phases   ] GC(25) Concurrent Relocate 466.407ms
[59.904s][info][gc,load     ] GC(25) Load: 4.16/4.25/3.08
[59.904s][info][gc,mmu      ] GC(25) MMU: 2ms/0.0%, 5ms/0.0%, 10ms/0.0%, 20ms/34.0%, 50ms/73.6%, 100ms/86.8%
[59.904s][info][gc,marking  ] GC(25) Mark: 1 stripe(s), 2 proactive flush(es), 1 terminate flush(es), 0 completion(s), 0 continuation(s) 
[59.904s][info][gc,reloc    ] GC(25) Relocation: Successful, 37M relocated
[59.904s][info][gc,nmethod  ] GC(25) NMethods: 2871 registered, 0 unregistered
[59.904s][info][gc,metaspace] GC(25) Metaspace: 70M used, 73M capacity, 74M committed, 76M reserved
[59.904s][info][gc,ref      ] GC(25) Soft: 4655 encountered, 0 discovered, 0 enqueued
[59.904s][info][gc,ref      ] GC(25) Weak: 4427 encountered, 3412 discovered, 1 enqueued
[59.904s][info][gc,ref      ] GC(25) Final: 26 encountered, 0 discovered, 0 enqueued
[59.904s][info][gc,ref      ] GC(25) Phantom: 657 encountered, 654 discovered, 3 enqueued
[59.904s][info][gc,heap     ] GC(25)                Mark Start          Mark End        Relocate Start      Relocate End           High               Low         
[59.904s][info][gc,heap     ] GC(25)  Capacity:     1000M (100%)       1000M (100%)       1000M (100%)       1000M (100%)       1000M (100%)       1000M (100%)   
[59.904s][info][gc,heap     ] GC(25)   Reserve:       34M (3%)           34M (3%)           34M (3%)           34M (3%)           34M (3%)           34M (3%)     
[59.904s][info][gc,heap     ] GC(25)      Free:      496M (50%)         462M (46%)         512M (51%)         756M (76%)         756M (76%)         462M (46%)    
[59.904s][info][gc,heap     ] GC(25)      Used:      470M (47%)         504M (50%)         454M (45%)         210M (21%)         504M (50%)         210M (21%)    
[59.904s][info][gc,heap     ] GC(25)      Live:         -               134M (13%)         134M (13%)         134M (13%)            -                  -          
[59.904s][info][gc,heap     ] GC(25) Allocated:         -                34M (3%)           34M (3%)           56M (6%)             -                  -          
[59.904s][info][gc,heap     ] GC(25)   Garbage:         -               335M (34%)         285M (29%)          41M (4%)             -                  -          
[59.904s][info][gc,heap     ] GC(25) Reclaimed:         -                  -                50M (5%)          294M (29%)            -                  -          
[59.904s][info][gc          ] GC(25) Garbage Collection (Allocation Rate) 470M(47%)->210M(21%)
[60.216s][info][gc,stats    ] === Garbage Collection Statistics =======================================================================================================================
[60.216s][info][gc,stats    ]                                                              Last 10s              Last 10m              Last 10h                Total
[60.220s][info][gc,stats    ]                                                              Avg / Max             Avg / Max             Avg / Max             Avg / Max
[60.220s][info][gc,stats    ]   Collector: Garbage Collection Cycle                   2754.476 / 3392.545    806.420 / 5279.755    806.420 / 5279.755    806.420 / 5279.755    ms
[60.220s][info][gc,stats    ]  Contention: Mark Segment Reset Contention                     0 / 0                 0 / 0                 0 / 0                 0 / 0           ops/s
[60.220s][info][gc,stats    ]  Contention: Mark SeqNum Reset Contention                      0 / 0                 0 / 0                 0 / 0                 0 / 0           ops/s
[60.220s][info][gc,stats    ]  Contention: Relocation Contention                             0 / 0                 0 / 1                 0 / 1                 0 / 1           ops/s
[60.220s][info][gc,stats    ]    Critical: Allocation Stall                              0.000 / 0.000         0.000 / 0.000         0.000 / 0.000         0.000 / 0.000       ms
[60.220s][info][gc,stats    ]    Critical: Allocation Stall                                  0 / 0                 0 / 0                 0 / 0                 0 / 0           ops/s
[60.220s][info][gc,stats    ]    Critical: GC Locker Stall                               0.000 / 0.000         0.013 / 0.014         0.013 / 0.014         0.013 / 0.014       ms
[60.220s][info][gc,stats    ]    Critical: GC Locker Stall                                   0 / 0                 0 / 1                 0 / 1                 0 / 1           ops/s
[60.220s][info][gc,stats    ]      Memory: Allocation Rate                                  75 / 156             153 / 600             153 / 600             153 / 600         MB/s
[60.220s][info][gc,stats    ]      Memory: Heap Used After Mark                            720 / 960             544 / 960             544 / 960             544 / 960         MB
[60.220s][info][gc,stats    ]      Memory: Heap Used After Relocation                      374 / 470             206 / 908             206 / 908             206 / 908         MB
[60.220s][info][gc,stats    ]      Memory: Heap Used Before Mark                           572 / 794             473 / 908             473 / 908             473 / 908         MB
[60.220s][info][gc,stats    ]      Memory: Heap Used Before Relocation                     695 / 938             259 / 938             259 / 938             259 / 938         MB
[60.220s][info][gc,stats    ]      Memory: Out Of Memory                                     0 / 0                 0 / 0                 0 / 0                 0 / 0           ops/s
[60.220s][info][gc,stats    ]      Memory: Page Cache Flush                                  2 / 22                0 / 22                0 / 22                0 / 22          MB/s
[60.220s][info][gc,stats    ]      Memory: Page Cache Hit L1                                38 / 84               69 / 301              69 / 301              69 / 301         ops/s
[60.220s][info][gc,stats    ]      Memory: Page Cache Hit L2                                 0 / 0                 0 / 0                 0 / 0                 0 / 0           ops/s
[60.220s][info][gc,stats    ]      Memory: Page Cache Miss                                   0 / 5                 7 / 114               7 / 114               7 / 114         ops/s
[60.220s][info][gc,stats    ]      Memory: Undo Object Allocation Failed                     0 / 0                 0 / 0                 0 / 0                 0 / 0           ops/s
[60.220s][info][gc,stats    ]      Memory: Undo Object Allocation Succeeded                  0 / 0                 0 / 1                 0 / 1                 0 / 1           ops/s
[60.220s][info][gc,stats    ]      Memory: Undo Page Allocation                              0 / 0                 0 / 0                 0 / 0                 0 / 0           ops/s
[60.220s][info][gc,stats    ]       Phase: Concurrent Destroy Detached Pages             0.003 / 0.006         0.001 / 0.006         0.001 / 0.006         0.001 / 0.006       ms
[60.220s][info][gc,stats    ]       Phase: Concurrent Mark                            2140.804 / 2842.834    703.053 / 5208.825    703.053 / 5208.825    703.053 / 5208.825    ms
[60.220s][info][gc,stats    ]       Phase: Concurrent Mark Continue                      0.000 / 0.000         0.000 / 0.000         0.000 / 0.000         0.000 / 0.000       ms
[60.220s][info][gc,stats    ]       Phase: Concurrent Prepare Relocation Set            38.468 / 67.644        4.496 / 67.644        4.496 / 67.644        4.496 / 67.644      ms
[60.220s][info][gc,stats    ]       Phase: Concurrent Process Non-Strong References      5.398 / 12.620        2.364 / 12.620        2.364 / 12.620        2.364 / 12.620      ms
[60.220s][info][gc,stats    ]       Phase: Concurrent Relocate                         527.222 / 851.942      72.825 / 851.942      72.825 / 851.942      72.825 / 851.942     ms
[60.220s][info][gc,stats    ]       Phase: Concurrent Reset Relocation Set               0.607 / 1.351         0.076 / 1.351         0.076 / 1.351         0.076 / 1.351       ms
[60.220s][info][gc,stats    ]       Phase: Concurrent Select Relocation Set              1.645 / 1.815         2.186 / 5.717         2.186 / 5.717         2.186 / 5.717       ms
[60.220s][info][gc,stats    ]       Phase: Pause Mark End                                0.241 / 0.280         0.239 / 0.635         0.239 / 0.635         0.239 / 0.635       ms
[60.220s][info][gc,stats    ]       Phase: Pause Mark Start                              2.566 / 2.635         2.370 / 6.071         2.370 / 6.071         2.370 / 6.071       ms
[60.220s][info][gc,stats    ]       Phase: Pause Relocate Start                          2.318 / 2.691         4.116 / 12.570        4.116 / 12.570        4.116 / 12.570      ms
[60.220s][info][gc,stats    ]    Subphase: Concurrent Mark                            2140.777 / 2842.807    702.125 / 5208.804    702.125 / 5208.804    702.125 / 5208.804    ms
[60.220s][info][gc,stats    ]    Subphase: Concurrent Mark Idle                          0.000 / 0.000         0.000 / 0.000         0.000 / 0.000         0.000 / 0.000       ms
[60.220s][info][gc,stats    ]    Subphase: Concurrent Mark Try Flush                     5.446 / 25.008        4.554 / 25.008        4.554 / 25.008        4.554 / 25.008      ms
[60.220s][info][gc,stats    ]    Subphase: Concurrent Mark Try Terminate                 0.966 / 3.905         1.146 / 11.682        1.146 / 11.682        1.146 / 11.682      ms
[60.220s][info][gc,stats    ]    Subphase: Concurrent References Enqueue                 0.003 / 0.003         0.002 / 0.007         0.002 / 0.007         0.002 / 0.007       ms
[60.220s][info][gc,stats    ]    Subphase: Concurrent References Process                 4.518 / 11.837        1.439 / 11.837        1.439 / 11.837        1.439 / 11.837      ms
[60.220s][info][gc,stats    ]    Subphase: Concurrent Weak Roots                         0.865 / 1.031         0.907 / 4.123         0.907 / 4.123         0.907 / 4.123       ms
[60.220s][info][gc,stats    ]    Subphase: Concurrent Weak Roots JNIWeakHandles          0.000 / 0.001         0.000 / 0.001         0.000 / 0.001         0.000 / 0.001       ms
[60.220s][info][gc,stats    ]    Subphase: Concurrent Weak Roots StringTable             0.610 / 0.708         0.717 / 3.915         0.717 / 3.915         0.717 / 3.915       ms
[60.220s][info][gc,stats    ]    Subphase: Concurrent Weak Roots VMWeakHandles           0.254 / 0.321         0.189 / 0.321         0.189 / 0.321         0.189 / 0.321       ms
[60.220s][info][gc,stats    ]    Subphase: Pause Mark Try Complete                       0.000 / 0.000         0.002 / 0.002         0.002 / 0.002         0.002 / 0.002       ms
[60.220s][info][gc,stats    ]    Subphase: Pause Remap TLABS                             0.001 / 0.002         0.001 / 0.007         0.001 / 0.007         0.001 / 0.007       ms
[60.220s][info][gc,stats    ]    Subphase: Pause Retire TLABS                            0.015 / 0.018         0.015 / 0.032         0.015 / 0.032         0.015 / 0.032       ms
[60.220s][info][gc,stats    ]    Subphase: Pause Roots                                   1.485 / 2.374         1.584 / 12.371        1.584 / 12.371        1.584 / 12.371      ms
[60.220s][info][gc,stats    ]    Subphase: Pause Roots ClassLoaderDataGraph              0.676 / 0.782         0.823 / 11.302        0.823 / 11.302        0.823 / 11.302      ms
[60.220s][info][gc,stats    ]    Subphase: Pause Roots CodeCache                         1.132 / 1.253         1.079 / 5.114         1.079 / 5.114         1.079 / 5.114       ms
[60.220s][info][gc,stats    ]    Subphase: Pause Roots JNIHandles                        0.001 / 0.001         0.001 / 0.004         0.001 / 0.004         0.001 / 0.004       ms
[60.221s][info][gc,stats    ]    Subphase: Pause Roots JNIWeakHandles                    0.000 / 0.000         0.000 / 0.000         0.000 / 0.000         0.000 / 0.000       ms
[60.221s][info][gc,stats    ]    Subphase: Pause Roots JRFWeak                           0.000 / 0.000         0.000 / 0.000         0.000 / 0.000         0.000 / 0.000       ms
[60.221s][info][gc,stats    ]    Subphase: Pause Roots JVMTIExport                       0.001 / 0.001         0.001 / 0.001         0.001 / 0.001         0.001 / 0.001       ms
[60.221s][info][gc,stats    ]    Subphase: Pause Roots JVMTIWeakExport                   0.001 / 0.001         0.001 / 0.001         0.001 / 0.001         0.001 / 0.001       ms
[60.221s][info][gc,stats    ]    Subphase: Pause Roots Management                        0.001 / 0.001         0.086 / 4.405         0.086 / 4.405         0.086 / 4.405       ms
[60.221s][info][gc,stats    ]    Subphase: Pause Roots ObjectSynchronizer                0.000 / 0.000         0.000 / 0.001         0.000 / 0.001         0.000 / 0.001       ms
[60.221s][info][gc,stats    ]    Subphase: Pause Roots Setup                             0.184 / 0.286         0.148 / 0.504         0.148 / 0.504         0.148 / 0.504       ms
[60.221s][info][gc,stats    ]    Subphase: Pause Roots StringTable                       0.000 / 0.000         0.000 / 0.000         0.000 / 0.000         0.000 / 0.000       ms
[60.221s][info][gc,stats    ]    Subphase: Pause Roots SystemDictionary                  0.022 / 0.072         0.014 / 0.072         0.014 / 0.072         0.014 / 0.072       ms
[60.221s][info][gc,stats    ]    Subphase: Pause Roots Teardown                          0.001 / 0.002         0.002 / 0.016         0.002 / 0.016         0.002 / 0.016       ms
[60.221s][info][gc,stats    ]    Subphase: Pause Roots Threads                           0.259 / 0.405         0.239 / 0.974         0.239 / 0.974         0.239 / 0.974       ms
[60.221s][info][gc,stats    ]    Subphase: Pause Roots Universe                          0.002 / 0.003         0.010 / 0.365         0.010 / 0.365         0.010 / 0.365       ms
[60.221s][info][gc,stats    ]    Subphase: Pause Roots VMWeakHandles                     0.000 / 0.000         0.000 / 0.000         0.000 / 0.000         0.000 / 0.000       ms
[60.221s][info][gc,stats    ]    Subphase: Pause Weak Roots                              0.002 / 0.002         0.002 / 0.009         0.002 / 0.009         0.002 / 0.009       ms
[60.221s][info][gc,stats    ]    Subphase: Pause Weak Roots JFRWeak                      0.001 / 0.001         0.001 / 0.001         0.001 / 0.001         0.001 / 0.001       ms
[60.221s][info][gc,stats    ]    Subphase: Pause Weak Roots JNIWeakHandles               0.000 / 0.000         0.000 / 0.000         0.000 / 0.000         0.000 / 0.000       ms
[60.221s][info][gc,stats    ]    Subphase: Pause Weak Roots JVMTIWeakExport              0.001 / 0.001         0.001 / 0.007         0.001 / 0.007         0.001 / 0.007       ms
[60.221s][info][gc,stats    ]    Subphase: Pause Weak Roots Setup                        0.000 / 0.000         0.000 / 0.000         0.000 / 0.000         0.000 / 0.000       ms
[60.221s][info][gc,stats    ]    Subphase: Pause Weak Roots StringTable                  0.000 / 0.000         0.000 / 0.000         0.000 / 0.000         0.000 / 0.000       ms
[60.221s][info][gc,stats    ]    Subphase: Pause Weak Roots SymbolTable                  0.000 / 0.000         0.000 / 0.000         0.000 / 0.000         0.000 / 0.000       ms
[60.221s][info][gc,stats    ]    Subphase: Pause Weak Roots Teardown                     0.001 / 0.001         0.001 / 0.001         0.001 / 0.001         0.001 / 0.001       ms
[60.221s][info][gc,stats    ]    Subphase: Pause Weak Roots VMWeakHandles                0.000 / 0.000         0.000 / 0.000         0.000 / 0.000         0.000 / 0.000       ms
[60.221s][info][gc,stats    ]      System: Java Threads                                     54 / 56               46 / 56               46 / 56               46 / 56          threads
[60.221s][info][gc,stats    ] =========================================================================================================================================================
[63.916s][info][gc,start    ] GC(26) Garbage Collection (Allocation Rate)
[63.922s][info][gc,phases   ] GC(26) Pause Mark Start 2.861ms
[64.640s][info][gc,phases   ] GC(26) Concurrent Mark 718.073ms
[64.643s][info][gc,phases   ] GC(26) Pause Mark End 0.258ms
[64.645s][info][gc,phases   ] GC(26) Concurrent Process Non-Strong References 1.732ms
[64.645s][info][gc,phases   ] GC(26) Concurrent Reset Relocation Set 0.366ms
[64.645s][info][gc,phases   ] GC(26) Concurrent Destroy Detached Pages 0.000ms
[64.647s][info][gc,phases   ] GC(26) Concurrent Select Relocation Set 1.549ms
[64.653s][info][gc,phases   ] GC(26) Concurrent Prepare Relocation Set 6.431ms
[64.660s][info][gc,phases   ] GC(26) Pause Relocate Start 6.712ms
[64.872s][info][gc,phases   ] GC(26) Concurrent Relocate 204.214ms
[64.873s][info][gc,load     ] GC(26) Load: 4.14/4.24/3.09
[64.873s][info][gc,mmu      ] GC(26) MMU: 2ms/0.0%, 5ms/0.0%, 10ms/0.0%, 20ms/34.0%, 50ms/73.6%, 100ms/86.8%
[64.873s][info][gc,marking  ] GC(26) Mark: 1 stripe(s), 2 proactive flush(es), 1 terminate flush(es), 0 completion(s), 0 continuation(s) 
[64.873s][info][gc,reloc    ] GC(26) Relocation: Successful, 41M relocated
[64.873s][info][gc,nmethod  ] GC(26) NMethods: 2992 registered, 0 unregistered
[64.873s][info][gc,metaspace] GC(26) Metaspace: 70M used, 74M capacity, 74M committed, 76M reserved
[64.873s][info][gc,ref      ] GC(26) Soft: 4664 encountered, 0 discovered, 0 enqueued
[64.873s][info][gc,ref      ] GC(26) Weak: 4641 encountered, 3593 discovered, 147 enqueued
[64.873s][info][gc,ref      ] GC(26) Final: 26 encountered, 0 discovered, 0 enqueued
[64.873s][info][gc,ref      ] GC(26) Phantom: 667 encountered, 664 discovered, 12 enqueued
[64.873s][info][gc,heap     ] GC(26)                Mark Start          Mark End        Relocate Start      Relocate End           High               Low         
[64.873s][info][gc,heap     ] GC(26)  Capacity:     1000M (100%)       1000M (100%)       1000M (100%)       1000M (100%)       1000M (100%)       1000M (100%)   
[64.873s][info][gc,heap     ] GC(26)   Reserve:       34M (3%)           34M (3%)           34M (3%)           34M (3%)           34M (3%)           34M (3%)     
[64.873s][info][gc,heap     ] GC(26)      Free:      622M (62%)         538M (54%)         576M (58%)         726M (73%)         726M (73%)         538M (54%)    
[64.873s][info][gc,heap     ] GC(26)      Used:      344M (34%)         428M (43%)         390M (39%)         240M (24%)         428M (43%)         240M (24%)    
[64.873s][info][gc,heap     ] GC(26)      Live:         -               101M (10%)         101M (10%)         101M (10%)            -                  -          
[64.873s][info][gc,heap     ] GC(26) Allocated:         -                84M (8%)           84M (8%)          162M (16%)            -                  -          
[64.873s][info][gc,heap     ] GC(26)   Garbage:         -               242M (24%)         204M (20%)          50M (5%)             -                  -          
[64.873s][info][gc,heap     ] GC(26) Reclaimed:         -                  -                38M (4%)          192M (19%)            -                  -          
[64.873s][info][gc          ] GC(26) Garbage Collection (Allocation Rate) 344M(34%)->240M(24%)
[64.916s][info][gc,start    ] GC(27) Garbage Collection (Allocation Rate)
[64.926s][info][gc,phases   ] GC(27) Pause Mark Start 2.664ms
[66.068s][info][gc,phases   ] GC(27) Concurrent Mark 1142.446ms
[66.077s][info][gc,phases   ] GC(27) Pause Mark End 0.294ms
[66.078s][info][gc,phases   ] GC(27) Concurrent Process Non-Strong References 1.546ms
[66.079s][info][gc,phases   ] GC(27) Concurrent Reset Relocation Set 0.377ms
[66.079s][info][gc,phases   ] GC(27) Concurrent Destroy Detached Pages 0.001ms
[66.083s][info][gc,phases   ] GC(27) Concurrent Select Relocation Set 4.543ms
[66.093s][info][gc,phases   ] GC(27) Concurrent Prepare Relocation Set 10.089ms
[66.113s][info][gc,phases   ] GC(27) Pause Relocate Start 2.436ms
[66.362s][info][gc,phases   ] GC(27) Concurrent Relocate 249.504ms
[66.363s][info][gc,load     ] GC(27) Load: 4.05/4.22/3.09
[66.363s][info][gc,mmu      ] GC(27) MMU: 2ms/0.0%, 5ms/0.0%, 10ms/0.0%, 20ms/34.0%, 50ms/73.6%, 100ms/86.8%
[66.363s][info][gc,marking  ] GC(27) Mark: 1 stripe(s), 2 proactive flush(es), 1 terminate flush(es), 0 completion(s), 0 continuation(s) 
[66.363s][info][gc,reloc    ] GC(27) Relocation: Successful, 34M relocated
[66.363s][info][gc,nmethod  ] GC(27) NMethods: 3011 registered, 0 unregistered
[66.363s][info][gc,metaspace] GC(27) Metaspace: 70M used, 74M capacity, 74M committed, 76M reserved
[66.363s][info][gc,ref      ] GC(27) Soft: 4664 encountered, 0 discovered, 0 enqueued
[66.363s][info][gc,ref      ] GC(27) Weak: 4494 encountered, 3446 discovered, 0 enqueued
[66.363s][info][gc,ref      ] GC(27) Final: 26 encountered, 0 discovered, 0 enqueued
[66.363s][info][gc,ref      ] GC(27) Phantom: 655 encountered, 652 discovered, 0 enqueued
[66.363s][info][gc,heap     ] GC(27)                Mark Start          Mark End        Relocate Start      Relocate End           High               Low         
[66.363s][info][gc,heap     ] GC(27)  Capacity:     1000M (100%)       1000M (100%)       1000M (100%)       1000M (100%)       1000M (100%)       1000M (100%)   
[66.363s][info][gc,heap     ] GC(27)   Reserve:       34M (3%)           34M (3%)           34M (3%)           34M (3%)           34M (3%)           34M (3%)     
[66.363s][info][gc,heap     ] GC(27)      Free:      714M (71%)         534M (53%)         532M (53%)         602M (60%)         714M (71%)         528M (53%)    
[66.363s][info][gc,heap     ] GC(27)      Used:      252M (25%)         432M (43%)         434M (43%)         364M (36%)         438M (44%)         252M (25%)    
[66.363s][info][gc,heap     ] GC(27)      Live:         -               125M (13%)         125M (13%)         125M (13%)            -                  -          
[66.363s][info][gc,heap     ] GC(27) Allocated:         -               180M (18%)         182M (18%)         226M (23%)            -                  -          
[66.363s][info][gc,heap     ] GC(27)   Garbage:         -               126M (13%)         126M (13%)          56M (6%)             -                  -          
[66.363s][info][gc,heap     ] GC(27) Reclaimed:         -                  -                 0M (0%)           70M (7%)             -                  -          
[66.363s][info][gc          ] GC(27) Garbage Collection (Allocation Rate) 252M(25%)->364M(36%)
[66.415s][info][gc,start    ] GC(28) Garbage Collection (Allocation Rate)
[66.424s][info][gc,phases   ] GC(28) Pause Mark Start 2.640ms
[67.852s][info][gc,heap     ] Page Cache Flushed: 6M requested, 18M(434M->416M) flushed
[67.880s][info][gc,phases   ] GC(28) Concurrent Mark 1456.134ms
[67.883s][info][gc,phases   ] GC(28) Pause Mark End 0.248ms
[67.885s][info][gc,phases   ] GC(28) Concurrent Process Non-Strong References 1.696ms
[67.885s][info][gc,phases   ] GC(28) Concurrent Reset Relocation Set 0.369ms
[67.885s][info][gc,phases   ] GC(28) Concurrent Destroy Detached Pages 0.002ms
[67.887s][info][gc,phases   ] GC(28) Concurrent Select Relocation Set 1.581ms
[67.895s][info][gc,phases   ] GC(28) Concurrent Prepare Relocation Set 7.468ms
[67.902s][info][gc,phases   ] GC(28) Pause Relocate Start 2.276ms
[68.144s][info][gc,phases   ] GC(28) Concurrent Relocate 227.844ms
[68.144s][info][gc,load     ] GC(28) Load: 4.05/4.22/3.09
[68.144s][info][gc,mmu      ] GC(28) MMU: 2ms/0.0%, 5ms/0.0%, 10ms/0.0%, 20ms/34.0%, 50ms/73.6%, 100ms/86.8%
[68.144s][info][gc,marking  ] GC(28) Mark: 1 stripe(s), 2 proactive flush(es), 1 terminate flush(es), 0 completion(s), 0 continuation(s) 
[68.144s][info][gc,reloc    ] GC(28) Relocation: Successful, 46M relocated
[68.144s][info][gc,nmethod  ] GC(28) NMethods: 3023 registered, 0 unregistered
[68.144s][info][gc,metaspace] GC(28) Metaspace: 70M used, 74M capacity, 74M committed, 76M reserved
[68.144s][info][gc,ref      ] GC(28) Soft: 4665 encountered, 0 discovered, 0 enqueued
[68.144s][info][gc,ref      ] GC(28) Weak: 4496 encountered, 3446 discovered, 1 enqueued
[68.144s][info][gc,ref      ] GC(28) Final: 26 encountered, 0 discovered, 0 enqueued
[68.144s][info][gc,ref      ] GC(28) Phantom: 654 encountered, 651 discovered, 0 enqueued
[68.144s][info][gc,heap     ] GC(28)                Mark Start          Mark End        Relocate Start      Relocate End           High               Low         
[68.144s][info][gc,heap     ] GC(28)  Capacity:     1000M (100%)       1000M (100%)       1000M (100%)       1000M (100%)       1000M (100%)       1000M (100%)   
[68.144s][info][gc,heap     ] GC(28)   Reserve:       34M (3%)           34M (3%)           34M (3%)           34M (3%)           34M (3%)           34M (3%)     
[68.144s][info][gc,heap     ] GC(28)      Free:      588M (59%)         398M (40%)         414M (41%)         586M (59%)         588M (59%)         398M (40%)    
[68.144s][info][gc,heap     ] GC(28)      Used:      378M (38%)         568M (57%)         552M (55%)         380M (38%)         568M (57%)         378M (38%)    
[68.144s][info][gc,heap     ] GC(28)      Live:         -               157M (16%)         157M (16%)         157M (16%)            -                  -          
[68.144s][info][gc,heap     ] GC(28) Allocated:         -               190M (19%)         190M (19%)         244M (24%)            -                  -          
[68.144s][info][gc,heap     ] GC(28)   Garbage:         -               220M (22%)         204M (20%)          32M (3%)             -                  -          
[68.144s][info][gc,heap     ] GC(28) Reclaimed:         -                  -                16M (2%)          188M (19%)            -                  -          
[68.144s][info][gc          ] GC(28) Garbage Collection (Allocation Rate) 378M(38%)->380M(38%)
[68.212s][info][gc,start    ] GC(29) Garbage Collection (Allocation Rate)
[68.221s][info][gc,phases   ] GC(29) Pause Mark Start 2.699ms
[69.952s][info][gc,phases   ] GC(29) Concurrent Mark 1730.584ms
[69.955s][info][gc,phases   ] GC(29) Pause Mark End 0.227ms
[69.957s][info][gc,phases   ] GC(29) Concurrent Process Non-Strong References 1.566ms
[69.957s][info][gc,phases   ] GC(29) Concurrent Reset Relocation Set 0.507ms
[69.957s][info][gc,phases   ] GC(29) Concurrent Destroy Detached Pages 0.001ms
[69.959s][info][gc,phases   ] GC(29) Concurrent Select Relocation Set 1.546ms
[69.967s][info][gc,phases   ] GC(29) Concurrent Prepare Relocation Set 8.369ms
[69.975s][info][gc,phases   ] GC(29) Pause Relocate Start 2.182ms
[70.213s][info][gc,stats    ] === Garbage Collection Statistics =======================================================================================================================
[70.213s][info][gc,stats    ]                                                              Last 10s              Last 10m              Last 10h                Total
[70.213s][info][gc,stats    ]                                                              Avg / Max             Avg / Max             Avg / Max             Avg / Max
[70.213s][info][gc,stats    ]   Collector: Garbage Collection Cycle                   1377.312 / 1728.884    865.478 / 5279.755    865.478 / 5279.755    865.478 / 5279.755    ms
[70.213s][info][gc,stats    ]  Contention: Mark Segment Reset Contention                     0 / 0                 0 / 0                 0 / 0                 0 / 0           ops/s
[70.213s][info][gc,stats    ]  Contention: Mark SeqNum Reset Contention                      0 / 0                 0 / 0                 0 / 0                 0 / 0           ops/s
[70.213s][info][gc,stats    ]  Contention: Relocation Contention                             0 / 0                 0 / 1                 0 / 1                 0 / 1           ops/s
[70.213s][info][gc,stats    ]    Critical: Allocation Stall                              0.000 / 0.000         0.000 / 0.000         0.000 / 0.000         0.000 / 0.000       ms
[70.213s][info][gc,stats    ]    Critical: Allocation Stall                                  0 / 0                 0 / 0                 0 / 0                 0 / 0           ops/s
[70.213s][info][gc,stats    ]    Critical: GC Locker Stall                               0.000 / 0.000         0.013 / 0.014         0.013 / 0.014         0.013 / 0.014       ms
[70.213s][info][gc,stats    ]    Critical: GC Locker Stall                                   0 / 0                 0 / 1                 0 / 1                 0 / 1           ops/s
[70.213s][info][gc,stats    ]      Memory: Allocation Rate                                  96 / 172             145 / 600             145 / 600             145 / 600         MB/s
[70.213s][info][gc,stats    ]      Memory: Heap Used After Mark                            513 / 624             540 / 960             540 / 960             540 / 960         MB
[70.213s][info][gc,stats    ]      Memory: Heap Used After Relocation                      328 / 380             219 / 908             219 / 908             219 / 908         MB
[70.213s][info][gc,stats    ]      Memory: Heap Used Before Mark                           343 / 398             455 / 908             455 / 908             455 / 908         MB
[70.213s][info][gc,stats    ]      Memory: Heap Used Before Relocation                     498 / 618             291 / 938             291 / 938             291 / 938         MB
[70.213s][info][gc,stats    ]      Memory: Out Of Memory                                     0 / 0                 0 / 0                 0 / 0                 0 / 0           ops/s
[70.213s][info][gc,stats    ]      Memory: Page Cache Flush                                  1 / 18                0 / 22                0 / 22                0 / 22          MB/s
[70.213s][info][gc,stats    ]      Memory: Page Cache Hit L1                                47 / 77               66 / 301              66 / 301              66 / 301         ops/s
[70.213s][info][gc,stats    ]      Memory: Page Cache Hit L2                                 0 / 0                 0 / 0                 0 / 0                 0 / 0           ops/s
[70.213s][info][gc,stats    ]      Memory: Page Cache Miss                                   0 / 1                 6 / 114               6 / 114               6 / 114         ops/s
[70.213s][info][gc,stats    ]      Memory: Undo Object Allocation Failed                     0 / 0                 0 / 0                 0 / 0                 0 / 0           ops/s
[70.213s][info][gc,stats    ]      Memory: Undo Object Allocation Succeeded                  0 / 0                 0 / 1                 0 / 1                 0 / 1           ops/s
[70.213s][info][gc,stats    ]      Memory: Undo Page Allocation                              0 / 0                 0 / 0                 0 / 0                 0 / 0           ops/s
[70.213s][info][gc,stats    ]       Phase: Concurrent Destroy Detached Pages             0.001 / 0.002         0.001 / 0.006         0.001 / 0.006         0.001 / 0.006       ms
[70.213s][info][gc,stats    ]       Phase: Concurrent Mark                            1261.809 / 1730.584    777.554 / 5208.825    777.554 / 5208.825    777.554 / 5208.825    ms
[70.213s][info][gc,stats    ]       Phase: Concurrent Mark Continue                      0.000 / 0.000         0.000 / 0.000         0.000 / 0.000         0.000 / 0.000       ms
[70.213s][info][gc,stats    ]       Phase: Concurrent Prepare Relocation Set             8.089 / 10.089        4.975 / 67.644        4.975 / 67.644        4.975 / 67.644      ms
[70.213s][info][gc,stats    ]       Phase: Concurrent Process Non-Strong References      1.635 / 1.732         2.267 / 12.620        2.267 / 12.620        2.267 / 12.620      ms
[70.213s][info][gc,stats    ]       Phase: Concurrent Relocate                         227.188 / 249.504      88.793 / 851.942      88.793 / 851.942      88.793 / 851.942     ms
[70.213s][info][gc,stats    ]       Phase: Concurrent Reset Relocation Set               0.405 / 0.507         0.119 / 1.351         0.119 / 1.351         0.119 / 1.351       ms
[70.213s][info][gc,stats    ]       Phase: Concurrent Select Relocation Set              2.305 / 4.543         2.202 / 5.717         2.202 / 5.717         2.202 / 5.717       ms
[70.213s][info][gc,stats    ]       Phase: Pause Mark End                                0.257 / 0.294         0.241 / 0.635         0.241 / 0.635         0.241 / 0.635       ms
[70.213s][info][gc,stats    ]       Phase: Pause Mark Start                              2.716 / 2.861         2.416 / 6.071         2.416 / 6.071         2.416 / 6.071       ms
[70.213s][info][gc,stats    ]       Phase: Pause Relocate Start                          3.401 / 6.712         4.021 / 12.570        4.021 / 12.570        4.021 / 12.570      ms
[70.213s][info][gc,stats    ]    Subphase: Concurrent Mark                            1261.783 / 1730.558    776.746 / 5208.804    776.746 / 5208.804    776.746 / 5208.804    ms
[70.213s][info][gc,stats    ]    Subphase: Concurrent Mark Idle                          0.000 / 0.000         0.000 / 0.000         0.000 / 0.000         0.000 / 0.000       ms
[70.213s][info][gc,stats    ]    Subphase: Concurrent Mark Try Flush                     4.649 / 10.409        4.565 / 25.008        4.565 / 25.008        4.565 / 25.008      ms
[70.213s][info][gc,stats    ]    Subphase: Concurrent Mark Try Terminate                 3.208 / 8.788         1.417 / 11.682        1.417 / 11.682        1.417 / 11.682      ms
[70.213s][info][gc,stats    ]    Subphase: Concurrent References Enqueue                 0.002 / 0.004         0.002 / 0.007         0.002 / 0.007         0.002 / 0.007       ms
[70.213s][info][gc,stats    ]    Subphase: Concurrent References Process                 0.796 / 0.853         1.353 / 11.837        1.353 / 11.837        1.353 / 11.837      ms
[70.213s][info][gc,stats    ]    Subphase: Concurrent Weak Roots                         0.827 / 0.892         0.896 / 4.123         0.896 / 4.123         0.896 / 4.123       ms
[70.213s][info][gc,stats    ]    Subphase: Concurrent Weak Roots JNIWeakHandles          0.000 / 0.000         0.000 / 0.001         0.000 / 0.001         0.000 / 0.001       ms
[70.213s][info][gc,stats    ]    Subphase: Concurrent Weak Roots StringTable             0.609 / 0.668         0.702 / 3.915         0.702 / 3.915         0.702 / 3.915       ms
[70.213s][info][gc,stats    ]    Subphase: Concurrent Weak Roots VMWeakHandles           0.216 / 0.239         0.192 / 0.321         0.192 / 0.321         0.192 / 0.321       ms
[70.213s][info][gc,stats    ]    Subphase: Pause Mark Try Complete                       0.000 / 0.000         0.002 / 0.002         0.002 / 0.002         0.002 / 0.002       ms
[70.213s][info][gc,stats    ]    Subphase: Pause Remap TLABS                             0.001 / 0.001         0.001 / 0.007         0.001 / 0.007         0.001 / 0.007       ms
[70.213s][info][gc,stats    ]    Subphase: Pause Retire TLABS                            0.014 / 0.018         0.015 / 0.032         0.015 / 0.032         0.015 / 0.032       ms
[70.213s][info][gc,stats    ]    Subphase: Pause Roots                                   1.527 / 2.503         1.576 / 12.371        1.576 / 12.371        1.576 / 12.371      ms
[70.213s][info][gc,stats    ]    Subphase: Pause Roots ClassLoaderDataGraph              0.667 / 0.778         0.802 / 11.302        0.802 / 11.302        0.802 / 11.302      ms
[70.213s][info][gc,stats    ]    Subphase: Pause Roots CodeCache                         1.232 / 1.378         1.100 / 5.114         1.100 / 5.114         1.100 / 5.114       ms
[70.213s][info][gc,stats    ]    Subphase: Pause Roots JNIHandles                        0.002 / 0.005         0.001 / 0.005         0.001 / 0.005         0.001 / 0.005       ms
[70.213s][info][gc,stats    ]    Subphase: Pause Roots JNIWeakHandles                    0.000 / 0.000         0.000 / 0.000         0.000 / 0.000         0.000 / 0.000       ms
[70.213s][info][gc,stats    ]    Subphase: Pause Roots JRFWeak                           0.000 / 0.000         0.000 / 0.000         0.000 / 0.000         0.000 / 0.000       ms
[70.213s][info][gc,stats    ]    Subphase: Pause Roots JVMTIExport                       0.001 / 0.001         0.001 / 0.001         0.001 / 0.001         0.001 / 0.001       ms
[70.213s][info][gc,stats    ]    Subphase: Pause Roots JVMTIWeakExport                   0.001 / 0.001         0.001 / 0.001         0.001 / 0.001         0.001 / 0.001       ms
[70.213s][info][gc,stats    ]    Subphase: Pause Roots Management                        0.001 / 0.001         0.075 / 4.405         0.075 / 4.405         0.075 / 4.405       ms
[70.213s][info][gc,stats    ]    Subphase: Pause Roots ObjectSynchronizer                0.000 / 0.001         0.000 / 0.001         0.000 / 0.001         0.000 / 0.001       ms
[70.213s][info][gc,stats    ]    Subphase: Pause Roots Setup                             0.190 / 0.297         0.154 / 0.504         0.154 / 0.504         0.154 / 0.504       ms
[70.213s][info][gc,stats    ]    Subphase: Pause Roots StringTable                       0.000 / 0.000         0.000 / 0.000         0.000 / 0.000         0.000 / 0.000       ms
[70.213s][info][gc,stats    ]    Subphase: Pause Roots SystemDictionary                  0.013 / 0.018         0.014 / 0.072         0.014 / 0.072         0.014 / 0.072       ms
[70.213s][info][gc,stats    ]    Subphase: Pause Roots Teardown                          0.001 / 0.005         0.002 / 0.016         0.002 / 0.016         0.002 / 0.016       ms
[70.213s][info][gc,stats    ]    Subphase: Pause Roots Threads                           0.246 / 0.419         0.240 / 0.974         0.240 / 0.974         0.240 / 0.974       ms
[70.213s][info][gc,stats    ]    Subphase: Pause Roots Universe                          0.002 / 0.003         0.009 / 0.365         0.009 / 0.365         0.009 / 0.365       ms
[70.213s][info][gc,stats    ]    Subphase: Pause Roots VMWeakHandles                     0.000 / 0.000         0.000 / 0.000         0.000 / 0.000         0.000 / 0.000       ms
[70.213s][info][gc,stats    ]    Subphase: Pause Weak Roots                              0.002 / 0.003         0.002 / 0.009         0.002 / 0.009         0.002 / 0.009       ms
[70.213s][info][gc,stats    ]    Subphase: Pause Weak Roots JFRWeak                      0.001 / 0.001         0.001 / 0.001         0.001 / 0.001         0.001 / 0.001       ms
[70.213s][info][gc,stats    ]    Subphase: Pause Weak Roots JNIWeakHandles               0.000 / 0.000         0.000 / 0.000         0.000 / 0.000         0.000 / 0.000       ms
[70.213s][info][gc,stats    ]    Subphase: Pause Weak Roots JVMTIWeakExport              0.001 / 0.001         0.001 / 0.007         0.001 / 0.007         0.001 / 0.007       ms
[70.213s][info][gc,stats    ]    Subphase: Pause Weak Roots Setup                        0.000 / 0.000         0.000 / 0.000         0.000 / 0.000         0.000 / 0.000       ms
[70.213s][info][gc,stats    ]    Subphase: Pause Weak Roots StringTable                  0.000 / 0.000         0.000 / 0.000         0.000 / 0.000         0.000 / 0.000       ms
[70.213s][info][gc,stats    ]    Subphase: Pause Weak Roots SymbolTable                  0.000 / 0.000         0.000 / 0.000         0.000 / 0.000         0.000 / 0.000       ms
[70.213s][info][gc,stats    ]    Subphase: Pause Weak Roots Teardown                     0.001 / 0.001         0.001 / 0.001         0.001 / 0.001         0.001 / 0.001       ms
[70.213s][info][gc,stats    ]    Subphase: Pause Weak Roots VMWeakHandles                0.000 / 0.000         0.000 / 0.000         0.000 / 0.000         0.000 / 0.000       ms
[70.213s][info][gc,stats    ]      System: Java Threads                                     57 / 57               47 / 57               47 / 57               47 / 57          threads
[70.213s][info][gc,stats    ] =========================================================================================================================================================
[70.281s][info][gc,phases   ] GC(29) Concurrent Relocate 293.541ms
[70.282s][info][gc,load     ] GC(29) Load: 4.13/4.23/3.10
[70.282s][info][gc,mmu      ] GC(29) MMU: 2ms/0.0%, 5ms/0.0%, 10ms/0.0%, 20ms/34.0%, 50ms/73.6%, 100ms/86.8%
[70.282s][info][gc,marking  ] GC(29) Mark: 1 stripe(s), 2 proactive flush(es), 1 terminate flush(es), 0 completion(s), 0 continuation(s) 
[70.282s][info][gc,reloc    ] GC(29) Relocation: Successful, 57M relocated
[70.282s][info][gc,nmethod  ] GC(29) NMethods: 3025 registered, 0 unregistered
[70.282s][info][gc,metaspace] GC(29) Metaspace: 70M used, 74M capacity, 74M committed, 76M reserved
[70.282s][info][gc,ref      ] GC(29) Soft: 4665 encountered, 0 discovered, 0 enqueued
[70.282s][info][gc,ref      ] GC(29) Weak: 4495 encountered, 3445 discovered, 0 enqueued
[70.282s][info][gc,ref      ] GC(29) Final: 26 encountered, 0 discovered, 0 enqueued
[70.282s][info][gc,ref      ] GC(29) Phantom: 654 encountered, 651 discovered, 0 enqueued
[70.282s][info][gc,heap     ] GC(29)                Mark Start          Mark End        Relocate Start      Relocate End           High               Low         
[70.282s][info][gc,heap     ] GC(29)  Capacity:     1000M (100%)       1000M (100%)       1000M (100%)       1000M (100%)       1000M (100%)       1000M (100%)   
[70.282s][info][gc,heap     ] GC(29)   Reserve:       34M (3%)           34M (3%)           34M (3%)           34M (3%)           34M (3%)           34M (3%)     
[70.282s][info][gc,heap     ] GC(29)      Free:      568M (57%)         342M (34%)         348M (35%)         464M (46%)         568M (57%)         342M (34%)    
[70.282s][info][gc,heap     ] GC(29)      Used:      398M (40%)         624M (62%)         618M (62%)         502M (50%)         624M (62%)         398M (40%)    
[70.282s][info][gc,heap     ] GC(29)      Live:         -               202M (20%)         202M (20%)         202M (20%)            -                  -          
[70.282s][info][gc,heap     ] GC(29) Allocated:         -               226M (23%)         226M (23%)         288M (29%)            -                  -          
[70.282s][info][gc,heap     ] GC(29)   Garbage:         -               195M (20%)         189M (19%)          61M (6%)             -                  -          
[70.282s][info][gc,heap     ] GC(29) Reclaimed:         -                  -                 6M (1%)          134M (13%)            -                  -          
[70.282s][info][gc          ] GC(29) Garbage Collection (Allocation Rate) 398M(40%)->502M(50%)
[70.312s][info][gc,start    ] GC(30) Garbage Collection (Allocation Rate)
[70.318s][info][gc,phases   ] GC(30) Pause Mark Start 2.630ms
[71.555s][info][gc,heap     ] Page Cache Flushed: 18M requested, 44M(330M->286M) flushed
[72.250s][info][gc,phases   ] GC(30) Concurrent Mark 1931.914ms
[72.259s][info][gc,phases   ] GC(30) Pause Mark End 0.232ms
[72.261s][info][gc,phases   ] GC(30) Concurrent Process Non-Strong References 1.644ms
[72.262s][info][gc,phases   ] GC(30) Concurrent Reset Relocation Set 0.627ms
[72.262s][info][gc,phases   ] GC(30) Concurrent Destroy Detached Pages 0.005ms
[72.263s][info][gc,phases   ] GC(30) Concurrent Select Relocation Set 1.537ms
[72.278s][info][gc,phases   ] GC(30) Concurrent Prepare Relocation Set 14.703ms
[72.288s][info][gc,phases   ] GC(30) Pause Relocate Start 2.300ms
[72.565s][info][gc,phases   ] GC(30) Concurrent Relocate 268.755ms
[72.565s][info][gc,load     ] GC(30) Load: 4.13/4.23/3.10
[72.565s][info][gc,mmu      ] GC(30) MMU: 2ms/0.0%, 5ms/0.0%, 10ms/0.0%, 20ms/34.0%, 50ms/73.6%, 100ms/86.8%
[72.565s][info][gc,marking  ] GC(30) Mark: 1 stripe(s), 2 proactive flush(es), 1 terminate flush(es), 0 completion(s), 0 continuation(s) 
[72.565s][info][gc,reloc    ] GC(30) Relocation: Successful, 46M relocated
[72.565s][info][gc,nmethod  ] GC(30) NMethods: 3026 registered, 0 unregistered
[72.565s][info][gc,metaspace] GC(30) Metaspace: 70M used, 74M capacity, 74M committed, 76M reserved
[72.565s][info][gc,ref      ] GC(30) Soft: 4665 encountered, 0 discovered, 0 enqueued
[72.565s][info][gc,ref      ] GC(30) Weak: 4495 encountered, 3466 discovered, 0 enqueued
[72.565s][info][gc,ref      ] GC(30) Final: 26 encountered, 0 discovered, 0 enqueued
[72.565s][info][gc,ref      ] GC(30) Phantom: 654 encountered, 651 discovered, 0 enqueued
[72.565s][info][gc,heap     ] GC(30)                Mark Start          Mark End        Relocate Start      Relocate End           High               Low         
[72.565s][info][gc,heap     ] GC(30)  Capacity:     1000M (100%)       1000M (100%)       1000M (100%)       1000M (100%)       1000M (100%)       1000M (100%)   
[72.565s][info][gc,heap     ] GC(30)   Reserve:       34M (3%)           34M (3%)           34M (3%)           34M (3%)           34M (3%)           34M (3%)     
[72.565s][info][gc,heap     ] GC(30)      Free:      458M (46%)         246M (25%)         250M (25%)         470M (47%)         470M (47%)         246M (25%)    
[72.565s][info][gc,heap     ] GC(30)      Used:      508M (51%)         720M (72%)         716M (72%)         496M (50%)         720M (72%)         496M (50%)    
[72.565s][info][gc,heap     ] GC(30)      Live:         -               219M (22%)         219M (22%)         219M (22%)            -                  -          
[72.565s][info][gc,heap     ] GC(30) Allocated:         -               212M (21%)         214M (21%)         262M (26%)            -                  -          
[72.565s][info][gc,heap     ] GC(30)   Garbage:         -               288M (29%)         282M (28%)          62M (6%)             -                  -          
[72.565s][info][gc,heap     ] GC(30) Reclaimed:         -                  -                 6M (1%)          226M (23%)            -                  -          
[72.565s][info][gc          ] GC(30) Garbage Collection (Allocation Rate) 508M(51%)->496M(50%)
[72.612s][info][gc,start    ] GC(31) Garbage Collection (Allocation Rate)
[72.619s][info][gc,phases   ] GC(31) Pause Mark Start 2.695ms
[74.869s][info][gc,phases   ] GC(31) Concurrent Mark 2249.119ms
[74.872s][info][gc,phases   ] GC(31) Pause Mark End 0.272ms
[74.873s][info][gc,phases   ] GC(31) Concurrent Process Non-Strong References 1.586ms
[74.874s][info][gc,phases   ] GC(31) Concurrent Reset Relocation Set 0.540ms
[74.874s][info][gc,phases   ] GC(31) Concurrent Destroy Detached Pages 0.001ms
[74.876s][info][gc,phases   ] GC(31) Concurrent Select Relocation Set 1.571ms
[74.882s][info][gc,phases   ] GC(31) Concurrent Prepare Relocation Set 6.092ms
[74.888s][info][gc,phases   ] GC(31) Pause Relocate Start 6.292ms
[75.080s][info][gc,phases   ] GC(31) Concurrent Relocate 183.730ms
[75.080s][info][gc,load     ] GC(31) Load: 4.13/4.23/3.10
[75.080s][info][gc,mmu      ] GC(31) MMU: 2ms/0.0%, 5ms/0.0%, 10ms/0.0%, 20ms/34.0%, 50ms/73.6%, 100ms/86.8%
[75.080s][info][gc,marking  ] GC(31) Mark: 1 stripe(s), 2 proactive flush(es), 1 terminate flush(es), 0 completion(s), 0 continuation(s) 
[75.080s][info][gc,reloc    ] GC(31) Relocation: Successful, 37M relocated
[75.080s][info][gc,nmethod  ] GC(31) NMethods: 3047 registered, 0 unregistered
[75.080s][info][gc,metaspace] GC(31) Metaspace: 70M used, 74M capacity, 74M committed, 76M reserved
[75.080s][info][gc,ref      ] GC(31) Soft: 4665 encountered, 0 discovered, 0 enqueued
[75.080s][info][gc,ref      ] GC(31) Weak: 4496 encountered, 3444 discovered, 0 enqueued
[75.080s][info][gc,ref      ] GC(31) Final: 26 encountered, 0 discovered, 0 enqueued
[75.080s][info][gc,ref      ] GC(31) Phantom: 654 encountered, 651 discovered, 0 enqueued
[75.080s][info][gc,heap     ] GC(31)                Mark Start          Mark End        Relocate Start      Relocate End           High               Low         
[75.080s][info][gc,heap     ] GC(31)  Capacity:     1000M (100%)       1000M (100%)       1000M (100%)       1000M (100%)       1000M (100%)       1000M (100%)   
[75.080s][info][gc,heap     ] GC(31)   Reserve:       34M (3%)           34M (3%)           34M (3%)           34M (3%)           34M (3%)           34M (3%)     
[75.080s][info][gc,heap     ] GC(31)      Free:      460M (46%)         388M (39%)         398M (40%)         622M (62%)         622M (62%)         388M (39%)    
[75.080s][info][gc,heap     ] GC(31)      Used:      506M (51%)         578M (58%)         568M (57%)         344M (34%)         578M (58%)         344M (34%)    
[75.080s][info][gc,heap     ] GC(31)      Live:         -               234M (23%)         234M (23%)         234M (23%)            -                  -          
[75.080s][info][gc,heap     ] GC(31) Allocated:         -                72M (7%)           72M (7%)           86M (9%)             -                  -          
[75.080s][info][gc,heap     ] GC(31)   Garbage:         -               271M (27%)         261M (26%)          37M (4%)             -                  -          
[75.080s][info][gc,heap     ] GC(31) Reclaimed:         -                  -                10M (1%)          234M (23%)            -                  -          
[75.080s][info][gc          ] GC(31) Garbage Collection (Allocation Rate) 506M(51%)->344M(34%)
[75.716s][info][gc,start    ] GC(32) Garbage Collection (Allocation Rate)
[75.724s][info][gc,phases   ] GC(32) Pause Mark Start 2.739ms
[75.764s][info][gc,heap     ] Page Cache Flushed: 24M requested, 24M(542M->518M) flushed
[76.461s][info][gc,heap     ] Page Cache Flushed: 6M requested, 6M(438M->432M) flushed
[76.626s][info][gc,phases   ] GC(32) Concurrent Mark 899.874ms
[76.631s][info][gc,phases   ] GC(32) Pause Mark End 0.248ms
[76.632s][info][gc,phases   ] GC(32) Concurrent Process Non-Strong References 1.528ms
[76.633s][info][gc,phases   ] GC(32) Concurrent Reset Relocation Set 0.327ms
[76.633s][info][gc,phases   ] GC(32) Concurrent Destroy Detached Pages 0.011ms
[76.634s][info][gc,phases   ] GC(32) Concurrent Select Relocation Set 1.536ms
[76.635s][info][gc,phases   ] GC(32) Concurrent Prepare Relocation Set 0.718ms
[76.643s][info][gc,phases   ] GC(32) Pause Relocate Start 2.374ms
[76.720s][info][gc,phases   ] GC(32) Concurrent Relocate 76.905ms
[76.720s][info][gc,load     ] GC(32) Load: 3.96/4.20/3.09
[76.720s][info][gc,mmu      ] GC(32) MMU: 2ms/0.0%, 5ms/0.0%, 10ms/0.0%, 20ms/34.0%, 50ms/73.6%, 100ms/86.8%
[76.720s][info][gc,marking  ] GC(32) Mark: 1 stripe(s), 2 proactive flush(es), 1 terminate flush(es), 0 completion(s), 0 continuation(s) 
[76.720s][info][gc,reloc    ] GC(32) Relocation: Successful, 25M relocated
[76.720s][info][gc,nmethod  ] GC(32) NMethods: 3099 registered, 0 unregistered
[76.720s][info][gc,metaspace] GC(32) Metaspace: 70M used, 74M capacity, 74M committed, 76M reserved
[76.720s][info][gc,ref      ] GC(32) Soft: 4667 encountered, 0 discovered, 0 enqueued
[76.720s][info][gc,ref      ] GC(32) Weak: 4494 encountered, 3474 discovered, 40 enqueued
[76.720s][info][gc,ref      ] GC(32) Final: 26 encountered, 0 discovered, 0 enqueued
[76.720s][info][gc,ref      ] GC(32) Phantom: 657 encountered, 654 discovered, 0 enqueued
[76.720s][info][gc,heap     ] GC(32)                Mark Start          Mark End        Relocate Start      Relocate End           High               Low         
[76.720s][info][gc,heap     ] GC(32)  Capacity:     1000M (100%)       1000M (100%)       1000M (100%)       1000M (100%)       1000M (100%)       1000M (100%)   
[76.720s][info][gc,heap     ] GC(32)   Reserve:       34M (3%)           34M (3%)           34M (3%)           34M (3%)           34M (3%)           34M (3%)     
[76.720s][info][gc,heap     ] GC(32)      Free:      554M (55%)         416M (42%)         544M (54%)         676M (68%)         676M (68%)         416M (42%)    
[76.720s][info][gc,heap     ] GC(32)      Used:      412M (41%)         550M (55%)         422M (42%)         290M (29%)         550M (55%)         290M (29%)    
[76.720s][info][gc,heap     ] GC(32)      Live:         -               142M (14%)         142M (14%)         142M (14%)            -                  -          
[76.720s][info][gc,heap     ] GC(32) Allocated:         -               138M (14%)         138M (14%)         152M (15%)            -                  -          
[76.720s][info][gc,heap     ] GC(32)   Garbage:         -               269M (27%)         141M (14%)           9M (1%)             -                  -          
[76.720s][info][gc,heap     ] GC(32) Reclaimed:         -                  -               128M (13%)         260M (26%)            -                  -          
[76.720s][info][gc          ] GC(32) Garbage Collection (Allocation Rate) 412M(41%)->290M(29%)
[76.816s][info][gc,start    ] GC(33) Garbage Collection (Allocation Rate)
[76.823s][info][gc,phases   ] GC(33) Pause Mark Start 2.707ms
[78.038s][info][gc,phases   ] GC(33) Concurrent Mark 1215.548ms
[78.047s][info][gc,phases   ] GC(33) Pause Mark End 0.317ms
[78.048s][info][gc,phases   ] GC(33) Concurrent Process Non-Strong References 1.535ms
[78.048s][info][gc,phases   ] GC(33) Concurrent Reset Relocation Set 0.012ms
[78.048s][info][gc,phases   ] GC(33) Concurrent Destroy Detached Pages 0.001ms
[78.050s][info][gc,phases   ] GC(33) Concurrent Select Relocation Set 1.501ms
[78.064s][info][gc,phases   ] GC(33) Concurrent Prepare Relocation Set 14.123ms
[78.073s][info][gc,phases   ] GC(33) Pause Relocate Start 2.290ms
[78.298s][info][gc,phases   ] GC(33) Concurrent Relocate 225.039ms
[78.304s][info][gc,load     ] GC(33) Load: 3.96/4.20/3.09
[78.304s][info][gc,mmu      ] GC(33) MMU: 2ms/0.0%, 5ms/0.0%, 10ms/0.0%, 20ms/34.0%, 50ms/73.6%, 100ms/86.8%
[78.304s][info][gc,marking  ] GC(33) Mark: 1 stripe(s), 2 proactive flush(es), 1 terminate flush(es), 0 completion(s), 0 continuation(s) 
[78.304s][info][gc,reloc    ] GC(33) Relocation: Successful, 42M relocated
[78.304s][info][gc,nmethod  ] GC(33) NMethods: 3114 registered, 0 unregistered
[78.304s][info][gc,metaspace] GC(33) Metaspace: 70M used, 74M capacity, 74M committed, 76M reserved
[78.304s][info][gc,ref      ] GC(33) Soft: 4667 encountered, 0 discovered, 0 enqueued
[78.304s][info][gc,ref      ] GC(33) Weak: 4454 encountered, 3434 discovered, 0 enqueued
[78.304s][info][gc,ref      ] GC(33) Final: 26 encountered, 0 discovered, 0 enqueued
[78.304s][info][gc,ref      ] GC(33) Phantom: 657 encountered, 654 discovered, 0 enqueued
[78.304s][info][gc,heap     ] GC(33)                Mark Start          Mark End        Relocate Start      Relocate End           High               Low         
[78.304s][info][gc,heap     ] GC(33)  Capacity:     1000M (100%)       1000M (100%)       1000M (100%)       1000M (100%)       1000M (100%)       1000M (100%)   
[78.304s][info][gc,heap     ] GC(33)   Reserve:       34M (3%)           34M (3%)           34M (3%)           34M (3%)           34M (3%)           34M (3%)     
[78.304s][info][gc,heap     ] GC(33)      Free:      654M (65%)         456M (46%)         450M (45%)         520M (52%)         654M (65%)         448M (45%)    
[78.304s][info][gc,heap     ] GC(33)      Used:      312M (31%)         510M (51%)         516M (52%)         446M (45%)         518M (52%)         312M (31%)    
[78.304s][info][gc,heap     ] GC(33)      Live:         -               171M (17%)         171M (17%)         171M (17%)            -                  -          
[78.304s][info][gc,heap     ] GC(33) Allocated:         -               198M (20%)         204M (20%)         264M (26%)            -                  -          
[78.304s][info][gc,heap     ] GC(33)   Garbage:         -               140M (14%)         140M (14%)          68M (7%)             -                  -          
[78.304s][info][gc,heap     ] GC(33) Reclaimed:         -                  -                 0M (0%)           72M (7%)             -                  -          
[78.304s][info][gc          ] GC(33) Garbage Collection (Allocation Rate) 312M(31%)->446M(45%)
[78.316s][info][gc,start    ] GC(34) Garbage Collection (Allocation Rate)
[78.325s][info][gc,phases   ] GC(34) Pause Mark Start 2.695ms
[78.427s][info][gc,heap     ] Page Cache Flushed: 6M requested, 18M(506M->488M) flushed
[79.826s][info][gc,heap     ] Page Cache Flushed: 4M requested, 4M(314M->310M) flushed
[80.128s][info][gc,phases   ] GC(34) Concurrent Mark 1803.808ms
[80.135s][info][gc,phases   ] GC(34) Pause Mark End 0.233ms
[80.137s][info][gc,phases   ] GC(34) Concurrent Process Non-Strong References 1.590ms
[80.138s][info][gc,phases   ] GC(34) Concurrent Reset Relocation Set 0.402ms
[80.138s][info][gc,phases   ] GC(34) Concurrent Destroy Detached Pages 0.005ms
[80.139s][info][gc,phases   ] GC(34) Concurrent Select Relocation Set 1.528ms
[80.153s][info][gc,phases   ] GC(34) Concurrent Prepare Relocation Set 13.750ms
[80.161s][info][gc,phases   ] GC(34) Pause Relocate Start 2.292ms
[80.216s][info][gc,stats    ] === Garbage Collection Statistics =======================================================================================================================
[80.216s][info][gc,stats    ]                                                              Last 10s              Last 10m              Last 10h                Total
[80.216s][info][gc,stats    ]                                                              Avg / Max             Avg / Max             Avg / Max             Avg / Max
[80.216s][info][gc,stats    ]   Collector: Garbage Collection Cycle                   1856.311 / 2467.935   1011.188 / 5279.755   1011.188 / 5279.755   1011.188 / 5279.755    ms
[80.216s][info][gc,stats    ]  Contention: Mark Segment Reset Contention                     0 / 0                 0 / 0                 0 / 0                 0 / 0           ops/s
[80.216s][info][gc,stats    ]  Contention: Mark SeqNum Reset Contention                      0 / 0                 0 / 0                 0 / 0                 0 / 0           ops/s
[80.216s][info][gc,stats    ]  Contention: Relocation Contention                             0 / 0                 0 / 1                 0 / 1                 0 / 1           ops/s
[80.216s][info][gc,stats    ]    Critical: Allocation Stall                              0.000 / 0.000         0.000 / 0.000         0.000 / 0.000         0.000 / 0.000       ms
[80.216s][info][gc,stats    ]    Critical: Allocation Stall                                  0 / 0                 0 / 0                 0 / 0                 0 / 0           ops/s
[80.216s][info][gc,stats    ]    Critical: GC Locker Stall                               0.000 / 0.000         0.013 / 0.014         0.013 / 0.014         0.013 / 0.014       ms
[80.216s][info][gc,stats    ]    Critical: GC Locker Stall                                   0 / 0                 0 / 1                 0 / 1                 0 / 1           ops/s
[80.216s][info][gc,stats    ]      Memory: Allocation Rate                                 106 / 186             140 / 600             140 / 600             140 / 600         MB/s
[80.216s][info][gc,stats    ]      Memory: Heap Used After Mark                            611 / 720             550 / 960             550 / 960             550 / 960         MB
[80.216s][info][gc,stats    ]      Memory: Heap Used After Relocation                      415 / 502             247 / 908             247 / 908             247 / 908         MB
[80.216s][info][gc,stats    ]      Memory: Heap Used Before Mark                           437 / 508             453 / 908             453 / 908             453 / 908         MB
[80.216s][info][gc,stats    ]      Memory: Heap Used Before Relocation                     580 / 716             333 / 938             333 / 938             333 / 938         MB
[80.216s][info][gc,stats    ]      Memory: Out Of Memory                                     0 / 0                 0 / 0                 0 / 0                 0 / 0           ops/s
[80.216s][info][gc,stats    ]      Memory: Page Cache Flush                                  9 / 44                1 / 44                1 / 44                1 / 44          MB/s
[80.216s][info][gc,stats    ]      Memory: Page Cache Hit L1                                48 / 82               63 / 301              63 / 301              63 / 301         ops/s
[80.216s][info][gc,stats    ]      Memory: Page Cache Hit L2                                 0 / 0                 0 / 0                 0 / 0                 0 / 0           ops/s
[80.216s][info][gc,stats    ]      Memory: Page Cache Miss                                   0 / 2                 5 / 114               5 / 114               5 / 114         ops/s
[80.216s][info][gc,stats    ]      Memory: Undo Object Allocation Failed                     0 / 0                 0 / 0                 0 / 0                 0 / 0           ops/s
[80.216s][info][gc,stats    ]      Memory: Undo Object Allocation Succeeded                  0 / 0                 0 / 1                 0 / 1                 0 / 1           ops/s
[80.216s][info][gc,stats    ]      Memory: Undo Page Allocation                              0 / 0                 0 / 0                 0 / 0                 0 / 0           ops/s
[80.216s][info][gc,stats    ]       Phase: Concurrent Destroy Detached Pages             0.004 / 0.011         0.001 / 0.011         0.001 / 0.011         0.001 / 0.011       ms
[80.216s][info][gc,stats    ]       Phase: Concurrent Mark                            1620.053 / 2249.119    897.911 / 5208.825    897.911 / 5208.825    897.911 / 5208.825    ms
[80.216s][info][gc,stats    ]       Phase: Concurrent Mark Continue                      0.000 / 0.000         0.000 / 0.000         0.000 / 0.000         0.000 / 0.000       ms
[80.216s][info][gc,stats    ]       Phase: Concurrent Prepare Relocation Set             9.877 / 14.703        5.675 / 67.644        5.675 / 67.644        5.675 / 67.644      ms
[80.216s][info][gc,stats    ]       Phase: Concurrent Process Non-Strong References      1.577 / 1.644         2.168 / 12.620        2.168 / 12.620        2.168 / 12.620      ms
[80.216s][info][gc,stats    ]       Phase: Concurrent Relocate                         209.594 / 293.541     106.558 / 851.942     106.558 / 851.942     106.558 / 851.942     ms
[80.216s][info][gc,stats    ]       Phase: Concurrent Reset Relocation Set               0.381 / 0.627         0.157 / 1.351         0.157 / 1.351         0.157 / 1.351       ms
[80.216s][info][gc,stats    ]       Phase: Concurrent Select Relocation Set              1.535 / 1.571         2.106 / 5.717         2.106 / 5.717         2.106 / 5.717       ms
[80.217s][info][gc,stats    ]       Phase: Pause Mark End                                0.260 / 0.317         0.244 / 0.635         0.244 / 0.635         0.244 / 0.635       ms
[80.217s][info][gc,stats    ]       Phase: Pause Mark Start                              2.693 / 2.739         2.456 / 6.071         2.456 / 6.071         2.456 / 6.071       ms
[80.217s][info][gc,stats    ]       Phase: Pause Relocate Start                          3.110 / 6.292         3.891 / 12.570        3.891 / 12.570        3.891 / 12.570      ms
[80.217s][info][gc,stats    ]    Subphase: Concurrent Mark                            1620.024 / 2249.089    897.214 / 5208.804    897.214 / 5208.804    897.214 / 5208.804    ms
[80.217s][info][gc,stats    ]    Subphase: Concurrent Mark Idle                          0.000 / 0.000         0.000 / 0.000         0.000 / 0.000         0.000 / 0.000       ms
[80.217s][info][gc,stats    ]    Subphase: Concurrent Mark Try Flush                     4.630 / 14.081        4.574 / 25.008        4.574 / 25.008        4.574 / 25.008      ms
[80.217s][info][gc,stats    ]    Subphase: Concurrent Mark Try Terminate                 1.081 / 4.887         1.369 / 11.682        1.369 / 11.682        1.369 / 11.682      ms
[80.217s][info][gc,stats    ]    Subphase: Concurrent References Enqueue                 0.001 / 0.003         0.002 / 0.007         0.002 / 0.007         0.002 / 0.007       ms
[80.217s][info][gc,stats    ]    Subphase: Concurrent References Process                 0.807 / 0.872         1.275 / 11.837        1.275 / 11.837        1.275 / 11.837      ms
[80.217s][info][gc,stats    ]    Subphase: Concurrent Weak Roots                         0.757 / 0.798         0.876 / 4.123         0.876 / 4.123         0.876 / 4.123       ms
[80.217s][info][gc,stats    ]    Subphase: Concurrent Weak Roots JNIWeakHandles          0.000 / 0.000         0.000 / 0.001         0.000 / 0.001         0.000 / 0.001       ms
[80.217s][info][gc,stats    ]    Subphase: Concurrent Weak Roots StringTable             0.579 / 0.623         0.685 / 3.915         0.685 / 3.915         0.685 / 3.915       ms
[80.217s][info][gc,stats    ]    Subphase: Concurrent Weak Roots VMWeakHandles           0.177 / 0.186         0.190 / 0.321         0.190 / 0.321         0.190 / 0.321       ms
[80.217s][info][gc,stats    ]    Subphase: Pause Mark Try Complete                       0.000 / 0.000         0.002 / 0.002         0.002 / 0.002         0.002 / 0.002       ms
[80.217s][info][gc,stats    ]    Subphase: Pause Remap TLABS                             0.001 / 0.002         0.001 / 0.007         0.001 / 0.007         0.001 / 0.007       ms
[80.217s][info][gc,stats    ]    Subphase: Pause Retire TLABS                            0.015 / 0.018         0.015 / 0.032         0.015 / 0.032         0.015 / 0.032       ms
[80.217s][info][gc,stats    ]    Subphase: Pause Roots                                   1.786 / 5.907         1.606 / 12.371        1.606 / 12.371        1.606 / 12.371      ms
[80.217s][info][gc,stats    ]    Subphase: Pause Roots ClassLoaderDataGraph              0.638 / 0.771         0.779 / 11.302        0.779 / 11.302        0.779 / 11.302      ms
[80.217s][info][gc,stats    ]    Subphase: Pause Roots CodeCache                         1.669 / 5.175         1.181 / 5.175         1.181 / 5.175         1.181 / 5.175       ms
[80.217s][info][gc,stats    ]    Subphase: Pause Roots JNIHandles                        0.001 / 0.001         0.001 / 0.005         0.001 / 0.005         0.001 / 0.005       ms
[80.217s][info][gc,stats    ]    Subphase: Pause Roots JNIWeakHandles                    0.000 / 0.000         0.000 / 0.000         0.000 / 0.000         0.000 / 0.000       ms
[80.217s][info][gc,stats    ]    Subphase: Pause Roots JRFWeak                           0.000 / 0.000         0.000 / 0.000         0.000 / 0.000         0.000 / 0.000       ms
[80.217s][info][gc,stats    ]    Subphase: Pause Roots JVMTIExport                       0.001 / 0.001         0.001 / 0.001         0.001 / 0.001         0.001 / 0.001       ms
[80.217s][info][gc,stats    ]    Subphase: Pause Roots JVMTIWeakExport                   0.001 / 0.001         0.001 / 0.001         0.001 / 0.001         0.001 / 0.001       ms
[80.217s][info][gc,stats    ]    Subphase: Pause Roots Management                        0.001 / 0.002         0.064 / 4.405         0.064 / 4.405         0.064 / 4.405       ms
[80.217s][info][gc,stats    ]    Subphase: Pause Roots ObjectSynchronizer                0.000 / 0.000         0.000 / 0.001         0.000 / 0.001         0.000 / 0.001       ms
[80.217s][info][gc,stats    ]    Subphase: Pause Roots Setup                             0.193 / 0.348         0.160 / 0.504         0.160 / 0.504         0.160 / 0.504       ms
[80.217s][info][gc,stats    ]    Subphase: Pause Roots StringTable                       0.000 / 0.000         0.000 / 0.000         0.000 / 0.000         0.000 / 0.000       ms
[80.217s][info][gc,stats    ]    Subphase: Pause Roots SystemDictionary                  0.011 / 0.012         0.013 / 0.072         0.013 / 0.072         0.013 / 0.072       ms
[80.217s][info][gc,stats    ]    Subphase: Pause Roots Teardown                          0.001 / 0.002         0.002 / 0.016         0.002 / 0.016         0.002 / 0.016       ms
[80.217s][info][gc,stats    ]    Subphase: Pause Roots Threads                           0.233 / 0.288         0.239 / 0.974         0.239 / 0.974         0.239 / 0.974       ms
[80.217s][info][gc,stats    ]    Subphase: Pause Roots Universe                          0.003 / 0.006         0.008 / 0.365         0.008 / 0.365         0.008 / 0.365       ms
[80.217s][info][gc,stats    ]    Subphase: Pause Roots VMWeakHandles                     0.000 / 0.000         0.000 / 0.000         0.000 / 0.000         0.000 / 0.000       ms
[80.217s][info][gc,stats    ]    Subphase: Pause Weak Roots                              0.002 / 0.002         0.002 / 0.009         0.002 / 0.009         0.002 / 0.009       ms
[80.217s][info][gc,stats    ]    Subphase: Pause Weak Roots JFRWeak                      0.001 / 0.001         0.001 / 0.001         0.001 / 0.001         0.001 / 0.001       ms
[80.217s][info][gc,stats    ]    Subphase: Pause Weak Roots JNIWeakHandles               0.000 / 0.000         0.000 / 0.000         0.000 / 0.000         0.000 / 0.000       ms
[80.217s][info][gc,stats    ]    Subphase: Pause Weak Roots JVMTIWeakExport              0.001 / 0.001         0.001 / 0.007         0.001 / 0.007         0.001 / 0.007       ms
[80.217s][info][gc,stats    ]    Subphase: Pause Weak Roots Setup                        0.000 / 0.000         0.000 / 0.000         0.000 / 0.000         0.000 / 0.000       ms
[80.217s][info][gc,stats    ]    Subphase: Pause Weak Roots StringTable                  0.000 / 0.000         0.000 / 0.000         0.000 / 0.000         0.000 / 0.000       ms
[80.217s][info][gc,stats    ]    Subphase: Pause Weak Roots SymbolTable                  0.000 / 0.000         0.000 / 0.000         0.000 / 0.000         0.000 / 0.000       ms
[80.217s][info][gc,stats    ]    Subphase: Pause Weak Roots Teardown                     0.001 / 0.001         0.001 / 0.001         0.001 / 0.001         0.001 / 0.001       ms
[80.217s][info][gc,stats    ]    Subphase: Pause Weak Roots VMWeakHandles                0.000 / 0.000         0.000 / 0.000         0.000 / 0.000         0.000 / 0.000       ms
[80.217s][info][gc,stats    ]      System: Java Threads                                     57 / 58               48 / 58               48 / 58               48 / 58          threads
[80.217s][info][gc,stats    ] =========================================================================================================================================================
[80.440s][info][gc,phases   ] GC(34) Concurrent Relocate 271.651ms
[80.440s][info][gc,load     ] GC(34) Load: 3.96/4.19/3.10
[80.440s][info][gc,mmu      ] GC(34) MMU: 2ms/0.0%, 5ms/0.0%, 10ms/0.0%, 20ms/34.0%, 50ms/73.6%, 100ms/86.8%
[80.440s][info][gc,marking  ] GC(34) Mark: 1 stripe(s), 2 proactive flush(es), 1 terminate flush(es), 0 completion(s), 0 continuation(s) 
[80.440s][info][gc,reloc    ] GC(34) Relocation: Successful, 54M relocated
[80.440s][info][gc,nmethod  ] GC(34) NMethods: 3120 registered, 0 unregistered
[80.440s][info][gc,metaspace] GC(34) Metaspace: 70M used, 74M capacity, 74M committed, 76M reserved
[80.440s][info][gc,ref      ] GC(34) Soft: 4668 encountered, 0 discovered, 0 enqueued
[80.440s][info][gc,ref      ] GC(34) Weak: 4456 encountered, 3434 discovered, 1 enqueued
[80.440s][info][gc,ref      ] GC(34) Final: 26 encountered, 0 discovered, 0 enqueued
[80.440s][info][gc,ref      ] GC(34) Phantom: 656 encountered, 653 discovered, 0 enqueued
[80.440s][info][gc,heap     ] GC(34)                Mark Start          Mark End        Relocate Start      Relocate End           High               Low         
[80.440s][info][gc,heap     ] GC(34)  Capacity:     1000M (100%)       1000M (100%)       1000M (100%)       1000M (100%)       1000M (100%)       1000M (100%)   
[80.440s][info][gc,heap     ] GC(34)   Reserve:       34M (3%)           34M (3%)           34M (3%)           34M (3%)           34M (3%)           34M (3%)     
[80.440s][info][gc,heap     ] GC(34)      Free:      518M (52%)         268M (27%)         284M (28%)         484M (48%)         518M (52%)         268M (27%)    
[80.440s][info][gc,heap     ] GC(34)      Used:      448M (45%)         698M (70%)         682M (68%)         482M (48%)         698M (70%)         448M (45%)    
[80.440s][info][gc,heap     ] GC(34)      Live:         -               199M (20%)         199M (20%)         199M (20%)            -                  -          
[80.440s][info][gc,heap     ] GC(34) Allocated:         -               250M (25%)         250M (25%)         314M (31%)            -                  -          
[80.440s][info][gc,heap     ] GC(34)   Garbage:         -               248M (25%)         232M (23%)          24M (2%)             -                  -          
[80.440s][info][gc,heap     ] GC(34) Reclaimed:         -                  -                16M (2%)          224M (22%)            -                  -          
[80.440s][info][gc          ] GC(34) Garbage Collection (Allocation Rate) 448M(45%)->482M(48%)
[80.516s][info][gc,start    ] GC(35) Garbage Collection (Allocation Rate)
[80.522s][info][gc,phases   ] GC(35) Pause Mark Start 2.716ms
[82.738s][info][gc,phases   ] GC(35) Concurrent Mark 2216.185ms
[82.746s][info][gc,phases   ] GC(35) Pause Mark End 0.233ms
[82.748s][info][gc,phases   ] GC(35) Concurrent Process Non-Strong References 1.505ms
[82.749s][info][gc,phases   ] GC(35) Concurrent Reset Relocation Set 0.603ms
[82.749s][info][gc,phases   ] GC(35) Concurrent Destroy Detached Pages 0.001ms
[82.750s][info][gc,phases   ] GC(35) Concurrent Select Relocation Set 1.523ms
[82.781s][info][gc,phases   ] GC(35) Concurrent Prepare Relocation Set 30.874ms
[82.790s][info][gc,phases   ] GC(35) Pause Relocate Start 2.343ms
[83.164s][info][gc,phases   ] GC(35) Concurrent Relocate 374.693ms
[83.165s][info][gc,load     ] GC(35) Load: 3.96/4.19/3.10
[83.165s][info][gc,mmu      ] GC(35) MMU: 2ms/0.0%, 5ms/0.0%, 10ms/0.0%, 20ms/34.0%, 50ms/73.6%, 100ms/86.8%
[83.165s][info][gc,marking  ] GC(35) Mark: 1 stripe(s), 2 proactive flush(es), 1 terminate flush(es), 0 completion(s), 0 continuation(s) 
[83.165s][info][gc,reloc    ] GC(35) Relocation: Successful, 67M relocated
[83.165s][info][gc,nmethod  ] GC(35) NMethods: 3128 registered, 0 unregistered
[83.165s][info][gc,metaspace] GC(35) Metaspace: 70M used, 74M capacity, 74M committed, 76M reserved
[83.165s][info][gc,ref      ] GC(35) Soft: 4668 encountered, 0 discovered, 0 enqueued
[83.165s][info][gc,ref      ] GC(35) Weak: 4455 encountered, 3454 discovered, 0 enqueued
[83.165s][info][gc,ref      ] GC(35) Final: 26 encountered, 0 discovered, 0 enqueued
[83.165s][info][gc,ref      ] GC(35) Phantom: 656 encountered, 653 discovered, 0 enqueued
[83.165s][info][gc,heap     ] GC(35)                Mark Start          Mark End        Relocate Start      Relocate End           High               Low         
[83.165s][info][gc,heap     ] GC(35)  Capacity:     1000M (100%)       1000M (100%)       1000M (100%)       1000M (100%)       1000M (100%)       1000M (100%)   
[83.165s][info][gc,heap     ] GC(35)   Reserve:       34M (3%)           34M (3%)           34M (3%)           34M (3%)           34M (3%)           34M (3%)     
[83.165s][info][gc,heap     ] GC(35)      Free:      464M (46%)         178M (18%)         178M (18%)         340M (34%)         464M (46%)         176M (18%)    
[83.165s][info][gc,heap     ] GC(35)      Used:      502M (50%)         788M (79%)         788M (79%)         626M (63%)         790M (79%)         502M (50%)    
[83.165s][info][gc,heap     ] GC(35)      Live:         -               257M (26%)         257M (26%)         257M (26%)            -                  -          
[83.165s][info][gc,heap     ] GC(35) Allocated:         -               286M (29%)         292M (29%)         358M (36%)            -                  -          
[83.165s][info][gc,heap     ] GC(35)   Garbage:         -               244M (24%)         238M (24%)          66M (7%)             -                  -          
[83.165s][info][gc,heap     ] GC(35) Reclaimed:         -                  -                 6M (1%)          178M (18%)            -                  -          
[83.165s][info][gc          ] GC(35) Garbage Collection (Allocation Rate) 502M(50%)->626M(63%)
[83.212s][info][gc,start    ] GC(36) Garbage Collection (Allocation Rate)
[83.222s][info][gc,phases   ] GC(36) Pause Mark Start 2.651ms
[83.470s][info][gc,heap     ] Page Cache Flushed: 18M requested, 44M(304M->260M) flushed
[85.545s][info][gc,phases   ] GC(36) Concurrent Mark 2322.860ms
[85.550s][info][gc,phases   ] GC(36) Pause Mark End 0.234ms
[85.552s][info][gc,phases   ] GC(36) Concurrent Process Non-Strong References 1.649ms
[85.553s][info][gc,phases   ] GC(36) Concurrent Reset Relocation Set 0.833ms
[85.553s][info][gc,phases   ] GC(36) Concurrent Destroy Detached Pages 0.005ms
[85.554s][info][gc,phases   ] GC(36) Concurrent Select Relocation Set 1.550ms
[85.569s][info][gc,phases   ] GC(36) Concurrent Prepare Relocation Set 14.849ms
[85.581s][info][gc,phases   ] GC(36) Pause Relocate Start 2.289ms
[85.860s][info][gc,phases   ] GC(36) Concurrent Relocate 279.138ms
[85.860s][info][gc,load     ] GC(36) Load: 3.88/4.17/3.10
[85.860s][info][gc,mmu      ] GC(36) MMU: 2ms/0.0%, 5ms/0.0%, 10ms/0.0%, 20ms/34.0%, 50ms/73.6%, 100ms/86.8%
[85.860s][info][gc,marking  ] GC(36) Mark: 1 stripe(s), 2 proactive flush(es), 1 terminate flush(es), 0 completion(s), 0 continuation(s) 
[85.860s][info][gc,reloc    ] GC(36) Relocation: Successful, 53M relocated
[85.861s][info][gc,nmethod  ] GC(36) NMethods: 3129 registered, 0 unregistered
[85.861s][info][gc,metaspace] GC(36) Metaspace: 70M used, 74M capacity, 74M committed, 76M reserved
[85.861s][info][gc,ref      ] GC(36) Soft: 4668 encountered, 0 discovered, 0 enqueued
[85.861s][info][gc,ref      ] GC(36) Weak: 4455 encountered, 3435 discovered, 4 enqueued
[85.861s][info][gc,ref      ] GC(36) Final: 26 encountered, 0 discovered, 0 enqueued
[85.861s][info][gc,ref      ] GC(36) Phantom: 656 encountered, 653 discovered, 0 enqueued
[85.861s][info][gc,heap     ] GC(36)                Mark Start          Mark End        Relocate Start      Relocate End           High               Low         
[85.861s][info][gc,heap     ] GC(36)  Capacity:     1000M (100%)       1000M (100%)       1000M (100%)       1000M (100%)       1000M (100%)       1000M (100%)   
[85.861s][info][gc,heap     ] GC(36)   Reserve:       34M (3%)           34M (3%)           34M (3%)           34M (3%)           34M (3%)           34M (3%)     
[85.861s][info][gc,heap     ] GC(36)      Free:      330M (33%)         130M (13%)         136M (14%)         446M (45%)         446M (45%)         130M (13%)    
[85.861s][info][gc,heap     ] GC(36)      Used:      636M (64%)         836M (84%)         830M (83%)         520M (52%)         836M (84%)         520M (52%)    
[85.861s][info][gc,heap     ] GC(36)      Live:         -               275M (28%)         275M (28%)         275M (28%)            -                  -          
[85.861s][info][gc,heap     ] GC(36) Allocated:         -               200M (20%)         200M (20%)         218M (22%)            -                  -          
[85.861s][info][gc,heap     ] GC(36)   Garbage:         -               360M (36%)         354M (35%)          44M (4%)             -                  -          
[85.861s][info][gc,heap     ] GC(36) Reclaimed:         -                  -                 6M (1%)          316M (32%)            -                  -          
[85.861s][info][gc          ] GC(36) Garbage Collection (Allocation Rate) 636M(64%)->520M(52%)
[85.912s][info][gc,start    ] GC(37) Garbage Collection (Allocation Rate)
[85.922s][info][gc,phases   ] GC(37) Pause Mark Start 2.700ms
[86.901s][info][gc,heap     ] Page Cache Flushed: 6M requested, 6M(418M->412M) flushed
[87.721s][info][gc,heap     ] Page Cache Flushed: 6M requested, 6M(394M->388M) flushed
[88.329s][info][gc,phases   ] GC(37) Concurrent Mark 2406.997ms
[88.335s][info][gc,phases   ] GC(37) Pause Mark End 0.290ms
[88.349s][info][gc,phases   ] GC(37) Concurrent Process Non-Strong References 9.504ms
[88.350s][info][gc,phases   ] GC(37) Concurrent Reset Relocation Set 0.517ms
[88.350s][info][gc,phases   ] GC(37) Concurrent Destroy Detached Pages 0.007ms
[88.351s][info][gc,phases   ] GC(37) Concurrent Select Relocation Set 1.535ms
[88.365s][info][gc,phases   ] GC(37) Concurrent Prepare Relocation Set 13.509ms
[88.373s][info][gc,phases   ] GC(37) Pause Relocate Start 2.245ms
[88.484s][info][gc,heap     ] Page Cache Flushed: 6M requested, 10M(570M->560M) flushed
[88.624s][info][gc,phases   ] GC(37) Concurrent Relocate 250.955ms
[88.624s][info][gc,load     ] GC(37) Load: 3.88/4.17/3.10
[88.624s][info][gc,mmu      ] GC(37) MMU: 2ms/0.0%, 5ms/0.0%, 10ms/0.0%, 20ms/34.0%, 50ms/73.6%, 100ms/86.8%
[88.624s][info][gc,marking  ] GC(37) Mark: 1 stripe(s), 2 proactive flush(es), 1 terminate flush(es), 0 completion(s), 0 continuation(s) 
[88.624s][info][gc,reloc    ] GC(37) Relocation: Successful, 42M relocated
[88.624s][info][gc,nmethod  ] GC(37) NMethods: 3194 registered, 0 unregistered
[88.624s][info][gc,metaspace] GC(37) Metaspace: 70M used, 74M capacity, 74M committed, 76M reserved
[88.624s][info][gc,ref      ] GC(37) Soft: 4668 encountered, 0 discovered, 0 enqueued
[88.624s][info][gc,ref      ] GC(37) Weak: 4451 encountered, 3433 discovered, 0 enqueued
[88.624s][info][gc,ref      ] GC(37) Final: 26 encountered, 0 discovered, 0 enqueued
[88.624s][info][gc,ref      ] GC(37) Phantom: 656 encountered, 653 discovered, 0 enqueued
[88.624s][info][gc,heap     ] GC(37)                Mark Start          Mark End        Relocate Start      Relocate End           High               Low         
[88.624s][info][gc,heap     ] GC(37)  Capacity:     1000M (100%)       1000M (100%)       1000M (100%)       1000M (100%)       1000M (100%)       1000M (100%)   
[88.624s][info][gc,heap     ] GC(37)   Reserve:       34M (3%)           34M (3%)           34M (3%)           34M (3%)           34M (3%)           34M (3%)     
[88.624s][info][gc,heap     ] GC(37)      Free:      446M (45%)         366M (37%)         420M (42%)         618M (62%)         618M (62%)         364M (36%)    
[88.624s][info][gc,heap     ] GC(37)      Used:      520M (52%)         600M (60%)         546M (55%)         348M (35%)         602M (60%)         348M (35%)    
[88.624s][info][gc,heap     ] GC(37)      Live:         -               241M (24%)         241M (24%)         241M (24%)            -                  -          
[88.624s][info][gc,heap     ] GC(37) Allocated:         -                80M (8%)           82M (8%)          108M (11%)            -                  -          
[88.624s][info][gc,heap     ] GC(37)   Garbage:         -               278M (28%)         222M (22%)          10M (1%)             -                  -          
[88.624s][info][gc,heap     ] GC(37) Reclaimed:         -                  -                56M (6%)          268M (27%)            -                  -          
[88.624s][info][gc          ] GC(37) Garbage Collection (Allocation Rate) 520M(52%)->348M(35%)
[89.113s][info][gc,start    ] GC(38) Garbage Collection (Allocation Rate)
[89.122s][info][gc,phases   ] GC(38) Pause Mark Start 2.717ms
[89.361s][info][gc,heap     ] Page Cache Flushed: 2M requested, 32M(490M->458M) flushed
[90.212s][info][gc,stats    ] === Garbage Collection Statistics =======================================================================================================================
[90.212s][info][gc,stats    ]                                                              Last 10s              Last 10m              Last 10h                Total
[90.212s][info][gc,stats    ]                                                              Avg / Max             Avg / Max             Avg / Max             Avg / Max
[90.216s][info][gc,stats    ]   Collector: Garbage Collection Cycle                   2533.247 / 2712.210   1171.405 / 5279.755   1171.405 / 5279.755   1171.405 / 5279.755    ms
[90.216s][info][gc,stats    ]  Contention: Mark Segment Reset Contention                     0 / 0                 0 / 0                 0 / 0                 0 / 0           ops/s
[90.216s][info][gc,stats    ]  Contention: Mark SeqNum Reset Contention                      0 / 0                 0 / 0                 0 / 0                 0 / 0           ops/s
[90.216s][info][gc,stats    ]  Contention: Relocation Contention                             0 / 1                 0 / 1                 0 / 1                 0 / 1           ops/s
[90.216s][info][gc,stats    ]    Critical: Allocation Stall                              0.000 / 0.000         0.000 / 0.000         0.000 / 0.000         0.000 / 0.000       ms
[90.216s][info][gc,stats    ]    Critical: Allocation Stall                                  0 / 0                 0 / 0                 0 / 0                 0 / 0           ops/s
[90.216s][info][gc,stats    ]    Critical: GC Locker Stall                               0.000 / 0.000         0.013 / 0.014         0.013 / 0.014         0.013 / 0.014       ms
[90.216s][info][gc,stats    ]    Critical: GC Locker Stall                                   0 / 0                 0 / 1                 0 / 1                 0 / 1           ops/s
[90.216s][info][gc,stats    ]      Memory: Allocation Rate                                  90 / 132             135 / 600             135 / 600             135 / 600         MB/s
[90.216s][info][gc,stats    ]      Memory: Heap Used After Mark                            741 / 836             565 / 960             565 / 960             565 / 960         MB
[90.216s][info][gc,stats    ]      Memory: Heap Used After Relocation                      494 / 626             273 / 908             273 / 908             273 / 908         MB
[90.216s][info][gc,stats    ]      Memory: Heap Used Before Mark                           516 / 636             459 / 908             459 / 908             459 / 908         MB
[90.216s][info][gc,stats    ]      Memory: Heap Used Before Relocation                     721 / 830             363 / 938             363 / 938             363 / 938         MB
[90.216s][info][gc,stats    ]      Memory: Out Of Memory                                     0 / 0                 0 / 0                 0 / 0                 0 / 0           ops/s
[90.216s][info][gc,stats    ]      Memory: Page Cache Flush                                  9 / 44                2 / 44                2 / 44                2 / 44          MB/s
[90.216s][info][gc,stats    ]      Memory: Page Cache Hit L1                                41 / 79               61 / 301              61 / 301              61 / 301         ops/s
[90.216s][info][gc,stats    ]      Memory: Page Cache Hit L2                                 0 / 0                 0 / 0                 0 / 0                 0 / 0           ops/s
[90.216s][info][gc,stats    ]      Memory: Page Cache Miss                                   0 / 2                 4 / 114               4 / 114               4 / 114         ops/s
[90.216s][info][gc,stats    ]      Memory: Undo Object Allocation Failed                     0 / 0                 0 / 0                 0 / 0                 0 / 0           ops/s
[90.216s][info][gc,stats    ]      Memory: Undo Object Allocation Succeeded                  0 / 1                 0 / 1                 0 / 1                 0 / 1           ops/s
[90.216s][info][gc,stats    ]      Memory: Undo Page Allocation                              0 / 0                 0 / 0                 0 / 0                 0 / 0           ops/s
[90.216s][info][gc,stats    ]       Phase: Concurrent Destroy Detached Pages             0.004 / 0.007         0.002 / 0.011         0.002 / 0.011         0.002 / 0.011       ms
[90.216s][info][gc,stats    ]       Phase: Concurrent Mark                            2315.347 / 2406.997   1009.814 / 5208.825   1009.814 / 5208.825   1009.814 / 5208.825    ms
[90.216s][info][gc,stats    ]       Phase: Concurrent Mark Continue                      0.000 / 0.000         0.000 / 0.000         0.000 / 0.000         0.000 / 0.000       ms
[90.216s][info][gc,stats    ]       Phase: Concurrent Prepare Relocation Set            19.744 / 30.874        6.786 / 67.644        6.786 / 67.644        6.786 / 67.644      ms
[90.216s][info][gc,stats    ]       Phase: Concurrent Process Non-Strong References      4.219 / 9.504         2.330 / 12.620        2.330 / 12.620        2.330 / 12.620      ms
[90.216s][info][gc,stats    ]       Phase: Concurrent Relocate                         294.109 / 374.693     126.300 / 851.942     126.300 / 851.942     126.300 / 851.942     ms
[90.216s][info][gc,stats    ]       Phase: Concurrent Reset Relocation Set               0.651 / 0.833         0.196 / 1.351         0.196 / 1.351         0.196 / 1.351       ms
[90.216s][info][gc,stats    ]       Phase: Concurrent Select Relocation Set              1.536 / 1.550         2.061 / 5.717         2.061 / 5.717         2.061 / 5.717       ms
[90.216s][info][gc,stats    ]       Phase: Pause Mark End                                0.252 / 0.290         0.245 / 0.635         0.245 / 0.635         0.245 / 0.635       ms
[90.216s][info][gc,stats    ]       Phase: Pause Mark Start                              2.696 / 2.717         2.480 / 6.071         2.480 / 6.071         2.480 / 6.071       ms
[90.216s][info][gc,stats    ]       Phase: Pause Relocate Start                          2.293 / 2.343         3.765 / 12.570        3.765 / 12.570        3.765 / 12.570      ms
[90.216s][info][gc,stats    ]    Subphase: Concurrent Mark                            2315.315 / 2406.960   1009.170 / 5208.804   1009.170 / 5208.804   1009.170 / 5208.804    ms
[90.216s][info][gc,stats    ]    Subphase: Concurrent Mark Idle                          0.000 / 0.000         0.000 / 0.000         0.000 / 0.000         0.000 / 0.000       ms
[90.216s][info][gc,stats    ]    Subphase: Concurrent Mark Try Flush                     2.967 / 7.742         4.461 / 25.008        4.461 / 25.008        4.461 / 25.008      ms
[90.216s][info][gc,stats    ]    Subphase: Concurrent Mark Try Terminate                 0.465 / 0.967         1.299 / 11.682        1.299 / 11.682        1.299 / 11.682      ms
[90.216s][info][gc,stats    ]    Subphase: Concurrent References Enqueue                 0.001 / 0.003         0.002 / 0.007         0.002 / 0.007         0.002 / 0.007       ms
[90.216s][info][gc,stats    ]    Subphase: Concurrent References Process                 0.755 / 0.834         1.234 / 11.837        1.234 / 11.837        1.234 / 11.837      ms
[90.216s][info][gc,stats    ]    Subphase: Concurrent Weak Roots                         0.769 / 0.796         0.868 / 4.123         0.868 / 4.123         0.868 / 4.123       ms
[90.216s][info][gc,stats    ]    Subphase: Concurrent Weak Roots JNIWeakHandles          0.000 / 0.001         0.000 / 0.001         0.000 / 0.001         0.000 / 0.001       ms
[90.216s][info][gc,stats    ]    Subphase: Concurrent Weak Roots StringTable             0.574 / 0.616         0.676 / 3.915         0.676 / 3.915         0.676 / 3.915       ms
[90.216s][info][gc,stats    ]    Subphase: Concurrent Weak Roots VMWeakHandles           0.192 / 0.219         0.190 / 0.321         0.190 / 0.321         0.190 / 0.321       ms
[90.216s][info][gc,stats    ]    Subphase: Pause Mark Try Complete                       0.000 / 0.000         0.002 / 0.002         0.002 / 0.002         0.002 / 0.002       ms
[90.216s][info][gc,stats    ]    Subphase: Pause Remap TLABS                             0.010 / 0.026         0.002 / 0.026         0.002 / 0.026         0.002 / 0.026       ms
[90.216s][info][gc,stats    ]    Subphase: Pause Retire TLABS                            0.014 / 0.016         0.015 / 0.032         0.015 / 0.032         0.015 / 0.032       ms
[90.216s][info][gc,stats    ]    Subphase: Pause Roots                                   1.600 / 2.396         1.606 / 12.371        1.606 / 12.371        1.606 / 12.371      ms
[90.216s][info][gc,stats    ]    Subphase: Pause Roots ClassLoaderDataGraph              0.677 / 0.780         0.769 / 11.302        0.769 / 11.302        0.769 / 11.302      ms
[90.216s][info][gc,stats    ]    Subphase: Pause Roots CodeCache                         1.252 / 1.367         1.187 / 5.175         1.187 / 5.175         1.187 / 5.175       ms
[90.216s][info][gc,stats    ]    Subphase: Pause Roots JNIHandles                        0.001 / 0.001         0.001 / 0.005         0.001 / 0.005         0.001 / 0.005       ms
[90.216s][info][gc,stats    ]    Subphase: Pause Roots JNIWeakHandles                    0.000 / 0.000         0.000 / 0.000         0.000 / 0.000         0.000 / 0.000       ms
[90.216s][info][gc,stats    ]    Subphase: Pause Roots JRFWeak                           0.000 / 0.000         0.000 / 0.000         0.000 / 0.000         0.000 / 0.000       ms
[90.216s][info][gc,stats    ]    Subphase: Pause Roots JVMTIExport                       0.001 / 0.001         0.001 / 0.001         0.001 / 0.001         0.001 / 0.001       ms
[90.216s][info][gc,stats    ]    Subphase: Pause Roots JVMTIWeakExport                   0.001 / 0.001         0.001 / 0.001         0.001 / 0.001         0.001 / 0.001       ms
[90.216s][info][gc,stats    ]    Subphase: Pause Roots Management                        0.001 / 0.001         0.058 / 4.405         0.058 / 4.405         0.058 / 4.405       ms
[90.216s][info][gc,stats    ]    Subphase: Pause Roots ObjectSynchronizer                0.000 / 0.000         0.000 / 0.001         0.000 / 0.001         0.000 / 0.001       ms
[90.216s][info][gc,stats    ]    Subphase: Pause Roots Setup                             0.199 / 0.303         0.163 / 0.504         0.163 / 0.504         0.163 / 0.504       ms
[90.216s][info][gc,stats    ]    Subphase: Pause Roots StringTable                       0.000 / 0.000         0.000 / 0.000         0.000 / 0.000         0.000 / 0.000       ms
[90.216s][info][gc,stats    ]    Subphase: Pause Roots SystemDictionary                  0.012 / 0.012         0.013 / 0.072         0.013 / 0.072         0.013 / 0.072       ms
[90.216s][info][gc,stats    ]    Subphase: Pause Roots Teardown                          0.001 / 0.002         0.002 / 0.016         0.002 / 0.016         0.002 / 0.016       ms
[90.216s][info][gc,stats    ]    Subphase: Pause Roots Threads                           0.235 / 0.286         0.239 / 0.974         0.239 / 0.974         0.239 / 0.974       ms
[90.216s][info][gc,stats    ]    Subphase: Pause Roots Universe                          0.002 / 0.003         0.008 / 0.365         0.008 / 0.365         0.008 / 0.365       ms
[90.216s][info][gc,stats    ]    Subphase: Pause Roots VMWeakHandles                     0.000 / 0.000         0.000 / 0.000         0.000 / 0.000         0.000 / 0.000       ms
[90.216s][info][gc,stats    ]    Subphase: Pause Weak Roots                              0.002 / 0.002         0.002 / 0.009         0.002 / 0.009         0.002 / 0.009       ms
[90.216s][info][gc,stats    ]    Subphase: Pause Weak Roots JFRWeak                      0.001 / 0.001         0.001 / 0.001         0.001 / 0.001         0.001 / 0.001       ms
[90.216s][info][gc,stats    ]    Subphase: Pause Weak Roots JNIWeakHandles               0.000 / 0.000         0.000 / 0.000         0.000 / 0.000         0.000 / 0.000       ms
[90.216s][info][gc,stats    ]    Subphase: Pause Weak Roots JVMTIWeakExport              0.001 / 0.001         0.001 / 0.007         0.001 / 0.007         0.001 / 0.007       ms
[90.216s][info][gc,stats    ]    Subphase: Pause Weak Roots Setup                        0.000 / 0.000         0.000 / 0.000         0.000 / 0.000         0.000 / 0.000       ms
[90.216s][info][gc,stats    ]    Subphase: Pause Weak Roots StringTable                  0.000 / 0.000         0.000 / 0.000         0.000 / 0.000         0.000 / 0.000       ms
[90.216s][info][gc,stats    ]    Subphase: Pause Weak Roots SymbolTable                  0.000 / 0.000         0.000 / 0.000         0.000 / 0.000         0.000 / 0.000       ms
[90.216s][info][gc,stats    ]    Subphase: Pause Weak Roots Teardown                     0.001 / 0.001         0.001 / 0.001         0.001 / 0.001         0.001 / 0.001       ms
[90.216s][info][gc,stats    ]    Subphase: Pause Weak Roots VMWeakHandles                0.000 / 0.000         0.000 / 0.000         0.000 / 0.000         0.000 / 0.000       ms
[90.216s][info][gc,stats    ]      System: Java Threads                                     58 / 58               49 / 58               49 / 58               49 / 58          threads
[90.216s][info][gc,stats    ] =========================================================================================================================================================
[90.662s][info][gc,phases   ] GC(38) Concurrent Mark 1534.186ms
[90.667s][info][gc,phases   ] GC(38) Pause Mark End 0.231ms
[90.668s][info][gc,phases   ] GC(38) Concurrent Process Non-Strong References 1.744ms
[90.672s][info][gc,phases   ] GC(38) Concurrent Reset Relocation Set 0.316ms
[90.673s][info][gc,phases   ] GC(38) Concurrent Destroy Detached Pages 0.004ms
[90.674s][info][gc,phases   ] GC(38) Concurrent Select Relocation Set 1.529ms
[90.690s][info][gc,phases   ] GC(38) Concurrent Prepare Relocation Set 16.037ms
[90.700s][info][gc,phases   ] GC(38) Pause Relocate Start 7.655ms
[90.866s][info][gc,phases   ] GC(38) Concurrent Relocate 165.995ms
[90.870s][info][gc,load     ] GC(38) Load: 3.81/4.15/3.10
[90.870s][info][gc,mmu      ] GC(38) MMU: 2ms/0.0%, 5ms/0.0%, 10ms/0.0%, 20ms/34.0%, 50ms/73.6%, 100ms/86.8%
[90.870s][info][gc,marking  ] GC(38) Mark: 1 stripe(s), 2 proactive flush(es), 1 terminate flush(es), 0 completion(s), 0 continuation(s) 
[90.870s][info][gc,reloc    ] GC(38) Relocation: Successful, 37M relocated
[90.870s][info][gc,nmethod  ] GC(38) NMethods: 3230 registered, 0 unregistered
[90.870s][info][gc,metaspace] GC(38) Metaspace: 70M used, 74M capacity, 74M committed, 76M reserved
[90.870s][info][gc,ref      ] GC(38) Soft: 4678 encountered, 0 discovered, 0 enqueued
[90.870s][info][gc,ref      ] GC(38) Weak: 4724 encountered, 3585 discovered, 117 enqueued
[90.870s][info][gc,ref      ] GC(38) Final: 26 encountered, 0 discovered, 0 enqueued
[90.870s][info][gc,ref      ] GC(38) Phantom: 662 encountered, 659 discovered, 6 enqueued
[90.870s][info][gc,heap     ] GC(38)                Mark Start          Mark End        Relocate Start      Relocate End           High               Low         
[90.870s][info][gc,heap     ] GC(38)  Capacity:     1000M (100%)       1000M (100%)       1000M (100%)       1000M (100%)       1000M (100%)       1000M (100%)   
[90.870s][info][gc,heap     ] GC(38)   Reserve:       34M (3%)           34M (3%)           34M (3%)           34M (3%)           34M (3%)           34M (3%)     
[90.870s][info][gc,heap     ] GC(38)      Free:      558M (56%)         320M (32%)         382M (38%)         452M (45%)         558M (56%)         320M (32%)    
[90.870s][info][gc,heap     ] GC(38)      Used:      408M (41%)         646M (65%)         584M (58%)         514M (51%)         646M (65%)         408M (41%)    
[90.870s][info][gc,heap     ] GC(38)      Live:         -               210M (21%)         210M (21%)         210M (21%)            -                  -          
[90.870s][info][gc,heap     ] GC(38) Allocated:         -               238M (24%)         240M (24%)         278M (28%)            -                  -          
[90.870s][info][gc,heap     ] GC(38)   Garbage:         -               197M (20%)         133M (13%)          43M (4%)             -                  -          
[90.870s][info][gc,heap     ] GC(38) Reclaimed:         -                  -                64M (6%)          154M (15%)            -                  -          
[90.870s][info][gc          ] GC(38) Garbage Collection (Allocation Rate) 408M(41%)->514M(51%)
[90.916s][info][gc,start    ] GC(39) Garbage Collection (Allocation Rate)
[90.925s][info][gc,phases   ] GC(39) Pause Mark Start 2.804ms
[92.763s][info][gc,phases   ] GC(39) Concurrent Mark 1837.994ms
[92.771s][info][gc,phases   ] GC(39) Pause Mark End 0.239ms
[92.772s][info][gc,phases   ] GC(39) Concurrent Process Non-Strong References 1.643ms
[92.773s][info][gc,phases   ] GC(39) Concurrent Reset Relocation Set 0.362ms
[92.773s][info][gc,phases   ] GC(39) Concurrent Destroy Detached Pages 0.001ms
[92.774s][info][gc,phases   ] GC(39) Concurrent Select Relocation Set 1.533ms
[92.791s][info][gc,phases   ] GC(39) Concurrent Prepare Relocation Set 16.898ms
[92.804s][info][gc,phases   ] GC(39) Pause Relocate Start 2.273ms
[93.156s][info][gc,phases   ] GC(39) Concurrent Relocate 339.187ms
[93.156s][info][gc,load     ] GC(39) Load: 3.81/4.15/3.10
[93.156s][info][gc,mmu      ] GC(39) MMU: 2ms/0.0%, 5ms/0.0%, 10ms/0.0%, 20ms/34.0%, 50ms/73.6%, 100ms/86.8%
[93.156s][info][gc,marking  ] GC(39) Mark: 1 stripe(s), 2 proactive flush(es), 1 terminate flush(es), 0 completion(s), 0 continuation(s) 
[93.156s][info][gc,reloc    ] GC(39) Relocation: Successful, 75M relocated
[93.156s][info][gc,nmethod  ] GC(39) NMethods: 3238 registered, 0 unregistered
[93.156s][info][gc,metaspace] GC(39) Metaspace: 70M used, 74M capacity, 74M committed, 76M reserved
[93.156s][info][gc,ref      ] GC(39) Soft: 4678 encountered, 0 discovered, 0 enqueued
[93.156s][info][gc,ref      ] GC(39) Weak: 4616 encountered, 3527 discovered, 44 enqueued
[93.156s][info][gc,ref      ] GC(39) Final: 26 encountered, 0 discovered, 0 enqueued
[93.156s][info][gc,ref      ] GC(39) Phantom: 656 encountered, 653 discovered, 0 enqueued
[93.156s][info][gc,heap     ] GC(39)                Mark Start          Mark End        Relocate Start      Relocate End           High               Low         
[93.156s][info][gc,heap     ] GC(39)  Capacity:     1000M (100%)       1000M (100%)       1000M (100%)       1000M (100%)       1000M (100%)       1000M (100%)   
[93.156s][info][gc,heap     ] GC(39)   Reserve:       34M (3%)           34M (3%)           34M (3%)           34M (3%)           34M (3%)           34M (3%)     
[93.156s][info][gc,heap     ] GC(39)      Free:      438M (44%)         190M (19%)         236M (24%)         380M (38%)         438M (44%)         190M (19%)    
[93.156s][info][gc,heap     ] GC(39)      Used:      528M (53%)         776M (78%)         730M (73%)         586M (59%)         776M (78%)         528M (53%)    
[93.156s][info][gc,heap     ] GC(39)      Live:         -               254M (25%)         254M (25%)         254M (25%)            -                  -          
[93.156s][info][gc,heap     ] GC(39) Allocated:         -               248M (25%)         250M (25%)         322M (32%)            -                  -          
[93.156s][info][gc,heap     ] GC(39)   Garbage:         -               273M (27%)         225M (23%)          61M (6%)             -                  -          
[93.156s][info][gc,heap     ] GC(39) Reclaimed:         -                  -                48M (5%)          212M (21%)            -                  -          
[93.156s][info][gc          ] GC(39) Garbage Collection (Allocation Rate) 528M(53%)->586M(59%)
[93.215s][info][gc,start    ] GC(40) Garbage Collection (Allocation Rate)
[93.221s][info][gc,phases   ] GC(40) Pause Mark Start 2.712ms
[95.521s][info][gc,phases   ] GC(40) Concurrent Mark 2300.488ms
[95.527s][info][gc,phases   ] GC(40) Pause Mark End 0.246ms
[95.529s][info][gc,phases   ] GC(40) Concurrent Process Non-Strong References 1.730ms
[95.530s][info][gc,phases   ] GC(40) Concurrent Reset Relocation Set 0.972ms
[95.532s][info][gc,phases   ] GC(40) Concurrent Destroy Detached Pages 0.004ms
[95.535s][info][gc,phases   ] GC(40) Concurrent Select Relocation Set 2.117ms
[95.550s][info][gc,phases   ] GC(40) Concurrent Prepare Relocation Set 15.398ms
[95.561s][info][gc,phases   ] GC(40) Pause Relocate Start 2.309ms
[95.792s][info][gc,phases   ] GC(40) Concurrent Relocate 223.719ms
[95.792s][info][gc,load     ] GC(40) Load: 3.75/4.13/3.10
[95.792s][info][gc,mmu      ] GC(40) MMU: 2ms/0.0%, 5ms/0.0%, 10ms/0.0%, 20ms/34.0%, 50ms/73.6%, 100ms/86.8%
[95.792s][info][gc,marking  ] GC(40) Mark: 1 stripe(s), 2 proactive flush(es), 1 terminate flush(es), 0 completion(s), 0 continuation(s) 
[95.792s][info][gc,reloc    ] GC(40) Relocation: Successful, 57M relocated
[95.792s][info][gc,nmethod  ] GC(40) NMethods: 3238 registered, 0 unregistered
[95.792s][info][gc,metaspace] GC(40) Metaspace: 70M used, 74M capacity, 74M committed, 76M reserved
[95.792s][info][gc,ref      ] GC(40) Soft: 4679 encountered, 0 discovered, 0 enqueued
[95.792s][info][gc,ref      ] GC(40) Weak: 4579 encountered, 3467 discovered, 3 enqueued
[95.792s][info][gc,ref      ] GC(40) Final: 26 encountered, 0 discovered, 0 enqueued
[95.792s][info][gc,ref      ] GC(40) Phantom: 656 encountered, 653 discovered, 0 enqueued
[95.792s][info][gc,heap     ] GC(40)                Mark Start          Mark End        Relocate Start      Relocate End           High               Low         
[95.792s][info][gc,heap     ] GC(40)  Capacity:     1000M (100%)       1000M (100%)       1000M (100%)       1000M (100%)       1000M (100%)       1000M (100%)   
[95.792s][info][gc,heap     ] GC(40)   Reserve:       34M (3%)           34M (3%)           34M (3%)           34M (3%)           34M (3%)           34M (3%)     
[95.792s][info][gc,heap     ] GC(40)      Free:      366M (37%)         142M (14%)         148M (15%)         422M (42%)         422M (42%)         142M (14%)    
[95.792s][info][gc,heap     ] GC(40)      Used:      600M (60%)         824M (82%)         818M (82%)         544M (54%)         824M (82%)         544M (54%)    
[95.792s][info][gc,heap     ] GC(40)      Live:         -               272M (27%)         272M (27%)         272M (27%)            -                  -          
[95.792s][info][gc,heap     ] GC(40) Allocated:         -               224M (22%)         224M (22%)         242M (24%)            -                  -          
[95.792s][info][gc,heap     ] GC(40)   Garbage:         -               327M (33%)         321M (32%)          47M (5%)             -                  -          
[95.792s][info][gc,heap     ] GC(40) Reclaimed:         -                  -                 6M (1%)          280M (28%)            -                  -          
[95.792s][info][gc          ] GC(40) Garbage Collection (Allocation Rate) 600M(60%)->544M(54%)
[95.817s][info][gc,start    ] GC(41) Garbage Collection (Allocation Rate)
[95.825s][info][gc,phases   ] GC(41) Pause Mark Start 2.967ms
[96.099s][info][gc,heap     ] Page Cache Flushed: 28M requested, 28M(416M->388M) flushed
[98.009s][info][gc,phases   ] GC(41) Concurrent Mark 2183.995ms
[98.015s][info][gc,phases   ] GC(41) Pause Mark End 0.448ms
[98.017s][info][gc,phases   ] GC(41) Concurrent Process Non-Strong References 1.916ms
[98.018s][info][gc,phases   ] GC(41) Concurrent Reset Relocation Set 0.601ms
[98.019s][info][gc,phases   ] GC(41) Concurrent Destroy Detached Pages 0.009ms
[98.021s][info][gc,phases   ] GC(41) Concurrent Select Relocation Set 1.556ms
[98.023s][info][gc,phases   ] GC(41) Concurrent Prepare Relocation Set 2.457ms
[98.031s][info][gc,phases   ] GC(41) Pause Relocate Start 2.332ms
[98.243s][info][gc,phases   ] GC(41) Concurrent Relocate 198.855ms
[98.248s][info][gc,load     ] GC(41) Load: 3.75/4.13/3.10
[98.248s][info][gc,mmu      ] GC(41) MMU: 2ms/0.0%, 5ms/0.0%, 10ms/0.0%, 20ms/34.0%, 50ms/73.6%, 100ms/86.8%
[98.248s][info][gc,marking  ] GC(41) Mark: 1 stripe(s), 2 proactive flush(es), 1 terminate flush(es), 0 completion(s), 0 continuation(s) 
[98.248s][info][gc,reloc    ] GC(41) Relocation: Successful, 45M relocated
[98.248s][info][gc,nmethod  ] GC(41) NMethods: 3259 registered, 0 unregistered
[98.248s][info][gc,metaspace] GC(41) Metaspace: 70M used, 74M capacity, 74M committed, 76M reserved
[98.248s][info][gc,ref      ] GC(41) Soft: 4679 encountered, 0 discovered, 0 enqueued
[98.248s][info][gc,ref      ] GC(41) Weak: 4576 encountered, 3466 discovered, 0 enqueued
[98.248s][info][gc,ref      ] GC(41) Final: 26 encountered, 0 discovered, 0 enqueued
[98.248s][info][gc,ref      ] GC(41) Phantom: 656 encountered, 653 discovered, 0 enqueued
[98.248s][info][gc,heap     ] GC(41)                Mark Start          Mark End        Relocate Start      Relocate End           High               Low         
[98.248s][info][gc,heap     ] GC(41)  Capacity:     1000M (100%)       1000M (100%)       1000M (100%)       1000M (100%)       1000M (100%)       1000M (100%)   
[98.248s][info][gc,heap     ] GC(41)   Reserve:       34M (3%)           34M (3%)           34M (3%)           34M (3%)           34M (3%)           34M (3%)     
[98.248s][info][gc,heap     ] GC(41)      Free:      422M (42%)         350M (35%)         408M (41%)         628M (63%)         628M (63%)         350M (35%)    
[98.248s][info][gc,heap     ] GC(41)      Used:      544M (54%)         616M (62%)         558M (56%)         338M (34%)         616M (62%)         338M (34%)    
[98.248s][info][gc,heap     ] GC(41)      Live:         -               239M (24%)         239M (24%)         239M (24%)            -                  -          
[98.248s][info][gc,heap     ] GC(41) Allocated:         -                72M (7%)           72M (7%)          104M (10%)            -                  -          
[98.248s][info][gc,heap     ] GC(41)   Garbage:         -               304M (30%)         246M (25%)           8M (1%)             -                  -          
[98.248s][info][gc,heap     ] GC(41) Reclaimed:         -                  -                58M (6%)          296M (30%)            -                  -          
[98.248s][info][gc          ] GC(41) Garbage Collection (Allocation Rate) 544M(54%)->338M(34%)
[98.412s][info][gc,start    ] GC(42) Garbage Collection (Allocation Rate)
[98.425s][info][gc,phases   ] GC(42) Pause Mark Start 2.783ms
[98.786s][info][gc,heap     ] Page Cache Flushed: 6M requested, 10M(514M->504M) flushed
[98.967s][info][gc,heap     ] Page Cache Flushed: 6M requested, 32M(482M->450M) flushed
[100.064s][info][gc,phases   ] GC(42) Concurrent Mark 1631.815ms
[100.067s][info][gc,phases   ] GC(42) Pause Mark End 0.232ms
[100.069s][info][gc,phases   ] GC(42) Concurrent Process Non-Strong References 1.750ms
[100.069s][info][gc,phases   ] GC(42) Concurrent Reset Relocation Set 0.376ms
[100.069s][info][gc,phases   ] GC(42) Concurrent Destroy Detached Pages 0.004ms
[100.073s][info][gc,phases   ] GC(42) Concurrent Select Relocation Set 3.554ms
[100.075s][info][gc,phases   ] GC(42) Concurrent Prepare Relocation Set 2.102ms
[100.083s][info][gc,phases   ] GC(42) Pause Relocate Start 2.305ms
[100.216s][info][gc,stats    ] === Garbage Collection Statistics =======================================================================================================================
[100.216s][info][gc,stats    ]                                                              Last 10s              Last 10m              Last 10h                Total
[100.216s][info][gc,stats    ]                                                              Avg / Max             Avg / Max             Avg / Max             Avg / Max
[100.216s][info][gc,stats    ]   Collector: Garbage Collection Cycle                   2251.479 / 2577.544   1274.269 / 5279.755   1274.269 / 5279.755   1274.269 / 5279.755    ms
[100.216s][info][gc,stats    ]  Contention: Mark Segment Reset Contention                     0 / 0                 0 / 0                 0 / 0                 0 / 0           ops/s
[100.216s][info][gc,stats    ]  Contention: Mark SeqNum Reset Contention                      0 / 0                 0 / 0                 0 / 0                 0 / 0           ops/s
[100.216s][info][gc,stats    ]  Contention: Relocation Contention                             0 / 3                 0 / 3                 0 / 3                 0 / 3           ops/s
[100.216s][info][gc,stats    ]    Critical: Allocation Stall                              0.000 / 0.000         0.000 / 0.000         0.000 / 0.000         0.000 / 0.000       ms
[100.216s][info][gc,stats    ]    Critical: Allocation Stall                                  0 / 0                 0 / 0                 0 / 0                 0 / 0           ops/s
[100.216s][info][gc,stats    ]    Critical: GC Locker Stall                               0.000 / 0.000         0.013 / 0.014         0.013 / 0.014         0.013 / 0.014       ms
[100.216s][info][gc,stats    ]    Critical: GC Locker Stall                                   0 / 0                 0 / 1                 0 / 1                 0 / 1           ops/s
[100.216s][info][gc,stats    ]      Memory: Allocation Rate                                 100 / 172             131 / 600             131 / 600             131 / 600         MB/s
[100.216s][info][gc,stats    ]      Memory: Heap Used After Mark                            690 / 824             580 / 960             580 / 960             580 / 960         MB
[100.216s][info][gc,stats    ]      Memory: Heap Used After Relocation                      495 / 586             294 / 908             294 / 908             294 / 908         MB
[100.216s][info][gc,stats    ]      Memory: Heap Used Before Mark                           510 / 600             464 / 908             464 / 908             464 / 908         MB
[100.216s][info][gc,stats    ]      Memory: Heap Used Before Relocation                     643 / 818             396 / 938             396 / 938             396 / 938         MB
[100.216s][info][gc,stats    ]      Memory: Out Of Memory                                     0 / 0                 0 / 0                 0 / 0                 0 / 0           ops/s
[100.216s][info][gc,stats    ]      Memory: Page Cache Flush                                  7 / 42                3 / 44                3 / 44                3 / 44          MB/s
[100.216s][info][gc,stats    ]      Memory: Page Cache Hit L1                                46 / 86               60 / 301              60 / 301              60 / 301         ops/s
[100.216s][info][gc,stats    ]      Memory: Page Cache Hit L2                                 0 / 0                 0 / 0                 0 / 0                 0 / 0           ops/s
[100.216s][info][gc,stats    ]      Memory: Page Cache Miss                                   0 / 2                 4 / 114               4 / 114               4 / 114         ops/s
[100.216s][info][gc,stats    ]      Memory: Undo Object Allocation Failed                     0 / 0                 0 / 0                 0 / 0                 0 / 0           ops/s
[100.216s][info][gc,stats    ]      Memory: Undo Object Allocation Succeeded                  0 / 3                 0 / 3                 0 / 3                 0 / 3           ops/s
[100.216s][info][gc,stats    ]      Memory: Undo Page Allocation                              0 / 0                 0 / 0                 0 / 0                 0 / 0           ops/s
[100.216s][info][gc,stats    ]       Phase: Concurrent Destroy Detached Pages             0.004 / 0.009         0.002 / 0.011         0.002 / 0.011         0.002 / 0.011       ms
[100.216s][info][gc,stats    ]       Phase: Concurrent Mark                            1897.696 / 2300.488   1113.056 / 5208.825   1113.056 / 5208.825   1113.056 / 5208.825    ms
[100.216s][info][gc,stats    ]       Phase: Concurrent Mark Continue                      0.000 / 0.000         0.000 / 0.000         0.000 / 0.000         0.000 / 0.000       ms
[100.216s][info][gc,stats    ]       Phase: Concurrent Prepare Relocation Set            10.578 / 16.898        7.227 / 67.644        7.227 / 67.644        7.227 / 67.644      ms
[100.216s][info][gc,stats    ]       Phase: Concurrent Process Non-Strong References      1.756 / 1.916         2.264 / 12.620        2.264 / 12.620        2.264 / 12.620      ms
[100.216s][info][gc,stats    ]       Phase: Concurrent Relocate                         231.939 / 339.187     136.361 / 851.942     136.361 / 851.942     136.361 / 851.942     ms
[100.216s][info][gc,stats    ]       Phase: Concurrent Reset Relocation Set               0.525 / 0.972         0.234 / 1.351         0.234 / 1.351         0.234 / 1.351       ms
[100.216s][info][gc,stats    ]       Phase: Concurrent Select Relocation Set              2.058 / 3.554         2.061 / 5.717         2.061 / 5.717         2.061 / 5.717       ms
[100.216s][info][gc,stats    ]       Phase: Pause Mark End                                0.279 / 0.448         0.249 / 0.635         0.249 / 0.635         0.249 / 0.635       ms
[100.216s][info][gc,stats    ]       Phase: Pause Mark Start                              2.817 / 2.967         2.512 / 6.071         2.512 / 6.071         2.512 / 6.071       ms
[100.216s][info][gc,stats    ]       Phase: Pause Relocate Start                          3.375 / 7.655         3.719 / 12.570        3.719 / 12.570        3.719 / 12.570      ms
[100.216s][info][gc,stats    ]    Subphase: Concurrent Mark                            1897.175 / 2300.457   1112.426 / 5208.804   1112.426 / 5208.804   1112.426 / 5208.804    ms
[100.216s][info][gc,stats    ]    Subphase: Concurrent Mark Idle                          0.000 / 0.000         0.000 / 0.000         0.000 / 0.000         0.000 / 0.000       ms
[100.216s][info][gc,stats    ]    Subphase: Concurrent Mark Try Flush                     3.680 / 13.089        4.379 / 25.008        4.379 / 25.008        4.379 / 25.008      ms
[100.216s][info][gc,stats    ]    Subphase: Concurrent Mark Try Terminate                 0.984 / 5.919         1.263 / 11.682        1.263 / 11.682        1.263 / 11.682      ms
[100.216s][info][gc,stats    ]    Subphase: Concurrent References Enqueue                 0.003 / 0.005         0.002 / 0.007         0.002 / 0.007         0.002 / 0.007       ms
[100.216s][info][gc,stats    ]    Subphase: Concurrent References Process                 0.906 / 1.168         1.196 / 11.837        1.196 / 11.837        1.196 / 11.837      ms
[100.216s][info][gc,stats    ]    Subphase: Concurrent Weak Roots                         0.834 / 0.916         0.864 / 4.123         0.864 / 4.123         0.864 / 4.123       ms
[100.216s][info][gc,stats    ]    Subphase: Concurrent Weak Roots JNIWeakHandles          0.000 / 0.000         0.000 / 0.001         0.000 / 0.001         0.000 / 0.001       ms
[100.216s][info][gc,stats    ]    Subphase: Concurrent Weak Roots StringTable             0.647 / 0.732         0.673 / 3.915         0.673 / 3.915         0.673 / 3.915       ms
[100.216s][info][gc,stats    ]    Subphase: Concurrent Weak Roots VMWeakHandles           0.185 / 0.191         0.190 / 0.321         0.190 / 0.321         0.190 / 0.321       ms
[100.216s][info][gc,stats    ]    Subphase: Pause Mark Try Complete                       0.000 / 0.000         0.002 / 0.002         0.002 / 0.002         0.002 / 0.002       ms
[100.216s][info][gc,stats    ]    Subphase: Pause Remap TLABS                             0.001 / 0.002         0.002 / 0.026         0.002 / 0.026         0.002 / 0.026       ms
[100.216s][info][gc,stats    ]    Subphase: Pause Retire TLABS                            0.016 / 0.018         0.015 / 0.032         0.015 / 0.032         0.015 / 0.032       ms
[100.216s][info][gc,stats    ]    Subphase: Pause Roots                                   1.529 / 2.627         1.597 / 12.371        1.597 / 12.371        1.597 / 12.371      ms
[100.216s][info][gc,stats    ]    Subphase: Pause Roots ClassLoaderDataGraph              0.642 / 0.840         0.756 / 11.302        0.756 / 11.302        0.756 / 11.302      ms
[100.216s][info][gc,stats    ]    Subphase: Pause Roots CodeCache                         1.305 / 1.498         1.200 / 5.175         1.200 / 5.175         1.200 / 5.175       ms
[100.216s][info][gc,stats    ]    Subphase: Pause Roots JNIHandles                        0.001 / 0.001         0.001 / 0.005         0.001 / 0.005         0.001 / 0.005       ms
[100.216s][info][gc,stats    ]    Subphase: Pause Roots JNIWeakHandles                    0.000 / 0.000         0.000 / 0.000         0.000 / 0.000         0.000 / 0.000       ms
[100.216s][info][gc,stats    ]    Subphase: Pause Roots JRFWeak                           0.000 / 0.000         0.000 / 0.000         0.000 / 0.000         0.000 / 0.000       ms
[100.216s][info][gc,stats    ]    Subphase: Pause Roots JVMTIExport                       0.001 / 0.001         0.001 / 0.001         0.001 / 0.001         0.001 / 0.001       ms
[100.216s][info][gc,stats    ]    Subphase: Pause Roots JVMTIWeakExport                   0.001 / 0.001         0.001 / 0.001         0.001 / 0.001         0.001 / 0.001       ms
[100.216s][info][gc,stats    ]    Subphase: Pause Roots Management                        0.001 / 0.001         0.052 / 4.405         0.052 / 4.405         0.052 / 4.405       ms
[100.216s][info][gc,stats    ]    Subphase: Pause Roots ObjectSynchronizer                0.000 / 0.000         0.000 / 0.001         0.000 / 0.001         0.000 / 0.001       ms
[100.216s][info][gc,stats    ]    Subphase: Pause Roots Setup                             0.183 / 0.292         0.165 / 0.504         0.165 / 0.504         0.165 / 0.504       ms
[100.216s][info][gc,stats    ]    Subphase: Pause Roots StringTable                       0.000 / 0.000         0.000 / 0.000         0.000 / 0.000         0.000 / 0.000       ms
[100.216s][info][gc,stats    ]    Subphase: Pause Roots SystemDictionary                  0.012 / 0.013         0.013 / 0.072         0.013 / 0.072         0.013 / 0.072       ms
[100.216s][info][gc,stats    ]    Subphase: Pause Roots Teardown                          0.001 / 0.004         0.001 / 0.016         0.001 / 0.016         0.001 / 0.016       ms
[100.216s][info][gc,stats    ]    Subphase: Pause Roots Threads                           0.263 / 0.512         0.241 / 0.974         0.241 / 0.974         0.241 / 0.974       ms
[100.216s][info][gc,stats    ]    Subphase: Pause Roots Universe                          0.002 / 0.003         0.007 / 0.365         0.007 / 0.365         0.007 / 0.365       ms
[100.216s][info][gc,stats    ]    Subphase: Pause Roots VMWeakHandles                     0.000 / 0.000         0.000 / 0.000         0.000 / 0.000         0.000 / 0.000       ms
[100.216s][info][gc,stats    ]    Subphase: Pause Weak Roots                              0.002 / 0.003         0.002 / 0.009         0.002 / 0.009         0.002 / 0.009       ms
[100.216s][info][gc,stats    ]    Subphase: Pause Weak Roots JFRWeak                      0.001 / 0.001         0.001 / 0.001         0.001 / 0.001         0.001 / 0.001       ms
[100.216s][info][gc,stats    ]    Subphase: Pause Weak Roots JNIWeakHandles               0.000 / 0.000         0.000 / 0.000         0.000 / 0.000         0.000 / 0.000       ms
[100.216s][info][gc,stats    ]    Subphase: Pause Weak Roots JVMTIWeakExport              0.001 / 0.001         0.001 / 0.007         0.001 / 0.007         0.001 / 0.007       ms
[100.216s][info][gc,stats    ]    Subphase: Pause Weak Roots Setup                        0.000 / 0.000         0.000 / 0.000         0.000 / 0.000         0.000 / 0.000       ms
[100.216s][info][gc,stats    ]    Subphase: Pause Weak Roots StringTable                  0.000 / 0.000         0.000 / 0.000         0.000 / 0.000         0.000 / 0.000       ms
[100.216s][info][gc,stats    ]    Subphase: Pause Weak Roots SymbolTable                  0.000 / 0.000         0.000 / 0.000         0.000 / 0.000         0.000 / 0.000       ms
[100.216s][info][gc,stats    ]    Subphase: Pause Weak Roots Teardown                     0.001 / 0.001         0.001 / 0.001         0.001 / 0.001         0.001 / 0.001       ms
[100.216s][info][gc,stats    ]    Subphase: Pause Weak Roots VMWeakHandles                0.000 / 0.000         0.000 / 0.000         0.000 / 0.000         0.000 / 0.000       ms
[100.216s][info][gc,stats    ]      System: Java Threads                                     61 / 63               50 / 63               50 / 63               50 / 63          threads
[100.216s][info][gc,stats    ] =========================================================================================================================================================
[100.234s][info][gc,phases   ] GC(42) Concurrent Relocate 138.741ms
[100.234s][info][gc,load     ] GC(42) Load: 3.77/4.13/3.10
[100.234s][info][gc,mmu      ] GC(42) MMU: 2ms/0.0%, 5ms/0.0%, 10ms/0.0%, 20ms/34.0%, 50ms/73.6%, 100ms/86.8%
[100.234s][info][gc,marking  ] GC(42) Mark: 1 stripe(s), 2 proactive flush(es), 1 terminate flush(es), 0 completion(s), 0 continuation(s) 
[100.234s][info][gc,reloc    ] GC(42) Relocation: Successful, 36M relocated
[100.234s][info][gc,nmethod  ] GC(42) NMethods: 3269 registered, 0 unregistered
[100.234s][info][gc,metaspace] GC(42) Metaspace: 70M used, 74M capacity, 74M committed, 76M reserved
[100.234s][info][gc,ref      ] GC(42) Soft: 4679 encountered, 0 discovered, 0 enqueued
[100.234s][info][gc,ref      ] GC(42) Weak: 4546 encountered, 3475 discovered, 30 enqueued
[100.234s][info][gc,ref      ] GC(42) Final: 26 encountered, 0 discovered, 0 enqueued
[100.234s][info][gc,ref      ] GC(42) Phantom: 658 encountered, 655 discovered, 1 enqueued
[100.234s][info][gc,heap     ] GC(42)                Mark Start          Mark End        Relocate Start      Relocate End           High               Low         
[100.234s][info][gc,heap     ] GC(42)  Capacity:     1000M (100%)       1000M (100%)       1000M (100%)       1000M (100%)       1000M (100%)       1000M (100%)   
[100.234s][info][gc,heap     ] GC(42)   Reserve:       34M (3%)           34M (3%)           34M (3%)           34M (3%)           34M (3%)           34M (3%)     
[100.234s][info][gc,heap     ] GC(42)      Free:      598M (60%)         378M (38%)         440M (44%)         476M (48%)         598M (60%)         378M (38%)    
[100.234s][info][gc,heap     ] GC(42)      Used:      368M (37%)         588M (59%)         526M (53%)         490M (49%)         588M (59%)         368M (37%)    
[100.234s][info][gc,heap     ] GC(42)      Live:         -               209M (21%)         209M (21%)         209M (21%)            -                  -          
[100.234s][info][gc,heap     ] GC(42) Allocated:         -               220M (22%)         220M (22%)         254M (25%)            -                  -          
[100.234s][info][gc,heap     ] GC(42)   Garbage:         -               158M (16%)          96M (10%)          42M (4%)             -                  -          
[100.234s][info][gc,heap     ] GC(42) Reclaimed:         -                  -                62M (6%)          116M (12%)            -                  -          
[100.234s][info][gc          ] GC(42) Garbage Collection (Allocation Rate) 368M(37%)->490M(49%)
[100.312s][info][gc,start    ] GC(43) Garbage Collection (Allocation Rate)
[100.318s][info][gc,phases   ] GC(43) Pause Mark Start 2.737ms
[102.076s][info][gc,phases   ] GC(43) Concurrent Mark 1758.152ms
[102.079s][info][gc,phases   ] GC(43) Pause Mark End 0.255ms
[102.081s][info][gc,phases   ] GC(43) Concurrent Process Non-Strong References 1.647ms
[102.081s][info][gc,phases   ] GC(43) Concurrent Reset Relocation Set 0.327ms
[102.081s][info][gc,phases   ] GC(43) Concurrent Destroy Detached Pages 0.001ms
[102.083s][info][gc,phases   ] GC(43) Concurrent Select Relocation Set 1.547ms
[102.091s][info][gc,phases   ] GC(43) Concurrent Prepare Relocation Set 8.268ms
[102.099s][info][gc,phases   ] GC(43) Pause Relocate Start 2.302ms
[102.389s][info][gc,phases   ] GC(43) Concurrent Relocate 277.278ms
[102.389s][info][gc,load     ] GC(43) Load: 3.77/4.13/3.10
[102.389s][info][gc,mmu      ] GC(43) MMU: 2ms/0.0%, 5ms/0.0%, 10ms/0.0%, 20ms/34.0%, 50ms/73.6%, 100ms/86.8%
[102.389s][info][gc,marking  ] GC(43) Mark: 1 stripe(s), 2 proactive flush(es), 1 terminate flush(es), 0 completion(s), 0 continuation(s) 
[102.389s][info][gc,reloc    ] GC(43) Relocation: Successful, 72M relocated
[102.389s][info][gc,nmethod  ] GC(43) NMethods: 3274 registered, 0 unregistered
[102.389s][info][gc,metaspace] GC(43) Metaspace: 70M used, 74M capacity, 74M committed, 76M reserved
[102.389s][info][gc,ref      ] GC(43) Soft: 4680 encountered, 0 discovered, 0 enqueued
[102.389s][info][gc,ref      ] GC(43) Weak: 4517 encountered, 3465 discovered, 0 enqueued
[102.389s][info][gc,ref      ] GC(43) Final: 26 encountered, 0 discovered, 0 enqueued
[102.389s][info][gc,ref      ] GC(43) Phantom: 656 encountered, 653 discovered, 0 enqueued
[102.389s][info][gc,heap     ] GC(43)                Mark Start          Mark End        Relocate Start      Relocate End           High               Low         
[102.389s][info][gc,heap     ] GC(43)  Capacity:     1000M (100%)       1000M (100%)       1000M (100%)       1000M (100%)       1000M (100%)       1000M (100%)   
[102.389s][info][gc,heap     ] GC(43)   Reserve:       34M (3%)           34M (3%)           34M (3%)           34M (3%)           34M (3%)           34M (3%)     
[102.390s][info][gc,heap     ] GC(43)      Free:      456M (46%)         214M (21%)         262M (26%)         394M (39%)         456M (46%)         214M (21%)    
[102.390s][info][gc,heap     ] GC(43)      Used:      510M (51%)         752M (75%)         704M (70%)         572M (57%)         752M (75%)         510M (51%)    
[102.390s][info][gc,heap     ] GC(43)      Live:         -               251M (25%)         251M (25%)         251M (25%)            -                  -          
[102.390s][info][gc,heap     ] GC(43) Allocated:         -               242M (24%)         242M (24%)         304M (30%)            -                  -          
[102.390s][info][gc,heap     ] GC(43)   Garbage:         -               258M (26%)         210M (21%)          66M (7%)             -                  -          
[102.390s][info][gc,heap     ] GC(43) Reclaimed:         -                  -                48M (5%)          192M (19%)            -                  -          
[102.390s][info][gc          ] GC(43) Garbage Collection (Allocation Rate) 510M(51%)->572M(57%)
[102.412s][info][gc,start    ] GC(44) Garbage Collection (Allocation Rate)
[102.428s][info][gc,phases   ] GC(44) Pause Mark Start 8.645ms
[104.717s][info][gc,phases   ] GC(44) Concurrent Mark 2289.372ms
[104.722s][info][gc,phases   ] GC(44) Pause Mark End 0.247ms
[104.724s][info][gc,phases   ] GC(44) Concurrent Process Non-Strong References 1.463ms
[104.725s][info][gc,phases   ] GC(44) Concurrent Reset Relocation Set 0.929ms
[104.725s][info][gc,phases   ] GC(44) Concurrent Destroy Detached Pages 0.001ms
[104.726s][info][gc,phases   ] GC(44) Concurrent Select Relocation Set 1.519ms
[104.742s][info][gc,phases   ] GC(44) Concurrent Prepare Relocation Set 15.725ms
[104.754s][info][gc,phases   ] GC(44) Pause Relocate Start 2.599ms
[105.018s][info][gc,phases   ] GC(44) Concurrent Relocate 257.479ms
[105.019s][info][gc,load     ] GC(44) Load: 3.77/4.13/3.10
[105.019s][info][gc,mmu      ] GC(44) MMU: 2ms/0.0%, 5ms/0.0%, 10ms/0.0%, 20ms/34.0%, 50ms/73.6%, 100ms/86.8%
[105.019s][info][gc,marking  ] GC(44) Mark: 1 stripe(s), 2 proactive flush(es), 1 terminate flush(es), 0 completion(s), 0 continuation(s) 
[105.019s][info][gc,reloc    ] GC(44) Relocation: Successful, 61M relocated
[105.019s][info][gc,nmethod  ] GC(44) NMethods: 3279 registered, 0 unregistered
[105.019s][info][gc,metaspace] GC(44) Metaspace: 70M used, 74M capacity, 74M committed, 76M reserved
[105.019s][info][gc,ref      ] GC(44) Soft: 4680 encountered, 0 discovered, 0 enqueued
[105.019s][info][gc,ref      ] GC(44) Weak: 4518 encountered, 3443 discovered, 0 enqueued
[105.019s][info][gc,ref      ] GC(44) Final: 26 encountered, 0 discovered, 0 enqueued
[105.019s][info][gc,ref      ] GC(44) Phantom: 656 encountered, 653 discovered, 0 enqueued
[105.019s][info][gc,heap     ] GC(44)                Mark Start          Mark End        Relocate Start      Relocate End           High               Low         
[105.019s][info][gc,heap     ] GC(44)  Capacity:     1000M (100%)       1000M (100%)       1000M (100%)       1000M (100%)       1000M (100%)       1000M (100%)   
[105.019s][info][gc,heap     ] GC(44)   Reserve:       34M (3%)           34M (3%)           34M (3%)           34M (3%)           34M (3%)           34M (3%)     
[105.019s][info][gc,heap     ] GC(44)      Free:      388M (39%)         110M (11%)         116M (12%)         370M (37%)         388M (39%)         110M (11%)    
[105.019s][info][gc,heap     ] GC(44)      Used:      578M (58%)         856M (86%)         850M (85%)         596M (60%)         856M (86%)         578M (58%)    
[105.019s][info][gc,heap     ] GC(44)      Live:         -               270M (27%)         270M (27%)         270M (27%)            -                  -          
[105.019s][info][gc,heap     ] GC(44) Allocated:         -               278M (28%)         278M (28%)         300M (30%)            -                  -          
[105.019s][info][gc,heap     ] GC(44)   Garbage:         -               307M (31%)         301M (30%)          47M (5%)             -                  -          
[105.019s][info][gc,heap     ] GC(44) Reclaimed:         -                  -                 6M (1%)          260M (26%)            -                  -          
[105.019s][info][gc          ] GC(44) Garbage Collection (Allocation Rate) 578M(58%)->596M(60%)
[105.116s][info][gc,start    ] GC(45) Garbage Collection (Allocation Rate)
[105.123s][info][gc,phases   ] GC(45) Pause Mark Start 2.743ms
[105.467s][info][gc,heap     ] Page Cache Flushed: 16M requested, 16M(352M->336M) flushed
[107.388s][info][gc,phases   ] GC(45) Concurrent Mark 2259.646ms
[107.398s][info][gc,phases   ] GC(45) Pause Mark End 0.248ms
[107.413s][info][gc,phases   ] GC(45) Concurrent Process Non-Strong References 14.952ms
[107.414s][info][gc,phases   ] GC(45) Concurrent Reset Relocation Set 0.608ms
[107.414s][info][gc,phases   ] GC(45) Concurrent Destroy Detached Pages 0.004ms
[107.416s][info][gc,phases   ] GC(45) Concurrent Select Relocation Set 1.545ms
[107.423s][info][gc,phases   ] GC(45) Concurrent Prepare Relocation Set 7.405ms
[107.434s][info][gc,phases   ] GC(45) Pause Relocate Start 2.366ms
[107.689s][info][gc,phases   ] GC(45) Concurrent Relocate 249.426ms
[107.689s][info][gc,load     ] GC(45) Load: 3.71/4.11/3.10
[107.689s][info][gc,mmu      ] GC(45) MMU: 2ms/0.0%, 5ms/0.0%, 10ms/0.0%, 20ms/34.0%, 50ms/73.6%, 100ms/86.8%
[107.689s][info][gc,marking  ] GC(45) Mark: 1 stripe(s), 2 proactive flush(es), 1 terminate flush(es), 0 completion(s), 0 continuation(s) 
[107.689s][info][gc,reloc    ] GC(45) Relocation: Successful, 46M relocated
[107.689s][info][gc,nmethod  ] GC(45) NMethods: 3307 registered, 0 unregistered
[107.689s][info][gc,metaspace] GC(45) Metaspace: 70M used, 74M capacity, 74M committed, 76M reserved
[107.689s][info][gc,ref      ] GC(45) Soft: 4680 encountered, 0 discovered, 0 enqueued
[107.689s][info][gc,ref      ] GC(45) Weak: 4518 encountered, 3448 discovered, 1 enqueued
[107.690s][info][gc,ref      ] GC(45) Final: 26 encountered, 0 discovered, 0 enqueued
[107.690s][info][gc,ref      ] GC(45) Phantom: 656 encountered, 653 discovered, 0 enqueued
[107.690s][info][gc,heap     ] GC(45)                Mark Start          Mark End        Relocate Start      Relocate End           High               Low         
[107.690s][info][gc,heap     ] GC(45)  Capacity:     1000M (100%)       1000M (100%)       1000M (100%)       1000M (100%)       1000M (100%)       1000M (100%)   
[107.690s][info][gc,heap     ] GC(45)   Reserve:       34M (3%)           34M (3%)           34M (3%)           34M (3%)           34M (3%)           34M (3%)     
[107.690s][info][gc,heap     ] GC(45)      Free:      370M (37%)         302M (30%)         356M (36%)         626M (63%)         626M (63%)         300M (30%)    
[107.690s][info][gc,heap     ] GC(45)      Used:      596M (60%)         664M (66%)         610M (61%)         340M (34%)         666M (67%)         340M (34%)    
[107.690s][info][gc,heap     ] GC(45)      Live:         -               239M (24%)         239M (24%)         239M (24%)            -                  -          
[107.690s][info][gc,heap     ] GC(45) Allocated:         -                68M (7%)           70M (7%)          110M (11%)            -                  -          
[107.690s][info][gc,heap     ] GC(45)   Garbage:         -               356M (36%)         300M (30%)           8M (1%)             -                  -          
[107.690s][info][gc,heap     ] GC(45) Reclaimed:         -                  -                56M (6%)          348M (35%)            -                  -          
[107.690s][info][gc          ] GC(45) Garbage Collection (Allocation Rate) 596M(60%)->340M(34%)
[107.816s][info][gc,start    ] GC(46) Garbage Collection (Allocation Rate)
[107.822s][info][gc,phases   ] GC(46) Pause Mark Start 2.868ms
[108.248s][info][gc,heap     ] Page Cache Flushed: 6M requested, 10M(512M->502M) flushed
[108.419s][info][gc,heap     ] Page Cache Flushed: 6M requested, 32M(480M->448M) flushed
[109.282s][info][gc,phases   ] GC(46) Concurrent Mark 1459.711ms
[109.291s][info][gc,phases   ] GC(46) Pause Mark End 0.249ms
[109.293s][info][gc,phases   ] GC(46) Concurrent Process Non-Strong References 1.620ms
[109.293s][info][gc,phases   ] GC(46) Concurrent Reset Relocation Set 0.479ms
[109.293s][info][gc,phases   ] GC(46) Concurrent Destroy Detached Pages 0.004ms
[109.295s][info][gc,phases   ] GC(46) Concurrent Select Relocation Set 1.568ms
[109.306s][info][gc,phases   ] GC(46) Concurrent Prepare Relocation Set 11.680ms
[109.318s][info][gc,phases   ] GC(46) Pause Relocate Start 2.440ms
[109.455s][info][gc,phases   ] GC(46) Concurrent Relocate 137.134ms
[109.455s][info][gc,load     ] GC(46) Load: 3.71/4.11/3.10
[109.455s][info][gc,mmu      ] GC(46) MMU: 2ms/0.0%, 5ms/0.0%, 10ms/0.0%, 20ms/34.0%, 50ms/73.6%, 100ms/86.8%
[109.455s][info][gc,marking  ] GC(46) Mark: 1 stripe(s), 2 proactive flush(es), 1 terminate flush(es), 0 completion(s), 0 continuation(s) 
[109.455s][info][gc,reloc    ] GC(46) Relocation: Successful, 36M relocated
[109.455s][info][gc,nmethod  ] GC(46) NMethods: 3311 registered, 0 unregistered
[109.455s][info][gc,metaspace] GC(46) Metaspace: 70M used, 74M capacity, 74M committed, 76M reserved
[109.455s][info][gc,ref      ] GC(46) Soft: 4689 encountered, 0 discovered, 0 enqueued
[109.455s][info][gc,ref      ] GC(46) Weak: 4718 encountered, 3582 discovered, 103 enqueued
[109.455s][info][gc,ref      ] GC(46) Final: 26 encountered, 0 discovered, 0 enqueued
[109.455s][info][gc,ref      ] GC(46) Phantom: 657 encountered, 654 discovered, 0 enqueued
[109.455s][info][gc,heap     ] GC(46)                Mark Start          Mark End        Relocate Start      Relocate End           High               Low         
[109.455s][info][gc,heap     ] GC(46)  Capacity:     1000M (100%)       1000M (100%)       1000M (100%)       1000M (100%)       1000M (100%)       1000M (100%)   
[109.455s][info][gc,heap     ] GC(46)   Reserve:       34M (3%)           34M (3%)           34M (3%)           34M (3%)           34M (3%)           34M (3%)     
[109.455s][info][gc,heap     ] GC(46)      Free:      602M (60%)         382M (38%)         438M (44%)         476M (48%)         602M (60%)         382M (38%)    
[109.455s][info][gc,heap     ] GC(46)      Used:      364M (36%)         584M (58%)         528M (53%)         490M (49%)         584M (58%)         364M (36%)    
[109.455s][info][gc,heap     ] GC(46)      Live:         -               208M (21%)         208M (21%)         208M (21%)            -                  -          
[109.455s][info][gc,heap     ] GC(46) Allocated:         -               220M (22%)         222M (22%)         254M (25%)            -                  -          
[109.455s][info][gc,heap     ] GC(46)   Garbage:         -               155M (16%)          97M (10%)          43M (4%)             -                  -          
[109.455s][info][gc,heap     ] GC(46) Reclaimed:         -                  -                58M (6%)          112M (11%)            -                  -          
[109.455s][info][gc          ] GC(46) Garbage Collection (Allocation Rate) 364M(36%)->490M(49%)
[109.517s][info][gc,start    ] GC(47) Garbage Collection (Allocation Rate)
[109.525s][info][gc,phases   ] GC(47) Pause Mark Start 2.884ms
[110.212s][info][gc,stats    ] === Garbage Collection Statistics =======================================================================================================================
[110.216s][info][gc,stats    ]                                                              Last 10s              Last 10m              Last 10h                Total
[110.217s][info][gc,stats    ]                                                              Avg / Max             Avg / Max             Avg / Max             Avg / Max
[110.217s][info][gc,stats    ]   Collector: Garbage Collection Cycle                   2143.710 / 2607.094   1366.763 / 5279.755   1366.763 / 5279.755   1366.763 / 5279.755    ms
[110.217s][info][gc,stats    ]  Contention: Mark Segment Reset Contention                     0 / 0                 0 / 0                 0 / 0                 0 / 0           ops/s
[110.217s][info][gc,stats    ]  Contention: Mark SeqNum Reset Contention                      0 / 0                 0 / 0                 0 / 0                 0 / 0           ops/s
[110.217s][info][gc,stats    ]  Contention: Relocation Contention                             0 / 1                 0 / 3                 0 / 3                 0 / 3           ops/s
[110.217s][info][gc,stats    ]    Critical: Allocation Stall                              0.000 / 0.000         0.000 / 0.000         0.000 / 0.000         0.000 / 0.000       ms
[110.217s][info][gc,stats    ]    Critical: Allocation Stall                                  0 / 0                 0 / 0                 0 / 0                 0 / 0           ops/s
[110.217s][info][gc,stats    ]    Critical: GC Locker Stall                               0.000 / 0.000         0.013 / 0.014         0.013 / 0.014         0.013 / 0.014       ms
[110.217s][info][gc,stats    ]    Critical: GC Locker Stall                                   0 / 0                 0 / 1                 0 / 1                 0 / 1           ops/s
[110.217s][info][gc,stats    ]      Memory: Allocation Rate                                 104 / 152             129 / 600             129 / 600             129 / 600         MB/s
[110.217s][info][gc,stats    ]      Memory: Heap Used After Mark                            714 / 856             591 / 960             591 / 960             591 / 960         MB
[110.217s][info][gc,stats    ]      Memory: Heap Used After Relocation                      497 / 596             316 / 908             316 / 908             316 / 908         MB
[110.217s][info][gc,stats    ]      Memory: Heap Used Before Mark                           509 / 596             468 / 908             468 / 908             468 / 908         MB
[110.217s][info][gc,stats    ]      Memory: Heap Used Before Relocation                     673 / 850             419 / 938             419 / 938             419 / 938         MB
[110.217s][info][gc,stats    ]      Memory: Out Of Memory                                     0 / 0                 0 / 0                 0 / 0                 0 / 0           ops/s
[110.217s][info][gc,stats    ]      Memory: Page Cache Flush                                  5 / 42                3 / 44                3 / 44                3 / 44          MB/s
[110.217s][info][gc,stats    ]      Memory: Page Cache Hit L1                                48 / 74               58 / 301              58 / 301              58 / 301         ops/s
[110.217s][info][gc,stats    ]      Memory: Page Cache Hit L2                                 0 / 0                 0 / 0                 0 / 0                 0 / 0           ops/s
[110.217s][info][gc,stats    ]      Memory: Page Cache Miss                                   0 / 2                 4 / 114               4 / 114               4 / 114         ops/s
[110.217s][info][gc,stats    ]      Memory: Undo Object Allocation Failed                     0 / 0                 0 / 0                 0 / 0                 0 / 0           ops/s
[110.217s][info][gc,stats    ]      Memory: Undo Object Allocation Succeeded                  0 / 1                 0 / 3                 0 / 3                 0 / 3           ops/s
[110.217s][info][gc,stats    ]      Memory: Undo Page Allocation                              0 / 0                 0 / 0                 0 / 0                 0 / 0           ops/s
[110.217s][info][gc,stats    ]       Phase: Concurrent Destroy Detached Pages             0.002 / 0.004         0.002 / 0.011         0.002 / 0.011         0.002 / 0.011       ms
[110.217s][info][gc,stats    ]       Phase: Concurrent Mark                            1941.720 / 2289.372   1183.581 / 5208.825   1183.581 / 5208.825   1183.581 / 5208.825    ms
[110.217s][info][gc,stats    ]       Phase: Concurrent Mark Continue                      0.000 / 0.000         0.000 / 0.000         0.000 / 0.000         0.000 / 0.000       ms
[110.217s][info][gc,stats    ]       Phase: Concurrent Prepare Relocation Set            10.769 / 15.725        7.529 / 67.644        7.529 / 67.644        7.529 / 67.644      ms
[110.217s][info][gc,stats    ]       Phase: Concurrent Process Non-Strong References      4.921 / 14.952        2.490 / 14.952        2.490 / 14.952        2.490 / 14.952      ms
[110.217s][info][gc,stats    ]       Phase: Concurrent Relocate                         212.012 / 277.278     144.409 / 851.942     144.409 / 851.942     144.409 / 851.942     ms
[110.217s][info][gc,stats    ]       Phase: Concurrent Reset Relocation Set               0.586 / 0.929         0.264 / 1.351         0.264 / 1.351         0.264 / 1.351       ms
[110.217s][info][gc,stats    ]       Phase: Concurrent Select Relocation Set              1.545 / 1.568         2.017 / 5.717         2.017 / 5.717         2.017 / 5.717       ms
[110.217s][info][gc,stats    ]       Phase: Pause Mark End                                0.250 / 0.255         0.249 / 0.635         0.249 / 0.635         0.249 / 0.635       ms
[110.217s][info][gc,stats    ]       Phase: Pause Mark Start                              3.975 / 8.645         2.664 / 8.645         2.664 / 8.645         2.664 / 8.645       ms
[110.217s][info][gc,stats    ]       Phase: Pause Relocate Start                          2.427 / 2.599         3.609 / 12.570        3.609 / 12.570        3.609 / 12.570      ms
[110.217s][info][gc,stats    ]    Subphase: Concurrent Mark                            1941.691 / 2289.345   1183.002 / 5208.804   1183.002 / 5208.804   1183.002 / 5208.804    ms
[110.217s][info][gc,stats    ]    Subphase: Concurrent Mark Idle                          0.000 / 0.000         0.000 / 0.000         0.000 / 0.000         0.000 / 0.000       ms
[110.217s][info][gc,stats    ]    Subphase: Concurrent Mark Try Flush                     4.229 / 9.723         4.367 / 25.008        4.367 / 25.008        4.367 / 25.008      ms
[110.217s][info][gc,stats    ]    Subphase: Concurrent Mark Try Terminate                 1.834 / 7.841         1.311 / 11.682        1.311 / 11.682        1.311 / 11.682      ms
[110.217s][info][gc,stats    ]    Subphase: Concurrent References Enqueue                 0.002 / 0.003         0.002 / 0.007         0.002 / 0.007         0.002 / 0.007       ms
[110.217s][info][gc,stats    ]    Subphase: Concurrent References Process                 0.798 / 0.868         1.162 / 11.837        1.162 / 11.837        1.162 / 11.837      ms
[110.217s][info][gc,stats    ]    Subphase: Concurrent Weak Roots                         0.756 / 0.776         0.855 / 4.123         0.855 / 4.123         0.855 / 4.123       ms
[110.217s][info][gc,stats    ]    Subphase: Concurrent Weak Roots JNIWeakHandles          0.000 / 0.000         0.000 / 0.001         0.000 / 0.001         0.000 / 0.001       ms
[110.217s][info][gc,stats    ]    Subphase: Concurrent Weak Roots StringTable             0.557 / 0.579         0.663 / 3.915         0.663 / 3.915         0.663 / 3.915       ms
[110.217s][info][gc,stats    ]    Subphase: Concurrent Weak Roots VMWeakHandles           0.198 / 0.227         0.190 / 0.321         0.190 / 0.321         0.190 / 0.321       ms
[110.217s][info][gc,stats    ]    Subphase: Pause Mark Try Complete                       0.000 / 0.000         0.002 / 0.002         0.002 / 0.002         0.002 / 0.002       ms
[110.217s][info][gc,stats    ]    Subphase: Pause Remap TLABS                             0.002 / 0.002         0.002 / 0.026         0.002 / 0.026         0.002 / 0.026       ms
[110.217s][info][gc,stats    ]    Subphase: Pause Retire TLABS                            0.015 / 0.016         0.015 / 0.032         0.015 / 0.032         0.015 / 0.032       ms
[110.217s][info][gc,stats    ]    Subphase: Pause Roots                                   1.687 / 2.835         1.606 / 12.371        1.606 / 12.371        1.606 / 12.371      ms
[110.217s][info][gc,stats    ]    Subphase: Pause Roots ClassLoaderDataGraph              0.675 / 0.837         0.748 / 11.302        0.748 / 11.302        0.748 / 11.302      ms
[110.217s][info][gc,stats    ]    Subphase: Pause Roots CodeCache                         1.386 / 1.671         1.217 / 5.175         1.217 / 5.175         1.217 / 5.175       ms
[110.217s][info][gc,stats    ]    Subphase: Pause Roots JNIHandles                        0.001 / 0.001         0.001 / 0.005         0.001 / 0.005         0.001 / 0.005       ms
[110.217s][info][gc,stats    ]    Subphase: Pause Roots JNIWeakHandles                    0.000 / 0.000         0.000 / 0.000         0.000 / 0.000         0.000 / 0.000       ms
[110.217s][info][gc,stats    ]    Subphase: Pause Roots JRFWeak                           0.000 / 0.000         0.000 / 0.000         0.000 / 0.000         0.000 / 0.000       ms
[110.217s][info][gc,stats    ]    Subphase: Pause Roots JVMTIExport                       0.001 / 0.001         0.001 / 0.001         0.001 / 0.001         0.001 / 0.001       ms
[110.217s][info][gc,stats    ]    Subphase: Pause Roots JVMTIWeakExport                   0.001 / 0.001         0.001 / 0.001         0.001 / 0.001         0.001 / 0.001       ms
[110.217s][info][gc,stats    ]    Subphase: Pause Roots Management                        0.001 / 0.001         0.048 / 4.405         0.048 / 4.405         0.048 / 4.405       ms
[110.217s][info][gc,stats    ]    Subphase: Pause Roots ObjectSynchronizer                0.000 / 0.000         0.000 / 0.001         0.000 / 0.001         0.000 / 0.001       ms
[110.217s][info][gc,stats    ]    Subphase: Pause Roots Setup                             0.203 / 0.350         0.169 / 0.504         0.169 / 0.504         0.169 / 0.504       ms
[110.217s][info][gc,stats    ]    Subphase: Pause Roots StringTable                       0.000 / 0.000         0.000 / 0.000         0.000 / 0.000         0.000 / 0.000       ms
[110.217s][info][gc,stats    ]    Subphase: Pause Roots SystemDictionary                  0.012 / 0.020         0.013 / 0.072         0.013 / 0.072         0.013 / 0.072       ms
[110.217s][info][gc,stats    ]    Subphase: Pause Roots Teardown                          0.001 / 0.004         0.001 / 0.016         0.001 / 0.016         0.001 / 0.016       ms
[110.217s][info][gc,stats    ]    Subphase: Pause Roots Threads                           0.245 / 0.318         0.242 / 0.974         0.242 / 0.974         0.242 / 0.974       ms
[110.217s][info][gc,stats    ]    Subphase: Pause Roots Universe                          0.002 / 0.004         0.007 / 0.365         0.007 / 0.365         0.007 / 0.365       ms
[110.217s][info][gc,stats    ]    Subphase: Pause Roots VMWeakHandles                     0.000 / 0.000         0.000 / 0.000         0.000 / 0.000         0.000 / 0.000       ms
[110.217s][info][gc,stats    ]    Subphase: Pause Weak Roots                              0.002 / 0.002         0.002 / 0.009         0.002 / 0.009         0.002 / 0.009       ms
[110.217s][info][gc,stats    ]    Subphase: Pause Weak Roots JFRWeak                      0.001 / 0.001         0.001 / 0.001         0.001 / 0.001         0.001 / 0.001       ms
[110.217s][info][gc,stats    ]    Subphase: Pause Weak Roots JNIWeakHandles               0.000 / 0.000         0.000 / 0.000         0.000 / 0.000         0.000 / 0.000       ms
[110.217s][info][gc,stats    ]    Subphase: Pause Weak Roots JVMTIWeakExport              0.001 / 0.001         0.001 / 0.007         0.001 / 0.007         0.001 / 0.007       ms
[110.217s][info][gc,stats    ]    Subphase: Pause Weak Roots Setup                        0.000 / 0.000         0.000 / 0.000         0.000 / 0.000         0.000 / 0.000       ms
[110.217s][info][gc,stats    ]    Subphase: Pause Weak Roots StringTable                  0.000 / 0.000         0.000 / 0.000         0.000 / 0.000         0.000 / 0.000       ms
[110.217s][info][gc,stats    ]    Subphase: Pause Weak Roots SymbolTable                  0.000 / 0.000         0.000 / 0.000         0.000 / 0.000         0.000 / 0.000       ms
[110.217s][info][gc,stats    ]    Subphase: Pause Weak Roots Teardown                     0.001 / 0.001         0.001 / 0.001         0.001 / 0.001         0.001 / 0.001       ms
[110.217s][info][gc,stats    ]    Subphase: Pause Weak Roots VMWeakHandles                0.000 / 0.000         0.000 / 0.000         0.000 / 0.000         0.000 / 0.000       ms
[110.217s][info][gc,stats    ]      System: Java Threads                                     62 / 62               51 / 63               51 / 63               51 / 63          threads
[110.217s][info][gc,stats    ] =========================================================================================================================================================
[111.275s][info][gc,phases   ] GC(47) Concurrent Mark 1749.335ms
[111.282s][info][gc,phases   ] GC(47) Pause Mark End 0.247ms
[111.283s][info][gc,phases   ] GC(47) Concurrent Process Non-Strong References 1.530ms
[111.284s][info][gc,phases   ] GC(47) Concurrent Reset Relocation Set 0.324ms
[111.284s][info][gc,phases   ] GC(47) Concurrent Destroy Detached Pages 0.001ms
[111.285s][info][gc,phases   ] GC(47) Concurrent Select Relocation Set 1.644ms
[111.306s][info][gc,phases   ] GC(47) Concurrent Prepare Relocation Set 20.893ms
[111.313s][info][gc,phases   ] GC(47) Pause Relocate Start 2.546ms
[111.657s][info][gc,phases   ] GC(47) Concurrent Relocate 337.115ms
[111.664s][info][gc,load     ] GC(47) Load: 3.73/4.11/3.10
[111.664s][info][gc,mmu      ] GC(47) MMU: 2ms/0.0%, 5ms/0.0%, 10ms/0.0%, 20ms/34.0%, 50ms/73.6%, 100ms/86.8%
[111.664s][info][gc,marking  ] GC(47) Mark: 1 stripe(s), 2 proactive flush(es), 1 terminate flush(es), 0 completion(s), 0 continuation(s) 
[111.664s][info][gc,reloc    ] GC(47) Relocation: Successful, 73M relocated
[111.664s][info][gc,nmethod  ] GC(47) NMethods: 3312 registered, 0 unregistered
[111.664s][info][gc,metaspace] GC(47) Metaspace: 70M used, 74M capacity, 74M committed, 76M reserved
[111.664s][info][gc,ref      ] GC(47) Soft: 4690 encountered, 0 discovered, 0 enqueued
[111.664s][info][gc,ref      ] GC(47) Weak: 4614 encountered, 3477 discovered, 0 enqueued
[111.664s][info][gc,ref      ] GC(47) Final: 26 encountered, 0 discovered, 0 enqueued
[111.664s][info][gc,ref      ] GC(47) Phantom: 656 encountered, 653 discovered, 0 enqueued
[111.664s][info][gc,heap     ] GC(47)                Mark Start          Mark End        Relocate Start      Relocate End           High               Low         
[111.664s][info][gc,heap     ] GC(47)  Capacity:     1000M (100%)       1000M (100%)       1000M (100%)       1000M (100%)       1000M (100%)       1000M (100%)   
[111.664s][info][gc,heap     ] GC(47)   Reserve:       34M (3%)           34M (3%)           34M (3%)           34M (3%)           34M (3%)           34M (3%)     
[111.664s][info][gc,heap     ] GC(47)      Free:      466M (47%)         232M (23%)         246M (25%)         406M (41%)         466M (47%)         212M (21%)    
[111.664s][info][gc,heap     ] GC(47)      Used:      500M (50%)         734M (73%)         720M (72%)         560M (56%)         754M (75%)         500M (50%)    
[111.664s][info][gc,heap     ] GC(47)      Live:         -               246M (25%)         246M (25%)         246M (25%)            -                  -          
[111.664s][info][gc,heap     ] GC(47) Allocated:         -               234M (23%)         236M (24%)         342M (34%)            -                  -          
[111.664s][info][gc,heap     ] GC(47)   Garbage:         -               253M (25%)         237M (24%)          69M (7%)             -                  -          
[111.664s][info][gc,heap     ] GC(47) Reclaimed:         -                  -                16M (2%)          184M (18%)            -                  -          
[111.664s][info][gc          ] GC(47) Garbage Collection (Allocation Rate) 500M(50%)->560M(56%)
[111.716s][info][gc,start    ] GC(48) Garbage Collection (Allocation Rate)
[111.726s][info][gc,phases   ] GC(48) Pause Mark Start 2.797ms
[114.060s][info][gc,phases   ] GC(48) Concurrent Mark 2326.888ms
[114.063s][info][gc,phases   ] GC(48) Pause Mark End 0.233ms
[114.065s][info][gc,phases   ] GC(48) Concurrent Process Non-Strong References 1.724ms
[114.066s][info][gc,phases   ] GC(48) Concurrent Reset Relocation Set 0.844ms
[114.072s][info][gc,phases   ] GC(48) Concurrent Destroy Detached Pages 0.003ms
[114.113s][info][gc,phases   ] GC(48) Concurrent Select Relocation Set 40.732ms
[114.121s][info][gc,phases   ] GC(48) Concurrent Prepare Relocation Set 7.995ms
[114.126s][info][gc,phases   ] GC(48) Pause Relocate Start 2.345ms
[114.372s][info][gc,phases   ] GC(48) Concurrent Relocate 245.398ms
[114.374s][info][gc,load     ] GC(48) Load: 3.73/4.11/3.10
[114.374s][info][gc,mmu      ] GC(48) MMU: 2ms/0.0%, 5ms/0.0%, 10ms/0.0%, 20ms/34.0%, 50ms/73.6%, 100ms/86.8%
[114.374s][info][gc,marking  ] GC(48) Mark: 1 stripe(s), 2 proactive flush(es), 1 terminate flush(es), 0 completion(s), 0 continuation(s) 
[114.374s][info][gc,reloc    ] GC(48) Relocation: Successful, 54M relocated
[114.374s][info][gc,nmethod  ] GC(48) NMethods: 3323 registered, 0 unregistered
[114.374s][info][gc,metaspace] GC(48) Metaspace: 70M used, 74M capacity, 74M committed, 76M reserved
[114.374s][info][gc,ref      ] GC(48) Soft: 4690 encountered, 0 discovered, 0 enqueued
[114.374s][info][gc,ref      ] GC(48) Weak: 4614 encountered, 3498 discovered, 0 enqueued
[114.374s][info][gc,ref      ] GC(48) Final: 26 encountered, 0 discovered, 0 enqueued
[114.374s][info][gc,ref      ] GC(48) Phantom: 656 encountered, 653 discovered, 0 enqueued
[114.374s][info][gc,heap     ] GC(48)                Mark Start          Mark End        Relocate Start      Relocate End           High               Low         
[114.374s][info][gc,heap     ] GC(48)  Capacity:     1000M (100%)       1000M (100%)       1000M (100%)       1000M (100%)       1000M (100%)       1000M (100%)   
[114.374s][info][gc,heap     ] GC(48)   Reserve:       34M (3%)           34M (3%)           34M (3%)           34M (3%)           34M (3%)           34M (3%)     
[114.374s][info][gc,heap     ] GC(48)      Free:      392M (39%)         138M (14%)         144M (14%)         396M (40%)         396M (40%)         138M (14%)    
[114.374s][info][gc,heap     ] GC(48)      Used:      574M (57%)         828M (83%)         822M (82%)         570M (57%)         828M (83%)         570M (57%)    
[114.374s][info][gc,heap     ] GC(48)      Live:         -               270M (27%)         270M (27%)         270M (27%)            -                  -          
[114.374s][info][gc,heap     ] GC(48) Allocated:         -               254M (25%)         254M (25%)         278M (28%)            -                  -          
[114.374s][info][gc,heap     ] GC(48)   Garbage:         -               303M (30%)         297M (30%)          45M (5%)             -                  -          
[114.374s][info][gc,heap     ] GC(48) Reclaimed:         -                  -                 6M (1%)          258M (26%)            -                  -          
[114.374s][info][gc          ] GC(48) Garbage Collection (Allocation Rate) 574M(57%)->570M(57%)
[114.412s][info][gc,start    ] GC(49) Garbage Collection (Allocation Rate)
[114.421s][info][gc,phases   ] GC(49) Pause Mark Start 2.803ms
[116.450s][info][gc,phases   ] GC(49) Concurrent Mark 2028.587ms
[116.456s][info][gc,phases   ] GC(49) Pause Mark End 0.269ms
[116.458s][info][gc,phases   ] GC(49) Concurrent Process Non-Strong References 1.470ms
[116.458s][info][gc,phases   ] GC(49) Concurrent Reset Relocation Set 0.620ms
[116.458s][info][gc,phases   ] GC(49) Concurrent Destroy Detached Pages 0.000ms
[116.461s][info][gc,phases   ] GC(49) Concurrent Select Relocation Set 2.741ms
[116.468s][info][gc,phases   ] GC(49) Concurrent Prepare Relocation Set 3.184ms
[116.483s][info][gc,phases   ] GC(49) Pause Relocate Start 2.373ms
[116.716s][info][gc,phases   ] GC(49) Concurrent Relocate 227.984ms
[116.716s][info][gc,load     ] GC(49) Load: 3.75/4.11/3.11
[116.716s][info][gc,mmu      ] GC(49) MMU: 2ms/0.0%, 5ms/0.0%, 10ms/0.0%, 20ms/34.0%, 50ms/73.6%, 100ms/86.8%
[116.716s][info][gc,marking  ] GC(49) Mark: 1 stripe(s), 2 proactive flush(es), 1 terminate flush(es), 0 completion(s), 0 continuation(s) 
[116.716s][info][gc,reloc    ] GC(49) Relocation: Successful, 45M relocated
[116.716s][info][gc,nmethod  ] GC(49) NMethods: 3323 registered, 0 unregistered
[116.716s][info][gc,metaspace] GC(49) Metaspace: 70M used, 74M capacity, 74M committed, 76M reserved
[116.716s][info][gc,ref      ] GC(49) Soft: 4690 encountered, 0 discovered, 0 enqueued
[116.716s][info][gc,ref      ] GC(49) Weak: 4613 encountered, 3474 discovered, 3 enqueued
[116.716s][info][gc,ref      ] GC(49) Final: 26 encountered, 0 discovered, 0 enqueued
[116.716s][info][gc,ref      ] GC(49) Phantom: 656 encountered, 653 discovered, 0 enqueued
[116.716s][info][gc,heap     ] GC(49)                Mark Start          Mark End        Relocate Start      Relocate End           High               Low         
[116.716s][info][gc,heap     ] GC(49)  Capacity:     1000M (100%)       1000M (100%)       1000M (100%)       1000M (100%)       1000M (100%)       1000M (100%)   
[116.716s][info][gc,heap     ] GC(49)   Reserve:       34M (3%)           34M (3%)           34M (3%)           34M (3%)           34M (3%)           34M (3%)     
[116.716s][info][gc,heap     ] GC(49)      Free:      396M (40%)         360M (36%)         414M (41%)         646M (65%)         646M (65%)         360M (36%)    
[116.716s][info][gc,heap     ] GC(49)      Used:      570M (57%)         606M (61%)         552M (55%)         320M (32%)         606M (61%)         320M (32%)    
[116.716s][info][gc,heap     ] GC(49)      Live:         -               238M (24%)         238M (24%)         238M (24%)            -                  -          
[116.716s][info][gc,heap     ] GC(49) Allocated:         -                36M (4%)           38M (4%)           58M (6%)             -                  -          
[116.716s][info][gc,heap     ] GC(49)   Garbage:         -               331M (33%)         275M (28%)          43M (4%)             -                  -          
[116.716s][info][gc,heap     ] GC(49) Reclaimed:         -                  -                56M (6%)          288M (29%)            -                  -          
[116.716s][info][gc          ] GC(49) Garbage Collection (Allocation Rate) 570M(57%)->320M(32%)
[117.412s][info][gc,start    ] GC(50) Garbage Collection (Allocation Rate)
[117.422s][info][gc,phases   ] GC(50) Pause Mark Start 2.801ms
[118.146s][info][gc,heap     ] Page Cache Flushed: 6M requested, 10M(488M->478M) flushed
[118.956s][info][gc,phases   ] GC(50) Concurrent Mark 1530.537ms
[118.963s][info][gc,phases   ] GC(50) Pause Mark End 0.234ms
[118.974s][info][gc,phases   ] GC(50) Concurrent Process Non-Strong References 9.248ms
[118.978s][info][gc,phases   ] GC(50) Concurrent Reset Relocation Set 3.530ms
[118.978s][info][gc,phases   ] GC(50) Concurrent Destroy Detached Pages 0.005ms
[118.984s][info][gc,phases   ] GC(50) Concurrent Select Relocation Set 6.271ms
[118.986s][info][gc,phases   ] GC(50) Concurrent Prepare Relocation Set 1.884ms
[119.009s][info][gc,phases   ] GC(50) Pause Relocate Start 2.402ms
[119.166s][info][gc,phases   ] GC(50) Concurrent Relocate 150.355ms
[119.167s][info][gc,load     ] GC(50) Load: 3.75/4.11/3.11
[119.167s][info][gc,mmu      ] GC(50) MMU: 2ms/0.0%, 5ms/0.0%, 10ms/0.0%, 20ms/34.0%, 50ms/73.6%, 100ms/86.8%
[119.167s][info][gc,marking  ] GC(50) Mark: 1 stripe(s), 2 proactive flush(es), 1 terminate flush(es), 0 completion(s), 0 continuation(s) 
[119.167s][info][gc,reloc    ] GC(50) Relocation: Successful, 35M relocated
[119.167s][info][gc,nmethod  ] GC(50) NMethods: 3413 registered, 0 unregistered
[119.167s][info][gc,metaspace] GC(50) Metaspace: 70M used, 74M capacity, 74M committed, 76M reserved
[119.167s][info][gc,ref      ] GC(50) Soft: 4698 encountered, 0 discovered, 0 enqueued
[119.167s][info][gc,ref      ] GC(50) Weak: 4618 encountered, 3483 discovered, 11 enqueued
[119.167s][info][gc,ref      ] GC(50) Final: 26 encountered, 0 discovered, 0 enqueued
[119.167s][info][gc,ref      ] GC(50) Phantom: 662 encountered, 659 discovered, 5 enqueued
[119.167s][info][gc,heap     ] GC(50)                Mark Start          Mark End        Relocate Start      Relocate End           High               Low         
[119.167s][info][gc,heap     ] GC(50)  Capacity:     1000M (100%)       1000M (100%)       1000M (100%)       1000M (100%)       1000M (100%)       1000M (100%)   
[119.167s][info][gc,heap     ] GC(50)   Reserve:       34M (3%)           34M (3%)           34M (3%)           34M (3%)           34M (3%)           34M (3%)     
[119.167s][info][gc,heap     ] GC(50)      Free:      578M (58%)         396M (40%)         484M (48%)         516M (52%)         578M (58%)         392M (39%)    
[119.167s][info][gc,heap     ] GC(50)      Used:      388M (39%)         570M (57%)         482M (48%)         450M (45%)         574M (57%)         388M (39%)    
[119.167s][info][gc,heap     ] GC(50)      Live:         -               204M (20%)         204M (20%)         204M (20%)            -                  -          
[119.167s][info][gc,heap     ] GC(50) Allocated:         -               182M (18%)         188M (19%)         218M (22%)            -                  -          
[119.167s][info][gc,heap     ] GC(50)   Garbage:         -               183M (18%)          89M (9%)           41M (4%)             -                  -          
[119.167s][info][gc,heap     ] GC(50) Reclaimed:         -                  -                94M (9%)          142M (14%)            -                  -          
[119.167s][info][gc          ] GC(50) Garbage Collection (Allocation Rate) 388M(39%)->450M(45%)
[119.213s][info][gc,start    ] GC(51) Garbage Collection (Allocation Rate)
[119.222s][info][gc,phases   ] GC(51) Pause Mark Start 2.848ms
[119.509s][info][gc,heap     ] Page Cache Flushed: 10M requested, 18M(500M->482M) flushed
[120.212s][info][gc,stats    ] === Garbage Collection Statistics =======================================================================================================================
[120.212s][info][gc,stats    ]                                                              Last 10s              Last 10m              Last 10h                Total
[120.212s][info][gc,stats    ]                                                              Avg / Max             Avg / Max             Avg / Max             Avg / Max
[120.212s][info][gc,stats    ]   Collector: Garbage Collection Cycle                   2215.768 / 2657.818   1433.352 / 5279.755   1433.352 / 5279.755   1433.352 / 5279.755    ms
[120.212s][info][gc,stats    ]  Contention: Mark Segment Reset Contention                     0 / 0                 0 / 0                 0 / 0                 0 / 0           ops/s
[120.212s][info][gc,stats    ]  Contention: Mark SeqNum Reset Contention                      0 / 0                 0 / 0                 0 / 0                 0 / 0           ops/s
[120.212s][info][gc,stats    ]  Contention: Relocation Contention                             0 / 2                 0 / 3                 0 / 3                 0 / 3           ops/s
[120.212s][info][gc,stats    ]    Critical: Allocation Stall                              0.000 / 0.000         0.000 / 0.000         0.000 / 0.000         0.000 / 0.000       ms
[120.212s][info][gc,stats    ]    Critical: Allocation Stall                                  0 / 0                 0 / 0                 0 / 0                 0 / 0           ops/s
[120.212s][info][gc,stats    ]    Critical: GC Locker Stall                               0.000 / 0.000         0.013 / 0.014         0.013 / 0.014         0.013 / 0.014       ms
[120.212s][info][gc,stats    ]    Critical: GC Locker Stall                                   0 / 0                 0 / 1                 0 / 1                 0 / 1           ops/s
[120.212s][info][gc,stats    ]      Memory: Allocation Rate                                  88 / 134             125 / 600             125 / 600             125 / 600         MB/s
[120.212s][info][gc,stats    ]      Memory: Heap Used After Mark                            684 / 828             598 / 960             598 / 960             598 / 960         MB
[120.212s][info][gc,stats    ]      Memory: Heap Used After Relocation                      475 / 570             328 / 908             328 / 908             328 / 908         MB
[120.212s][info][gc,stats    ]      Memory: Heap Used Before Mark                           498 / 574             471 / 908             471 / 908             471 / 908         MB
[120.212s][info][gc,stats    ]      Memory: Heap Used Before Relocation                     644 / 822             437 / 938             437 / 938             437 / 938         MB
[120.212s][info][gc,stats    ]      Memory: Out Of Memory                                     0 / 0                 0 / 0                 0 / 0                 0 / 0           ops/s
[120.212s][info][gc,stats    ]      Memory: Page Cache Flush                                  2 / 18                3 / 44                3 / 44                3 / 44          MB/s
[120.212s][info][gc,stats    ]      Memory: Page Cache Hit L1                                40 / 77               57 / 301              57 / 301              57 / 301         ops/s
[120.212s][info][gc,stats    ]      Memory: Page Cache Hit L2                                 0 / 0                 0 / 0                 0 / 0                 0 / 0           ops/s
[120.212s][info][gc,stats    ]      Memory: Page Cache Miss                                   0 / 1                 3 / 114               3 / 114               3 / 114         ops/s
[120.212s][info][gc,stats    ]      Memory: Undo Object Allocation Failed                     0 / 0                 0 / 0                 0 / 0                 0 / 0           ops/s
[120.212s][info][gc,stats    ]      Memory: Undo Object Allocation Succeeded                  0 / 2                 0 / 3                 0 / 3                 0 / 3           ops/s
[120.212s][info][gc,stats    ]      Memory: Undo Page Allocation                              0 / 0                 0 / 0                 0 / 0                 0 / 0           ops/s
[120.212s][info][gc,stats    ]       Phase: Concurrent Destroy Detached Pages             0.002 / 0.005         0.002 / 0.011         0.002 / 0.011         0.002 / 0.011       ms
[120.212s][info][gc,stats    ]       Phase: Concurrent Mark                            1908.837 / 2326.888   1240.463 / 5208.825   1240.463 / 5208.825   1240.463 / 5208.825    ms
[120.212s][info][gc,stats    ]       Phase: Concurrent Mark Continue                      0.000 / 0.000         0.000 / 0.000         0.000 / 0.000         0.000 / 0.000       ms
[120.212s][info][gc,stats    ]       Phase: Concurrent Prepare Relocation Set             8.489 / 20.893        7.604 / 67.644        7.604 / 67.644        7.604 / 67.644      ms
[120.212s][info][gc,stats    ]       Phase: Concurrent Process Non-Strong References      3.493 / 9.248         2.568 / 14.952        2.568 / 14.952        2.568 / 14.952      ms
[120.212s][info][gc,stats    ]       Phase: Concurrent Relocate                         240.213 / 337.115     151.923 / 851.942     151.923 / 851.942     151.923 / 851.942     ms
[120.212s][info][gc,stats    ]       Phase: Concurrent Reset Relocation Set               1.329 / 3.530         0.348 / 3.530         0.348 / 3.530         0.348 / 3.530       ms
[120.212s][info][gc,stats    ]       Phase: Concurrent Select Relocation Set             12.847 / 40.732        2.866 / 40.732        2.866 / 40.732        2.866 / 40.732      ms
[120.212s][info][gc,stats    ]       Phase: Pause Mark End                                0.246 / 0.269         0.248 / 0.635         0.248 / 0.635         0.248 / 0.635       ms
[120.212s][info][gc,stats    ]       Phase: Pause Mark Start                              2.812 / 2.848         2.675 / 8.645         2.675 / 8.645         2.675 / 8.645       ms
[120.212s][info][gc,stats    ]       Phase: Pause Relocate Start                          2.417 / 2.546         3.516 / 12.570        3.516 / 12.570        3.516 / 12.570      ms
[120.212s][info][gc,stats    ]    Subphase: Concurrent Mark                            1908.809 / 2326.856   1239.928 / 5208.804   1239.928 / 5208.804   1239.928 / 5208.804    ms
[120.212s][info][gc,stats    ]    Subphase: Concurrent Mark Idle                          0.000 / 0.000         0.000 / 0.000         0.000 / 0.000         0.000 / 0.000       ms
[120.212s][info][gc,stats    ]    Subphase: Concurrent Mark Try Flush                     4.546 / 14.658        4.380 / 25.008        4.380 / 25.008        4.380 / 25.008      ms
[120.212s][info][gc,stats    ]    Subphase: Concurrent Mark Try Terminate                 2.453 / 11.707        1.399 / 11.707        1.399 / 11.707        1.399 / 11.707      ms
[120.212s][info][gc,stats    ]    Subphase: Concurrent References Enqueue                 0.002 / 0.004         0.002 / 0.007         0.002 / 0.007         0.002 / 0.007       ms
[120.212s][info][gc,stats    ]    Subphase: Concurrent References Process                 2.702 / 8.475         1.283 / 11.837        1.283 / 11.837        1.283 / 11.837      ms
[120.212s][info][gc,stats    ]    Subphase: Concurrent Weak Roots                         0.775 / 0.812         0.848 / 4.123         0.848 / 4.123         0.848 / 4.123       ms
[120.212s][info][gc,stats    ]    Subphase: Concurrent Weak Roots JNIWeakHandles          0.000 / 0.000         0.000 / 0.001         0.000 / 0.001         0.000 / 0.001       ms
[120.212s][info][gc,stats    ]    Subphase: Concurrent Weak Roots StringTable             0.583 / 0.616         0.656 / 3.915         0.656 / 3.915         0.656 / 3.915       ms
[120.212s][info][gc,stats    ]    Subphase: Concurrent Weak Roots VMWeakHandles           0.191 / 0.197         0.190 / 0.321         0.190 / 0.321         0.190 / 0.321       ms
[120.212s][info][gc,stats    ]    Subphase: Pause Mark Try Complete                       0.000 / 0.000         0.002 / 0.002         0.002 / 0.002         0.002 / 0.002       ms
[120.212s][info][gc,stats    ]    Subphase: Pause Remap TLABS                             0.002 / 0.002         0.002 / 0.026         0.002 / 0.026         0.002 / 0.026       ms
[120.212s][info][gc,stats    ]    Subphase: Pause Retire TLABS                            0.016 / 0.021         0.015 / 0.032         0.015 / 0.032         0.015 / 0.032       ms
[120.212s][info][gc,stats    ]    Subphase: Pause Roots                                   1.597 / 2.486         1.605 / 12.371        1.605 / 12.371        1.605 / 12.371      ms
[120.212s][info][gc,stats    ]    Subphase: Pause Roots ClassLoaderDataGraph              0.646 / 0.777         0.740 / 11.302        0.740 / 11.302        0.740 / 11.302      ms
[120.212s][info][gc,stats    ]    Subphase: Pause Roots CodeCache                         1.369 / 1.467         1.229 / 5.175         1.229 / 5.175         1.229 / 5.175       ms
[120.212s][info][gc,stats    ]    Subphase: Pause Roots JNIHandles                        0.001 / 0.001         0.001 / 0.005         0.001 / 0.005         0.001 / 0.005       ms
[120.212s][info][gc,stats    ]    Subphase: Pause Roots JNIWeakHandles                    0.000 / 0.000         0.000 / 0.000         0.000 / 0.000         0.000 / 0.000       ms
[120.212s][info][gc,stats    ]    Subphase: Pause Roots JRFWeak                           0.000 / 0.000         0.000 / 0.000         0.000 / 0.000         0.000 / 0.000       ms
[120.212s][info][gc,stats    ]    Subphase: Pause Roots JVMTIExport                       0.001 / 0.001         0.001 / 0.001         0.001 / 0.001         0.001 / 0.001       ms
[120.212s][info][gc,stats    ]    Subphase: Pause Roots JVMTIWeakExport                   0.001 / 0.001         0.001 / 0.001         0.001 / 0.001         0.001 / 0.001       ms
[120.212s][info][gc,stats    ]    Subphase: Pause Roots Management                        0.001 / 0.001         0.044 / 4.405         0.044 / 4.405         0.044 / 4.405       ms
[120.212s][info][gc,stats    ]    Subphase: Pause Roots ObjectSynchronizer                0.000 / 0.000         0.000 / 0.001         0.000 / 0.001         0.000 / 0.001       ms
[120.212s][info][gc,stats    ]    Subphase: Pause Roots Setup                             0.189 / 0.297         0.170 / 0.504         0.170 / 0.504         0.170 / 0.504       ms
[120.212s][info][gc,stats    ]    Subphase: Pause Roots StringTable                       0.000 / 0.000         0.000 / 0.000         0.000 / 0.000         0.000 / 0.000       ms
[120.212s][info][gc,stats    ]    Subphase: Pause Roots SystemDictionary                  0.011 / 0.012         0.013 / 0.072         0.013 / 0.072         0.013 / 0.072       ms
[120.212s][info][gc,stats    ]    Subphase: Pause Roots Teardown                          0.001 / 0.002         0.001 / 0.016         0.001 / 0.016         0.001 / 0.016       ms
[120.212s][info][gc,stats    ]    Subphase: Pause Roots Threads                           0.240 / 0.318         0.241 / 0.974         0.241 / 0.974         0.241 / 0.974       ms
[120.212s][info][gc,stats    ]    Subphase: Pause Roots Universe                          0.002 / 0.003         0.006 / 0.365         0.006 / 0.365         0.006 / 0.365       ms
[120.212s][info][gc,stats    ]    Subphase: Pause Roots VMWeakHandles                     0.000 / 0.000         0.000 / 0.000         0.000 / 0.000         0.000 / 0.000       ms
[120.212s][info][gc,stats    ]    Subphase: Pause Weak Roots                              0.002 / 0.002         0.002 / 0.009         0.002 / 0.009         0.002 / 0.009       ms
[120.212s][info][gc,stats    ]    Subphase: Pause Weak Roots JFRWeak                      0.001 / 0.001         0.001 / 0.001         0.001 / 0.001         0.001 / 0.001       ms
[120.213s][info][gc,stats    ]    Subphase: Pause Weak Roots JNIWeakHandles               0.000 / 0.000         0.000 / 0.000         0.000 / 0.000         0.000 / 0.000       ms
[120.213s][info][gc,stats    ]    Subphase: Pause Weak Roots JVMTIWeakExport              0.001 / 0.001         0.001 / 0.007         0.001 / 0.007         0.001 / 0.007       ms
[120.213s][info][gc,stats    ]    Subphase: Pause Weak Roots Setup                        0.000 / 0.000         0.000 / 0.000         0.000 / 0.000         0.000 / 0.000       ms
[120.213s][info][gc,stats    ]    Subphase: Pause Weak Roots StringTable                  0.000 / 0.000         0.000 / 0.000         0.000 / 0.000         0.000 / 0.000       ms
[120.213s][info][gc,stats    ]    Subphase: Pause Weak Roots SymbolTable                  0.000 / 0.000         0.000 / 0.000         0.000 / 0.000         0.000 / 0.000       ms
[120.213s][info][gc,stats    ]    Subphase: Pause Weak Roots Teardown                     0.001 / 0.001         0.001 / 0.001         0.001 / 0.001         0.001 / 0.001       ms
[120.213s][info][gc,stats    ]    Subphase: Pause Weak Roots VMWeakHandles                0.000 / 0.000         0.000 / 0.000         0.000 / 0.000         0.000 / 0.000       ms
[120.213s][info][gc,stats    ]      System: Java Threads                                     58 / 62               52 / 63               52 / 63               52 / 63          threads
[120.213s][info][gc,stats    ] =========================================================================================================================================================
[120.381s][info][gc,heap     ] Page Cache Flushed: 6M requested, 6M(408M->402M) flushed
[120.798s][info][gc,heap     ] Page Cache Flushed: 6M requested, 6M(374M->368M) flushed
[121.005s][info][gc,phases   ] GC(51) Concurrent Mark 1782.522ms
[121.009s][info][gc,phases   ] GC(51) Pause Mark End 0.533ms
[121.010s][info][gc,phases   ] GC(51) Concurrent Process Non-Strong References 1.527ms
[121.011s][info][gc,phases   ] GC(51) Concurrent Reset Relocation Set 0.308ms
[121.011s][info][gc,phases   ] GC(51) Concurrent Destroy Detached Pages 0.010ms
[121.012s][info][gc,phases   ] GC(51) Concurrent Select Relocation Set 1.528ms
[121.019s][info][gc,phases   ] GC(51) Concurrent Prepare Relocation Set 2.312ms
[121.026s][info][gc,phases   ] GC(51) Pause Relocate Start 2.439ms
[121.151s][info][gc,phases   ] GC(51) Concurrent Relocate 119.485ms
[121.151s][info][gc,load     ] GC(51) Load: 3.93/4.14/3.12
[121.151s][info][gc,mmu      ] GC(51) MMU: 2ms/0.0%, 5ms/0.0%, 10ms/0.0%, 20ms/34.0%, 50ms/73.6%, 100ms/86.8%
[121.151s][info][gc,marking  ] GC(51) Mark: 1 stripe(s), 2 proactive flush(es), 1 terminate flush(es), 0 completion(s), 0 continuation(s) 
[121.151s][info][gc,reloc    ] GC(51) Relocation: Successful, 33M relocated
[121.151s][info][gc,nmethod  ] GC(51) NMethods: 3463 registered, 0 unregistered
[121.151s][info][gc,metaspace] GC(51) Metaspace: 71M used, 75M capacity, 75M committed, 76M reserved
[121.151s][info][gc,ref      ] GC(51) Soft: 4702 encountered, 0 discovered, 0 enqueued
[121.151s][info][gc,ref      ] GC(51) Weak: 4751 encountered, 3743 discovered, 6 enqueued
[121.151s][info][gc,ref      ] GC(51) Final: 26 encountered, 0 discovered, 0 enqueued
[121.151s][info][gc,ref      ] GC(51) Phantom: 657 encountered, 654 discovered, 0 enqueued
[121.151s][info][gc,heap     ] GC(51)                Mark Start          Mark End        Relocate Start      Relocate End           High               Low         
[121.151s][info][gc,heap     ] GC(51)  Capacity:     1000M (100%)       1000M (100%)       1000M (100%)       1000M (100%)       1000M (100%)       1000M (100%)   
[121.151s][info][gc,heap     ] GC(51)   Reserve:       34M (3%)           34M (3%)           34M (3%)           34M (3%)           34M (3%)           34M (3%)     
[121.151s][info][gc,heap     ] GC(51)      Free:      506M (51%)         352M (35%)         532M (53%)         564M (56%)         566M (57%)         352M (35%)    
[121.151s][info][gc,heap     ] GC(51)      Used:      460M (46%)         614M (61%)         434M (43%)         402M (40%)         614M (61%)         400M (40%)    
[121.151s][info][gc,heap     ] GC(51)      Live:         -               202M (20%)         202M (20%)         202M (20%)            -                  -          
[121.151s][info][gc,heap     ] GC(51) Allocated:         -               154M (15%)         154M (15%)         174M (17%)            -                  -          
[121.151s][info][gc,heap     ] GC(51)   Garbage:         -               257M (26%)          77M (8%)           37M (4%)             -                  -          
[121.151s][info][gc,heap     ] GC(51) Reclaimed:         -                  -               180M (18%)         220M (22%)            -                  -          
[121.151s][info][gc          ] GC(51) Garbage Collection (Allocation Rate) 460M(46%)->402M(40%)
[121.512s][info][gc,start    ] GC(52) Garbage Collection (Allocation Rate)
[121.528s][info][gc,phases   ] GC(52) Pause Mark Start 7.640ms
[122.899s][info][gc,phases   ] GC(52) Concurrent Mark 1370.135ms
[122.902s][info][gc,phases   ] GC(52) Pause Mark End 0.256ms
[122.904s][info][gc,phases   ] GC(52) Concurrent Process Non-Strong References 1.757ms
[122.916s][info][gc,phases   ] GC(52) Concurrent Reset Relocation Set 0.395ms
[122.916s][info][gc,phases   ] GC(52) Concurrent Destroy Detached Pages 0.001ms
[122.918s][info][gc,phases   ] GC(52) Concurrent Select Relocation Set 1.939ms
[122.918s][info][gc,phases   ] GC(52) Concurrent Prepare Relocation Set 0.037ms
[122.928s][info][gc,phases   ] GC(52) Pause Relocate Start 7.780ms
[122.953s][info][gc,phases   ] GC(52) Concurrent Relocate 24.286ms
[122.953s][info][gc,load     ] GC(52) Load: 3.93/4.14/3.12
[122.953s][info][gc,mmu      ] GC(52) MMU: 2ms/0.0%, 5ms/0.0%, 10ms/0.0%, 20ms/34.0%, 50ms/73.6%, 100ms/86.8%
[122.953s][info][gc,marking  ] GC(52) Mark: 1 stripe(s), 2 proactive flush(es), 1 terminate flush(es), 0 completion(s), 0 continuation(s) 
[122.953s][info][gc,reloc    ] GC(52) Relocation: Successful, 25M relocated
[122.953s][info][gc,nmethod  ] GC(52) NMethods: 3515 registered, 0 unregistered
[122.953s][info][gc,metaspace] GC(52) Metaspace: 71M used, 75M capacity, 75M committed, 76M reserved
[122.953s][info][gc,ref      ] GC(52) Soft: 4812 encountered, 0 discovered, 0 enqueued
[122.953s][info][gc,ref      ] GC(52) Weak: 5015 encountered, 3942 discovered, 260 enqueued
[122.953s][info][gc,ref      ] GC(52) Final: 26 encountered, 0 discovered, 0 enqueued
[122.953s][info][gc,ref      ] GC(52) Phantom: 699 encountered, 696 discovered, 42 enqueued
[122.953s][info][gc,heap     ] GC(52)                Mark Start          Mark End        Relocate Start      Relocate End           High               Low         
[122.953s][info][gc,heap     ] GC(52)  Capacity:     1000M (100%)       1000M (100%)       1000M (100%)       1000M (100%)       1000M (100%)       1000M (100%)   
[122.953s][info][gc,heap     ] GC(52)   Reserve:       34M (3%)           34M (3%)           34M (3%)           34M (3%)           34M (3%)           34M (3%)     
[122.953s][info][gc,heap     ] GC(52)      Free:      506M (51%)         328M (33%)         534M (53%)         556M (56%)         556M (56%)         328M (33%)    
[122.953s][info][gc,heap     ] GC(52)      Used:      460M (46%)         638M (64%)         432M (43%)         410M (41%)         638M (64%)         410M (41%)    
[122.953s][info][gc,heap     ] GC(52)      Live:         -               190M (19%)         190M (19%)         190M (19%)            -                  -          
[122.953s][info][gc,heap     ] GC(52) Allocated:         -               178M (18%)         178M (18%)         184M (18%)            -                  -          
[122.953s][info][gc,heap     ] GC(52)   Garbage:         -               269M (27%)          63M (6%)           37M (4%)             -                  -          
[122.953s][info][gc,heap     ] GC(52) Reclaimed:         -                  -               206M (21%)         232M (23%)            -                  -          
[122.953s][info][gc          ] GC(52) Garbage Collection (Allocation Rate) 460M(46%)->410M(41%)
[123.020s][info][gc,start    ] GC(53) Garbage Collection (Allocation Rate)
[123.026s][info][gc,phases   ] GC(53) Pause Mark Start 2.850ms
[124.962s][info][gc,phases   ] GC(53) Concurrent Mark 1935.652ms
[124.973s][info][gc,phases   ] GC(53) Pause Mark End 0.282ms
[124.980s][info][gc,phases   ] GC(53) Concurrent Process Non-Strong References 6.339ms
[124.980s][info][gc,phases   ] GC(53) Concurrent Reset Relocation Set 0.008ms
[124.980s][info][gc,phases   ] GC(53) Concurrent Destroy Detached Pages 0.001ms
[124.981s][info][gc,phases   ] GC(53) Concurrent Select Relocation Set 1.543ms
[124.983s][info][gc,phases   ] GC(53) Concurrent Prepare Relocation Set 1.674ms
[124.990s][info][gc,phases   ] GC(53) Pause Relocate Start 6.739ms
[125.191s][info][gc,phases   ] GC(53) Concurrent Relocate 186.191ms
[125.191s][info][gc,load     ] GC(53) Load: 3.93/4.14/3.12
[125.191s][info][gc,mmu      ] GC(53) MMU: 2ms/0.0%, 5ms/0.0%, 10ms/0.0%, 20ms/34.0%, 50ms/73.6%, 100ms/86.8%
[125.191s][info][gc,marking  ] GC(53) Mark: 1 stripe(s), 2 proactive flush(es), 1 terminate flush(es), 0 completion(s), 0 continuation(s) 
[125.191s][info][gc,reloc    ] GC(53) Relocation: Successful, 33M relocated
[125.191s][info][gc,nmethod  ] GC(53) NMethods: 3594 registered, 0 unregistered
[125.191s][info][gc,metaspace] GC(53) Metaspace: 71M used, 75M capacity, 75M committed, 76M reserved
[125.191s][info][gc,ref      ] GC(53) Soft: 4812 encountered, 0 discovered, 0 enqueued
[125.191s][info][gc,ref      ] GC(53) Weak: 4715 encountered, 3687 discovered, 1 enqueued
[125.191s][info][gc,ref      ] GC(53) Final: 26 encountered, 0 discovered, 0 enqueued
[125.191s][info][gc,ref      ] GC(53) Phantom: 660 encountered, 657 discovered, 3 enqueued
[125.191s][info][gc,heap     ] GC(53)                Mark Start          Mark End        Relocate Start      Relocate End           High               Low         
[125.191s][info][gc,heap     ] GC(53)  Capacity:     1000M (100%)       1000M (100%)       1000M (100%)       1000M (100%)       1000M (100%)       1000M (100%)   
[125.191s][info][gc,heap     ] GC(53)   Reserve:       34M (3%)           34M (3%)           34M (3%)           34M (3%)           34M (3%)           34M (3%)     
[125.191s][info][gc,heap     ] GC(53)      Free:      548M (55%)         366M (37%)         498M (50%)         536M (54%)         548M (55%)         366M (37%)    
[125.191s][info][gc,heap     ] GC(53)      Used:      418M (42%)         600M (60%)         468M (47%)         430M (43%)         600M (60%)         418M (42%)    
[125.191s][info][gc,heap     ] GC(53)      Live:         -               204M (20%)         204M (20%)         204M (20%)            -                  -          
[125.191s][info][gc,heap     ] GC(53) Allocated:         -               182M (18%)         182M (18%)         200M (20%)            -                  -          
[125.191s][info][gc,heap     ] GC(53)   Garbage:         -               213M (21%)          81M (8%)           37M (4%)             -                  -          
[125.191s][info][gc,heap     ] GC(53) Reclaimed:         -                  -               132M (13%)         176M (18%)            -                  -          
[125.191s][info][gc          ] GC(53) Garbage Collection (Allocation Rate) 418M(42%)->430M(43%)
[127.112s][info][gc,start    ] GC(54) Garbage Collection (Allocation Rate)
[127.121s][info][gc,phases   ] GC(54) Pause Mark Start 3.073ms
[128.601s][info][gc,phases   ] GC(54) Concurrent Mark 1472.419ms
[128.607s][info][gc,phases   ] GC(54) Pause Mark End 0.253ms
[128.609s][info][gc,phases   ] GC(54) Concurrent Process Non-Strong References 1.680ms
[128.609s][info][gc,phases   ] GC(54) Concurrent Reset Relocation Set 0.212ms
[128.609s][info][gc,phases   ] GC(54) Concurrent Destroy Detached Pages 0.000ms
[128.611s][info][gc,phases   ] GC(54) Concurrent Select Relocation Set 1.529ms
[128.611s][info][gc,phases   ] GC(54) Concurrent Prepare Relocation Set 0.478ms
[128.619s][info][gc,phases   ] GC(54) Pause Relocate Start 2.665ms
[128.705s][info][gc,phases   ] GC(54) Concurrent Relocate 81.772ms
[128.705s][info][gc,load     ] GC(54) Load: 3.94/4.14/3.13
[128.705s][info][gc,mmu      ] GC(54) MMU: 2ms/0.0%, 5ms/0.0%, 10ms/0.0%, 20ms/34.0%, 50ms/73.6%, 100ms/86.8%
[128.705s][info][gc,marking  ] GC(54) Mark: 1 stripe(s), 2 proactive flush(es), 1 terminate flush(es), 0 completion(s), 0 continuation(s) 
[128.705s][info][gc,reloc    ] GC(54) Relocation: Successful, 28M relocated
[128.705s][info][gc,nmethod  ] GC(54) NMethods: 3661 registered, 0 unregistered
[128.705s][info][gc,metaspace] GC(54) Metaspace: 71M used, 75M capacity, 75M committed, 76M reserved
[128.705s][info][gc,ref      ] GC(54) Soft: 4839 encountered, 0 discovered, 0 enqueued
[128.705s][info][gc,ref      ] GC(54) Weak: 4860 encountered, 3760 discovered, 143 enqueued
[128.705s][info][gc,ref      ] GC(54) Final: 26 encountered, 0 discovered, 0 enqueued
[128.705s][info][gc,ref      ] GC(54) Phantom: 670 encountered, 667 discovered, 13 enqueued
[128.705s][info][gc,heap     ] GC(54)                Mark Start          Mark End        Relocate Start      Relocate End           High               Low         
[128.705s][info][gc,heap     ] GC(54)  Capacity:     1000M (100%)       1000M (100%)       1000M (100%)       1000M (100%)       1000M (100%)       1000M (100%)   
[128.705s][info][gc,heap     ] GC(54)   Reserve:       34M (3%)           34M (3%)           34M (3%)           34M (3%)           34M (3%)           34M (3%)     
[128.705s][info][gc,heap     ] GC(54)      Free:      422M (42%)         308M (31%)         540M (54%)         612M (61%)         612M (61%)         308M (31%)    
[128.705s][info][gc,heap     ] GC(54)      Used:      544M (54%)         658M (66%)         426M (43%)         354M (35%)         658M (66%)         354M (35%)    
[128.705s][info][gc,heap     ] GC(54)      Live:         -               195M (20%)         195M (20%)         195M (20%)            -                  -          
[128.705s][info][gc,heap     ] GC(54) Allocated:         -               114M (11%)         114M (11%)         162M (16%)            -                  -          
[128.705s][info][gc,heap     ] GC(54)   Garbage:         -               348M (35%)         116M (12%)          42M (4%)             -                  -          
[128.705s][info][gc,heap     ] GC(54) Reclaimed:         -                  -               232M (23%)         306M (31%)            -                  -          
[128.705s][info][gc          ] GC(54) Garbage Collection (Allocation Rate) 544M(54%)->354M(35%)
[129.012s][info][gc,start    ] GC(55) Garbage Collection (Allocation Rate)
[129.018s][info][gc,phases   ] GC(55) Pause Mark Start 3.133ms
[130.216s][info][gc,stats    ] === Garbage Collection Statistics =======================================================================================================================
[130.216s][info][gc,stats    ]                                                              Last 10s              Last 10m              Last 10h                Total
[130.216s][info][gc,stats    ]                                                              Avg / Max             Avg / Max             Avg / Max             Avg / Max
[130.216s][info][gc,stats    ]   Collector: Garbage Collection Cycle                   1785.986 / 2170.901   1458.998 / 5279.755   1458.998 / 5279.755   1458.998 / 5279.755    ms
[130.216s][info][gc,stats    ]  Contention: Mark Segment Reset Contention                     0 / 0                 0 / 0                 0 / 0                 0 / 0           ops/s
[130.216s][info][gc,stats    ]  Contention: Mark SeqNum Reset Contention                      0 / 0                 0 / 0                 0 / 0                 0 / 0           ops/s
[130.216s][info][gc,stats    ]  Contention: Relocation Contention                             0 / 0                 0 / 3                 0 / 3                 0 / 3           ops/s
[130.216s][info][gc,stats    ]    Critical: Allocation Stall                              0.000 / 0.000         0.000 / 0.000         0.000 / 0.000         0.000 / 0.000       ms
[130.216s][info][gc,stats    ]    Critical: Allocation Stall                                  0 / 0                 0 / 0                 0 / 0                 0 / 0           ops/s
[130.216s][info][gc,stats    ]    Critical: GC Locker Stall                               8.487 / 8.487         2.838 / 8.487         2.838 / 8.487         2.838 / 8.487       ms
[130.216s][info][gc,stats    ]    Critical: GC Locker Stall                                   0 / 1                 0 / 1                 0 / 1                 0 / 1           ops/s
[130.216s][info][gc,stats    ]      Memory: Allocation Rate                                  87 / 148             122 / 600             122 / 600             122 / 600         MB/s
[130.216s][info][gc,stats    ]      Memory: Heap Used After Mark                            627 / 658             600 / 960             600 / 960             600 / 960         MB
[130.216s][info][gc,stats    ]      Memory: Heap Used After Relocation                      399 / 430             334 / 908             334 / 908             334 / 908         MB
[130.216s][info][gc,stats    ]      Memory: Heap Used Before Mark                           456 / 544             470 / 908             470 / 908             470 / 908         MB
[130.216s][info][gc,stats    ]      Memory: Heap Used Before Relocation                     440 / 468             437 / 938             437 / 938             437 / 938         MB
[130.216s][info][gc,stats    ]      Memory: Out Of Memory                                     0 / 0                 0 / 0                 0 / 0                 0 / 0           ops/s
[130.216s][info][gc,stats    ]      Memory: Page Cache Flush                                  1 / 12                3 / 44                3 / 44                3 / 44          MB/s
[130.216s][info][gc,stats    ]      Memory: Page Cache Hit L1                                38 / 58               55 / 301              55 / 301              55 / 301         ops/s
[130.216s][info][gc,stats    ]      Memory: Page Cache Hit L2                                 0 / 0                 0 / 0                 0 / 0                 0 / 0           ops/s
[130.216s][info][gc,stats    ]      Memory: Page Cache Miss                                   0 / 2                 3 / 114               3 / 114               3 / 114         ops/s
[130.216s][info][gc,stats    ]      Memory: Undo Object Allocation Failed                     0 / 0                 0 / 0                 0 / 0                 0 / 0           ops/s
[130.216s][info][gc,stats    ]      Memory: Undo Object Allocation Succeeded                  0 / 0                 0 / 3                 0 / 3                 0 / 3           ops/s
[130.216s][info][gc,stats    ]      Memory: Undo Page Allocation                              0 / 0                 0 / 0                 0 / 0                 0 / 0           ops/s
[130.216s][info][gc,stats    ]       Phase: Concurrent Destroy Detached Pages             0.003 / 0.010         0.002 / 0.011         0.002 / 0.011         0.002 / 0.011       ms
[130.216s][info][gc,stats    ]       Phase: Concurrent Mark                            1640.182 / 1935.652   1269.534 / 5208.825   1269.534 / 5208.825   1269.534 / 5208.825    ms
[130.216s][info][gc,stats    ]       Phase: Concurrent Mark Continue                      0.000 / 0.000         0.000 / 0.000         0.000 / 0.000         0.000 / 0.000       ms
[130.216s][info][gc,stats    ]       Phase: Concurrent Prepare Relocation Set             1.125 / 2.312         7.133 / 67.644        7.133 / 67.644        7.133 / 67.644      ms
[130.216s][info][gc,stats    ]       Phase: Concurrent Process Non-Strong References      2.826 / 6.339         2.587 / 14.952        2.587 / 14.952        2.587 / 14.952      ms
[130.216s][info][gc,stats    ]       Phase: Concurrent Relocate                         102.933 / 186.191     148.360 / 851.942     148.360 / 851.942     148.360 / 851.942     ms
[130.216s][info][gc,stats    ]       Phase: Concurrent Reset Relocation Set               0.231 / 0.395         0.339 / 3.530         0.339 / 3.530         0.339 / 3.530       ms
[130.216s][info][gc,stats    ]       Phase: Concurrent Select Relocation Set              1.635 / 1.939         2.777 / 40.732        2.777 / 40.732        2.777 / 40.732      ms
[130.216s][info][gc,stats    ]       Phase: Pause Mark End                                0.331 / 0.533         0.254 / 0.635         0.254 / 0.635         0.254 / 0.635       ms
[130.216s][info][gc,stats    ]       Phase: Pause Mark Start                              4.174 / 7.640         2.782 / 8.645         2.782 / 8.645         2.782 / 8.645       ms
[130.216s][info][gc,stats    ]       Phase: Pause Relocate Start                          4.906 / 7.780         3.617 / 12.570        3.617 / 12.570        3.617 / 12.570      ms
[130.216s][info][gc,stats    ]    Subphase: Concurrent Mark                            1640.156 / 1935.627   1269.035 / 5208.804   1269.035 / 5208.804   1269.035 / 5208.804    ms
[130.216s][info][gc,stats    ]    Subphase: Concurrent Mark Idle                          0.000 / 0.000         0.000 / 0.000         0.000 / 0.000         0.000 / 0.000       ms
[130.216s][info][gc,stats    ]    Subphase: Concurrent Mark Try Flush                     5.659 / 20.866        4.466 / 25.008        4.466 / 25.008        4.466 / 25.008      ms
[130.216s][info][gc,stats    ]    Subphase: Concurrent Mark Try Terminate                 1.734 / 7.788         1.424 / 11.707        1.424 / 11.707        1.424 / 11.707      ms
[130.216s][info][gc,stats    ]    Subphase: Concurrent References Enqueue                 0.005 / 0.009         0.002 / 0.009         0.002 / 0.009         0.002 / 0.009       ms
[130.216s][info][gc,stats    ]    Subphase: Concurrent References Process                 0.806 / 0.889         1.248 / 11.837        1.248 / 11.837        1.248 / 11.837      ms
[130.216s][info][gc,stats    ]    Subphase: Concurrent Weak Roots                         0.818 / 0.851         0.846 / 4.123         0.846 / 4.123         0.846 / 4.123       ms
[130.216s][info][gc,stats    ]    Subphase: Concurrent Weak Roots JNIWeakHandles          0.000 / 0.000         0.000 / 0.001         0.000 / 0.001         0.000 / 0.001       ms
[130.216s][info][gc,stats    ]    Subphase: Concurrent Weak Roots StringTable             0.613 / 0.655         0.653 / 3.915         0.653 / 3.915         0.653 / 3.915       ms
[130.216s][info][gc,stats    ]    Subphase: Concurrent Weak Roots VMWeakHandles           0.203 / 0.221         0.191 / 0.321         0.191 / 0.321         0.191 / 0.321       ms
[130.216s][info][gc,stats    ]    Subphase: Pause Mark Try Complete                       0.000 / 0.000         0.002 / 0.002         0.002 / 0.002         0.002 / 0.002       ms
[130.216s][info][gc,stats    ]    Subphase: Pause Remap TLABS                             0.001 / 0.001         0.002 / 0.026         0.002 / 0.026         0.002 / 0.026       ms
[130.216s][info][gc,stats    ]    Subphase: Pause Retire TLABS                            0.018 / 0.021         0.015 / 0.032         0.015 / 0.032         0.015 / 0.032       ms
[130.216s][info][gc,stats    ]    Subphase: Pause Roots                                   2.075 / 6.262         1.639 / 12.371        1.639 / 12.371        1.639 / 12.371      ms
[130.216s][info][gc,stats    ]    Subphase: Pause Roots ClassLoaderDataGraph              0.697 / 0.846         0.737 / 11.302        0.737 / 11.302        0.737 / 11.302      ms
[130.216s][info][gc,stats    ]    Subphase: Pause Roots CodeCache                         1.442 / 1.681         1.244 / 5.175         1.244 / 5.175         1.244 / 5.175       ms
[130.216s][info][gc,stats    ]    Subphase: Pause Roots JNIHandles                        0.001 / 0.001         0.001 / 0.005         0.001 / 0.005         0.001 / 0.005       ms
[130.216s][info][gc,stats    ]    Subphase: Pause Roots JNIWeakHandles                    0.000 / 0.000         0.000 / 0.000         0.000 / 0.000         0.000 / 0.000       ms
[130.216s][info][gc,stats    ]    Subphase: Pause Roots JRFWeak                           0.000 / 0.000         0.000 / 0.000         0.000 / 0.000         0.000 / 0.000       ms
[130.216s][info][gc,stats    ]    Subphase: Pause Roots JVMTIExport                       0.001 / 0.001         0.001 / 0.001         0.001 / 0.001         0.001 / 0.001       ms
[130.216s][info][gc,stats    ]    Subphase: Pause Roots JVMTIWeakExport                   0.001 / 0.001         0.001 / 0.001         0.001 / 0.001         0.001 / 0.001       ms
[130.216s][info][gc,stats    ]    Subphase: Pause Roots Management                        0.001 / 0.003         0.041 / 4.405         0.041 / 4.405         0.041 / 4.405       ms
[130.216s][info][gc,stats    ]    Subphase: Pause Roots ObjectSynchronizer                0.000 / 0.001         0.000 / 0.001         0.000 / 0.001         0.000 / 0.001       ms
[130.216s][info][gc,stats    ]    Subphase: Pause Roots Setup                             0.209 / 0.421         0.173 / 0.504         0.173 / 0.504         0.173 / 0.504       ms
[130.216s][info][gc,stats    ]    Subphase: Pause Roots StringTable                       0.000 / 0.000         0.000 / 0.000         0.000 / 0.000         0.000 / 0.000       ms
[130.216s][info][gc,stats    ]    Subphase: Pause Roots SystemDictionary                  0.013 / 0.018         0.013 / 0.072         0.013 / 0.072         0.013 / 0.072       ms
[130.216s][info][gc,stats    ]    Subphase: Pause Roots Teardown                          0.002 / 0.005         0.001 / 0.016         0.001 / 0.016         0.001 / 0.016       ms
[130.216s][info][gc,stats    ]    Subphase: Pause Roots Threads                           0.633 / 4.291         0.270 / 4.291         0.270 / 4.291         0.270 / 4.291       ms
[130.216s][info][gc,stats    ]    Subphase: Pause Roots Universe                          0.003 / 0.006         0.006 / 0.365         0.006 / 0.365         0.006 / 0.365       ms
[130.216s][info][gc,stats    ]    Subphase: Pause Roots VMWeakHandles                     0.000 / 0.000         0.000 / 0.000         0.000 / 0.000         0.000 / 0.000       ms
[130.216s][info][gc,stats    ]    Subphase: Pause Weak Roots                              0.002 / 0.002         0.002 / 0.009         0.002 / 0.009         0.002 / 0.009       ms
[130.216s][info][gc,stats    ]    Subphase: Pause Weak Roots JFRWeak                      0.001 / 0.001         0.001 / 0.001         0.001 / 0.001         0.001 / 0.001       ms
[130.216s][info][gc,stats    ]    Subphase: Pause Weak Roots JNIWeakHandles               0.000 / 0.000         0.000 / 0.000         0.000 / 0.000         0.000 / 0.000       ms
[130.216s][info][gc,stats    ]    Subphase: Pause Weak Roots JVMTIWeakExport              0.001 / 0.001         0.001 / 0.007         0.001 / 0.007         0.001 / 0.007       ms
[130.216s][info][gc,stats    ]    Subphase: Pause Weak Roots Setup                        0.000 / 0.000         0.000 / 0.000         0.000 / 0.000         0.000 / 0.000       ms
[130.216s][info][gc,stats    ]    Subphase: Pause Weak Roots StringTable                  0.000 / 0.000         0.000 / 0.000         0.000 / 0.000         0.000 / 0.000       ms
[130.216s][info][gc,stats    ]    Subphase: Pause Weak Roots SymbolTable                  0.000 / 0.000         0.000 / 0.000         0.000 / 0.000         0.000 / 0.000       ms
[130.216s][info][gc,stats    ]    Subphase: Pause Weak Roots Teardown                     0.001 / 0.001         0.001 / 0.001         0.001 / 0.001         0.001 / 0.001       ms
[130.216s][info][gc,stats    ]    Subphase: Pause Weak Roots VMWeakHandles                0.000 / 0.000         0.000 / 0.000         0.000 / 0.000         0.000 / 0.000       ms
[130.216s][info][gc,stats    ]      System: Java Threads                                     65 / 72               53 / 72               53 / 72               53 / 72          threads
[130.216s][info][gc,stats    ] =========================================================================================================================================================
[130.467s][info][gc,phases   ] GC(55) Concurrent Mark 1442.759ms
[130.475s][info][gc,phases   ] GC(55) Pause Mark End 0.262ms
[130.477s][info][gc,phases   ] GC(55) Concurrent Process Non-Strong References 1.690ms
[130.477s][info][gc,phases   ] GC(55) Concurrent Reset Relocation Set 0.008ms
[130.477s][info][gc,phases   ] GC(55) Concurrent Destroy Detached Pages 0.000ms
[130.479s][info][gc,phases   ] GC(55) Concurrent Select Relocation Set 1.530ms
[130.479s][info][gc,phases   ] GC(55) Concurrent Prepare Relocation Set 0.196ms
[130.487s][info][gc,phases   ] GC(55) Pause Relocate Start 5.690ms
[130.526s][info][gc,phases   ] GC(55) Concurrent Relocate 38.977ms
[130.526s][info][gc,load     ] GC(55) Load: 4.02/4.15/3.14
[130.526s][info][gc,mmu      ] GC(55) MMU: 2ms/0.0%, 5ms/0.0%, 10ms/0.0%, 20ms/34.0%, 50ms/73.6%, 100ms/86.8%
[130.526s][info][gc,marking  ] GC(55) Mark: 1 stripe(s), 2 proactive flush(es), 1 terminate flush(es), 0 completion(s), 0 continuation(s) 
[130.526s][info][gc,reloc    ] GC(55) Relocation: Successful, 28M relocated
[130.526s][info][gc,nmethod  ] GC(55) NMethods: 3705 registered, 0 unregistered
[130.526s][info][gc,metaspace] GC(55) Metaspace: 71M used, 75M capacity, 75M committed, 76M reserved
[130.526s][info][gc,ref      ] GC(55) Soft: 4839 encountered, 0 discovered, 0 enqueued
[130.526s][info][gc,ref      ] GC(55) Weak: 4602 encountered, 3602 discovered, 23 enqueued
[130.526s][info][gc,ref      ] GC(55) Final: 26 encountered, 0 discovered, 0 enqueued
[130.526s][info][gc,ref      ] GC(55) Phantom: 657 encountered, 654 discovered, 0 enqueued
[130.526s][info][gc,heap     ] GC(55)                Mark Start          Mark End        Relocate Start      Relocate End           High               Low         
[130.526s][info][gc,heap     ] GC(55)  Capacity:     1000M (100%)       1000M (100%)       1000M (100%)       1000M (100%)       1000M (100%)       1000M (100%)   
[130.526s][info][gc,heap     ] GC(55)   Reserve:       34M (3%)           34M (3%)           34M (3%)           34M (3%)           34M (3%)           34M (3%)     
[130.526s][info][gc,heap     ] GC(55)      Free:      562M (56%)         446M (45%)         582M (58%)         616M (62%)         616M (62%)         446M (45%)    
[130.526s][info][gc,heap     ] GC(55)      Used:      404M (40%)         520M (52%)         384M (38%)         350M (35%)         520M (52%)         350M (35%)    
[130.527s][info][gc,heap     ] GC(55)      Live:         -               194M (19%)         194M (19%)         194M (19%)            -                  -          
[130.527s][info][gc,heap     ] GC(55) Allocated:         -               116M (12%)         116M (12%)         124M (12%)            -                  -          
[130.527s][info][gc,heap     ] GC(55)   Garbage:         -               209M (21%)          73M (7%)           39M (4%)             -                  -          
[130.527s][info][gc,heap     ] GC(55) Reclaimed:         -                  -               136M (14%)         170M (17%)            -                  -          
[130.527s][info][gc          ] GC(55) Garbage Collection (Allocation Rate) 404M(40%)->350M(35%)
[131.213s][info][gc,start    ] GC(56) Garbage Collection (Allocation Rate)
[131.220s][info][gc,phases   ] GC(56) Pause Mark Start 3.033ms
[133.084s][info][gc,phases   ] GC(56) Concurrent Mark 1864.084ms
[133.085s][info][gc,phases   ] GC(56) Pause Mark End 0.281ms
[133.101s][info][gc,phases   ] GC(56) Concurrent Process Non-Strong References 16.338ms
[133.102s][info][gc,phases   ] GC(56) Concurrent Reset Relocation Set 0.008ms
[133.102s][info][gc,phases   ] GC(56) Concurrent Destroy Detached Pages 0.001ms
[133.104s][info][gc,phases   ] GC(56) Concurrent Select Relocation Set 1.754ms
[133.104s][info][gc,phases   ] GC(56) Concurrent Prepare Relocation Set 0.215ms
[133.124s][info][gc,phases   ] GC(56) Pause Relocate Start 8.717ms
[133.225s][info][gc,phases   ] GC(56) Concurrent Relocate 100.853ms
[133.225s][info][gc,load     ] GC(56) Load: 4.02/4.15/3.14
[133.225s][info][gc,mmu      ] GC(56) MMU: 2ms/0.0%, 5ms/0.0%, 10ms/0.0%, 20ms/34.0%, 50ms/73.6%, 100ms/86.8%
[133.225s][info][gc,marking  ] GC(56) Mark: 1 stripe(s), 2 proactive flush(es), 1 terminate flush(es), 0 completion(s), 0 continuation(s) 
[133.225s][info][gc,reloc    ] GC(56) Relocation: Successful, 25M relocated
[133.225s][info][gc,nmethod  ] GC(56) NMethods: 3784 registered, 0 unregistered
[133.225s][info][gc,metaspace] GC(56) Metaspace: 71M used, 75M capacity, 75M committed, 76M reserved
[133.225s][info][gc,ref      ] GC(56) Soft: 4840 encountered, 0 discovered, 0 enqueued
[133.225s][info][gc,ref      ] GC(56) Weak: 4667 encountered, 3632 discovered, 22 enqueued
[133.225s][info][gc,ref      ] GC(56) Final: 26 encountered, 0 discovered, 0 enqueued
[133.225s][info][gc,ref      ] GC(56) Phantom: 658 encountered, 655 discovered, 1 enqueued
[133.225s][info][gc,heap     ] GC(56)                Mark Start          Mark End        Relocate Start      Relocate End           High               Low         
[133.225s][info][gc,heap     ] GC(56)  Capacity:     1000M (100%)       1000M (100%)       1000M (100%)       1000M (100%)       1000M (100%)       1000M (100%)   
[133.225s][info][gc,heap     ] GC(56)   Reserve:       34M (3%)           34M (3%)           34M (3%)           34M (3%)           34M (3%)           34M (3%)     
[133.225s][info][gc,heap     ] GC(56)      Free:      512M (51%)         382M (38%)         534M (53%)         632M (63%)         634M (63%)         382M (38%)    
[133.225s][info][gc,heap     ] GC(56)      Used:      454M (45%)         584M (58%)         432M (43%)         334M (33%)         584M (58%)         332M (33%)    
[133.225s][info][gc,heap     ] GC(56)      Live:         -               192M (19%)         192M (19%)         192M (19%)            -                  -          
[133.225s][info][gc,heap     ] GC(56) Allocated:         -               130M (13%)         130M (13%)         144M (14%)            -                  -          
[133.225s][info][gc,heap     ] GC(56)   Garbage:         -               261M (26%)         109M (11%)           3M (0%)             -                  -          
[133.225s][info][gc,heap     ] GC(56) Reclaimed:         -                  -               152M (15%)         258M (26%)            -                  -          
[133.225s][info][gc          ] GC(56) Garbage Collection (Allocation Rate) 454M(45%)->334M(33%)
[133.912s][info][gc,start    ] GC(57) Garbage Collection (Allocation Rate)
[133.922s][info][gc,phases   ] GC(57) Pause Mark Start 3.084ms
[136.234s][info][gc,phases   ] GC(57) Concurrent Mark 2305.970ms
[136.246s][info][gc,phases   ] GC(57) Pause Mark End 0.336ms
[136.256s][info][gc,phases   ] GC(57) Concurrent Process Non-Strong References 4.548ms
[136.257s][info][gc,phases   ] GC(57) Concurrent Reset Relocation Set 0.008ms
[136.257s][info][gc,phases   ] GC(57) Concurrent Destroy Detached Pages 0.001ms
[136.258s][info][gc,phases   ] GC(57) Concurrent Select Relocation Set 1.566ms
[136.262s][info][gc,phases   ] GC(57) Concurrent Prepare Relocation Set 3.756ms
[136.274s][info][gc,phases   ] GC(57) Pause Relocate Start 2.757ms
[136.756s][info][gc,phases   ] GC(57) Concurrent Relocate 468.064ms
[136.756s][info][gc,load     ] GC(57) Load: 4.02/4.15/3.14
[136.756s][info][gc,mmu      ] GC(57) MMU: 2ms/0.0%, 5ms/0.0%, 10ms/0.0%, 20ms/34.0%, 50ms/73.6%, 100ms/86.8%
[136.756s][info][gc,marking  ] GC(57) Mark: 1 stripe(s), 3 proactive flush(es), 1 terminate flush(es), 0 completion(s), 0 continuation(s) 
[136.756s][info][gc,reloc    ] GC(57) Relocation: Successful, 39M relocated
[136.756s][info][gc,nmethod  ] GC(57) NMethods: 3798 registered, 4 unregistered
[136.756s][info][gc,metaspace] GC(57) Metaspace: 71M used, 75M capacity, 75M committed, 76M reserved
[136.756s][info][gc,ref      ] GC(57) Soft: 4840 encountered, 0 discovered, 0 enqueued
[136.756s][info][gc,ref      ] GC(57) Weak: 4660 encountered, 3607 discovered, 12 enqueued
[136.756s][info][gc,ref      ] GC(57) Final: 26 encountered, 0 discovered, 0 enqueued
[136.756s][info][gc,ref      ] GC(57) Phantom: 657 encountered, 654 discovered, 0 enqueued
[136.756s][info][gc,heap     ] GC(57)                Mark Start          Mark End        Relocate Start      Relocate End           High               Low         
[136.756s][info][gc,heap     ] GC(57)  Capacity:     1000M (100%)       1000M (100%)       1000M (100%)       1000M (100%)       1000M (100%)       1000M (100%)   
[136.756s][info][gc,heap     ] GC(57)   Reserve:       34M (3%)           34M (3%)           34M (3%)           34M (3%)           34M (3%)           34M (3%)     
[136.756s][info][gc,heap     ] GC(57)      Free:      556M (56%)         490M (49%)         490M (49%)         648M (65%)         648M (65%)         488M (49%)    
[136.756s][info][gc,heap     ] GC(57)      Used:      410M (41%)         476M (48%)         476M (48%)         318M (32%)         478M (48%)         318M (32%)    
[136.756s][info][gc,heap     ] GC(57)      Live:         -               216M (22%)         216M (22%)         216M (22%)            -                  -          
[136.756s][info][gc,heap     ] GC(57) Allocated:         -                66M (7%)           66M (7%)           86M (9%)             -                  -          
[136.756s][info][gc,heap     ] GC(57)   Garbage:         -               193M (19%)         193M (19%)          35M (4%)             -                  -          
[136.756s][info][gc,heap     ] GC(57) Reclaimed:         -                  -                 0M (0%)          158M (16%)            -                  -          
[136.756s][info][gc          ] GC(57) Garbage Collection (Allocation Rate) 410M(41%)->318M(32%)
[139.312s][info][gc,start    ] GC(58) Garbage Collection (Allocation Rate)
[139.319s][info][gc,phases   ] GC(58) Pause Mark Start 3.339ms
[140.094s][info][gc,heap     ] Page Cache Flushed: 6M requested, 10M(424M->414M) flushed
[140.119s][info][gc,heap     ] Page Cache Flushed: 6M requested, 6M(414M->408M) flushed
[140.212s][info][gc,stats    ] === Garbage Collection Statistics =======================================================================================================================
[140.212s][info][gc,stats    ]                                                              Last 10s              Last 10m              Last 10h                Total
[140.212s][info][gc,stats    ]                                                              Avg / Max             Avg / Max             Avg / Max             Avg / Max
[140.212s][info][gc,stats    ]   Collector: Garbage Collection Cycle                   2123.314 / 2843.573   1493.359 / 5279.755   1493.359 / 5279.755   1493.359 / 5279.755    ms
[140.212s][info][gc,stats    ]  Contention: Mark Segment Reset Contention                     0 / 0                 0 / 0                 0 / 0                 0 / 0           ops/s
[140.212s][info][gc,stats    ]  Contention: Mark SeqNum Reset Contention                      0 / 0                 0 / 0                 0 / 0                 0 / 0           ops/s
[140.212s][info][gc,stats    ]  Contention: Relocation Contention                             0 / 0                 0 / 3                 0 / 3                 0 / 3           ops/s
[140.212s][info][gc,stats    ]    Critical: Allocation Stall                              0.000 / 0.000         0.000 / 0.000         0.000 / 0.000         0.000 / 0.000       ms
[140.212s][info][gc,stats    ]    Critical: Allocation Stall                                  0 / 0                 0 / 0                 0 / 0                 0 / 0           ops/s
[140.212s][info][gc,stats    ]    Critical: GC Locker Stall                               0.000 / 0.000         2.838 / 8.487         2.838 / 8.487         2.838 / 8.487       ms
[140.212s][info][gc,stats    ]    Critical: GC Locker Stall                                   0 / 0                 0 / 1                 0 / 1                 0 / 1           ops/s
[140.212s][info][gc,stats    ]      Memory: Allocation Rate                                  65 / 136             118 / 600             118 / 600             118 / 600         MB/s
[140.212s][info][gc,stats    ]      Memory: Heap Used After Mark                            526 / 584             597 / 960             597 / 960             597 / 960         MB
[140.212s][info][gc,stats    ]      Memory: Heap Used After Relocation                      334 / 350             334 / 908             334 / 908             334 / 908         MB
[140.212s][info][gc,stats    ]      Memory: Heap Used Before Mark                           436 / 454             468 / 908             468 / 908             468 / 908         MB
[140.212s][info][gc,stats    ]      Memory: Heap Used Before Relocation                     430 / 476             437 / 938             437 / 938             437 / 938         MB
[140.212s][info][gc,stats    ]      Memory: Out Of Memory                                     0 / 0                 0 / 0                 0 / 0                 0 / 0           ops/s
[140.212s][info][gc,stats    ]      Memory: Page Cache Flush                                  1 / 16                2 / 44                2 / 44                2 / 44          MB/s
[140.212s][info][gc,stats    ]      Memory: Page Cache Hit L1                                25 / 52               53 / 301              53 / 301              53 / 301         ops/s
[140.212s][info][gc,stats    ]      Memory: Page Cache Hit L2                                 0 / 0                 0 / 0                 0 / 0                 0 / 0           ops/s
[140.212s][info][gc,stats    ]      Memory: Page Cache Miss                                   0 / 2                 3 / 114               3 / 114               3 / 114         ops/s
[140.212s][info][gc,stats    ]      Memory: Undo Object Allocation Failed                     0 / 0                 0 / 0                 0 / 0                 0 / 0           ops/s
[140.212s][info][gc,stats    ]      Memory: Undo Object Allocation Succeeded                  0 / 0                 0 / 3                 0 / 3                 0 / 3           ops/s
[140.212s][info][gc,stats    ]      Memory: Undo Page Allocation                              0 / 0                 0 / 0                 0 / 0                 0 / 0           ops/s
[140.212s][info][gc,stats    ]       Phase: Concurrent Destroy Detached Pages             0.001 / 0.001         0.002 / 0.011         0.002 / 0.011         0.002 / 0.011       ms
[140.212s][info][gc,stats    ]       Phase: Concurrent Mark                            1870.938 / 2305.970   1300.641 / 5208.825   1300.641 / 5208.825   1300.641 / 5208.825    ms
[140.212s][info][gc,stats    ]       Phase: Concurrent Mark Continue                      0.000 / 0.000         0.000 / 0.000         0.000 / 0.000         0.000 / 0.000       ms
[140.212s][info][gc,stats    ]       Phase: Concurrent Prepare Relocation Set             1.389 / 3.756         6.836 / 67.644        6.836 / 67.644        6.836 / 67.644      ms
[140.212s][info][gc,stats    ]       Phase: Concurrent Process Non-Strong References      7.525 / 16.338        2.843 / 16.338        2.843 / 16.338        2.843 / 16.338      ms
[140.212s][info][gc,stats    ]       Phase: Concurrent Relocate                         202.631 / 468.064     151.167 / 851.942     151.167 / 851.942     151.167 / 851.942     ms
[140.212s][info][gc,stats    ]       Phase: Concurrent Reset Relocation Set               0.008 / 0.008         0.322 / 3.530         0.322 / 3.530         0.322 / 3.530       ms
[140.212s][info][gc,stats    ]       Phase: Concurrent Select Relocation Set              1.617 / 1.754         2.717 / 40.732        2.717 / 40.732        2.717 / 40.732      ms
[140.212s][info][gc,stats    ]       Phase: Pause Mark End                                0.293 / 0.336         0.256 / 0.635         0.256 / 0.635         0.256 / 0.635       ms
[140.212s][info][gc,stats    ]       Phase: Pause Mark Start                              3.152 / 3.339         2.801 / 8.645         2.801 / 8.645         2.801 / 8.645       ms
[140.212s][info][gc,stats    ]       Phase: Pause Relocate Start                          5.721 / 8.717         3.726 / 12.570        3.726 / 12.570        3.726 / 12.570      ms
[140.212s][info][gc,stats    ]    Subphase: Concurrent Mark                            1869.660 / 2302.421   1300.102 / 5208.804   1300.102 / 5208.804   1300.102 / 5208.804    ms
[140.212s][info][gc,stats    ]    Subphase: Concurrent Mark Idle                          0.000 / 0.000         0.000 / 0.000         0.000 / 0.000         0.000 / 0.000       ms
[140.212s][info][gc,stats    ]    Subphase: Concurrent Mark Try Flush                     7.684 / 35.831        4.636 / 35.831        4.636 / 35.831        4.636 / 35.831      ms
[140.212s][info][gc,stats    ]    Subphase: Concurrent Mark Try Terminate                 1.307 / 6.859         1.418 / 11.707        1.418 / 11.707        1.418 / 11.707      ms
[140.212s][info][gc,stats    ]    Subphase: Concurrent References Enqueue                 0.003 / 0.005         0.002 / 0.009         0.002 / 0.009         0.002 / 0.009       ms
[140.212s][info][gc,stats    ]    Subphase: Concurrent References Process                 0.784 / 0.872         1.224 / 11.837        1.224 / 11.837        1.224 / 11.837      ms
[140.212s][info][gc,stats    ]    Subphase: Concurrent Weak Roots                         5.718 / 15.568        1.098 / 15.568        1.098 / 15.568        1.098 / 15.568      ms
[140.212s][info][gc,stats    ]    Subphase: Concurrent Weak Roots JNIWeakHandles          0.000 / 0.001         0.000 / 0.001         0.000 / 0.001         0.000 / 0.001       ms
[140.212s][info][gc,stats    ]    Subphase: Concurrent Weak Roots StringTable             5.502 / 15.352        0.904 / 15.352        0.904 / 15.352        0.904 / 15.352      ms
[140.212s][info][gc,stats    ]    Subphase: Concurrent Weak Roots VMWeakHandles           0.213 / 0.220         0.192 / 0.321         0.192 / 0.321         0.192 / 0.321       ms
[140.212s][info][gc,stats    ]    Subphase: Pause Mark Try Complete                       0.000 / 0.000         0.002 / 0.002         0.002 / 0.002         0.002 / 0.002       ms
[140.213s][info][gc,stats    ]    Subphase: Pause Remap TLABS                             0.004 / 0.009         0.002 / 0.026         0.002 / 0.026         0.002 / 0.026       ms
[140.213s][info][gc,stats    ]    Subphase: Pause Retire TLABS                            0.017 / 0.022         0.015 / 0.032         0.015 / 0.032         0.015 / 0.032       ms
[140.213s][info][gc,stats    ]    Subphase: Pause Roots                                   2.151 / 5.351         1.665 / 12.371        1.665 / 12.371        1.665 / 12.371      ms
[140.213s][info][gc,stats    ]    Subphase: Pause Roots ClassLoaderDataGraph              0.713 / 0.772         0.736 / 11.302        0.736 / 11.302        0.736 / 11.302      ms
[140.213s][info][gc,stats    ]    Subphase: Pause Roots CodeCache                         1.999 / 4.407         1.283 / 5.175         1.283 / 5.175         1.283 / 5.175       ms
[140.213s][info][gc,stats    ]    Subphase: Pause Roots JNIHandles                        0.001 / 0.002         0.001 / 0.005         0.001 / 0.005         0.001 / 0.005       ms
[140.213s][info][gc,stats    ]    Subphase: Pause Roots JNIWeakHandles                    0.000 / 0.000         0.000 / 0.000         0.000 / 0.000         0.000 / 0.000       ms
[140.213s][info][gc,stats    ]    Subphase: Pause Roots JRFWeak                           0.000 / 0.000         0.000 / 0.000         0.000 / 0.000         0.000 / 0.000       ms
[140.213s][info][gc,stats    ]    Subphase: Pause Roots JVMTIExport                       0.001 / 0.001         0.001 / 0.001         0.001 / 0.001         0.001 / 0.001       ms
[140.213s][info][gc,stats    ]    Subphase: Pause Roots JVMTIWeakExport                   0.001 / 0.001         0.001 / 0.001         0.001 / 0.001         0.001 / 0.001       ms
[140.213s][info][gc,stats    ]    Subphase: Pause Roots Management                        0.001 / 0.001         0.039 / 4.405         0.039 / 4.405         0.039 / 4.405       ms
[140.213s][info][gc,stats    ]    Subphase: Pause Roots ObjectSynchronizer                0.000 / 0.000         0.000 / 0.001         0.000 / 0.001         0.000 / 0.001       ms
[140.213s][info][gc,stats    ]    Subphase: Pause Roots Setup                             0.196 / 0.301         0.174 / 0.504         0.174 / 0.504         0.174 / 0.504       ms
[140.213s][info][gc,stats    ]    Subphase: Pause Roots StringTable                       0.000 / 0.000         0.000 / 0.000         0.000 / 0.000         0.000 / 0.000       ms
[140.213s][info][gc,stats    ]    Subphase: Pause Roots SystemDictionary                  0.014 / 0.016         0.013 / 0.072         0.013 / 0.072         0.013 / 0.072       ms
[140.213s][info][gc,stats    ]    Subphase: Pause Roots Teardown                          0.002 / 0.006         0.001 / 0.016         0.001 / 0.016         0.001 / 0.016       ms
[140.213s][info][gc,stats    ]    Subphase: Pause Roots Threads                           0.327 / 0.611         0.273 / 4.291         0.273 / 4.291         0.273 / 4.291       ms
[140.213s][info][gc,stats    ]    Subphase: Pause Roots Universe                          0.002 / 0.003         0.006 / 0.365         0.006 / 0.365         0.006 / 0.365       ms
[140.213s][info][gc,stats    ]    Subphase: Pause Roots VMWeakHandles                     0.000 / 0.000         0.000 / 0.000         0.000 / 0.000         0.000 / 0.000       ms
[140.213s][info][gc,stats    ]    Subphase: Pause Weak Roots                              0.002 / 0.002         0.002 / 0.009         0.002 / 0.009         0.002 / 0.009       ms
[140.213s][info][gc,stats    ]    Subphase: Pause Weak Roots JFRWeak                      0.001 / 0.001         0.001 / 0.001         0.001 / 0.001         0.001 / 0.001       ms
[140.213s][info][gc,stats    ]    Subphase: Pause Weak Roots JNIWeakHandles               0.000 / 0.000         0.000 / 0.000         0.000 / 0.000         0.000 / 0.000       ms
[140.213s][info][gc,stats    ]    Subphase: Pause Weak Roots JVMTIWeakExport              0.001 / 0.001         0.001 / 0.007         0.001 / 0.007         0.001 / 0.007       ms
[140.213s][info][gc,stats    ]    Subphase: Pause Weak Roots Setup                        0.000 / 0.000         0.000 / 0.000         0.000 / 0.000         0.000 / 0.000       ms
[140.213s][info][gc,stats    ]    Subphase: Pause Weak Roots StringTable                  0.000 / 0.000         0.000 / 0.000         0.000 / 0.000         0.000 / 0.000       ms
[140.213s][info][gc,stats    ]    Subphase: Pause Weak Roots SymbolTable                  0.000 / 0.000         0.000 / 0.000         0.000 / 0.000         0.000 / 0.000       ms
[140.213s][info][gc,stats    ]    Subphase: Pause Weak Roots Teardown                     0.001 / 0.001         0.001 / 0.001         0.001 / 0.001         0.001 / 0.001       ms
[140.213s][info][gc,stats    ]    Subphase: Pause Weak Roots VMWeakHandles                0.000 / 0.000         0.000 / 0.000         0.000 / 0.000         0.000 / 0.000       ms
[140.213s][info][gc,stats    ]      System: Java Threads                                     74 / 77               54 / 77               54 / 77               54 / 77          threads
[140.213s][info][gc,stats    ] =========================================================================================================================================================
[142.396s][info][gc,phases   ] GC(58) Concurrent Mark 3076.354ms
[142.399s][info][gc,phases   ] GC(58) Pause Mark End 0.384ms
[142.414s][info][gc,phases   ] GC(58) Concurrent Process Non-Strong References 10.090ms
[142.414s][info][gc,phases   ] GC(58) Concurrent Reset Relocation Set 0.027ms
[142.414s][info][gc,phases   ] GC(58) Concurrent Destroy Detached Pages 0.007ms
[142.422s][info][gc,phases   ] GC(58) Concurrent Select Relocation Set 7.894ms
[142.444s][info][gc,phases   ] GC(58) Concurrent Prepare Relocation Set 21.697ms
[142.457s][info][gc,phases   ] GC(58) Pause Relocate Start 6.779ms
[143.029s][info][gc,phases   ] GC(58) Concurrent Relocate 571.716ms
[143.029s][info][gc,load     ] GC(58) Load: 4.18/4.18/3.16
[143.029s][info][gc,mmu      ] GC(58) MMU: 2ms/0.0%, 5ms/0.0%, 10ms/0.0%, 20ms/34.0%, 50ms/73.6%, 100ms/86.8%
[143.029s][info][gc,marking  ] GC(58) Mark: 1 stripe(s), 2 proactive flush(es), 1 terminate flush(es), 0 completion(s), 0 continuation(s) 
[143.029s][info][gc,reloc    ] GC(58) Relocation: Successful, 39M relocated
[143.029s][info][gc,nmethod  ] GC(58) NMethods: 3935 registered, 4 unregistered
[143.029s][info][gc,metaspace] GC(58) Metaspace: 73M used, 77M capacity, 77M committed, 78M reserved
[143.029s][info][gc,ref      ] GC(58) Soft: 4845 encountered, 0 discovered, 0 enqueued
[143.029s][info][gc,ref      ] GC(58) Weak: 4654 encountered, 3609 discovered, 1 enqueued
[143.029s][info][gc,ref      ] GC(58) Final: 26 encountered, 0 discovered, 0 enqueued
[143.029s][info][gc,ref      ] GC(58) Phantom: 662 encountered, 468 discovered, 6 enqueued
[143.029s][info][gc,heap     ] GC(58)                Mark Start          Mark End        Relocate Start      Relocate End           High               Low         
[143.029s][info][gc,heap     ] GC(58)  Capacity:     1000M (100%)       1000M (100%)       1000M (100%)       1000M (100%)       1000M (100%)       1000M (100%)   
[143.029s][info][gc,heap     ] GC(58)   Reserve:       34M (3%)           34M (3%)           34M (3%)           34M (3%)           34M (3%)           34M (3%)     
[143.029s][info][gc,heap     ] GC(58)      Free:      522M (52%)         278M (28%)         344M (34%)         398M (40%)         522M (52%)         276M (28%)    
[143.029s][info][gc,heap     ] GC(58)      Used:      444M (44%)         688M (69%)         622M (62%)         568M (57%)         690M (69%)         444M (44%)    
[143.029s][info][gc,heap     ] GC(58)      Live:         -               228M (23%)         228M (23%)         228M (23%)            -                  -          
[143.029s][info][gc,heap     ] GC(58) Allocated:         -               244M (24%)         250M (25%)         356M (36%)            -                  -          
[143.029s][info][gc,heap     ] GC(58)   Garbage:         -               215M (22%)         143M (14%)           3M (0%)             -                  -          
[143.029s][info][gc,heap     ] GC(58) Reclaimed:         -                  -                72M (7%)          212M (21%)            -                  -          
[143.029s][info][gc          ] GC(58) Garbage Collection (Allocation Rate) 444M(44%)->568M(57%)
[143.112s][info][gc,start    ] GC(59) Garbage Collection (Allocation Rate)
[143.124s][info][gc,phases   ] GC(59) Pause Mark Start 8.673ms
[145.668s][info][gc,phases   ] GC(59) Concurrent Mark 2543.680ms
[145.669s][info][gc,phases   ] GC(59) Pause Mark End 0.551ms
[145.676s][info][gc,phases   ] GC(59) Concurrent Process Non-Strong References 7.585ms
[145.676s][info][gc,phases   ] GC(59) Concurrent Reset Relocation Set 0.019ms
[145.677s][info][gc,phases   ] GC(59) Concurrent Destroy Detached Pages 0.001ms
[145.678s][info][gc,phases   ] GC(59) Concurrent Select Relocation Set 1.527ms
[145.697s][info][gc,phases   ] GC(59) Concurrent Prepare Relocation Set 19.162ms
[145.708s][info][gc,phases   ] GC(59) Pause Relocate Start 2.996ms
[146.268s][info][gc,phases   ] GC(59) Concurrent Relocate 548.185ms
[146.268s][info][gc,load     ] GC(59) Load: 4.17/4.18/3.16
[146.269s][info][gc,mmu      ] GC(59) MMU: 2ms/0.0%, 5ms/0.0%, 10ms/0.0%, 20ms/34.0%, 50ms/73.6%, 100ms/86.8%
[146.269s][info][gc,marking  ] GC(59) Mark: 1 stripe(s), 2 proactive flush(es), 1 terminate flush(es), 0 completion(s), 0 continuation(s) 
[146.269s][info][gc,reloc    ] GC(59) Relocation: Successful, 57M relocated
[146.269s][info][gc,nmethod  ] GC(59) NMethods: 3987 registered, 4 unregistered
[146.269s][info][gc,metaspace] GC(59) Metaspace: 73M used, 77M capacity, 77M committed, 78M reserved
[146.269s][info][gc,ref      ] GC(59) Soft: 4898 encountered, 0 discovered, 0 enqueued
[146.269s][info][gc,ref      ] GC(59) Weak: 4798 encountered, 3729 discovered, 46 enqueued
[146.269s][info][gc,ref      ] GC(59) Final: 28 encountered, 0 discovered, 0 enqueued
[146.269s][info][gc,ref      ] GC(59) Phantom: 699 encountered, 625 discovered, 36 enqueued
[146.269s][info][gc,heap     ] GC(59)                Mark Start          Mark End        Relocate Start      Relocate End           High               Low         
[146.269s][info][gc,heap     ] GC(59)  Capacity:     1000M (100%)       1000M (100%)       1000M (100%)       1000M (100%)       1000M (100%)       1000M (100%)   
[146.269s][info][gc,heap     ] GC(59)   Reserve:       34M (3%)           34M (3%)           34M (3%)           34M (3%)           34M (3%)           34M (3%)     
[146.269s][info][gc,heap     ] GC(59)      Free:      386M (39%)         222M (22%)         246M (25%)         498M (50%)         498M (50%)         222M (22%)    
[146.269s][info][gc,heap     ] GC(59)      Used:      580M (58%)         744M (74%)         720M (72%)         468M (47%)         744M (74%)         468M (47%)    
[146.269s][info][gc,heap     ] GC(59)      Live:         -               260M (26%)         260M (26%)         260M (26%)            -                  -          
[146.269s][info][gc,heap     ] GC(59) Allocated:         -               164M (16%)         164M (16%)         210M (21%)            -                  -          
[146.269s][info][gc,heap     ] GC(59)   Garbage:         -               319M (32%)         295M (30%)          41M (4%)             -                  -          
[146.269s][info][gc,heap     ] GC(59) Reclaimed:         -                  -                24M (2%)          278M (28%)            -                  -          
[146.269s][info][gc          ] GC(59) Garbage Collection (Allocation Rate) 580M(58%)->468M(47%)
[147.113s][info][gc,start    ] GC(60) Garbage Collection (Allocation Rate)
[147.122s][info][gc,phases   ] GC(60) Pause Mark Start 3.604ms
[148.023s][info][gc,heap     ] Page Cache Flushed: 6M requested, 6M(398M->392M) flushed
[148.026s][info][gc,heap     ] Page Cache Flushed: 10M requested, 10M(392M->382M) flushed
[148.153s][info][gc,heap     ] Page Cache Flushed: 8M requested, 8M(374M->366M) flushed
[148.181s][info][gc,heap     ] Page Cache Flushed: 8M requested, 8M(360M->352M) flushed
[148.214s][info][gc,heap     ] Page Cache Flushed: 8M requested, 8M(348M->340M) flushed
[148.904s][info][gc,heap     ] Page Cache Flushed: 6M requested, 6M(202M->196M) flushed
[148.908s][info][gc,heap     ] Page Cache Flushed: 6M requested, 6M(196M->190M) flushed
[149.659s][info][gc,heap     ] Page Cache Flushed: 6M requested, 6M(44M->38M) flushed
[149.903s][info][gc,phases   ] GC(60) Concurrent Mark 2778.849ms
[149.904s][info][gc,phases   ] GC(60) Pause Mark End 0.455ms
[149.913s][info][gc,phases   ] GC(60) Concurrent Process Non-Strong References 8.666ms
[149.913s][info][gc,phases   ] GC(60) Concurrent Reset Relocation Set 0.041ms
[149.913s][info][gc,phases   ] GC(60) Concurrent Destroy Detached Pages 0.026ms
[149.915s][info][gc,phases   ] GC(60) Concurrent Select Relocation Set 1.527ms
[149.915s][info][gc,phases   ] GC(60) Concurrent Prepare Relocation Set 0.819ms
[149.923s][info][gc,phases   ] GC(60) Pause Relocate Start 2.738ms
[149.923s][info][gc          ] Allocation Stall (Executor task launch worker for task 2.0 in stage 12.0 (TID 20)) 24.178ms
[150.212s][info][gc,stats    ] === Garbage Collection Statistics =======================================================================================================================
[150.212s][info][gc,stats    ]                                                              Last 10s              Last 10m              Last 10h                Total
[150.212s][info][gc,stats    ]                                                              Avg / Max             Avg / Max             Avg / Max             Avg / Max
[150.212s][info][gc,stats    ]   Collector: Garbage Collection Cycle                   3436.813 / 3717.264   1558.141 / 5279.755   1558.141 / 5279.755   1558.141 / 5279.755    ms
[150.212s][info][gc,stats    ]  Contention: Mark Segment Reset Contention                     0 / 0                 0 / 0                 0 / 0                 0 / 0           ops/s
[150.212s][info][gc,stats    ]  Contention: Mark SeqNum Reset Contention                      0 / 0                 0 / 0                 0 / 0                 0 / 0           ops/s
[150.212s][info][gc,stats    ]  Contention: Relocation Contention                             0 / 1                 0 / 3                 0 / 3                 0 / 3           ops/s
[150.212s][info][gc,stats    ]    Critical: Allocation Stall                             24.178 / 24.178       24.178 / 24.178       24.178 / 24.178       24.178 / 24.178      ms
[150.212s][info][gc,stats    ]    Critical: Allocation Stall                                  0 / 1                 0 / 1                 0 / 1                 0 / 1           ops/s
[150.212s][info][gc,stats    ]    Critical: GC Locker Stall                               0.000 / 0.000         2.838 / 8.487         2.838 / 8.487         2.838 / 8.487       ms
[150.212s][info][gc,stats    ]    Critical: GC Locker Stall                                   0 / 0                 0 / 1                 0 / 1                 0 / 1           ops/s
[150.212s][info][gc,stats    ]      Memory: Allocation Rate                                  92 / 216             116 / 600             116 / 600             116 / 600         MB/s
[150.212s][info][gc,stats    ]      Memory: Heap Used After Mark                            799 / 966             607 / 966             607 / 966             607 / 966         MB
[150.212s][info][gc,stats    ]      Memory: Heap Used After Relocation                      518 / 568             340 / 908             340 / 908             340 / 908         MB
[150.212s][info][gc,stats    ]      Memory: Heap Used Before Mark                           549 / 580             471 / 908             471 / 908             471 / 908         MB
[150.212s][info][gc,stats    ]      Memory: Heap Used Before Relocation                     746 / 896             452 / 938             452 / 938             452 / 938         MB
[150.212s][info][gc,stats    ]      Memory: Out Of Memory                                     0 / 0                 0 / 0                 0 / 0                 0 / 0           ops/s
[150.212s][info][gc,stats    ]      Memory: Page Cache Flush                                  5 / 32                3 / 44                3 / 44                3 / 44          MB/s
[150.212s][info][gc,stats    ]      Memory: Page Cache Hit L1                                41 / 98               52 / 301              52 / 301              52 / 301         ops/s
[150.212s][info][gc,stats    ]      Memory: Page Cache Hit L2                                 0 / 0                 0 / 0                 0 / 0                 0 / 0           ops/s
[150.212s][info][gc,stats    ]      Memory: Page Cache Miss                                   0 / 4                 3 / 114               3 / 114               3 / 114         ops/s
[150.212s][info][gc,stats    ]      Memory: Undo Object Allocation Failed                     0 / 0                 0 / 0                 0 / 0                 0 / 0           ops/s
[150.212s][info][gc,stats    ]      Memory: Undo Object Allocation Succeeded                  0 / 1                 0 / 3                 0 / 3                 0 / 3           ops/s
[150.212s][info][gc,stats    ]      Memory: Undo Page Allocation                              0 / 1                 0 / 1                 0 / 1                 0 / 1           ops/s
[150.212s][info][gc,stats    ]       Phase: Concurrent Destroy Detached Pages             0.011 / 0.026         0.002 / 0.026         0.002 / 0.026         0.002 / 0.026       ms
[150.212s][info][gc,stats    ]       Phase: Concurrent Mark                            2799.627 / 3076.354   1374.362 / 5208.825   1374.362 / 5208.825   1374.362 / 5208.825    ms
[150.212s][info][gc,stats    ]       Phase: Concurrent Mark Continue                      0.000 / 0.000         0.000 / 0.000         0.000 / 0.000         0.000 / 0.000       ms
[150.212s][info][gc,stats    ]       Phase: Concurrent Prepare Relocation Set            13.893 / 21.697        7.183 / 67.644        7.183 / 67.644        7.183 / 67.644      ms
[150.212s][info][gc,stats    ]       Phase: Concurrent Process Non-Strong References      8.780 / 10.090        3.135 / 16.338        3.135 / 16.338        3.135 / 16.338      ms
[150.212s][info][gc,stats    ]       Phase: Concurrent Relocate                         559.950 / 571.716     164.793 / 851.942     164.793 / 851.942     164.793 / 851.942     ms
[150.212s][info][gc,stats    ]       Phase: Concurrent Reset Relocation Set               0.029 / 0.041         0.308 / 3.530         0.308 / 3.530         0.308 / 3.530       ms
[150.212s][info][gc,stats    ]       Phase: Concurrent Select Relocation Set              3.649 / 7.894         2.763 / 40.732        2.763 / 40.732        2.763 / 40.732      ms
[150.212s][info][gc,stats    ]       Phase: Pause Mark End                                0.463 / 0.551         0.267 / 0.635         0.267 / 0.635         0.267 / 0.635       ms
[150.212s][info][gc,stats    ]       Phase: Pause Mark Start                              6.138 / 8.673         2.911 / 8.673         2.911 / 8.673         2.911 / 8.673       ms
[150.212s][info][gc,stats    ]       Phase: Pause Relocate Start                          4.171 / 6.779         3.748 / 12.570        3.748 / 12.570        3.748 / 12.570      ms
[150.212s][info][gc,stats    ]    Subphase: Concurrent Mark                            2789.758 / 3070.226   1373.364 / 5208.804   1373.364 / 5208.804   1373.364 / 5208.804    ms
[150.212s][info][gc,stats    ]    Subphase: Concurrent Mark Idle                          0.000 / 0.000         0.000 / 0.000         0.000 / 0.000         0.000 / 0.000       ms
[150.212s][info][gc,stats    ]    Subphase: Concurrent Mark Try Flush                     4.992 / 14.043        4.654 / 35.831        4.654 / 35.831        4.654 / 35.831      ms
[150.212s][info][gc,stats    ]    Subphase: Concurrent Mark Try Terminate                 2.295 / 13.741        1.460 / 13.741        1.460 / 13.741        1.460 / 13.741      ms
[150.212s][info][gc,stats    ]    Subphase: Concurrent References Enqueue                 0.007 / 0.012         0.002 / 0.012         0.002 / 0.012         0.002 / 0.012       ms
[150.212s][info][gc,stats    ]    Subphase: Concurrent References Process                 3.611 / 9.304         1.342 / 11.837        1.342 / 11.837        1.342 / 11.837      ms
[150.212s][info][gc,stats    ]    Subphase: Concurrent Weak Roots                         0.845 / 0.905         1.086 / 15.568        1.086 / 15.568        1.086 / 15.568      ms
[150.212s][info][gc,stats    ]    Subphase: Concurrent Weak Roots JNIWeakHandles          0.000 / 0.001         0.000 / 0.001         0.000 / 0.001         0.000 / 0.001       ms
[150.212s][info][gc,stats    ]    Subphase: Concurrent Weak Roots StringTable             0.609 / 0.640         0.890 / 15.352        0.890 / 15.352        0.890 / 15.352      ms
[150.212s][info][gc,stats    ]    Subphase: Concurrent Weak Roots VMWeakHandles           0.233 / 0.271         0.194 / 0.321         0.194 / 0.321         0.194 / 0.321       ms
[150.212s][info][gc,stats    ]    Subphase: Pause Mark Try Complete                       0.000 / 0.000         0.002 / 0.002         0.002 / 0.002         0.002 / 0.002       ms
[150.212s][info][gc,stats    ]    Subphase: Pause Remap TLABS                             0.002 / 0.003         0.002 / 0.026         0.002 / 0.026         0.002 / 0.026       ms
[150.212s][info][gc,stats    ]    Subphase: Pause Retire TLABS                            0.021 / 0.022         0.015 / 0.032         0.015 / 0.032         0.015 / 0.032       ms
[150.212s][info][gc,stats    ]    Subphase: Pause Roots                                   2.336 / 6.446         1.695 / 12.371        1.695 / 12.371        1.695 / 12.371      ms
[150.212s][info][gc,stats    ]    Subphase: Pause Roots ClassLoaderDataGraph              0.731 / 0.824         0.736 / 11.302        0.736 / 11.302        0.736 / 11.302      ms
[150.212s][info][gc,stats    ]    Subphase: Pause Roots CodeCache                         2.355 / 5.469         1.327 / 5.469         1.327 / 5.469         1.327 / 5.469       ms
[150.212s][info][gc,stats    ]    Subphase: Pause Roots JNIHandles                        0.001 / 0.001         0.001 / 0.005         0.001 / 0.005         0.001 / 0.005       ms
[150.212s][info][gc,stats    ]    Subphase: Pause Roots JNIWeakHandles                    0.000 / 0.000         0.000 / 0.000         0.000 / 0.000         0.000 / 0.000       ms
[150.212s][info][gc,stats    ]    Subphase: Pause Roots JRFWeak                           0.000 / 0.000         0.000 / 0.000         0.000 / 0.000         0.000 / 0.000       ms
[150.212s][info][gc,stats    ]    Subphase: Pause Roots JVMTIExport                       0.001 / 0.002         0.001 / 0.002         0.001 / 0.002         0.001 / 0.002       ms
[150.212s][info][gc,stats    ]    Subphase: Pause Roots JVMTIWeakExport                   0.001 / 0.001         0.001 / 0.001         0.001 / 0.001         0.001 / 0.001       ms
[150.212s][info][gc,stats    ]    Subphase: Pause Roots Management                        0.001 / 0.002         0.037 / 4.405         0.037 / 4.405         0.037 / 4.405       ms
[150.212s][info][gc,stats    ]    Subphase: Pause Roots ObjectSynchronizer                0.000 / 0.001         0.000 / 0.001         0.000 / 0.001         0.000 / 0.001       ms
[150.212s][info][gc,stats    ]    Subphase: Pause Roots Setup                             0.196 / 0.352         0.175 / 0.504         0.175 / 0.504         0.175 / 0.504       ms
[150.212s][info][gc,stats    ]    Subphase: Pause Roots StringTable                       0.000 / 0.000         0.000 / 0.000         0.000 / 0.000         0.000 / 0.000       ms
[150.212s][info][gc,stats    ]    Subphase: Pause Roots SystemDictionary                  0.015 / 0.017         0.013 / 0.072         0.013 / 0.072         0.013 / 0.072       ms
[150.212s][info][gc,stats    ]    Subphase: Pause Roots Teardown                          0.001 / 0.004         0.001 / 0.016         0.001 / 0.016         0.001 / 0.016       ms
[150.212s][info][gc,stats    ]    Subphase: Pause Roots Threads                           0.391 / 0.707         0.278 / 4.291         0.278 / 4.291         0.278 / 4.291       ms
[150.212s][info][gc,stats    ]    Subphase: Pause Roots Universe                          0.002 / 0.005         0.006 / 0.365         0.006 / 0.365         0.006 / 0.365       ms
[150.212s][info][gc,stats    ]    Subphase: Pause Roots VMWeakHandles                     0.000 / 0.000         0.000 / 0.000         0.000 / 0.000         0.000 / 0.000       ms
[150.212s][info][gc,stats    ]    Subphase: Pause Weak Roots                              0.002 / 0.003         0.002 / 0.009         0.002 / 0.009         0.002 / 0.009       ms
[150.212s][info][gc,stats    ]    Subphase: Pause Weak Roots JFRWeak                      0.001 / 0.001         0.001 / 0.001         0.001 / 0.001         0.001 / 0.001       ms
[150.212s][info][gc,stats    ]    Subphase: Pause Weak Roots JNIWeakHandles               0.000 / 0.000         0.000 / 0.000         0.000 / 0.000         0.000 / 0.000       ms
[150.212s][info][gc,stats    ]    Subphase: Pause Weak Roots JVMTIWeakExport              0.001 / 0.001         0.001 / 0.007         0.001 / 0.007         0.001 / 0.007       ms
[150.212s][info][gc,stats    ]    Subphase: Pause Weak Roots Setup                        0.000 / 0.000         0.000 / 0.000         0.000 / 0.000         0.000 / 0.000       ms
[150.212s][info][gc,stats    ]    Subphase: Pause Weak Roots StringTable                  0.000 / 0.000         0.000 / 0.000         0.000 / 0.000         0.000 / 0.000       ms
[150.212s][info][gc,stats    ]    Subphase: Pause Weak Roots SymbolTable                  0.000 / 0.000         0.000 / 0.000         0.000 / 0.000         0.000 / 0.000       ms
[150.212s][info][gc,stats    ]    Subphase: Pause Weak Roots Teardown                     0.001 / 0.001         0.001 / 0.001         0.001 / 0.001         0.001 / 0.001       ms
[150.212s][info][gc,stats    ]    Subphase: Pause Weak Roots VMWeakHandles                0.000 / 0.000         0.000 / 0.000         0.000 / 0.000         0.000 / 0.000       ms
[150.212s][info][gc,stats    ]      System: Java Threads                                     82 / 87               55 / 87               55 / 87               55 / 87          threads
[150.212s][info][gc,stats    ] =========================================================================================================================================================
[150.253s][info][gc,phases   ] GC(60) Concurrent Relocate 318.017ms
[150.253s][info][gc,load     ] GC(60) Load: 4.15/4.17/3.17
[150.253s][info][gc,mmu      ] GC(60) MMU: 2ms/0.0%, 5ms/0.0%, 10ms/0.0%, 20ms/34.0%, 50ms/73.6%, 100ms/86.8%
[150.253s][info][gc,marking  ] GC(60) Mark: 1 stripe(s), 3 proactive flush(es), 1 terminate flush(es), 0 completion(s), 0 continuation(s) 
[150.253s][info][gc,reloc    ] GC(60) Relocation: Successful, 47M relocated
[150.253s][info][gc,nmethod  ] GC(60) NMethods: 4049 registered, 4 unregistered
[150.253s][info][gc,metaspace] GC(60) Metaspace: 73M used, 77M capacity, 77M committed, 78M reserved
[150.253s][info][gc,ref      ] GC(60) Soft: 4898 encountered, 0 discovered, 0 enqueued
[150.253s][info][gc,ref      ] GC(60) Weak: 4764 encountered, 3702 discovered, 2 enqueued
[150.253s][info][gc,ref      ] GC(60) Final: 28 encountered, 0 discovered, 0 enqueued
[150.253s][info][gc,ref      ] GC(60) Phantom: 665 encountered, 662 discovered, 3 enqueued
[150.253s][info][gc,heap     ] GC(60)                Mark Start          Mark End        Relocate Start      Relocate End           High               Low         
[150.253s][info][gc,heap     ] GC(60)  Capacity:     1000M (100%)       1000M (100%)       1000M (100%)       1000M (100%)       1000M (100%)       1000M (100%)   
[150.253s][info][gc,heap     ] GC(60)   Reserve:       34M (3%)           34M (3%)           34M (3%)           34M (3%)           34M (3%)           34M (3%)     
[150.253s][info][gc,heap     ] GC(60)      Free:      448M (45%)           0M (0%)           70M (7%)          230M (23%)         448M (45%)           0M (0%)     
[150.253s][info][gc,heap     ] GC(60)      Used:      518M (52%)         966M (97%)         896M (90%)         736M (74%)         966M (97%)         518M (52%)    
[150.253s][info][gc,heap     ] GC(60)      Live:         -               246M (25%)         246M (25%)         246M (25%)            -                  -          
[150.253s][info][gc,heap     ] GC(60) Allocated:         -               450M (45%)         452M (45%)         502M (50%)            -                  -          
[150.253s][info][gc,heap     ] GC(60)   Garbage:         -               271M (27%)         199M (20%)          33M (3%)             -                  -          
[150.253s][info][gc,heap     ] GC(60) Reclaimed:         -                  -                72M (7%)          238M (24%)            -                  -          
[150.253s][info][gc          ] GC(60) Garbage Collection (Allocation Rate) 518M(52%)->736M(74%)
[150.313s][info][gc,start    ] GC(61) Garbage Collection (Allocation Rate)
[150.322s][info][gc,phases   ] GC(61) Pause Mark Start 3.325ms
[152.441s][info][gc,heap     ] Page Cache Flushed: 10M requested, 12M(122M->110M) flushed
[152.497s][info][gc,heap     ] Page Cache Flushed: 4M requested, 4M(102M->98M) flushed
[152.514s][info][gc,heap     ] Page Cache Flushed: 6M requested, 6M(98M->92M) flushed
[152.728s][info][gc,phases   ] GC(61) Concurrent Mark 2406.282ms
[152.731s][info][gc,phases   ] GC(61) Pause Mark End 0.283ms
[152.733s][info][gc,phases   ] GC(61) Concurrent Process Non-Strong References 1.600ms
[152.733s][info][gc,phases   ] GC(61) Concurrent Reset Relocation Set 0.023ms
[152.733s][info][gc,phases   ] GC(61) Concurrent Destroy Detached Pages 0.010ms
[152.735s][info][gc,phases   ] GC(61) Concurrent Select Relocation Set 1.527ms
[152.759s][info][gc,heap     ] Page Cache Flushed: 32M requested, 40M(146M->106M) flushed
[152.778s][info][gc,phases   ] GC(61) Concurrent Prepare Relocation Set 42.867ms
[152.792s][info][gc,phases   ] GC(61) Pause Relocate Start 8.211ms
[153.626s][info][gc,phases   ] GC(61) Concurrent Relocate 834.193ms
[153.626s][info][gc,load     ] GC(61) Load: 4.15/4.17/3.17
[153.626s][info][gc,mmu      ] GC(61) MMU: 2ms/0.0%, 5ms/0.0%, 10ms/0.0%, 20ms/34.0%, 50ms/73.6%, 100ms/86.8%
[153.626s][info][gc,marking  ] GC(61) Mark: 1 stripe(s), 2 proactive flush(es), 1 terminate flush(es), 0 completion(s), 0 continuation(s) 
[153.626s][info][gc,reloc    ] GC(61) Relocation: Successful, 74M relocated
[153.626s][info][gc,nmethod  ] GC(61) NMethods: 4109 registered, 4 unregistered
[153.626s][info][gc,metaspace] GC(61) Metaspace: 73M used, 77M capacity, 77M committed, 78M reserved
[153.626s][info][gc,ref      ] GC(61) Soft: 4899 encountered, 0 discovered, 0 enqueued
[153.626s][info][gc,ref      ] GC(61) Weak: 4787 encountered, 3743 discovered, 4 enqueued
[153.626s][info][gc,ref      ] GC(61) Final: 28 encountered, 0 discovered, 0 enqueued
[153.626s][info][gc,ref      ] GC(61) Phantom: 662 encountered, 659 discovered, 0 enqueued
[153.626s][info][gc,heap     ] GC(61)                Mark Start          Mark End        Relocate Start      Relocate End           High               Low         
[153.626s][info][gc,heap     ] GC(61)  Capacity:     1000M (100%)       1000M (100%)       1000M (100%)       1000M (100%)       1000M (100%)       1000M (100%)   
[153.626s][info][gc,heap     ] GC(61)   Reserve:       34M (3%)           34M (3%)           34M (3%)           34M (3%)           34M (3%)           34M (3%)     
[153.626s][info][gc,heap     ] GC(61)      Free:      230M (23%)          62M (6%)          114M (11%)         396M (40%)         400M (40%)          62M (6%)     
[153.626s][info][gc,heap     ] GC(61)      Used:      736M (74%)         904M (90%)         852M (85%)         570M (57%)         904M (90%)         566M (57%)    
[153.626s][info][gc,heap     ] GC(61)      Live:         -               256M (26%)         256M (26%)         256M (26%)            -                  -          
[153.626s][info][gc,heap     ] GC(61) Allocated:         -               168M (17%)         204M (20%)         360M (36%)            -                  -          
[153.626s][info][gc,heap     ] GC(61)   Garbage:         -               479M (48%)         391M (39%)          11M (1%)             -                  -          
[153.626s][info][gc,heap     ] GC(61) Reclaimed:         -                  -                88M (9%)          468M (47%)            -                  -          
[153.626s][info][gc          ] GC(61) Garbage Collection (Allocation Rate) 736M(74%)->570M(57%)
[153.640s][info][gc,heap     ] Page Cache Flushed: 4M requested, 10M(388M->378M) flushed
[153.712s][info][gc,start    ] GC(62) Garbage Collection (Allocation Rate)
[153.720s][info][gc,phases   ] GC(62) Pause Mark Start 3.270ms
[154.857s][info][gc,heap     ] Page Cache Flushed: 2M requested, 32M(64M->32M) flushed
[154.951s][info][gc,heap     ] Page Cache Flushed: 2M requested, 32M(32M->0M) flushed
[155.559s][info][gc,phases   ] GC(62) Concurrent Mark 1835.113ms
[155.560s][info][gc,phases   ] GC(62) Pause Mark End 0.258ms
[155.561s][info][gc,phases   ] GC(62) Concurrent Process Non-Strong References 1.697ms
[155.562s][info][gc,phases   ] GC(62) Concurrent Reset Relocation Set 0.782ms
[155.562s][info][gc,phases   ] GC(62) Concurrent Destroy Detached Pages 0.008ms
[155.564s][info][gc,phases   ] GC(62) Concurrent Select Relocation Set 1.548ms
[155.568s][info][gc          ] Allocation Stall (main) 453.699ms
[155.586s][info][gc,phases   ] GC(62) Concurrent Prepare Relocation Set 22.512ms
[155.597s][info][gc,phases   ] GC(62) Pause Relocate Start 2.956ms
[156.064s][info][gc,phases   ] GC(62) Concurrent Relocate 466.204ms
[156.064s][info][gc,load     ] GC(62) Load: 4.14/4.17/3.17
[156.064s][info][gc,mmu      ] GC(62) MMU: 2ms/0.0%, 5ms/0.0%, 10ms/0.0%, 20ms/34.0%, 50ms/73.6%, 100ms/86.8%
[156.064s][info][gc,marking  ] GC(62) Mark: 1 stripe(s), 2 proactive flush(es), 1 terminate flush(es), 0 completion(s), 0 continuation(s) 
[156.064s][info][gc,reloc    ] GC(62) Relocation: Successful, 44M relocated
[156.064s][info][gc,nmethod  ] GC(62) NMethods: 4150 registered, 4 unregistered
[156.064s][info][gc,metaspace] GC(62) Metaspace: 73M used, 77M capacity, 77M committed, 78M reserved
[156.064s][info][gc,ref      ] GC(62) Soft: 4902 encountered, 0 discovered, 0 enqueued
[156.064s][info][gc,ref      ] GC(62) Weak: 4806 encountered, 3843 discovered, 117 enqueued
[156.064s][info][gc,ref      ] GC(62) Final: 28 encountered, 0 discovered, 0 enqueued
[156.064s][info][gc,ref      ] GC(62) Phantom: 664 encountered, 661 discovered, 2 enqueued
[156.064s][info][gc,heap     ] GC(62)                Mark Start          Mark End        Relocate Start      Relocate End           High               Low         
[156.064s][info][gc,heap     ] GC(62)  Capacity:     1000M (100%)       1000M (100%)       1000M (100%)       1000M (100%)       1000M (100%)       1000M (100%)   
[156.064s][info][gc,heap     ] GC(62)   Reserve:       34M (3%)           34M (3%)           34M (3%)           34M (3%)           34M (3%)           34M (3%)     
[156.064s][info][gc,heap     ] GC(62)      Free:      358M (36%)           0M (0%)          166M (17%)         154M (15%)         358M (36%)           0M (0%)     
[156.064s][info][gc,heap     ] GC(62)      Used:      608M (61%)         966M (97%)         800M (80%)         812M (81%)         966M (97%)         608M (61%)    
[156.064s][info][gc,heap     ] GC(62)      Live:         -               282M (28%)         282M (28%)         282M (28%)            -                  -          
[156.064s][info][gc,heap     ] GC(62) Allocated:         -               358M (36%)         370M (37%)         510M (51%)            -                  -          
[156.064s][info][gc,heap     ] GC(62)   Garbage:         -               325M (33%)         147M (15%)          49M (5%)             -                  -          
[156.064s][info][gc,heap     ] GC(62) Reclaimed:         -                  -               178M (18%)         276M (28%)            -                  -          
[156.064s][info][gc          ] GC(62) Garbage Collection (Allocation Rate) 608M(61%)->812M(81%)
[156.112s][info][gc,start    ] GC(63) Garbage Collection (Allocation Rate)
[156.122s][info][gc,phases   ] GC(63) Pause Mark Start 3.398ms
[156.504s][info][gc,heap     ] Page Cache Flushed: 2M requested, 6M(100M->94M) flushed
[156.543s][info][gc,heap     ] Page Cache Flushed: 2M requested, 6M(94M->88M) flushed
[156.583s][info][gc,heap     ] Page Cache Flushed: 2M requested, 10M(88M->78M) flushed
[156.610s][info][gc,heap     ] Page Cache Flushed: 2M requested, 6M(78M->72M) flushed
[156.628s][info][gc,heap     ] Page Cache Flushed: 2M requested, 6M(72M->66M) flushed
[156.631s][info][gc,heap     ] Page Cache Flushed: 2M requested, 6M(66M->60M) flushed
[156.655s][info][gc,heap     ] Page Cache Flushed: 2M requested, 6M(60M->54M) flushed
[156.678s][info][gc,heap     ] Page Cache Flushed: 2M requested, 6M(54M->48M) flushed
[156.698s][info][gc,heap     ] Page Cache Flushed: 2M requested, 10M(48M->38M) flushed
[156.723s][info][gc,heap     ] Page Cache Flushed: 2M requested, 6M(38M->32M) flushed
[156.746s][info][gc,heap     ] Page Cache Flushed: 2M requested, 32M(32M->0M) flushed
[157.528s][info][gc,phases   ] GC(63) Concurrent Mark 1405.658ms
[157.530s][info][gc,phases   ] GC(63) Pause Mark End 1.034ms
[157.531s][info][gc,phases   ] GC(63) Concurrent Process Non-Strong References 1.611ms
[157.535s][info][gc,phases   ] GC(63) Concurrent Reset Relocation Set 0.031ms
[157.535s][info][gc,phases   ] GC(63) Concurrent Destroy Detached Pages 0.009ms
[157.536s][info][gc          ] Allocation Stall (main) 717.412ms
[157.545s][info][gc,phases   ] GC(63) Concurrent Select Relocation Set 9.484ms
[157.545s][info][gc,phases   ] GC(63) Concurrent Prepare Relocation Set 0.065ms
[157.554s][info][gc,phases   ] GC(63) Pause Relocate Start 2.792ms
[157.576s][info][gc,phases   ] GC(63) Concurrent Relocate 21.657ms
[157.576s][info][gc,load     ] GC(63) Load: 4.14/4.17/3.17
[157.576s][info][gc,mmu      ] GC(63) MMU: 2ms/0.0%, 5ms/0.0%, 10ms/0.0%, 20ms/34.0%, 50ms/73.6%, 100ms/86.8%
[157.576s][info][gc,marking  ] GC(63) Mark: 1 stripe(s), 2 proactive flush(es), 1 terminate flush(es), 0 completion(s), 0 continuation(s) 
[157.576s][info][gc,reloc    ] GC(63) Relocation: Successful, 27M relocated
[157.576s][info][gc,nmethod  ] GC(63) NMethods: 4185 registered, 4 unregistered
[157.576s][info][gc,metaspace] GC(63) Metaspace: 73M used, 77M capacity, 77M committed, 78M reserved
[157.576s][info][gc,ref      ] GC(63) Soft: 4905 encountered, 0 discovered, 0 enqueued
[157.576s][info][gc,ref      ] GC(63) Weak: 4728 encountered, 3772 discovered, 19 enqueued
[157.576s][info][gc,ref      ] GC(63) Final: 28 encountered, 0 discovered, 0 enqueued
[157.576s][info][gc,ref      ] GC(63) Phantom: 673 encountered, 479 discovered, 11 enqueued
[157.576s][info][gc,heap     ] GC(63)                Mark Start          Mark End        Relocate Start      Relocate End           High               Low         
[157.576s][info][gc,heap     ] GC(63)  Capacity:     1000M (100%)       1000M (100%)       1000M (100%)       1000M (100%)       1000M (100%)       1000M (100%)   
[157.576s][info][gc,heap     ] GC(63)   Reserve:       34M (3%)           34M (3%)           34M (3%)           34M (3%)           34M (3%)           34M (3%)     
[157.576s][info][gc,heap     ] GC(63)      Free:      136M (14%)           0M (0%)          426M (43%)         432M (43%)         444M (44%)           0M (0%)     
[157.576s][info][gc,heap     ] GC(63)      Used:      830M (83%)         966M (97%)         540M (54%)         534M (53%)         966M (97%)         522M (52%)    
[157.576s][info][gc,heap     ] GC(63)      Live:         -               320M (32%)         320M (32%)         320M (32%)            -                  -          
[157.576s][info][gc,heap     ] GC(63) Allocated:         -               136M (14%)         154M (15%)         176M (18%)            -                  -          
[157.576s][info][gc,heap     ] GC(63)   Garbage:         -               509M (51%)          65M (7%)           39M (4%)             -                  -          
[157.576s][info][gc,heap     ] GC(63) Reclaimed:         -                  -               444M (44%)         470M (47%)            -                  -          
[157.576s][info][gc          ] GC(63) Garbage Collection (Allocation Rate) 830M(83%)->534M(53%)
[157.616s][info][gc,start    ] GC(64) Garbage Collection (Allocation Rate)
[157.621s][info][gc,phases   ] GC(64) Pause Mark Start 4.866ms
[158.219s][info][gc,phases   ] GC(64) Concurrent Mark 597.805ms
[158.220s][info][gc,phases   ] GC(64) Pause Mark End 0.276ms
[158.224s][info][gc,phases   ] GC(64) Concurrent Process Non-Strong References 3.501ms
[158.224s][info][gc,phases   ] GC(64) Concurrent Reset Relocation Set 0.008ms
[158.224s][info][gc,phases   ] GC(64) Concurrent Destroy Detached Pages 0.001ms
[158.225s][info][gc,phases   ] GC(64) Concurrent Select Relocation Set 1.537ms
[158.225s][info][gc,phases   ] GC(64) Concurrent Prepare Relocation Set 0.131ms
[158.235s][info][gc,phases   ] GC(64) Pause Relocate Start 3.014ms
[158.271s][info][gc,phases   ] GC(64) Concurrent Relocate 35.921ms
[158.271s][info][gc,load     ] GC(64) Load: 4.14/4.17/3.17
[158.271s][info][gc,mmu      ] GC(64) MMU: 2ms/0.0%, 5ms/0.0%, 10ms/0.0%, 20ms/34.0%, 50ms/73.6%, 100ms/86.8%
[158.271s][info][gc,marking  ] GC(64) Mark: 1 stripe(s), 2 proactive flush(es), 1 terminate flush(es), 0 completion(s), 0 continuation(s) 
[158.271s][info][gc,reloc    ] GC(64) Relocation: Successful, 22M relocated
[158.271s][info][gc,nmethod  ] GC(64) NMethods: 4192 registered, 4 unregistered
[158.271s][info][gc,metaspace] GC(64) Metaspace: 73M used, 77M capacity, 77M committed, 78M reserved
[158.271s][info][gc,ref      ] GC(64) Soft: 4911 encountered, 0 discovered, 0 enqueued
[158.271s][info][gc,ref      ] GC(64) Weak: 4734 encountered, 3778 discovered, 10 enqueued
[158.271s][info][gc,ref      ] GC(64) Final: 28 encountered, 0 discovered, 0 enqueued
[158.271s][info][gc,ref      ] GC(64) Phantom: 670 encountered, 667 discovered, 8 enqueued
[158.271s][info][gc,heap     ] GC(64)                Mark Start          Mark End        Relocate Start      Relocate End           High               Low         
[158.271s][info][gc,heap     ] GC(64)  Capacity:     1000M (100%)       1000M (100%)       1000M (100%)       1000M (100%)       1000M (100%)       1000M (100%)   
[158.271s][info][gc,heap     ] GC(64)   Reserve:       34M (3%)           34M (3%)           34M (3%)           34M (3%)           34M (3%)           34M (3%)     
[158.271s][info][gc,heap     ] GC(64)      Free:      372M (37%)         370M (37%)         700M (70%)         736M (74%)         736M (74%)         370M (37%)    
[158.271s][info][gc,heap     ] GC(64)      Used:      594M (59%)         596M (60%)         266M (27%)         230M (23%)         596M (60%)         230M (23%)    
[158.271s][info][gc,heap     ] GC(64)      Live:         -               191M (19%)         191M (19%)         191M (19%)            -                  -          
[158.271s][info][gc,heap     ] GC(64) Allocated:         -                 2M (0%)            2M (0%)            8M (1%)             -                  -          
[158.271s][info][gc,heap     ] GC(64)   Garbage:         -               402M (40%)          72M (7%)           34M (3%)             -                  -          
[158.271s][info][gc,heap     ] GC(64) Reclaimed:         -                  -               330M (33%)         368M (37%)            -                  -          
[158.271s][info][gc          ] GC(64) Garbage Collection (Allocation Rate) 594M(59%)->230M(23%)
[158.271s][info][gc,start    ] GC(65) Garbage Collection (System.gc())
[158.281s][info][gc,phases   ] GC(65) Pause Mark Start 3.532ms
[158.888s][info][gc,phases   ] GC(65) Concurrent Mark 607.001ms
[158.889s][info][gc,phases   ] GC(65) Pause Mark End 0.300ms
[158.890s][info][gc,phases   ] GC(65) Concurrent Process Non-Strong References 1.644ms
[158.890s][info][gc,phases   ] GC(65) Concurrent Reset Relocation Set 0.005ms
[158.890s][info][gc,phases   ] GC(65) Concurrent Destroy Detached Pages 0.000ms
[158.896s][info][gc,phases   ] GC(65) Concurrent Select Relocation Set 5.572ms
[158.896s][info][gc,phases   ] GC(65) Concurrent Prepare Relocation Set 0.092ms
[158.904s][info][gc,phases   ] GC(65) Pause Relocate Start 7.392ms
[158.907s][info][gc,phases   ] GC(65) Concurrent Relocate 3.079ms
[158.912s][info][gc,load     ] GC(65) Load: 4.14/4.17/3.17
[158.912s][info][gc,mmu      ] GC(65) MMU: 2ms/0.0%, 5ms/0.0%, 10ms/0.0%, 20ms/34.0%, 50ms/73.6%, 100ms/86.8%
[158.912s][info][gc,marking  ] GC(65) Mark: 1 stripe(s), 2 proactive flush(es), 1 terminate flush(es), 0 completion(s), 0 continuation(s) 
[158.912s][info][gc,reloc    ] GC(65) Relocation: Successful, 20M relocated
[158.912s][info][gc,nmethod  ] GC(65) NMethods: 4193 registered, 4 unregistered
[158.912s][info][gc,metaspace] GC(65) Metaspace: 73M used, 77M capacity, 77M committed, 78M reserved
[158.912s][info][gc,ref      ] GC(65) Soft: 4911 encountered, 0 discovered, 0 enqueued
[158.912s][info][gc,ref      ] GC(65) Weak: 4735 encountered, 3778 discovered, 1 enqueued
[158.912s][info][gc,ref      ] GC(65) Final: 28 encountered, 0 discovered, 0 enqueued
[158.912s][info][gc,ref      ] GC(65) Phantom: 662 encountered, 659 discovered, 0 enqueued
[158.912s][info][gc,heap     ] GC(65)                Mark Start          Mark End        Relocate Start      Relocate End           High               Low         
[158.912s][info][gc,heap     ] GC(65)  Capacity:     1000M (100%)       1000M (100%)       1000M (100%)       1000M (100%)       1000M (100%)       1000M (100%)   
[158.912s][info][gc,heap     ] GC(65)   Reserve:       34M (3%)           34M (3%)           34M (3%)           34M (3%)           34M (3%)           34M (3%)     
[158.912s][info][gc,heap     ] GC(65)      Free:      736M (74%)         732M (73%)         732M (73%)         736M (74%)         736M (74%)         730M (73%)    
[158.912s][info][gc,heap     ] GC(65)      Used:      230M (23%)         234M (23%)         234M (23%)         230M (23%)         236M (24%)         230M (23%)    
[158.912s][info][gc,heap     ] GC(65)      Live:         -               191M (19%)         191M (19%)         191M (19%)            -                  -          
[158.912s][info][gc,heap     ] GC(65) Allocated:         -                 4M (0%)            4M (0%)            6M (1%)             -                  -          
[158.912s][info][gc,heap     ] GC(65)   Garbage:         -                38M (4%)           38M (4%)           34M (3%)             -                  -          
[158.912s][info][gc,heap     ] GC(65) Reclaimed:         -                  -                 0M (0%)            4M (0%)             -                  -          
[158.912s][info][gc          ] GC(65) Garbage Collection (System.gc()) 230M(23%)->230M(23%)
[159.053s][info][gc,heap     ] Page Cache Flushed: 32M requested, 32M(724M->692M) flushed
[159.103s][info][gc,heap     ] Page Cache Flushed: 6M requested, 6M(686M->680M) flushed
[159.413s][info][gc,heap     ] Page Cache Flushed: 6M requested, 6M(634M->628M) flushed
[159.578s][info][gc,heap     ] Page Cache Flushed: 10M requested, 10M(606M->596M) flushed
[159.612s][info][gc,start    ] GC(66) Garbage Collection (Allocation Rate)
[159.626s][info][gc,phases   ] GC(66) Pause Mark Start 3.369ms
[160.215s][info][gc,stats    ] === Garbage Collection Statistics =======================================================================================================================
[160.215s][info][gc,stats    ]                                                              Last 10s              Last 10m              Last 10h                Total
[160.215s][info][gc,stats    ]                                                              Avg / Max             Avg / Max             Avg / Max             Avg / Max
[160.215s][info][gc,stats    ]   Collector: Garbage Collection Cycle                   1927.641 / 3313.438   1591.732 / 5279.755   1591.732 / 5279.755   1591.732 / 5279.755    ms
[160.215s][info][gc,stats    ]  Contention: Mark Segment Reset Contention                     0 / 0                 0 / 0                 0 / 0                 0 / 0           ops/s
[160.215s][info][gc,stats    ]  Contention: Mark SeqNum Reset Contention                      0 / 0                 0 / 0                 0 / 0                 0 / 0           ops/s
[160.215s][info][gc,stats    ]  Contention: Relocation Contention                             0 / 0                 0 / 3                 0 / 3                 0 / 3           ops/s
[160.215s][info][gc,stats    ]    Critical: Allocation Stall                            585.555 / 717.412     398.430 / 717.412     398.430 / 717.412     398.430 / 717.412     ms
[160.215s][info][gc,stats    ]    Critical: Allocation Stall                                  0 / 1                 0 / 1                 0 / 1                 0 / 1           ops/s
[160.215s][info][gc,stats    ]    Critical: GC Locker Stall                               0.000 / 0.000         2.838 / 8.487         2.838 / 8.487         2.838 / 8.487       ms
[160.215s][info][gc,stats    ]    Critical: GC Locker Stall                                   0 / 0                 0 / 1                 0 / 1                 0 / 1           ops/s
[160.215s][info][gc,stats    ]      Memory: Allocation Rate                                 128 / 274             117 / 600             117 / 600             117 / 600         MB/s
[160.215s][info][gc,stats    ]      Memory: Heap Used After Mark                            733 / 966             616 / 966             616 / 966             616 / 966         MB
[160.215s][info][gc,stats    ]      Memory: Heap Used After Relocation                      518 / 812             356 / 908             356 / 908             356 / 908         MB
[160.215s][info][gc,stats    ]      Memory: Heap Used Before Mark                           561 / 830             479 / 908             479 / 908             479 / 908         MB
[160.215s][info][gc,stats    ]      Memory: Heap Used Before Relocation                     538 / 852             458 / 938             458 / 938             458 / 938         MB
[160.215s][info][gc,stats    ]      Memory: Out Of Memory                                     0 / 0                 0 / 0                 0 / 0                 0 / 0           ops/s
[160.215s][info][gc,stats    ]      Memory: Page Cache Flush                                 29 / 100               4 / 100               4 / 100               4 / 100         MB/s
[160.215s][info][gc,stats    ]      Memory: Page Cache Hit L1                                49 / 102              52 / 301              52 / 301              52 / 301         ops/s
[160.215s][info][gc,stats    ]      Memory: Page Cache Hit L2                                 0 / 0                 0 / 0                 0 / 0                 0 / 0           ops/s
[160.215s][info][gc,stats    ]      Memory: Page Cache Miss                                   9 / 50                3 / 114               3 / 114               3 / 114         ops/s
[160.215s][info][gc,stats    ]      Memory: Undo Object Allocation Failed                     0 / 0                 0 / 0                 0 / 0                 0 / 0           ops/s
[160.215s][info][gc,stats    ]      Memory: Undo Object Allocation Succeeded                  0 / 0                 0 / 3                 0 / 3                 0 / 3           ops/s
[160.215s][info][gc,stats    ]      Memory: Undo Page Allocation                              0 / 0                 0 / 1                 0 / 1                 0 / 1           ops/s
[160.215s][info][gc,stats    ]       Phase: Concurrent Destroy Detached Pages             0.006 / 0.010         0.003 / 0.026         0.003 / 0.026         0.003 / 0.026       ms
[160.215s][info][gc,stats    ]       Phase: Concurrent Mark                            1370.372 / 2406.282   1374.059 / 5208.825   1374.059 / 5208.825   1374.059 / 5208.825    ms
[160.215s][info][gc,stats    ]       Phase: Concurrent Mark Continue                      0.000 / 0.000         0.000 / 0.000         0.000 / 0.000         0.000 / 0.000       ms
[160.215s][info][gc,stats    ]       Phase: Concurrent Prepare Relocation Set            13.133 / 42.867        7.633 / 67.644        7.633 / 67.644        7.633 / 67.644      ms
[160.215s][info][gc,stats    ]       Phase: Concurrent Process Non-Strong References      2.011 / 3.501         3.049 / 16.338        3.049 / 16.338        3.049 / 16.338      ms
[160.215s][info][gc,stats    ]       Phase: Concurrent Relocate                         279.845 / 834.193     175.253 / 851.942     175.253 / 851.942     175.253 / 851.942     ms
[160.215s][info][gc,stats    ]       Phase: Concurrent Reset Relocation Set               0.170 / 0.782         0.297 / 3.530         0.297 / 3.530         0.297 / 3.530       ms
[160.215s][info][gc,stats    ]       Phase: Concurrent Select Relocation Set              3.934 / 9.484         2.851 / 40.732        2.851 / 40.732        2.851 / 40.732      ms
[160.215s][info][gc,stats    ]       Phase: Pause Mark End                                0.430 / 1.034         0.279 / 1.034         0.279 / 1.034         0.279 / 1.034       ms
[160.215s][info][gc,stats    ]       Phase: Pause Mark Start                              3.627 / 4.866         2.975 / 8.673         2.975 / 8.673         2.975 / 8.673       ms
[160.215s][info][gc,stats    ]       Phase: Pause Relocate Start                          4.873 / 8.211         3.833 / 12.570        3.833 / 12.570        3.833 / 12.570      ms
[160.215s][info][gc,stats    ]    Subphase: Concurrent Mark                            1365.187 / 2406.251   1372.744 / 5208.804   1372.744 / 5208.804   1372.744 / 5208.804    ms
[160.215s][info][gc,stats    ]    Subphase: Concurrent Mark Idle                          0.000 / 0.000         0.000 / 0.000         0.000 / 0.000         0.000 / 0.000       ms
[160.215s][info][gc,stats    ]    Subphase: Concurrent Mark Try Flush                     3.516 / 27.540        4.574 / 35.831        4.574 / 35.831        4.574 / 35.831      ms
[160.215s][info][gc,stats    ]    Subphase: Concurrent Mark Try Terminate                 0.984 / 9.794         1.425 / 13.741        1.425 / 13.741        1.425 / 13.741      ms
[160.215s][info][gc,stats    ]    Subphase: Concurrent References Enqueue                 0.004 / 0.006         0.002 / 0.012         0.002 / 0.012         0.002 / 0.012       ms
[160.215s][info][gc,stats    ]    Subphase: Concurrent References Process                 0.776 / 0.813         1.299 / 11.837        1.299 / 11.837        1.299 / 11.837      ms
[160.215s][info][gc,stats    ]    Subphase: Concurrent Weak Roots                         0.839 / 0.875         1.067 / 15.568        1.067 / 15.568        1.067 / 15.568      ms
[160.215s][info][gc,stats    ]    Subphase: Concurrent Weak Roots JNIWeakHandles          0.000 / 0.000         0.000 / 0.001         0.000 / 0.001         0.000 / 0.001       ms
[160.215s][info][gc,stats    ]    Subphase: Concurrent Weak Roots StringTable             0.614 / 0.640         0.869 / 15.352        0.869 / 15.352        0.869 / 15.352      ms
[160.215s][info][gc,stats    ]    Subphase: Concurrent Weak Roots VMWeakHandles           0.224 / 0.263         0.197 / 0.321         0.197 / 0.321         0.197 / 0.321       ms
[160.215s][info][gc,stats    ]    Subphase: Pause Mark Try Complete                       0.000 / 0.000         0.002 / 0.002         0.002 / 0.002         0.002 / 0.002       ms
[160.215s][info][gc,stats    ]    Subphase: Pause Remap TLABS                             0.002 / 0.002         0.002 / 0.026         0.002 / 0.026         0.002 / 0.026       ms
[160.215s][info][gc,stats    ]    Subphase: Pause Retire TLABS                            0.023 / 0.029         0.016 / 0.032         0.016 / 0.032         0.016 / 0.032       ms
[160.215s][info][gc,stats    ]    Subphase: Pause Roots                                   2.143 / 4.500         1.731 / 12.371        1.731 / 12.371        1.731 / 12.371      ms
[160.215s][info][gc,stats    ]    Subphase: Pause Roots ClassLoaderDataGraph              0.747 / 0.886         0.737 / 11.302        0.737 / 11.302        0.737 / 11.302      ms
[160.215s][info][gc,stats    ]    Subphase: Pause Roots CodeCache                         1.791 / 3.127         1.365 / 5.469         1.365 / 5.469         1.365 / 5.469       ms
[160.215s][info][gc,stats    ]    Subphase: Pause Roots JNIHandles                        0.001 / 0.002         0.001 / 0.005         0.001 / 0.005         0.001 / 0.005       ms
[160.215s][info][gc,stats    ]    Subphase: Pause Roots JNIWeakHandles                    0.000 / 0.000         0.000 / 0.000         0.000 / 0.000         0.000 / 0.000       ms
[160.215s][info][gc,stats    ]    Subphase: Pause Roots JRFWeak                           0.000 / 0.000         0.000 / 0.000         0.000 / 0.000         0.000 / 0.000       ms
[160.215s][info][gc,stats    ]    Subphase: Pause Roots JVMTIExport                       0.001 / 0.001         0.001 / 0.002         0.001 / 0.002         0.001 / 0.002       ms
[160.216s][info][gc,stats    ]    Subphase: Pause Roots JVMTIWeakExport                   0.001 / 0.002         0.001 / 0.002         0.001 / 0.002         0.001 / 0.002       ms
[160.216s][info][gc,stats    ]    Subphase: Pause Roots Management                        0.001 / 0.001         0.034 / 4.405         0.034 / 4.405         0.034 / 4.405       ms
[160.216s][info][gc,stats    ]    Subphase: Pause Roots ObjectSynchronizer                0.000 / 0.000         0.000 / 0.001         0.000 / 0.001         0.000 / 0.001       ms
[160.216s][info][gc,stats    ]    Subphase: Pause Roots Setup                             0.213 / 0.338         0.178 / 0.504         0.178 / 0.504         0.178 / 0.504       ms
[160.216s][info][gc,stats    ]    Subphase: Pause Roots StringTable                       0.000 / 0.000         0.000 / 0.000         0.000 / 0.000         0.000 / 0.000       ms
[160.216s][info][gc,stats    ]    Subphase: Pause Roots SystemDictionary                  0.021 / 0.066         0.014 / 0.072         0.014 / 0.072         0.014 / 0.072       ms
[160.216s][info][gc,stats    ]    Subphase: Pause Roots Teardown                          0.002 / 0.004         0.001 / 0.016         0.001 / 0.016         0.001 / 0.016       ms
[160.216s][info][gc,stats    ]    Subphase: Pause Roots Threads                           0.377 / 0.997         0.286 / 4.291         0.286 / 4.291         0.286 / 4.291       ms
[160.216s][info][gc,stats    ]    Subphase: Pause Roots Universe                          0.002 / 0.003         0.005 / 0.365         0.005 / 0.365         0.005 / 0.365       ms
[160.216s][info][gc,stats    ]    Subphase: Pause Roots VMWeakHandles                     0.000 / 0.000         0.000 / 0.000         0.000 / 0.000         0.000 / 0.000       ms
[160.216s][info][gc,stats    ]    Subphase: Pause Weak Roots                              0.002 / 0.002         0.002 / 0.009         0.002 / 0.009         0.002 / 0.009       ms
[160.216s][info][gc,stats    ]    Subphase: Pause Weak Roots JFRWeak                      0.001 / 0.001         0.001 / 0.001         0.001 / 0.001         0.001 / 0.001       ms
[160.216s][info][gc,stats    ]    Subphase: Pause Weak Roots JNIWeakHandles               0.000 / 0.000         0.000 / 0.000         0.000 / 0.000         0.000 / 0.000       ms
[160.216s][info][gc,stats    ]    Subphase: Pause Weak Roots JVMTIWeakExport              0.001 / 0.001         0.001 / 0.007         0.001 / 0.007         0.001 / 0.007       ms
[160.216s][info][gc,stats    ]    Subphase: Pause Weak Roots Setup                        0.000 / 0.000         0.000 / 0.000         0.000 / 0.000         0.000 / 0.000       ms
[160.216s][info][gc,stats    ]    Subphase: Pause Weak Roots StringTable                  0.000 / 0.000         0.000 / 0.000         0.000 / 0.000         0.000 / 0.000       ms
[160.216s][info][gc,stats    ]    Subphase: Pause Weak Roots SymbolTable                  0.000 / 0.000         0.000 / 0.000         0.000 / 0.000         0.000 / 0.000       ms
[160.216s][info][gc,stats    ]    Subphase: Pause Weak Roots Teardown                     0.001 / 0.001         0.001 / 0.001         0.001 / 0.001         0.001 / 0.001       ms
[160.216s][info][gc,stats    ]    Subphase: Pause Weak Roots VMWeakHandles                0.000 / 0.000         0.000 / 0.000         0.000 / 0.000         0.000 / 0.000       ms
[160.216s][info][gc,stats    ]      System: Java Threads                                     94 / 106              58 / 106              58 / 106              58 / 106         threads
[160.216s][info][gc,stats    ] =========================================================================================================================================================
[160.388s][info][gc,heap     ] Page Cache Flushed: 32M requested, 32M(542M->510M) flushed
[161.052s][info][gc,heap     ] Page Cache Flushed: 6M requested, 6M(442M->436M) flushed
[161.878s][info][gc,phases   ] GC(66) Concurrent Mark 2252.561ms
[161.888s][info][gc,phases   ] GC(66) Pause Mark End 0.344ms
[161.889s][info][gc,phases   ] GC(66) Concurrent Process Non-Strong References 1.703ms
[161.889s][info][gc,phases   ] GC(66) Concurrent Reset Relocation Set 0.002ms
[161.890s][info][gc,phases   ] GC(66) Concurrent Destroy Detached Pages 0.040ms
[161.891s][info][gc,phases   ] GC(66) Concurrent Select Relocation Set 1.550ms
[161.892s][info][gc,phases   ] GC(66) Concurrent Prepare Relocation Set 0.573ms
[161.904s][info][gc,phases   ] GC(66) Pause Relocate Start 8.642ms
[162.028s][info][gc,phases   ] GC(66) Concurrent Relocate 123.951ms
[162.028s][info][gc,load     ] GC(66) Load: 4.21/4.19/3.18
[162.028s][info][gc,mmu      ] GC(66) MMU: 2ms/0.0%, 5ms/0.0%, 10ms/0.0%, 20ms/34.0%, 50ms/73.6%, 100ms/86.8%
[162.028s][info][gc,marking  ] GC(66) Mark: 1 stripe(s), 2 proactive flush(es), 1 terminate flush(es), 0 completion(s), 0 continuation(s) 
[162.028s][info][gc,reloc    ] GC(66) Relocation: Successful, 47M relocated
[162.028s][info][gc,nmethod  ] GC(66) NMethods: 4253 registered, 4 unregistered
[162.028s][info][gc,metaspace] GC(66) Metaspace: 73M used, 77M capacity, 77M committed, 78M reserved
[162.028s][info][gc,ref      ] GC(66) Soft: 4913 encountered, 0 discovered, 0 enqueued
[162.028s][info][gc,ref      ] GC(66) Weak: 4805 encountered, 3786 discovered, 15 enqueued
[162.028s][info][gc,ref      ] GC(66) Final: 28 encountered, 0 discovered, 0 enqueued
[162.028s][info][gc,ref      ] GC(66) Phantom: 662 encountered, 659 discovered, 0 enqueued
[162.028s][info][gc,heap     ] GC(66)                Mark Start          Mark End        Relocate Start      Relocate End           High               Low         
[162.028s][info][gc,heap     ] GC(66)  Capacity:     1000M (100%)       1000M (100%)       1000M (100%)       1000M (100%)       1000M (100%)       1000M (100%)   
[162.028s][info][gc,heap     ] GC(66)   Reserve:       34M (3%)           34M (3%)           34M (3%)           34M (3%)           34M (3%)           34M (3%)     
[162.028s][info][gc,heap     ] GC(66)      Free:      596M (60%)         354M (35%)         392M (39%)         436M (44%)         596M (60%)         354M (35%)    
[162.028s][info][gc,heap     ] GC(66)      Used:      370M (37%)         612M (61%)         574M (57%)         530M (53%)         612M (61%)         370M (37%)    
[162.028s][info][gc,heap     ] GC(66)      Live:         -               234M (23%)         234M (23%)         234M (23%)            -                  -          
[162.028s][info][gc,heap     ] GC(66) Allocated:         -               242M (24%)         242M (24%)         274M (27%)            -                  -          
[162.028s][info][gc,heap     ] GC(66)   Garbage:         -               135M (14%)          97M (10%)          45M (5%)             -                  -          
[162.028s][info][gc,heap     ] GC(66) Reclaimed:         -                  -                38M (4%)           90M (9%)             -                  -          
[162.028s][info][gc          ] GC(66) Garbage Collection (Allocation Rate) 370M(37%)->530M(53%)
[162.068s][info][gc,heap     ] Page Cache Flushed: 10M requested, 38M(428M->390M) flushed
[162.116s][info][gc,start    ] GC(67) Garbage Collection (Allocation Rate)
[162.122s][info][gc,phases   ] GC(67) Pause Mark Start 3.363ms
[164.144s][info][gc,phases   ] GC(67) Concurrent Mark 2021.308ms
[164.144s][info][gc,phases   ] GC(67) Pause Mark End 0.313ms
[164.146s][info][gc,phases   ] GC(67) Concurrent Process Non-Strong References 1.743ms
[164.146s][info][gc,phases   ] GC(67) Concurrent Reset Relocation Set 0.013ms
[164.146s][info][gc,phases   ] GC(67) Concurrent Destroy Detached Pages 0.005ms
[164.148s][info][gc,phases   ] GC(67) Concurrent Select Relocation Set 1.669ms
[164.153s][info][gc,phases   ] GC(67) Concurrent Prepare Relocation Set 5.756ms
[164.160s][info][gc,phases   ] GC(67) Pause Relocate Start 5.896ms
[164.462s][info][gc,phases   ] GC(67) Concurrent Relocate 290.083ms
[164.462s][info][gc,load     ] GC(67) Load: 4.21/4.19/3.18
[164.462s][info][gc,mmu      ] GC(67) MMU: 2ms/0.0%, 5ms/0.0%, 10ms/0.0%, 20ms/34.0%, 50ms/73.6%, 100ms/86.8%
[164.462s][info][gc,marking  ] GC(67) Mark: 1 stripe(s), 2 proactive flush(es), 1 terminate flush(es), 0 completion(s), 0 continuation(s) 
[164.462s][info][gc,reloc    ] GC(67) Relocation: Successful, 56M relocated
[164.462s][info][gc,nmethod  ] GC(67) NMethods: 4260 registered, 4 unregistered
[164.462s][info][gc,metaspace] GC(67) Metaspace: 73M used, 77M capacity, 77M committed, 78M reserved
[164.462s][info][gc,ref      ] GC(67) Soft: 4913 encountered, 0 discovered, 0 enqueued
[164.462s][info][gc,ref      ] GC(67) Weak: 4791 encountered, 3772 discovered, 0 enqueued
[164.462s][info][gc,ref      ] GC(67) Final: 28 encountered, 0 discovered, 0 enqueued
[164.462s][info][gc,ref      ] GC(67) Phantom: 662 encountered, 659 discovered, 0 enqueued
[164.462s][info][gc,heap     ] GC(67)                Mark Start          Mark End        Relocate Start      Relocate End           High               Low         
[164.462s][info][gc,heap     ] GC(67)  Capacity:     1000M (100%)       1000M (100%)       1000M (100%)       1000M (100%)       1000M (100%)       1000M (100%)   
[164.462s][info][gc,heap     ] GC(67)   Reserve:       34M (3%)           34M (3%)           34M (3%)           34M (3%)           34M (3%)           34M (3%)     
[164.462s][info][gc,heap     ] GC(67)      Free:      418M (42%)         160M (16%)         198M (20%)         368M (37%)         418M (42%)         160M (16%)    
[164.462s][info][gc,heap     ] GC(67)      Used:      548M (55%)         806M (81%)         768M (77%)         598M (60%)         806M (81%)         548M (55%)    
[164.462s][info][gc,heap     ] GC(67)      Live:         -               269M (27%)         269M (27%)         269M (27%)            -                  -          
[164.462s][info][gc,heap     ] GC(67) Allocated:         -               258M (26%)         258M (26%)         312M (31%)            -                  -          
[164.462s][info][gc,heap     ] GC(67)   Garbage:         -               278M (28%)         240M (24%)          64M (6%)             -                  -          
[164.462s][info][gc,heap     ] GC(67) Reclaimed:         -                  -                38M (4%)          214M (21%)            -                  -          
[164.462s][info][gc          ] GC(67) Garbage Collection (Allocation Rate) 548M(55%)->598M(60%)
[164.513s][info][gc,start    ] GC(68) Garbage Collection (Allocation Rate)
[164.526s][info][gc,phases   ] GC(68) Pause Mark Start 3.328ms
[166.823s][info][gc,phases   ] GC(68) Concurrent Mark 2296.683ms
[166.829s][info][gc,phases   ] GC(68) Pause Mark End 0.330ms
[166.831s][info][gc,phases   ] GC(68) Concurrent Process Non-Strong References 1.843ms
[166.831s][info][gc,phases   ] GC(68) Concurrent Reset Relocation Set 0.035ms
[166.831s][info][gc,phases   ] GC(68) Concurrent Destroy Detached Pages 0.001ms
[166.833s][info][gc,phases   ] GC(68) Concurrent Select Relocation Set 1.574ms
[166.834s][info][gc,phases   ] GC(68) Concurrent Prepare Relocation Set 1.297ms
[166.846s][info][gc,phases   ] GC(68) Pause Relocate Start 2.839ms
[167.140s][info][gc,phases   ] GC(68) Concurrent Relocate 293.278ms
[167.141s][info][gc,load     ] GC(68) Load: 4.27/4.20/3.19
[167.141s][info][gc,mmu      ] GC(68) MMU: 2ms/0.0%, 5ms/0.0%, 10ms/0.0%, 20ms/34.0%, 50ms/73.6%, 100ms/86.8%
[167.141s][info][gc,marking  ] GC(68) Mark: 1 stripe(s), 2 proactive flush(es), 1 terminate flush(es), 0 completion(s), 0 continuation(s) 
[167.141s][info][gc,reloc    ] GC(68) Relocation: Successful, 49M relocated
[167.141s][info][gc,nmethod  ] GC(68) NMethods: 4264 registered, 4 unregistered
[167.141s][info][gc,metaspace] GC(68) Metaspace: 73M used, 77M capacity, 77M committed, 78M reserved
[167.141s][info][gc,ref      ] GC(68) Soft: 4913 encountered, 0 discovered, 0 enqueued
[167.141s][info][gc,ref      ] GC(68) Weak: 4789 encountered, 3775 discovered, 4 enqueued
[167.141s][info][gc,ref      ] GC(68) Final: 28 encountered, 0 discovered, 0 enqueued
[167.141s][info][gc,ref      ] GC(68) Phantom: 662 encountered, 659 discovered, 0 enqueued
[167.141s][info][gc,heap     ] GC(68)                Mark Start          Mark End        Relocate Start      Relocate End           High               Low         
[167.141s][info][gc,heap     ] GC(68)  Capacity:     1000M (100%)       1000M (100%)       1000M (100%)       1000M (100%)       1000M (100%)       1000M (100%)   
[167.141s][info][gc,heap     ] GC(68)   Reserve:       34M (3%)           34M (3%)           34M (3%)           34M (3%)           34M (3%)           34M (3%)     
[167.141s][info][gc,heap     ] GC(68)      Free:      356M (36%)         138M (14%)         144M (14%)         428M (43%)         428M (43%)         138M (14%)    
[167.141s][info][gc,heap     ] GC(68)      Used:      610M (61%)         828M (83%)         822M (82%)         538M (54%)         828M (83%)         538M (54%)    
[167.141s][info][gc,heap     ] GC(68)      Live:         -               275M (28%)         275M (28%)         275M (28%)            -                  -          
[167.141s][info][gc,heap     ] GC(68) Allocated:         -               218M (22%)         218M (22%)         236M (24%)            -                  -          
[167.141s][info][gc,heap     ] GC(68)   Garbage:         -               334M (33%)         328M (33%)          44M (4%)             -                  -          
[167.141s][info][gc,heap     ] GC(68) Reclaimed:         -                  -                 6M (1%)          290M (29%)            -                  -          
[167.141s][info][gc          ] GC(68) Garbage Collection (Allocation Rate) 610M(61%)->538M(54%)
[167.216s][info][gc,start    ] GC(69) Garbage Collection (Allocation Rate)
[167.232s][info][gc,phases   ] GC(69) Pause Mark Start 3.436ms
[168.248s][info][gc,heap     ] Page Cache Flushed: 22M requested, 22M(416M->394M) flushed
[169.305s][info][gc,heap     ] Page Cache Flushed: 6M requested, 6M(332M->326M) flushed
[169.455s][info][gc,heap     ] Page Cache Flushed: 10M requested, 10M(302M->292M) flushed
[169.605s][info][gc,phases   ] GC(69) Concurrent Mark 2372.766ms
[169.608s][info][gc,phases   ] GC(69) Pause Mark End 0.341ms
[169.610s][info][gc,phases   ] GC(69) Concurrent Process Non-Strong References 1.673ms
[169.610s][info][gc,phases   ] GC(69) Concurrent Reset Relocation Set 0.040ms
[169.610s][info][gc,phases   ] GC(69) Concurrent Destroy Detached Pages 0.015ms
[169.617s][info][gc,phases   ] GC(69) Concurrent Select Relocation Set 6.811ms
[169.618s][info][gc,phases   ] GC(69) Concurrent Prepare Relocation Set 0.885ms
[169.623s][info][gc,phases   ] GC(69) Pause Relocate Start 5.038ms
[169.804s][info][gc,phases   ] GC(69) Concurrent Relocate 178.628ms
[169.804s][info][gc,load     ] GC(69) Load: 4.27/4.20/3.19
[169.804s][info][gc,mmu      ] GC(69) MMU: 2ms/0.0%, 5ms/0.0%, 10ms/0.0%, 20ms/34.0%, 50ms/73.6%, 100ms/86.8%
[169.804s][info][gc,marking  ] GC(69) Mark: 1 stripe(s), 2 proactive flush(es), 1 terminate flush(es), 0 completion(s), 0 continuation(s) 
[169.804s][info][gc,reloc    ] GC(69) Relocation: Successful, 36M relocated
[169.804s][info][gc,nmethod  ] GC(69) NMethods: 4284 registered, 4 unregistered
[169.804s][info][gc,metaspace] GC(69) Metaspace: 73M used, 77M capacity, 77M committed, 78M reserved
[169.804s][info][gc,ref      ] GC(69) Soft: 4913 encountered, 0 discovered, 0 enqueued
[169.804s][info][gc,ref      ] GC(69) Weak: 4783 encountered, 3777 discovered, 0 enqueued
[169.804s][info][gc,ref      ] GC(69) Final: 28 encountered, 0 discovered, 0 enqueued
[169.804s][info][gc,ref      ] GC(69) Phantom: 662 encountered, 659 discovered, 0 enqueued
[169.804s][info][gc,heap     ] GC(69)                Mark Start          Mark End        Relocate Start      Relocate End           High               Low         
[169.804s][info][gc,heap     ] GC(69)  Capacity:     1000M (100%)       1000M (100%)       1000M (100%)       1000M (100%)       1000M (100%)       1000M (100%)   
[169.804s][info][gc,heap     ] GC(69)   Reserve:       34M (3%)           34M (3%)           34M (3%)           34M (3%)           34M (3%)           34M (3%)     
[169.804s][info][gc,heap     ] GC(69)      Free:      428M (43%)         278M (28%)         336M (34%)         550M (55%)         552M (55%)         278M (28%)    
[169.804s][info][gc,heap     ] GC(69)      Used:      538M (54%)         688M (69%)         630M (63%)         416M (42%)         688M (69%)         414M (41%)    
[169.804s][info][gc,heap     ] GC(69)      Live:         -               242M (24%)         242M (24%)         242M (24%)            -                  -          
[169.804s][info][gc,heap     ] GC(69) Allocated:         -               150M (15%)         150M (15%)         180M (18%)            -                  -          
[169.804s][info][gc,heap     ] GC(69)   Garbage:         -               295M (30%)         237M (24%)           7M (1%)             -                  -          
[169.804s][info][gc,heap     ] GC(69) Reclaimed:         -                  -                58M (6%)          288M (29%)            -                  -          
[169.804s][info][gc          ] GC(69) Garbage Collection (Allocation Rate) 538M(54%)->416M(42%)
[169.812s][info][gc,start    ] GC(70) Garbage Collection (Allocation Rate)
[169.822s][info][gc,phases   ] GC(70) Pause Mark Start 3.274ms
[170.213s][info][gc,stats    ] === Garbage Collection Statistics =======================================================================================================================
[170.218s][info][gc,stats    ]                                                              Last 10s              Last 10m              Last 10h                Total
[170.218s][info][gc,stats    ]                                                              Avg / Max             Avg / Max             Avg / Max             Avg / Max
[170.218s][info][gc,stats    ]   Collector: Garbage Collection Cycle                   2494.560 / 2627.852   1643.322 / 5279.755   1643.322 / 5279.755   1643.322 / 5279.755    ms
[170.218s][info][gc,stats    ]  Contention: Mark Segment Reset Contention                     0 / 0                 0 / 0                 0 / 0                 0 / 0           ops/s
[170.218s][info][gc,stats    ]  Contention: Mark SeqNum Reset Contention                      0 / 0                 0 / 0                 0 / 0                 0 / 0           ops/s
[170.219s][info][gc,stats    ]  Contention: Relocation Contention                             0 / 1                 0 / 3                 0 / 3                 0 / 3           ops/s
[170.219s][info][gc,stats    ]    Critical: Allocation Stall                              0.000 / 0.000       398.430 / 717.412     398.430 / 717.412     398.430 / 717.412     ms
[170.219s][info][gc,stats    ]    Critical: Allocation Stall                                  0 / 0                 0 / 1                 0 / 1                 0 / 1           ops/s
[170.219s][info][gc,stats    ]    Critical: GC Locker Stall                               0.000 / 0.000         2.838 / 8.487         2.838 / 8.487         2.838 / 8.487       ms
[170.219s][info][gc,stats    ]    Critical: GC Locker Stall                                   0 / 0                 0 / 1                 0 / 1                 0 / 1           ops/s
[170.219s][info][gc,stats    ]      Memory: Allocation Rate                                 102 / 180             116 / 600             116 / 600             116 / 600         MB/s
[170.219s][info][gc,stats    ]      Memory: Heap Used After Mark                            733 / 828             623 / 966             623 / 966             623 / 966         MB
[170.219s][info][gc,stats    ]      Memory: Heap Used After Relocation                      520 / 598             365 / 908             365 / 908             365 / 908         MB
[170.219s][info][gc,stats    ]      Memory: Heap Used Before Mark                           528 / 610             481 / 908             481 / 908             481 / 908         MB
[170.219s][info][gc,stats    ]      Memory: Heap Used Before Relocation                     698 / 822             472 / 938             472 / 938             472 / 938         MB
[170.219s][info][gc,stats    ]      Memory: Out Of Memory                                     0 / 0                 0 / 0                 0 / 0                 0 / 0           ops/s
[170.219s][info][gc,stats    ]      Memory: Page Cache Flush                                 11 / 38                5 / 100               5 / 100               5 / 100         MB/s
[170.219s][info][gc,stats    ]      Memory: Page Cache Hit L1                                46 / 74               52 / 301              52 / 301              52 / 301         ops/s
[170.219s][info][gc,stats    ]      Memory: Page Cache Hit L2                                 0 / 0                 0 / 0                 0 / 0                 0 / 0           ops/s
[170.219s][info][gc,stats    ]      Memory: Page Cache Miss                                   0 / 2                 3 / 114               3 / 114               3 / 114         ops/s
[170.219s][info][gc,stats    ]      Memory: Undo Object Allocation Failed                     0 / 0                 0 / 0                 0 / 0                 0 / 0           ops/s
[170.219s][info][gc,stats    ]      Memory: Undo Object Allocation Succeeded                  0 / 1                 0 / 3                 0 / 3                 0 / 3           ops/s
[170.219s][info][gc,stats    ]      Memory: Undo Page Allocation                              0 / 0                 0 / 1                 0 / 1                 0 / 1           ops/s
[170.219s][info][gc,stats    ]       Phase: Concurrent Destroy Detached Pages             0.015 / 0.040         0.003 / 0.040         0.003 / 0.040         0.003 / 0.040       ms
[170.219s][info][gc,stats    ]       Phase: Concurrent Mark                            2235.830 / 2372.766   1423.303 / 5208.825   1423.303 / 5208.825   1423.303 / 5208.825    ms
[170.219s][info][gc,stats    ]       Phase: Concurrent Mark Continue                      0.000 / 0.000         0.000 / 0.000         0.000 / 0.000         0.000 / 0.000       ms
[170.219s][info][gc,stats    ]       Phase: Concurrent Prepare Relocation Set             2.128 / 5.756         7.319 / 67.644        7.319 / 67.644        7.319 / 67.644      ms
[170.219s][info][gc,stats    ]       Phase: Concurrent Process Non-Strong References      1.741 / 1.843         2.975 / 16.338        2.975 / 16.338        2.975 / 16.338      ms
[170.219s][info][gc,stats    ]       Phase: Concurrent Relocate                         221.485 / 293.278     177.895 / 851.942     177.895 / 851.942     177.895 / 851.942     ms
[170.219s][info][gc,stats    ]       Phase: Concurrent Reset Relocation Set               0.023 / 0.040         0.282 / 3.530         0.282 / 3.530         0.282 / 3.530       ms
[170.219s][info][gc,stats    ]       Phase: Concurrent Select Relocation Set              2.901 / 6.811         2.854 / 40.732        2.854 / 40.732        2.854 / 40.732      ms
[170.219s][info][gc,stats    ]       Phase: Pause Mark End                                0.332 / 0.344         0.282 / 1.034         0.282 / 1.034         0.282 / 1.034       ms
[170.219s][info][gc,stats    ]       Phase: Pause Mark Start                              3.350 / 3.436         2.996 / 8.673         2.996 / 8.673         2.996 / 8.673       ms
[170.219s][info][gc,stats    ]       Phase: Pause Relocate Start                          5.604 / 8.642         3.934 / 12.570        3.934 / 12.570        3.934 / 12.570      ms
[170.219s][info][gc,stats    ]    Subphase: Concurrent Mark                            2229.998 / 2368.557   1421.730 / 5208.804   1421.730 / 5208.804   1421.730 / 5208.804    ms
[170.219s][info][gc,stats    ]    Subphase: Concurrent Mark Idle                          0.000 / 0.000         0.000 / 0.000         0.000 / 0.000         0.000 / 0.000       ms
[170.219s][info][gc,stats    ]    Subphase: Concurrent Mark Try Flush                     3.395 / 15.323        4.512 / 35.831        4.512 / 35.831        4.512 / 35.831      ms
[170.219s][info][gc,stats    ]    Subphase: Concurrent Mark Try Terminate                 0.353 / 0.962         1.364 / 13.741        1.364 / 13.741        1.364 / 13.741      ms
[170.219s][info][gc,stats    ]    Subphase: Concurrent References Enqueue                 0.002 / 0.004         0.002 / 0.012         0.002 / 0.012         0.002 / 0.012       ms
[170.219s][info][gc,stats    ]    Subphase: Concurrent References Process                 0.897 / 0.966         1.276 / 11.837        1.276 / 11.837        1.276 / 11.837      ms
[170.219s][info][gc,stats    ]    Subphase: Concurrent Weak Roots                         0.827 / 0.860         1.053 / 15.568        1.053 / 15.568        1.053 / 15.568      ms
[170.219s][info][gc,stats    ]    Subphase: Concurrent Weak Roots JNIWeakHandles          0.000 / 0.000         0.000 / 0.001         0.000 / 0.001         0.000 / 0.001       ms
[170.219s][info][gc,stats    ]    Subphase: Concurrent Weak Roots StringTable             0.625 / 0.669         0.855 / 15.352        0.855 / 15.352        0.855 / 15.352      ms
[170.219s][info][gc,stats    ]    Subphase: Concurrent Weak Roots VMWeakHandles           0.200 / 0.212         0.197 / 0.321         0.197 / 0.321         0.197 / 0.321       ms
[170.219s][info][gc,stats    ]    Subphase: Pause Mark Try Complete                       0.000 / 0.000         0.002 / 0.002         0.002 / 0.002         0.002 / 0.002       ms
[170.219s][info][gc,stats    ]    Subphase: Pause Remap TLABS                             0.002 / 0.002         0.002 / 0.026         0.002 / 0.026         0.002 / 0.026       ms
[170.219s][info][gc,stats    ]    Subphase: Pause Retire TLABS                            0.021 / 0.022         0.016 / 0.032         0.016 / 0.032         0.016 / 0.032       ms
[170.219s][info][gc,stats    ]    Subphase: Pause Roots                                   2.357 / 5.510         1.766 / 12.371        1.766 / 12.371        1.766 / 12.371      ms
[170.219s][info][gc,stats    ]    Subphase: Pause Roots ClassLoaderDataGraph              0.689 / 0.824         0.734 / 11.302        0.734 / 11.302        0.734 / 11.302      ms
[170.219s][info][gc,stats    ]    Subphase: Pause Roots CodeCache                         2.308 / 4.572         1.419 / 5.469         1.419 / 5.469         1.419 / 5.469       ms
[170.219s][info][gc,stats    ]    Subphase: Pause Roots JNIHandles                        0.001 / 0.001         0.001 / 0.005         0.001 / 0.005         0.001 / 0.005       ms
[170.219s][info][gc,stats    ]    Subphase: Pause Roots JNIWeakHandles                    0.000 / 0.000         0.000 / 0.000         0.000 / 0.000         0.000 / 0.000       ms
[170.219s][info][gc,stats    ]    Subphase: Pause Roots JRFWeak                           0.000 / 0.000         0.000 / 0.000         0.000 / 0.000         0.000 / 0.000       ms
[170.219s][info][gc,stats    ]    Subphase: Pause Roots JVMTIExport                       0.001 / 0.001         0.001 / 0.002         0.001 / 0.002         0.001 / 0.002       ms
[170.219s][info][gc,stats    ]    Subphase: Pause Roots JVMTIWeakExport                   0.001 / 0.001         0.001 / 0.002         0.001 / 0.002         0.001 / 0.002       ms
[170.219s][info][gc,stats    ]    Subphase: Pause Roots Management                        0.001 / 0.002         0.032 / 4.405         0.032 / 4.405         0.032 / 4.405       ms
[170.219s][info][gc,stats    ]    Subphase: Pause Roots ObjectSynchronizer                0.000 / 0.000         0.000 / 0.001         0.000 / 0.001         0.000 / 0.001       ms
[170.219s][info][gc,stats    ]    Subphase: Pause Roots Setup                             0.213 / 0.385         0.180 / 0.504         0.180 / 0.504         0.180 / 0.504       ms
[170.219s][info][gc,stats    ]    Subphase: Pause Roots StringTable                       0.000 / 0.000         0.000 / 0.000         0.000 / 0.000         0.000 / 0.000       ms
[170.219s][info][gc,stats    ]    Subphase: Pause Roots SystemDictionary                  0.012 / 0.014         0.014 / 0.072         0.014 / 0.072         0.014 / 0.072       ms
[170.219s][info][gc,stats    ]    Subphase: Pause Roots Teardown                          0.001 / 0.004         0.001 / 0.016         0.001 / 0.016         0.001 / 0.016       ms
[170.219s][info][gc,stats    ]    Subphase: Pause Roots Threads                           0.344 / 0.402         0.289 / 4.291         0.289 / 4.291         0.289 / 4.291       ms
[170.219s][info][gc,stats    ]    Subphase: Pause Roots Universe                          0.002 / 0.003         0.005 / 0.365         0.005 / 0.365         0.005 / 0.365       ms
[170.219s][info][gc,stats    ]    Subphase: Pause Roots VMWeakHandles                     0.000 / 0.000         0.000 / 0.000         0.000 / 0.000         0.000 / 0.000       ms
[170.219s][info][gc,stats    ]    Subphase: Pause Weak Roots                              0.002 / 0.002         0.002 / 0.009         0.002 / 0.009         0.002 / 0.009       ms
[170.219s][info][gc,stats    ]    Subphase: Pause Weak Roots JFRWeak                      0.001 / 0.001         0.001 / 0.001         0.001 / 0.001         0.001 / 0.001       ms
[170.219s][info][gc,stats    ]    Subphase: Pause Weak Roots JNIWeakHandles               0.000 / 0.000         0.000 / 0.000         0.000 / 0.000         0.000 / 0.000       ms
[170.219s][info][gc,stats    ]    Subphase: Pause Weak Roots JVMTIWeakExport              0.001 / 0.001         0.001 / 0.007         0.001 / 0.007         0.001 / 0.007       ms
[170.219s][info][gc,stats    ]    Subphase: Pause Weak Roots Setup                        0.000 / 0.000         0.000 / 0.000         0.000 / 0.000         0.000 / 0.000       ms
[170.219s][info][gc,stats    ]    Subphase: Pause Weak Roots StringTable                  0.000 / 0.000         0.000 / 0.000         0.000 / 0.000         0.000 / 0.000       ms
[170.219s][info][gc,stats    ]    Subphase: Pause Weak Roots SymbolTable                  0.000 / 0.000         0.000 / 0.000         0.000 / 0.000         0.000 / 0.000       ms
[170.219s][info][gc,stats    ]    Subphase: Pause Weak Roots Teardown                     0.001 / 0.001         0.001 / 0.001         0.001 / 0.001         0.001 / 0.001       ms
[170.219s][info][gc,stats    ]    Subphase: Pause Weak Roots VMWeakHandles                0.000 / 0.000         0.000 / 0.000         0.000 / 0.000         0.000 / 0.000       ms
[170.219s][info][gc,stats    ]      System: Java Threads                                    106 / 106              61 / 106              61 / 106              61 / 106         threads
[170.219s][info][gc,stats    ] =========================================================================================================================================================
[170.379s][info][gc,heap     ] Page Cache Flushed: 6M requested, 10M(428M->418M) flushed
[171.388s][info][gc,phases   ] GC(70) Concurrent Mark 1565.759ms
[171.395s][info][gc,phases   ] GC(70) Pause Mark End 0.335ms
[171.396s][info][gc,phases   ] GC(70) Concurrent Process Non-Strong References 1.744ms
[171.396s][info][gc,phases   ] GC(70) Concurrent Reset Relocation Set 0.023ms
[171.396s][info][gc,phases   ] GC(70) Concurrent Destroy Detached Pages 0.003ms
[171.398s][info][gc,phases   ] GC(70) Concurrent Select Relocation Set 1.535ms
[171.404s][info][gc,phases   ] GC(70) Concurrent Prepare Relocation Set 5.851ms
[171.407s][info][gc,phases   ] GC(70) Pause Relocate Start 2.801ms
[171.566s][info][gc,phases   ] GC(70) Concurrent Relocate 158.987ms
[171.572s][info][gc,load     ] GC(70) Load: 4.25/4.20/3.20
[171.572s][info][gc,mmu      ] GC(70) MMU: 2ms/0.0%, 5ms/0.0%, 10ms/0.0%, 20ms/34.0%, 50ms/73.6%, 100ms/86.8%
[171.572s][info][gc,marking  ] GC(70) Mark: 1 stripe(s), 2 proactive flush(es), 1 terminate flush(es), 0 completion(s), 0 continuation(s) 
[171.572s][info][gc,reloc    ] GC(70) Relocation: Successful, 57M relocated
[171.572s][info][gc,nmethod  ] GC(70) NMethods: 4285 registered, 4 unregistered
[171.572s][info][gc,metaspace] GC(70) Metaspace: 73M used, 77M capacity, 77M committed, 78M reserved
[171.572s][info][gc,ref      ] GC(70) Soft: 4914 encountered, 0 discovered, 0 enqueued
[171.572s][info][gc,ref      ] GC(70) Weak: 4994 encountered, 3934 discovered, 145 enqueued
[171.572s][info][gc,ref      ] GC(70) Final: 28 encountered, 0 discovered, 0 enqueued
[171.572s][info][gc,ref      ] GC(70) Phantom: 662 encountered, 659 discovered, 0 enqueued
[171.572s][info][gc,heap     ] GC(70)                Mark Start          Mark End        Relocate Start      Relocate End           High               Low         
[171.572s][info][gc,heap     ] GC(70)  Capacity:     1000M (100%)       1000M (100%)       1000M (100%)       1000M (100%)       1000M (100%)       1000M (100%)   
[171.572s][info][gc,heap     ] GC(70)   Reserve:       34M (3%)           34M (3%)           34M (3%)           34M (3%)           34M (3%)           34M (3%)     
[171.572s][info][gc,heap     ] GC(70)      Free:      548M (55%)         290M (29%)         356M (36%)         402M (40%)         548M (55%)         290M (29%)    
[171.572s][info][gc,heap     ] GC(70)      Used:      418M (42%)         676M (68%)         610M (61%)         564M (56%)         676M (68%)         418M (42%)    
[171.572s][info][gc,heap     ] GC(70)      Live:         -               238M (24%)         238M (24%)         238M (24%)            -                  -          
[171.572s][info][gc,heap     ] GC(70) Allocated:         -               258M (26%)         258M (26%)         298M (30%)            -                  -          
[171.572s][info][gc,heap     ] GC(70)   Garbage:         -               179M (18%)         113M (11%)          53M (5%)             -                  -          
[171.572s][info][gc,heap     ] GC(70) Reclaimed:         -                  -                66M (7%)          126M (13%)            -                  -          
[171.572s][info][gc          ] GC(70) Garbage Collection (Allocation Rate) 418M(42%)->564M(56%)
[171.612s][info][gc,start    ] GC(71) Garbage Collection (Allocation Rate)
[171.618s][info][gc,phases   ] GC(71) Pause Mark Start 3.317ms
[173.729s][info][gc,phases   ] GC(71) Concurrent Mark 2110.628ms
[173.736s][info][gc,phases   ] GC(71) Pause Mark End 0.342ms
[173.737s][info][gc,phases   ] GC(71) Concurrent Process Non-Strong References 1.717ms
[173.737s][info][gc,phases   ] GC(71) Concurrent Reset Relocation Set 0.014ms
[173.737s][info][gc,phases   ] GC(71) Concurrent Destroy Detached Pages 0.001ms
[173.739s][info][gc,phases   ] GC(71) Concurrent Select Relocation Set 1.536ms
[173.744s][info][gc,phases   ] GC(71) Concurrent Prepare Relocation Set 5.458ms
[173.751s][info][gc,phases   ] GC(71) Pause Relocate Start 6.030ms
[174.048s][info][gc,phases   ] GC(71) Concurrent Relocate 288.352ms
[174.052s][info][gc,load     ] GC(71) Load: 4.25/4.20/3.20
[174.052s][info][gc,mmu      ] GC(71) MMU: 2ms/0.0%, 5ms/0.0%, 10ms/0.0%, 20ms/34.0%, 50ms/73.6%, 100ms/86.8%
[174.052s][info][gc,marking  ] GC(71) Mark: 1 stripe(s), 2 proactive flush(es), 1 terminate flush(es), 0 completion(s), 0 continuation(s) 
[174.052s][info][gc,reloc    ] GC(71) Relocation: Successful, 59M relocated
[174.052s][info][gc,nmethod  ] GC(71) NMethods: 4296 registered, 4 unregistered
[174.052s][info][gc,metaspace] GC(71) Metaspace: 73M used, 77M capacity, 77M committed, 78M reserved
[174.052s][info][gc,ref      ] GC(71) Soft: 4914 encountered, 0 discovered, 0 enqueued
[174.052s][info][gc,ref      ] GC(71) Weak: 4849 encountered, 3813 discovered, 0 enqueued
[174.052s][info][gc,ref      ] GC(71) Final: 28 encountered, 0 discovered, 0 enqueued
[174.052s][info][gc,ref      ] GC(71) Phantom: 662 encountered, 659 discovered, 0 enqueued
[174.052s][info][gc,heap     ] GC(71)                Mark Start          Mark End        Relocate Start      Relocate End           High               Low         
[174.052s][info][gc,heap     ] GC(71)  Capacity:     1000M (100%)       1000M (100%)       1000M (100%)       1000M (100%)       1000M (100%)       1000M (100%)   
[174.052s][info][gc,heap     ] GC(71)   Reserve:       34M (3%)           34M (3%)           34M (3%)           34M (3%)           34M (3%)           34M (3%)     
[174.052s][info][gc,heap     ] GC(71)      Free:      390M (39%)         120M (12%)         158M (16%)         344M (34%)         390M (39%)         120M (12%)    
[174.052s][info][gc,heap     ] GC(71)      Used:      576M (58%)         846M (85%)         808M (81%)         622M (62%)         846M (85%)         576M (58%)    
[174.052s][info][gc,heap     ] GC(71)      Live:         -               266M (27%)         266M (27%)         266M (27%)            -                  -          
[174.052s][info][gc,heap     ] GC(71) Allocated:         -               270M (27%)         270M (27%)         338M (34%)            -                  -          
[174.052s][info][gc,heap     ] GC(71)   Garbage:         -               309M (31%)         271M (27%)          61M (6%)             -                  -          
[174.052s][info][gc,heap     ] GC(71) Reclaimed:         -                  -                38M (4%)          248M (25%)            -                  -          
[174.052s][info][gc          ] GC(71) Garbage Collection (Allocation Rate) 576M(58%)->622M(62%)
[174.116s][info][gc,start    ] GC(72) Garbage Collection (Allocation Rate)
[174.127s][info][gc,phases   ] GC(72) Pause Mark Start 7.461ms
[176.625s][info][gc,phases   ] GC(72) Concurrent Mark 2497.573ms
[176.631s][info][gc,phases   ] GC(72) Pause Mark End 0.344ms
[176.633s][info][gc,phases   ] GC(72) Concurrent Process Non-Strong References 1.864ms
[176.633s][info][gc,phases   ] GC(72) Concurrent Reset Relocation Set 0.039ms
[176.633s][info][gc,phases   ] GC(72) Concurrent Destroy Detached Pages 0.001ms
[176.635s][info][gc,phases   ] GC(72) Concurrent Select Relocation Set 1.694ms
[176.649s][info][gc,phases   ] GC(72) Concurrent Prepare Relocation Set 13.921ms
[176.658s][info][gc,phases   ] GC(72) Pause Relocate Start 8.474ms
[176.894s][info][gc,phases   ] GC(72) Concurrent Relocate 226.790ms
[176.894s][info][gc,load     ] GC(72) Load: 4.23/4.19/3.20
[176.894s][info][gc,mmu      ] GC(72) MMU: 2ms/0.0%, 5ms/0.0%, 10ms/0.0%, 20ms/34.0%, 50ms/73.6%, 100ms/86.8%
[176.894s][info][gc,marking  ] GC(72) Mark: 1 stripe(s), 2 proactive flush(es), 1 terminate flush(es), 0 completion(s), 0 continuation(s) 
[176.894s][info][gc,reloc    ] GC(72) Relocation: Successful, 51M relocated
[176.894s][info][gc,nmethod  ] GC(72) NMethods: 4296 registered, 4 unregistered
[176.894s][info][gc,metaspace] GC(72) Metaspace: 73M used, 77M capacity, 77M committed, 78M reserved
[176.894s][info][gc,ref      ] GC(72) Soft: 4914 encountered, 0 discovered, 0 enqueued
[176.894s][info][gc,ref      ] GC(72) Weak: 4856 encountered, 3796 discovered, 3 enqueued
[176.894s][info][gc,ref      ] GC(72) Final: 28 encountered, 0 discovered, 0 enqueued
[176.894s][info][gc,ref      ] GC(72) Phantom: 662 encountered, 659 discovered, 0 enqueued
[176.894s][info][gc,heap     ] GC(72)                Mark Start          Mark End        Relocate Start      Relocate End           High               Low         
[176.894s][info][gc,heap     ] GC(72)  Capacity:     1000M (100%)       1000M (100%)       1000M (100%)       1000M (100%)       1000M (100%)       1000M (100%)   
[176.894s][info][gc,heap     ] GC(72)   Reserve:       34M (3%)           34M (3%)           34M (3%)           34M (3%)           34M (3%)           34M (3%)     
[176.894s][info][gc,heap     ] GC(72)      Free:      344M (34%)         192M (19%)         192M (19%)         474M (47%)         474M (47%)         190M (19%)    
[176.894s][info][gc,heap     ] GC(72)      Used:      622M (62%)         774M (77%)         774M (77%)         492M (49%)         776M (78%)         492M (49%)    
[176.894s][info][gc,heap     ] GC(72)      Live:         -               295M (30%)         295M (30%)         295M (30%)            -                  -          
[176.894s][info][gc,heap     ] GC(72) Allocated:         -               152M (15%)         152M (15%)         172M (17%)            -                  -          
[176.894s][info][gc,heap     ] GC(72)   Garbage:         -               326M (33%)         326M (33%)          44M (4%)             -                  -          
[176.894s][info][gc,heap     ] GC(72) Reclaimed:         -                  -                 0M (0%)          282M (28%)            -                  -          
[176.894s][info][gc          ] GC(72) Garbage Collection (Allocation Rate) 622M(62%)->492M(49%)
[177.612s][info][gc,start    ] GC(73) Garbage Collection (Allocation Rate)
[177.621s][info][gc,phases   ] GC(73) Pause Mark Start 3.456ms
[177.834s][info][gc,heap     ] Page Cache Flushed: 6M requested, 6M(376M->370M) flushed
[178.703s][info][gc,heap     ] Page Cache Flushed: 6M requested, 6M(218M->212M) flushed
[178.972s][info][gc,phases   ] GC(73) Concurrent Mark 1344.664ms
[178.979s][info][gc,phases   ] GC(73) Pause Mark End 0.333ms
[178.980s][info][gc,phases   ] GC(73) Concurrent Process Non-Strong References 1.750ms
[178.980s][info][gc,phases   ] GC(73) Concurrent Reset Relocation Set 0.036ms
[178.980s][info][gc,phases   ] GC(73) Concurrent Destroy Detached Pages 0.006ms
[178.982s][info][gc,phases   ] GC(73) Concurrent Select Relocation Set 1.567ms
[178.983s][info][gc,phases   ] GC(73) Concurrent Prepare Relocation Set 0.482ms
[178.993s][info][gc,phases   ] GC(73) Pause Relocate Start 7.199ms
[179.103s][info][gc,phases   ] GC(73) Concurrent Relocate 109.051ms
[179.103s][info][gc,load     ] GC(73) Load: 4.23/4.19/3.20
[179.103s][info][gc,mmu      ] GC(73) MMU: 2ms/0.0%, 5ms/0.0%, 10ms/0.0%, 20ms/34.0%, 50ms/73.6%, 100ms/86.8%
[179.103s][info][gc,marking  ] GC(73) Mark: 1 stripe(s), 2 proactive flush(es), 1 terminate flush(es), 0 completion(s), 0 continuation(s) 
[179.103s][info][gc,reloc    ] GC(73) Relocation: Successful, 34M relocated
[179.103s][info][gc,nmethod  ] GC(73) NMethods: 4321 registered, 4 unregistered
[179.103s][info][gc,metaspace] GC(73) Metaspace: 73M used, 77M capacity, 77M committed, 78M reserved
[179.103s][info][gc,ref      ] GC(73) Soft: 4914 encountered, 0 discovered, 0 enqueued
[179.103s][info][gc,ref      ] GC(73) Weak: 4815 encountered, 3798 discovered, 24 enqueued
[179.103s][info][gc,ref      ] GC(73) Final: 28 encountered, 0 discovered, 0 enqueued
[179.103s][info][gc,ref      ] GC(73) Phantom: 662 encountered, 659 discovered, 0 enqueued
[179.103s][info][gc,heap     ] GC(73)                Mark Start          Mark End        Relocate Start      Relocate End           High               Low         
[179.103s][info][gc,heap     ] GC(73)  Capacity:     1000M (100%)       1000M (100%)       1000M (100%)       1000M (100%)       1000M (100%)       1000M (100%)   
[179.103s][info][gc,heap     ] GC(73)   Reserve:       34M (3%)           34M (3%)           34M (3%)           34M (3%)           34M (3%)           34M (3%)     
[179.103s][info][gc,heap     ] GC(73)      Free:      412M (41%)         176M (18%)         418M (42%)         510M (51%)         512M (51%)         176M (18%)    
[179.103s][info][gc,heap     ] GC(73)      Used:      554M (55%)         790M (79%)         548M (55%)         456M (46%)         790M (79%)         454M (45%)    
[179.103s][info][gc,heap     ] GC(73)      Live:         -               205M (21%)         205M (21%)         205M (21%)            -                  -          
[179.103s][info][gc,heap     ] GC(73) Allocated:         -               236M (24%)         236M (24%)         264M (26%)            -                  -          
[179.103s][info][gc,heap     ] GC(73)   Garbage:         -               348M (35%)         106M (11%)          10M (1%)             -                  -          
[179.103s][info][gc,heap     ] GC(73) Reclaimed:         -                  -               242M (24%)         338M (34%)            -                  -          
[179.103s][info][gc          ] GC(73) Garbage Collection (Allocation Rate) 554M(55%)->456M(46%)
[179.116s][info][gc,start    ] GC(74) Garbage Collection (Allocation Rate)
[179.122s][info][gc,phases   ] GC(74) Pause Mark Start 3.345ms
[180.212s][info][gc,stats    ] === Garbage Collection Statistics =======================================================================================================================
[180.212s][info][gc,stats    ]                                                              Last 10s              Last 10m              Last 10h                Total
[180.212s][info][gc,stats    ]                                                              Avg / Max             Avg / Max             Avg / Max             Avg / Max
[180.212s][info][gc,stats    ]   Collector: Garbage Collection Cycle                   2117.201 / 2778.061   1668.937 / 5279.755   1668.937 / 5279.755   1668.937 / 5279.755    ms
[180.212s][info][gc,stats    ]  Contention: Mark Segment Reset Contention                     0 / 0                 0 / 0                 0 / 0                 0 / 0           ops/s
[180.212s][info][gc,stats    ]  Contention: Mark SeqNum Reset Contention                      0 / 0                 0 / 0                 0 / 0                 0 / 0           ops/s
[180.212s][info][gc,stats    ]  Contention: Relocation Contention                             0 / 0                 0 / 3                 0 / 3                 0 / 3           ops/s
[180.212s][info][gc,stats    ]    Critical: Allocation Stall                              0.000 / 0.000       398.430 / 717.412     398.430 / 717.412     398.430 / 717.412     ms
[180.212s][info][gc,stats    ]    Critical: Allocation Stall                                  0 / 0                 0 / 1                 0 / 1                 0 / 1           ops/s
[180.212s][info][gc,stats    ]    Critical: GC Locker Stall                               0.000 / 0.000         2.838 / 8.487         2.838 / 8.487         2.838 / 8.487       ms
[180.212s][info][gc,stats    ]    Critical: GC Locker Stall                                   0 / 0                 0 / 1                 0 / 1                 0 / 1           ops/s
[180.212s][info][gc,stats    ]      Memory: Allocation Rate                                 111 / 186             116 / 600             116 / 600             116 / 600         MB/s
[180.212s][info][gc,stats    ]      Memory: Heap Used After Mark                            771 / 846             631 / 966             631 / 966             631 / 966         MB
[180.212s][info][gc,stats    ]      Memory: Heap Used After Relocation                      533 / 622             374 / 908             374 / 908             374 / 908         MB
[180.212s][info][gc,stats    ]      Memory: Heap Used Before Mark                           552 / 622             485 / 908             485 / 908             485 / 908         MB
[180.212s][info][gc,stats    ]      Memory: Heap Used Before Relocation                     685 / 808             484 / 938             484 / 938             484 / 938         MB
[180.213s][info][gc,stats    ]      Memory: Out Of Memory                                     0 / 0                 0 / 0                 0 / 0                 0 / 0           ops/s
[180.213s][info][gc,stats    ]      Memory: Page Cache Flush                                  2 / 10                5 / 100               5 / 100               5 / 100         MB/s
[180.213s][info][gc,stats    ]      Memory: Page Cache Hit L1                                53 / 82               52 / 301              52 / 301              52 / 301         ops/s
[180.213s][info][gc,stats    ]      Memory: Page Cache Hit L2                                 0 / 0                 0 / 0                 0 / 0                 0 / 0           ops/s
[180.213s][info][gc,stats    ]      Memory: Page Cache Miss                                   0 / 1                 3 / 114               3 / 114               3 / 114         ops/s
[180.213s][info][gc,stats    ]      Memory: Undo Object Allocation Failed                     0 / 0                 0 / 0                 0 / 0                 0 / 0           ops/s
[180.213s][info][gc,stats    ]      Memory: Undo Object Allocation Succeeded                  0 / 0                 0 / 3                 0 / 3                 0 / 3           ops/s
[180.213s][info][gc,stats    ]      Memory: Undo Page Allocation                              0 / 0                 0 / 1                 0 / 1                 0 / 1           ops/s
[180.213s][info][gc,stats    ]       Phase: Concurrent Destroy Detached Pages             0.003 / 0.006         0.003 / 0.040         0.003 / 0.040         0.003 / 0.040       ms
[180.213s][info][gc,stats    ]       Phase: Concurrent Mark                            1879.656 / 2497.573   1447.971 / 5208.825   1447.971 / 5208.825   1447.971 / 5208.825    ms
[180.213s][info][gc,stats    ]       Phase: Concurrent Mark Continue                      0.000 / 0.000         0.000 / 0.000         0.000 / 0.000         0.000 / 0.000       ms
[180.213s][info][gc,stats    ]       Phase: Concurrent Prepare Relocation Set             6.428 / 13.921        7.271 / 67.644        7.271 / 67.644        7.271 / 67.644      ms
[180.213s][info][gc,stats    ]       Phase: Concurrent Process Non-Strong References      1.769 / 1.864         2.909 / 16.338        2.909 / 16.338        2.909 / 16.338      ms
[180.213s][info][gc,stats    ]       Phase: Concurrent Relocate                         195.795 / 288.352     178.862 / 851.942     178.862 / 851.942     178.862 / 851.942     ms
[180.213s][info][gc,stats    ]       Phase: Concurrent Reset Relocation Set               0.028 / 0.039         0.268 / 3.530         0.268 / 3.530         0.268 / 3.530       ms
[180.213s][info][gc,stats    ]       Phase: Concurrent Select Relocation Set              1.583 / 1.694         2.786 / 40.732        2.786 / 40.732        2.786 / 40.732      ms
[180.213s][info][gc,stats    ]       Phase: Pause Mark End                                0.339 / 0.344         0.285 / 1.034         0.285 / 1.034         0.285 / 1.034       ms
[180.213s][info][gc,stats    ]       Phase: Pause Mark Start                              4.394 / 7.461         3.071 / 8.673         3.071 / 8.673         3.071 / 8.673       ms
[180.213s][info][gc,stats    ]       Phase: Pause Relocate Start                          6.126 / 8.474         4.053 / 12.570        4.053 / 12.570        4.053 / 12.570      ms
[180.213s][info][gc,stats    ]    Subphase: Concurrent Mark                            1872.758 / 2488.744   1446.110 / 5208.804   1446.110 / 5208.804   1446.110 / 5208.804    ms
[180.213s][info][gc,stats    ]    Subphase: Concurrent Mark Idle                          0.000 / 0.000         0.000 / 0.000         0.000 / 0.000         0.000 / 0.000       ms
[180.213s][info][gc,stats    ]    Subphase: Concurrent Mark Try Flush                     1.790 / 4.996         4.374 / 35.831        4.374 / 35.831        4.374 / 35.831      ms
[180.213s][info][gc,stats    ]    Subphase: Concurrent Mark Try Terminate                 1.474 / 5.000         1.370 / 13.741        1.370 / 13.741        1.370 / 13.741      ms
[180.213s][info][gc,stats    ]    Subphase: Concurrent References Enqueue                 0.002 / 0.003         0.002 / 0.012         0.002 / 0.012         0.002 / 0.012       ms
[180.213s][info][gc,stats    ]    Subphase: Concurrent References Process                 0.880 / 0.904         1.254 / 11.837        1.254 / 11.837        1.254 / 11.837      ms
[180.213s][info][gc,stats    ]    Subphase: Concurrent Weak Roots                         0.874 / 0.995         1.044 / 15.568        1.044 / 15.568        1.044 / 15.568      ms
[180.213s][info][gc,stats    ]    Subphase: Concurrent Weak Roots JNIWeakHandles          0.000 / 0.000         0.000 / 0.001         0.000 / 0.001         0.000 / 0.001       ms
[180.213s][info][gc,stats    ]    Subphase: Concurrent Weak Roots StringTable             0.675 / 0.790         0.845 / 15.352        0.845 / 15.352        0.845 / 15.352      ms
[180.213s][info][gc,stats    ]    Subphase: Concurrent Weak Roots VMWeakHandles           0.198 / 0.204         0.197 / 0.321         0.197 / 0.321         0.197 / 0.321       ms
[180.213s][info][gc,stats    ]    Subphase: Pause Mark Try Complete                       0.000 / 0.000         0.002 / 0.002         0.002 / 0.002         0.002 / 0.002       ms
[180.213s][info][gc,stats    ]    Subphase: Pause Remap TLABS                             0.002 / 0.004         0.002 / 0.026         0.002 / 0.026         0.002 / 0.026       ms
[180.213s][info][gc,stats    ]    Subphase: Pause Retire TLABS                            0.022 / 0.023         0.017 / 0.032         0.017 / 0.032         0.017 / 0.032       ms
[180.213s][info][gc,stats    ]    Subphase: Pause Roots                                   2.758 / 8.123         1.820 / 12.371        1.820 / 12.371        1.820 / 12.371      ms
[180.213s][info][gc,stats    ]    Subphase: Pause Roots ClassLoaderDataGraph              0.717 / 0.842         0.733 / 11.302        0.733 / 11.302        0.733 / 11.302      ms
[180.213s][info][gc,stats    ]    Subphase: Pause Roots CodeCache                         2.892 / 7.166         1.498 / 7.166         1.498 / 7.166         1.498 / 7.166       ms
[180.213s][info][gc,stats    ]    Subphase: Pause Roots JNIHandles                        0.001 / 0.001         0.001 / 0.005         0.001 / 0.005         0.001 / 0.005       ms
[180.213s][info][gc,stats    ]    Subphase: Pause Roots JNIWeakHandles                    0.000 / 0.000         0.000 / 0.000         0.000 / 0.000         0.000 / 0.000       ms
[180.213s][info][gc,stats    ]    Subphase: Pause Roots JRFWeak                           0.000 / 0.000         0.000 / 0.000         0.000 / 0.000         0.000 / 0.000       ms
[180.213s][info][gc,stats    ]    Subphase: Pause Roots JVMTIExport                       0.001 / 0.001         0.001 / 0.002         0.001 / 0.002         0.001 / 0.002       ms
[180.213s][info][gc,stats    ]    Subphase: Pause Roots JVMTIWeakExport                   0.001 / 0.001         0.001 / 0.002         0.001 / 0.002         0.001 / 0.002       ms
[180.213s][info][gc,stats    ]    Subphase: Pause Roots Management                        0.001 / 0.001         0.031 / 4.405         0.031 / 4.405         0.031 / 4.405       ms
[180.213s][info][gc,stats    ]    Subphase: Pause Roots ObjectSynchronizer                0.000 / 0.001         0.000 / 0.001         0.000 / 0.001         0.000 / 0.001       ms
[180.213s][info][gc,stats    ]    Subphase: Pause Roots Setup                             0.212 / 0.370         0.182 / 0.504         0.182 / 0.504         0.182 / 0.504       ms
[180.213s][info][gc,stats    ]    Subphase: Pause Roots StringTable                       0.000 / 0.000         0.000 / 0.000         0.000 / 0.000         0.000 / 0.000       ms
[180.213s][info][gc,stats    ]    Subphase: Pause Roots SystemDictionary                  0.012 / 0.012         0.013 / 0.072         0.013 / 0.072         0.013 / 0.072       ms
[180.213s][info][gc,stats    ]    Subphase: Pause Roots Teardown                          0.002 / 0.005         0.001 / 0.016         0.001 / 0.016         0.001 / 0.016       ms
[180.213s][info][gc,stats    ]    Subphase: Pause Roots Threads                           0.337 / 0.381         0.292 / 4.291         0.292 / 4.291         0.292 / 4.291       ms
[180.213s][info][gc,stats    ]    Subphase: Pause Roots Universe                          0.003 / 0.006         0.005 / 0.365         0.005 / 0.365         0.005 / 0.365       ms
[180.213s][info][gc,stats    ]    Subphase: Pause Roots VMWeakHandles                     0.000 / 0.000         0.000 / 0.000         0.000 / 0.000         0.000 / 0.000       ms
[180.213s][info][gc,stats    ]    Subphase: Pause Weak Roots                              0.002 / 0.002         0.002 / 0.009         0.002 / 0.009         0.002 / 0.009       ms
[180.213s][info][gc,stats    ]    Subphase: Pause Weak Roots JFRWeak                      0.001 / 0.001         0.001 / 0.001         0.001 / 0.001         0.001 / 0.001       ms
[180.213s][info][gc,stats    ]    Subphase: Pause Weak Roots JNIWeakHandles               0.000 / 0.000         0.000 / 0.000         0.000 / 0.000         0.000 / 0.000       ms
[180.213s][info][gc,stats    ]    Subphase: Pause Weak Roots JVMTIWeakExport              0.001 / 0.001         0.001 / 0.007         0.001 / 0.007         0.001 / 0.007       ms
[180.213s][info][gc,stats    ]    Subphase: Pause Weak Roots Setup                        0.000 / 0.000         0.000 / 0.000         0.000 / 0.000         0.000 / 0.000       ms
[180.213s][info][gc,stats    ]    Subphase: Pause Weak Roots StringTable                  0.000 / 0.000         0.000 / 0.000         0.000 / 0.000         0.000 / 0.000       ms
[180.213s][info][gc,stats    ]    Subphase: Pause Weak Roots SymbolTable                  0.000 / 0.000         0.000 / 0.000         0.000 / 0.000         0.000 / 0.000       ms
[180.213s][info][gc,stats    ]    Subphase: Pause Weak Roots Teardown                     0.001 / 0.001         0.001 / 0.001         0.001 / 0.001         0.001 / 0.001       ms
[180.213s][info][gc,stats    ]    Subphase: Pause Weak Roots VMWeakHandles                0.000 / 0.000         0.000 / 0.000         0.000 / 0.000         0.000 / 0.000       ms
[180.213s][info][gc,stats    ]      System: Java Threads                                    105 / 106              63 / 106              63 / 106              63 / 106         threads
[180.213s][info][gc,stats    ] =========================================================================================================================================================
[180.975s][info][gc,phases   ] GC(74) Concurrent Mark 1853.002ms
[180.984s][info][gc,phases   ] GC(74) Pause Mark End 0.334ms
[180.985s][info][gc,phases   ] GC(74) Concurrent Process Non-Strong References 1.703ms
[180.986s][info][gc,phases   ] GC(74) Concurrent Reset Relocation Set 0.011ms
[180.986s][info][gc,phases   ] GC(74) Concurrent Destroy Detached Pages 0.000ms
[180.987s][info][gc,phases   ] GC(74) Concurrent Select Relocation Set 1.642ms
[180.993s][info][gc,phases   ] GC(74) Concurrent Prepare Relocation Set 6.047ms
[181.001s][info][gc,phases   ] GC(74) Pause Relocate Start 6.983ms
[181.315s][info][gc,phases   ] GC(74) Concurrent Relocate 312.903ms
[181.320s][info][gc,load     ] GC(74) Load: 4.13/4.17/3.20
[181.320s][info][gc,mmu      ] GC(74) MMU: 2ms/0.0%, 5ms/0.0%, 10ms/0.0%, 20ms/34.0%, 50ms/73.6%, 100ms/86.8%
[181.320s][info][gc,marking  ] GC(74) Mark: 1 stripe(s), 2 proactive flush(es), 1 terminate flush(es), 0 completion(s), 0 continuation(s) 
[181.320s][info][gc,reloc    ] GC(74) Relocation: Successful, 57M relocated
[181.320s][info][gc,nmethod  ] GC(74) NMethods: 4322 registered, 4 unregistered
[181.320s][info][gc,metaspace] GC(74) Metaspace: 73M used, 77M capacity, 77M committed, 78M reserved
[181.321s][info][gc,ref      ] GC(74) Soft: 4914 encountered, 0 discovered, 0 enqueued
[181.321s][info][gc,ref      ] GC(74) Weak: 4782 encountered, 3765 discovered, 0 enqueued
[181.321s][info][gc,ref      ] GC(74) Final: 28 encountered, 0 discovered, 0 enqueued
[181.321s][info][gc,ref      ] GC(74) Phantom: 662 encountered, 659 discovered, 0 enqueued
[181.321s][info][gc,heap     ] GC(74)                Mark Start          Mark End        Relocate Start      Relocate End           High               Low         
[181.321s][info][gc,heap     ] GC(74)  Capacity:     1000M (100%)       1000M (100%)       1000M (100%)       1000M (100%)       1000M (100%)       1000M (100%)   
[181.321s][info][gc,heap     ] GC(74)   Reserve:       34M (3%)           34M (3%)           34M (3%)           34M (3%)           34M (3%)           34M (3%)     
[181.321s][info][gc,heap     ] GC(74)      Free:      508M (51%)         270M (27%)         276M (28%)         398M (40%)         508M (51%)         270M (27%)    
[181.321s][info][gc,heap     ] GC(74)      Used:      458M (46%)         696M (70%)         690M (69%)         568M (57%)         696M (70%)         458M (46%)    
[181.321s][info][gc,heap     ] GC(74)      Live:         -               256M (26%)         256M (26%)         256M (26%)            -                  -          
[181.321s][info][gc,heap     ] GC(74) Allocated:         -               238M (24%)         238M (24%)         300M (30%)            -                  -          
[181.321s][info][gc,heap     ] GC(74)   Garbage:         -               201M (20%)         195M (20%)          61M (6%)             -                  -          
[181.321s][info][gc,heap     ] GC(74) Reclaimed:         -                  -                 6M (1%)          140M (14%)            -                  -          
[181.321s][info][gc          ] GC(74) Garbage Collection (Allocation Rate) 458M(46%)->568M(57%)
[181.415s][info][gc,start    ] GC(75) Garbage Collection (Allocation Rate)
[181.425s][info][gc,phases   ] GC(75) Pause Mark Start 3.378ms
[183.764s][info][gc,phases   ] GC(75) Concurrent Mark 2335.977ms
[183.771s][info][gc,phases   ] GC(75) Pause Mark End 0.330ms
[183.773s][info][gc,phases   ] GC(75) Concurrent Process Non-Strong References 1.613ms
[183.773s][info][gc,phases   ] GC(75) Concurrent Reset Relocation Set 0.029ms
[183.773s][info][gc,phases   ] GC(75) Concurrent Destroy Detached Pages 0.001ms
[183.774s][info][gc,phases   ] GC(75) Concurrent Select Relocation Set 1.511ms
[183.781s][info][gc,phases   ] GC(75) Concurrent Prepare Relocation Set 6.231ms
[183.784s][info][gc,phases   ] GC(75) Pause Relocate Start 2.909ms
[184.040s][info][gc,phases   ] GC(75) Concurrent Relocate 251.557ms
[184.044s][info][gc,load     ] GC(75) Load: 4.13/4.17/3.20
[184.044s][info][gc,mmu      ] GC(75) MMU: 2ms/0.0%, 5ms/0.0%, 10ms/0.0%, 20ms/34.0%, 50ms/73.6%, 100ms/86.8%
[184.045s][info][gc,marking  ] GC(75) Mark: 1 stripe(s), 2 proactive flush(es), 1 terminate flush(es), 0 completion(s), 0 continuation(s) 
[184.045s][info][gc,reloc    ] GC(75) Relocation: Successful, 47M relocated
[184.045s][info][gc,nmethod  ] GC(75) NMethods: 4326 registered, 4 unregistered
[184.045s][info][gc,metaspace] GC(75) Metaspace: 73M used, 77M capacity, 77M committed, 78M reserved
[184.045s][info][gc,ref      ] GC(75) Soft: 4914 encountered, 0 discovered, 0 enqueued
[184.045s][info][gc,ref      ] GC(75) Weak: 4782 encountered, 3785 discovered, 0 enqueued
[184.045s][info][gc,ref      ] GC(75) Final: 28 encountered, 0 discovered, 0 enqueued
[184.045s][info][gc,ref      ] GC(75) Phantom: 662 encountered, 659 discovered, 0 enqueued
[184.045s][info][gc,heap     ] GC(75)                Mark Start          Mark End        Relocate Start      Relocate End           High               Low         
[184.045s][info][gc,heap     ] GC(75)  Capacity:     1000M (100%)       1000M (100%)       1000M (100%)       1000M (100%)       1000M (100%)       1000M (100%)   
[184.045s][info][gc,heap     ] GC(75)   Reserve:       34M (3%)           34M (3%)           34M (3%)           34M (3%)           34M (3%)           34M (3%)     
[184.045s][info][gc,heap     ] GC(75)      Free:      374M (37%)          92M (9%)           98M (10%)         370M (37%)         374M (37%)          92M (9%)     
[184.045s][info][gc,heap     ] GC(75)      Used:      592M (59%)         874M (87%)         868M (87%)         596M (60%)         874M (87%)         592M (59%)    
[184.045s][info][gc,heap     ] GC(75)      Live:         -               274M (27%)         274M (27%)         274M (27%)            -                  -          
[184.045s][info][gc,heap     ] GC(75) Allocated:         -               282M (28%)         282M (28%)         300M (30%)            -                  -          
[184.045s][info][gc,heap     ] GC(75)   Garbage:         -               317M (32%)         311M (31%)          39M (4%)             -                  -          
[184.045s][info][gc,heap     ] GC(75) Reclaimed:         -                  -                 6M (1%)          278M (28%)            -                  -          
[184.045s][info][gc          ] GC(75) Garbage Collection (Allocation Rate) 592M(59%)->596M(60%)
[184.112s][info][gc,start    ] GC(76) Garbage Collection (Allocation Rate)
[184.119s][info][gc,phases   ] GC(76) Pause Mark Start 3.352ms
[186.489s][info][gc,phases   ] GC(76) Concurrent Mark 2364.665ms
[186.496s][info][gc,phases   ] GC(76) Pause Mark End 0.322ms
[186.497s][info][gc,phases   ] GC(76) Concurrent Process Non-Strong References 1.674ms
[186.497s][info][gc,phases   ] GC(76) Concurrent Reset Relocation Set 0.041ms
[186.497s][info][gc,phases   ] GC(76) Concurrent Destroy Detached Pages 0.001ms
[186.499s][info][gc,phases   ] GC(76) Concurrent Select Relocation Set 1.552ms
[186.504s][info][gc,phases   ] GC(76) Concurrent Prepare Relocation Set 0.912ms
[186.511s][info][gc,phases   ] GC(76) Pause Relocate Start 6.634ms
[186.720s][info][gc,phases   ] GC(76) Concurrent Relocate 209.632ms
[186.721s][info][gc,load     ] GC(76) Load: 4.12/4.17/3.21
[186.721s][info][gc,mmu      ] GC(76) MMU: 2ms/0.0%, 5ms/0.0%, 10ms/0.0%, 20ms/34.0%, 50ms/73.6%, 100ms/86.8%
[186.721s][info][gc,marking  ] GC(76) Mark: 1 stripe(s), 2 proactive flush(es), 1 terminate flush(es), 0 completion(s), 0 continuation(s) 
[186.721s][info][gc,reloc    ] GC(76) Relocation: Successful, 35M relocated
[186.721s][info][gc,nmethod  ] GC(76) NMethods: 4370 registered, 4 unregistered
[186.721s][info][gc,metaspace] GC(76) Metaspace: 73M used, 77M capacity, 77M committed, 78M reserved
[186.721s][info][gc,ref      ] GC(76) Soft: 4914 encountered, 0 discovered, 0 enqueued
[186.721s][info][gc,ref      ] GC(76) Weak: 4769 encountered, 3763 discovered, 1 enqueued
[186.721s][info][gc,ref      ] GC(76) Final: 28 encountered, 0 discovered, 0 enqueued
[186.721s][info][gc,ref      ] GC(76) Phantom: 662 encountered, 659 discovered, 0 enqueued
[186.721s][info][gc,heap     ] GC(76)                Mark Start          Mark End        Relocate Start      Relocate End           High               Low         
[186.721s][info][gc,heap     ] GC(76)  Capacity:     1000M (100%)       1000M (100%)       1000M (100%)       1000M (100%)       1000M (100%)       1000M (100%)   
[186.721s][info][gc,heap     ] GC(76)   Reserve:       34M (3%)           34M (3%)           34M (3%)           34M (3%)           34M (3%)           34M (3%)     
[186.721s][info][gc,heap     ] GC(76)      Free:      370M (37%)         270M (27%)         326M (33%)         600M (60%)         600M (60%)         270M (27%)    
[186.721s][info][gc,heap     ] GC(76)      Used:      596M (60%)         696M (70%)         640M (64%)         366M (37%)         696M (70%)         366M (37%)    
[186.721s][info][gc,heap     ] GC(76)      Live:         -               241M (24%)         241M (24%)         241M (24%)            -                  -          
[186.721s][info][gc,heap     ] GC(76) Allocated:         -               100M (10%)         100M (10%)         132M (13%)            -                  -          
[186.721s][info][gc,heap     ] GC(76)   Garbage:         -               354M (35%)         298M (30%)           6M (1%)             -                  -          
[186.721s][info][gc,heap     ] GC(76) Reclaimed:         -                  -                56M (6%)          348M (35%)            -                  -          
[186.721s][info][gc          ] GC(76) Garbage Collection (Allocation Rate) 596M(60%)->366M(37%)
[186.816s][info][gc,start    ] GC(77) Garbage Collection (Allocation Rate)
[186.826s][info][gc,phases   ] GC(77) Pause Mark Start 3.478ms
[187.120s][info][gc,heap     ] Page Cache Flushed: 6M requested, 10M(506M->496M) flushed
[188.301s][info][gc,phases   ] GC(77) Concurrent Mark 1468.650ms
[188.307s][info][gc,phases   ] GC(77) Pause Mark End 0.317ms
[188.309s][info][gc,phases   ] GC(77) Concurrent Process Non-Strong References 1.641ms
[188.309s][info][gc,phases   ] GC(77) Concurrent Reset Relocation Set 0.028ms
[188.309s][info][gc,phases   ] GC(77) Concurrent Destroy Detached Pages 0.003ms
[188.311s][info][gc,phases   ] GC(77) Concurrent Select Relocation Set 1.883ms
[188.318s][info][gc,phases   ] GC(77) Concurrent Prepare Relocation Set 6.635ms
[188.326s][info][gc,phases   ] GC(77) Pause Relocate Start 2.930ms
[188.518s][info][gc,phases   ] GC(77) Concurrent Relocate 186.086ms
[188.524s][info][gc,load     ] GC(77) Load: 4.12/4.17/3.21
[188.524s][info][gc,mmu      ] GC(77) MMU: 2ms/0.0%, 5ms/0.0%, 10ms/0.0%, 20ms/34.0%, 50ms/73.6%, 100ms/86.8%
[188.524s][info][gc,marking  ] GC(77) Mark: 1 stripe(s), 2 proactive flush(es), 1 terminate flush(es), 0 completion(s), 0 continuation(s) 
[188.524s][info][gc,reloc    ] GC(77) Relocation: Successful, 30M relocated
[188.524s][info][gc,nmethod  ] GC(77) NMethods: 4375 registered, 4 unregistered
[188.524s][info][gc,metaspace] GC(77) Metaspace: 73M used, 77M capacity, 77M committed, 78M reserved
[188.524s][info][gc,ref      ] GC(77) Soft: 4916 encountered, 0 discovered, 0 enqueued
[188.524s][info][gc,ref      ] GC(77) Weak: 5048 encountered, 3887 discovered, 86 enqueued
[188.524s][info][gc,ref      ] GC(77) Final: 28 encountered, 0 discovered, 0 enqueued
[188.524s][info][gc,ref      ] GC(77) Phantom: 663 encountered, 660 discovered, 0 enqueued
[188.524s][info][gc,heap     ] GC(77)                Mark Start          Mark End        Relocate Start      Relocate End           High               Low         
[188.524s][info][gc,heap     ] GC(77)  Capacity:     1000M (100%)       1000M (100%)       1000M (100%)       1000M (100%)       1000M (100%)       1000M (100%)   
[188.524s][info][gc,heap     ] GC(77)   Reserve:       34M (3%)           34M (3%)           34M (3%)           34M (3%)           34M (3%)           34M (3%)     
[188.524s][info][gc,heap     ] GC(77)      Free:      586M (59%)         352M (35%)         424M (42%)         460M (46%)         586M (59%)         352M (35%)    
[188.524s][info][gc,heap     ] GC(77)      Used:      380M (38%)         614M (61%)         542M (54%)         506M (51%)         614M (61%)         380M (38%)    
[188.524s][info][gc,heap     ] GC(77)      Live:         -               210M (21%)         210M (21%)         210M (21%)            -                  -          
[188.524s][info][gc,heap     ] GC(77) Allocated:         -               234M (23%)         236M (24%)         276M (28%)            -                  -          
[188.524s][info][gc,heap     ] GC(77)   Garbage:         -               169M (17%)          95M (10%)          45M (5%)             -                  -          
[188.524s][info][gc,heap     ] GC(77) Reclaimed:         -                  -                74M (7%)          124M (12%)            -                  -          
[188.524s][info][gc          ] GC(77) Garbage Collection (Allocation Rate) 380M(38%)->506M(51%)
[188.613s][info][gc,start    ] GC(78) Garbage Collection (Allocation Rate)
[188.622s][info][gc,phases   ] GC(78) Pause Mark Start 3.413ms
[189.155s][info][gc,heap     ] Page Cache Flushed: 6M requested, 6M(362M->356M) flushed
[190.216s][info][gc,stats    ] === Garbage Collection Statistics =======================================================================================================================
[190.216s][info][gc,stats    ]                                                              Last 10s              Last 10m              Last 10h                Total
[190.216s][info][gc,stats    ]                                                              Avg / Max             Avg / Max             Avg / Max             Avg / Max
[190.216s][info][gc,stats    ]   Collector: Garbage Collection Cycle                   2287.685 / 2629.247   1700.668 / 5279.755   1700.668 / 5279.755   1700.668 / 5279.755    ms
[190.216s][info][gc,stats    ]  Contention: Mark Segment Reset Contention                     0 / 0                 0 / 0                 0 / 0                 0 / 0           ops/s
[190.216s][info][gc,stats    ]  Contention: Mark SeqNum Reset Contention                      0 / 0                 0 / 0                 0 / 0                 0 / 0           ops/s
[190.216s][info][gc,stats    ]  Contention: Relocation Contention                             0 / 1                 0 / 3                 0 / 3                 0 / 3           ops/s
[190.216s][info][gc,stats    ]    Critical: Allocation Stall                              0.000 / 0.000       398.430 / 717.412     398.430 / 717.412     398.430 / 717.412     ms
[190.216s][info][gc,stats    ]    Critical: Allocation Stall                                  0 / 0                 0 / 1                 0 / 1                 0 / 1           ops/s
[190.216s][info][gc,stats    ]    Critical: GC Locker Stall                               0.000 / 0.000         2.838 / 8.487         2.838 / 8.487         2.838 / 8.487       ms
[190.216s][info][gc,stats    ]    Critical: GC Locker Stall                                   0 / 0                 0 / 1                 0 / 1                 0 / 1           ops/s
[190.216s][info][gc,stats    ]      Memory: Allocation Rate                                 107 / 156             115 / 600             115 / 600             115 / 600         MB/s
[190.216s][info][gc,stats    ]      Memory: Heap Used After Mark                            720 / 874             635 / 966             635 / 966             635 / 966         MB
[190.216s][info][gc,stats    ]      Memory: Heap Used After Relocation                      509 / 596             381 / 908             381 / 908             381 / 908         MB
[190.216s][info][gc,stats    ]      Memory: Heap Used Before Mark                           525 / 596             487 / 908             487 / 908             487 / 908         MB
[190.216s][info][gc,stats    ]      Memory: Heap Used Before Relocation                     685 / 868             494 / 938             494 / 938             494 / 938         MB
[190.216s][info][gc,stats    ]      Memory: Out Of Memory                                     0 / 0                 0 / 0                 0 / 0                 0 / 0           ops/s
[190.216s][info][gc,stats    ]      Memory: Page Cache Flush                                  1 / 10                4 / 100               4 / 100               4 / 100         MB/s
[190.216s][info][gc,stats    ]      Memory: Page Cache Hit L1                                50 / 74               52 / 301              52 / 301              52 / 301         ops/s
[190.216s][info][gc,stats    ]      Memory: Page Cache Hit L2                                 0 / 0                 0 / 0                 0 / 0                 0 / 0           ops/s
[190.216s][info][gc,stats    ]      Memory: Page Cache Miss                                   0 / 1                 3 / 114               3 / 114               3 / 114         ops/s
[190.216s][info][gc,stats    ]      Memory: Undo Object Allocation Failed                     0 / 0                 0 / 0                 0 / 0                 0 / 0           ops/s
[190.216s][info][gc,stats    ]      Memory: Undo Object Allocation Succeeded                  0 / 1                 0 / 3                 0 / 3                 0 / 3           ops/s
[190.216s][info][gc,stats    ]      Memory: Undo Page Allocation                              0 / 0                 0 / 1                 0 / 1                 0 / 1           ops/s
[190.216s][info][gc,stats    ]       Phase: Concurrent Destroy Detached Pages             0.001 / 0.003         0.003 / 0.040         0.003 / 0.040         0.003 / 0.040       ms
[190.216s][info][gc,stats    ]       Phase: Concurrent Mark                            2005.574 / 2364.665   1476.566 / 5208.825   1476.566 / 5208.825   1476.566 / 5208.825    ms
[190.216s][info][gc,stats    ]       Phase: Concurrent Mark Continue                      0.000 / 0.000         0.000 / 0.000         0.000 / 0.000         0.000 / 0.000       ms
[190.216s][info][gc,stats    ]       Phase: Concurrent Prepare Relocation Set             4.956 / 6.635         7.152 / 67.644        7.152 / 67.644        7.152 / 67.644      ms
[190.216s][info][gc,stats    ]       Phase: Concurrent Process Non-Strong References      1.658 / 1.703         2.845 / 16.338        2.845 / 16.338        2.845 / 16.338      ms
[190.217s][info][gc,stats    ]       Phase: Concurrent Relocate                         240.044 / 312.903     182.000 / 851.942     182.000 / 851.942     182.000 / 851.942     ms
[190.217s][info][gc,stats    ]       Phase: Concurrent Reset Relocation Set               0.027 / 0.041         0.256 / 3.530         0.256 / 3.530         0.256 / 3.530       ms
[190.217s][info][gc,stats    ]       Phase: Concurrent Select Relocation Set              1.647 / 1.883         2.727 / 40.732        2.727 / 40.732        2.727 / 40.732      ms
[190.217s][info][gc,stats    ]       Phase: Pause Mark End                                0.326 / 0.334         0.287 / 1.034         0.287 / 1.034         0.287 / 1.034       ms
[190.217s][info][gc,stats    ]       Phase: Pause Mark Start                              3.405 / 3.478         3.087 / 8.673         3.087 / 8.673         3.087 / 8.673       ms
[190.217s][info][gc,stats    ]       Phase: Pause Relocate Start                          4.864 / 6.983         4.094 / 12.570        4.094 / 12.570        4.094 / 12.570      ms
[190.217s][info][gc,stats    ]    Subphase: Concurrent Mark                            2001.921 / 2360.802   1474.613 / 5208.804   1474.613 / 5208.804   1474.613 / 5208.804    ms
[190.217s][info][gc,stats    ]    Subphase: Concurrent Mark Idle                          0.000 / 0.000         0.000 / 0.000         0.000 / 0.000         0.000 / 0.000       ms
[190.217s][info][gc,stats    ]    Subphase: Concurrent Mark Try Flush                     2.051 / 4.927         4.263 / 35.831        4.263 / 35.831        4.263 / 35.831      ms
[190.217s][info][gc,stats    ]    Subphase: Concurrent Mark Try Terminate                 0.482 / 1.011         1.324 / 13.741        1.324 / 13.741        1.324 / 13.741      ms
[190.217s][info][gc,stats    ]    Subphase: Concurrent References Enqueue                 0.002 / 0.003         0.002 / 0.012         0.002 / 0.012         0.002 / 0.012       ms
[190.217s][info][gc,stats    ]    Subphase: Concurrent References Process                 0.856 / 0.913         1.234 / 11.837        1.234 / 11.837        1.234 / 11.837      ms
[190.217s][info][gc,stats    ]    Subphase: Concurrent Weak Roots                         0.787 / 0.798         1.030 / 15.568        1.030 / 15.568        1.030 / 15.568      ms
[190.217s][info][gc,stats    ]    Subphase: Concurrent Weak Roots JNIWeakHandles          0.000 / 0.000         0.000 / 0.001         0.000 / 0.001         0.000 / 0.001       ms
[190.217s][info][gc,stats    ]    Subphase: Concurrent Weak Roots StringTable             0.594 / 0.603         0.832 / 15.352        0.832 / 15.352        0.832 / 15.352      ms
[190.217s][info][gc,stats    ]    Subphase: Concurrent Weak Roots VMWeakHandles           0.192 / 0.194         0.197 / 0.321         0.197 / 0.321         0.197 / 0.321       ms
[190.217s][info][gc,stats    ]    Subphase: Pause Mark Try Complete                       0.000 / 0.000         0.002 / 0.002         0.002 / 0.002         0.002 / 0.002       ms
[190.217s][info][gc,stats    ]    Subphase: Pause Remap TLABS                             0.002 / 0.003         0.002 / 0.026         0.002 / 0.026         0.002 / 0.026       ms
[190.217s][info][gc,stats    ]    Subphase: Pause Retire TLABS                            0.027 / 0.042         0.017 / 0.042         0.017 / 0.042         0.017 / 0.042       ms
[190.217s][info][gc,stats    ]    Subphase: Pause Roots                                   2.317 / 6.632         1.845 / 12.371        1.845 / 12.371        1.845 / 12.371      ms
[190.217s][info][gc,stats    ]    Subphase: Pause Roots ClassLoaderDataGraph              0.684 / 0.790         0.731 / 11.302        0.731 / 11.302        0.731 / 11.302      ms
[190.217s][info][gc,stats    ]    Subphase: Pause Roots CodeCache                         2.295 / 5.728         1.539 / 7.166         1.539 / 7.166         1.539 / 7.166       ms
[190.217s][info][gc,stats    ]    Subphase: Pause Roots JNIHandles                        0.001 / 0.001         0.001 / 0.005         0.001 / 0.005         0.001 / 0.005       ms
[190.217s][info][gc,stats    ]    Subphase: Pause Roots JNIWeakHandles                    0.000 / 0.000         0.000 / 0.000         0.000 / 0.000         0.000 / 0.000       ms
[190.217s][info][gc,stats    ]    Subphase: Pause Roots JRFWeak                           0.000 / 0.000         0.000 / 0.000         0.000 / 0.000         0.000 / 0.000       ms
[190.217s][info][gc,stats    ]    Subphase: Pause Roots JVMTIExport                       0.001 / 0.001         0.001 / 0.002         0.001 / 0.002         0.001 / 0.002       ms
[190.217s][info][gc,stats    ]    Subphase: Pause Roots JVMTIWeakExport                   0.001 / 0.001         0.001 / 0.002         0.001 / 0.002         0.001 / 0.002       ms
[190.217s][info][gc,stats    ]    Subphase: Pause Roots Management                        0.001 / 0.001         0.029 / 4.405         0.029 / 4.405         0.029 / 4.405       ms
[190.217s][info][gc,stats    ]    Subphase: Pause Roots ObjectSynchronizer                0.000 / 0.001         0.000 / 0.001         0.000 / 0.001         0.000 / 0.001       ms
[190.217s][info][gc,stats    ]    Subphase: Pause Roots Setup                             0.204 / 0.314         0.183 / 0.504         0.183 / 0.504         0.183 / 0.504       ms
[190.217s][info][gc,stats    ]    Subphase: Pause Roots StringTable                       0.000 / 0.000         0.000 / 0.000         0.000 / 0.000         0.000 / 0.000       ms
[190.217s][info][gc,stats    ]    Subphase: Pause Roots SystemDictionary                  0.011 / 0.013         0.013 / 0.072         0.013 / 0.072         0.013 / 0.072       ms
[190.217s][info][gc,stats    ]    Subphase: Pause Roots Teardown                          0.002 / 0.004         0.002 / 0.016         0.002 / 0.016         0.002 / 0.016       ms
[190.217s][info][gc,stats    ]    Subphase: Pause Roots Threads                           0.315 / 0.365         0.293 / 4.291         0.293 / 4.291         0.293 / 4.291       ms
[190.217s][info][gc,stats    ]    Subphase: Pause Roots Universe                          0.005 / 0.022         0.005 / 0.365         0.005 / 0.365         0.005 / 0.365       ms
[190.217s][info][gc,stats    ]    Subphase: Pause Roots VMWeakHandles                     0.000 / 0.000         0.000 / 0.000         0.000 / 0.000         0.000 / 0.000       ms
[190.217s][info][gc,stats    ]    Subphase: Pause Weak Roots                              0.002 / 0.002         0.002 / 0.009         0.002 / 0.009         0.002 / 0.009       ms
[190.217s][info][gc,stats    ]    Subphase: Pause Weak Roots JFRWeak                      0.001 / 0.001         0.001 / 0.001         0.001 / 0.001         0.001 / 0.001       ms
[190.217s][info][gc,stats    ]    Subphase: Pause Weak Roots JNIWeakHandles               0.000 / 0.000         0.000 / 0.000         0.000 / 0.000         0.000 / 0.000       ms
[190.217s][info][gc,stats    ]    Subphase: Pause Weak Roots JVMTIWeakExport              0.001 / 0.001         0.001 / 0.007         0.001 / 0.007         0.001 / 0.007       ms
[190.217s][info][gc,stats    ]    Subphase: Pause Weak Roots Setup                        0.000 / 0.000         0.000 / 0.000         0.000 / 0.000         0.000 / 0.000       ms
[190.217s][info][gc,stats    ]    Subphase: Pause Weak Roots StringTable                  0.000 / 0.000         0.000 / 0.000         0.000 / 0.000         0.000 / 0.000       ms
[190.217s][info][gc,stats    ]    Subphase: Pause Weak Roots SymbolTable                  0.000 / 0.000         0.000 / 0.000         0.000 / 0.000         0.000 / 0.000       ms
[190.217s][info][gc,stats    ]    Subphase: Pause Weak Roots Teardown                     0.001 / 0.001         0.001 / 0.001         0.001 / 0.001         0.001 / 0.001       ms
[190.217s][info][gc,stats    ]    Subphase: Pause Weak Roots VMWeakHandles                0.000 / 0.000         0.000 / 0.000         0.000 / 0.000         0.000 / 0.000       ms
[190.217s][info][gc,stats    ]      System: Java Threads                                     97 / 101              65 / 106              65 / 106              65 / 106         threads
[190.217s][info][gc,stats    ] =========================================================================================================================================================
[190.497s][info][gc,phases   ] GC(78) Concurrent Mark 1874.493ms
[190.500s][info][gc,phases   ] GC(78) Pause Mark End 0.351ms
[190.502s][info][gc,phases   ] GC(78) Concurrent Process Non-Strong References 1.671ms
[190.502s][info][gc,phases   ] GC(78) Concurrent Reset Relocation Set 0.013ms
[190.502s][info][gc,phases   ] GC(78) Concurrent Destroy Detached Pages 0.003ms
[190.503s][info][gc,phases   ] GC(78) Concurrent Select Relocation Set 1.534ms
[190.510s][info][gc,phases   ] GC(78) Concurrent Prepare Relocation Set 6.515ms
[190.517s][info][gc,phases   ] GC(78) Pause Relocate Start 7.007ms
[190.906s][info][gc,phases   ] GC(78) Concurrent Relocate 382.251ms
[190.906s][info][gc,load     ] GC(78) Load: 4.11/4.17/3.21
[190.906s][info][gc,mmu      ] GC(78) MMU: 2ms/0.0%, 5ms/0.0%, 10ms/0.0%, 20ms/34.0%, 50ms/73.6%, 100ms/86.8%
[190.906s][info][gc,marking  ] GC(78) Mark: 1 stripe(s), 2 proactive flush(es), 1 terminate flush(es), 0 completion(s), 0 continuation(s) 
[190.906s][info][gc,reloc    ] GC(78) Relocation: Successful, 64M relocated
[190.906s][info][gc,nmethod  ] GC(78) NMethods: 4375 registered, 4 unregistered
[190.906s][info][gc,metaspace] GC(78) Metaspace: 73M used, 77M capacity, 77M committed, 78M reserved
[190.906s][info][gc,ref      ] GC(78) Soft: 4917 encountered, 0 discovered, 0 enqueued
[190.906s][info][gc,ref      ] GC(78) Weak: 4966 encountered, 3846 discovered, 78 enqueued
[190.906s][info][gc,ref      ] GC(78) Final: 28 encountered, 0 discovered, 0 enqueued
[190.906s][info][gc,ref      ] GC(78) Phantom: 662 encountered, 659 discovered, 0 enqueued
[190.906s][info][gc,heap     ] GC(78)                Mark Start          Mark End        Relocate Start      Relocate End           High               Low         
[190.906s][info][gc,heap     ] GC(78)  Capacity:     1000M (100%)       1000M (100%)       1000M (100%)       1000M (100%)       1000M (100%)       1000M (100%)   
[190.906s][info][gc,heap     ] GC(78)   Reserve:       34M (3%)           34M (3%)           34M (3%)           34M (3%)           34M (3%)           34M (3%)     
[190.906s][info][gc,heap     ] GC(78)      Free:      432M (43%)         182M (18%)         230M (23%)         382M (38%)         432M (43%)         182M (18%)    
[190.906s][info][gc,heap     ] GC(78)      Used:      534M (53%)         784M (78%)         736M (74%)         584M (58%)         784M (78%)         534M (53%)    
[190.906s][info][gc,heap     ] GC(78)      Live:         -               255M (26%)         255M (26%)         255M (26%)            -                  -          
[190.906s][info][gc,heap     ] GC(78) Allocated:         -               250M (25%)         250M (25%)         332M (33%)            -                  -          
[190.906s][info][gc,heap     ] GC(78)   Garbage:         -               278M (28%)         230M (23%)          56M (6%)             -                  -          
[190.906s][info][gc,heap     ] GC(78) Reclaimed:         -                  -                48M (5%)          222M (22%)            -                  -          
[190.906s][info][gc          ] GC(78) Garbage Collection (Allocation Rate) 534M(53%)->584M(58%)
[190.912s][info][gc,start    ] GC(79) Garbage Collection (Allocation Rate)
[190.918s][info][gc,phases   ] GC(79) Pause Mark Start 3.379ms
[193.299s][info][gc,phases   ] GC(79) Concurrent Mark 2380.777ms
[193.307s][info][gc,phases   ] GC(79) Pause Mark End 0.305ms
[193.309s][info][gc,phases   ] GC(79) Concurrent Process Non-Strong References 1.706ms
[193.309s][info][gc,phases   ] GC(79) Concurrent Reset Relocation Set 0.034ms
[193.309s][info][gc,phases   ] GC(79) Concurrent Destroy Detached Pages 0.001ms
[193.311s][info][gc,phases   ] GC(79) Concurrent Select Relocation Set 1.538ms
[193.316s][info][gc,phases   ] GC(79) Concurrent Prepare Relocation Set 5.404ms
[193.324s][info][gc,phases   ] GC(79) Pause Relocate Start 7.050ms
[193.589s][info][gc,phases   ] GC(79) Concurrent Relocate 256.666ms
[193.589s][info][gc,load     ] GC(79) Load: 4.11/4.17/3.21
[193.589s][info][gc,mmu      ] GC(79) MMU: 2ms/0.0%, 5ms/0.0%, 10ms/0.0%, 20ms/34.0%, 50ms/73.6%, 100ms/86.8%
[193.589s][info][gc,marking  ] GC(79) Mark: 1 stripe(s), 2 proactive flush(es), 1 terminate flush(es), 0 completion(s), 0 continuation(s) 
[193.589s][info][gc,reloc    ] GC(79) Relocation: Successful, 42M relocated
[193.589s][info][gc,nmethod  ] GC(79) NMethods: 4385 registered, 4 unregistered
[193.589s][info][gc,metaspace] GC(79) Metaspace: 73M used, 77M capacity, 77M committed, 78M reserved
[193.589s][info][gc,ref      ] GC(79) Soft: 4917 encountered, 0 discovered, 0 enqueued
[193.589s][info][gc,ref      ] GC(79) Weak: 4884 encountered, 3796 discovered, 0 enqueued
[193.589s][info][gc,ref      ] GC(79) Final: 28 encountered, 0 discovered, 0 enqueued
[193.589s][info][gc,ref      ] GC(79) Phantom: 662 encountered, 659 discovered, 0 enqueued
[193.589s][info][gc,heap     ] GC(79)                Mark Start          Mark End        Relocate Start      Relocate End           High               Low         
[193.589s][info][gc,heap     ] GC(79)  Capacity:     1000M (100%)       1000M (100%)       1000M (100%)       1000M (100%)       1000M (100%)       1000M (100%)   
[193.589s][info][gc,heap     ] GC(79)   Reserve:       34M (3%)           34M (3%)           34M (3%)           34M (3%)           34M (3%)           34M (3%)     
[193.589s][info][gc,heap     ] GC(79)      Free:      382M (38%)         144M (14%)         150M (15%)         416M (42%)         416M (42%)         144M (14%)    
[193.589s][info][gc,heap     ] GC(79)      Used:      584M (58%)         822M (82%)         816M (82%)         550M (55%)         822M (82%)         550M (55%)    
[193.589s][info][gc,heap     ] GC(79)      Live:         -               273M (27%)         273M (27%)         273M (27%)            -                  -          
[193.589s][info][gc,heap     ] GC(79) Allocated:         -               238M (24%)         238M (24%)         260M (26%)            -                  -          
[193.589s][info][gc,heap     ] GC(79)   Garbage:         -               310M (31%)         304M (30%)          38M (4%)             -                  -          
[193.589s][info][gc,heap     ] GC(79) Reclaimed:         -                  -                 6M (1%)          272M (27%)            -                  -          
[193.589s][info][gc          ] GC(79) Garbage Collection (Allocation Rate) 584M(58%)->550M(55%)
[193.612s][info][gc,start    ] GC(80) Garbage Collection (Allocation Rate)
[193.621s][info][gc,phases   ] GC(80) Pause Mark Start 3.335ms
[195.783s][info][gc,phases   ] GC(80) Concurrent Mark 2162.031ms
[195.786s][info][gc,phases   ] GC(80) Pause Mark End 0.311ms
[195.788s][info][gc,phases   ] GC(80) Concurrent Process Non-Strong References 1.694ms
[195.788s][info][gc,phases   ] GC(80) Concurrent Reset Relocation Set 0.042ms
[195.788s][info][gc,phases   ] GC(80) Concurrent Destroy Detached Pages 0.001ms
[195.790s][info][gc,phases   ] GC(80) Concurrent Select Relocation Set 1.535ms
[195.797s][info][gc,phases   ] GC(80) Concurrent Prepare Relocation Set 6.827ms
[195.800s][info][gc,phases   ] GC(80) Pause Relocate Start 3.001ms
[195.996s][info][gc,phases   ] GC(80) Concurrent Relocate 196.042ms
[195.996s][info][gc,load     ] GC(80) Load: 4.10/4.16/3.22
[195.996s][info][gc,mmu      ] GC(80) MMU: 2ms/0.0%, 5ms/0.0%, 10ms/0.0%, 20ms/34.0%, 50ms/73.6%, 100ms/86.8%
[195.996s][info][gc,marking  ] GC(80) Mark: 1 stripe(s), 2 proactive flush(es), 1 terminate flush(es), 0 completion(s), 0 continuation(s) 
[195.996s][info][gc,reloc    ] GC(80) Relocation: Successful, 34M relocated
[195.996s][info][gc,nmethod  ] GC(80) NMethods: 4397 registered, 4 unregistered
[195.996s][info][gc,metaspace] GC(80) Metaspace: 73M used, 77M capacity, 77M committed, 78M reserved
[195.996s][info][gc,ref      ] GC(80) Soft: 4917 encountered, 0 discovered, 0 enqueued
[195.996s][info][gc,ref      ] GC(80) Weak: 4882 encountered, 3774 discovered, 3 enqueued
[195.996s][info][gc,ref      ] GC(80) Final: 28 encountered, 0 discovered, 0 enqueued
[195.996s][info][gc,ref      ] GC(80) Phantom: 662 encountered, 659 discovered, 0 enqueued
[195.996s][info][gc,heap     ] GC(80)                Mark Start          Mark End        Relocate Start      Relocate End           High               Low         
[195.996s][info][gc,heap     ] GC(80)  Capacity:     1000M (100%)       1000M (100%)       1000M (100%)       1000M (100%)       1000M (100%)       1000M (100%)   
[195.996s][info][gc,heap     ] GC(80)   Reserve:       34M (3%)           34M (3%)           34M (3%)           34M (3%)           34M (3%)           34M (3%)     
[195.996s][info][gc,heap     ] GC(80)      Free:      416M (42%)         328M (33%)         382M (38%)         620M (62%)         620M (62%)         328M (33%)    
[195.996s][info][gc,heap     ] GC(80)      Used:      550M (55%)         638M (64%)         584M (58%)         346M (35%)         638M (64%)         346M (35%)    
[195.996s][info][gc,heap     ] GC(80)      Live:         -               240M (24%)         240M (24%)         240M (24%)            -                  -          
[195.996s][info][gc,heap     ] GC(80) Allocated:         -                88M (9%)           88M (9%)          112M (11%)            -                  -          
[195.996s][info][gc,heap     ] GC(80)   Garbage:         -               309M (31%)         255M (26%)           5M (1%)             -                  -          
[195.996s][info][gc,heap     ] GC(80) Reclaimed:         -                  -                54M (5%)          304M (30%)            -                  -          
[195.996s][info][gc          ] GC(80) Garbage Collection (Allocation Rate) 550M(55%)->346M(35%)
[196.016s][info][gc,start    ] GC(81) Garbage Collection (Allocation Rate)
[196.022s][info][gc,phases   ] GC(81) Pause Mark Start 3.362ms
[197.491s][info][gc,phases   ] GC(81) Concurrent Mark 1469.066ms
[197.500s][info][gc,phases   ] GC(81) Pause Mark End 0.339ms
[197.501s][info][gc,phases   ] GC(81) Concurrent Process Non-Strong References 1.693ms
[197.501s][info][gc,phases   ] GC(81) Concurrent Reset Relocation Set 0.026ms
[197.501s][info][gc,phases   ] GC(81) Concurrent Destroy Detached Pages 0.001ms
[197.503s][info][gc,phases   ] GC(81) Concurrent Select Relocation Set 1.542ms
[197.504s][info][gc,phases   ] GC(81) Concurrent Prepare Relocation Set 0.658ms
[197.511s][info][gc,phases   ] GC(81) Pause Relocate Start 3.145ms
[197.670s][info][gc,phases   ] GC(81) Concurrent Relocate 158.300ms
[197.676s][info][gc,load     ] GC(81) Load: 4.10/4.16/3.22
[197.676s][info][gc,mmu      ] GC(81) MMU: 2ms/0.0%, 5ms/0.0%, 10ms/0.0%, 20ms/34.0%, 50ms/73.6%, 100ms/86.8%
[197.676s][info][gc,marking  ] GC(81) Mark: 1 stripe(s), 2 proactive flush(es), 1 terminate flush(es), 0 completion(s), 0 continuation(s) 
[197.676s][info][gc,reloc    ] GC(81) Relocation: Successful, 25M relocated
[197.676s][info][gc,nmethod  ] GC(81) NMethods: 4398 registered, 4 unregistered
[197.676s][info][gc,metaspace] GC(81) Metaspace: 73M used, 77M capacity, 77M committed, 78M reserved
[197.676s][info][gc,ref      ] GC(81) Soft: 4917 encountered, 0 discovered, 0 enqueued
[197.676s][info][gc,ref      ] GC(81) Weak: 4845 encountered, 3756 discovered, 28 enqueued
[197.676s][info][gc,ref      ] GC(81) Final: 28 encountered, 0 discovered, 0 enqueued
[197.676s][info][gc,ref      ] GC(81) Phantom: 663 encountered, 469 discovered, 0 enqueued
[197.676s][info][gc,heap     ] GC(81)                Mark Start          Mark End        Relocate Start      Relocate End           High               Low         
[197.676s][info][gc,heap     ] GC(81)  Capacity:     1000M (100%)       1000M (100%)       1000M (100%)       1000M (100%)       1000M (100%)       1000M (100%)   
[197.676s][info][gc,heap     ] GC(81)   Reserve:       34M (3%)           34M (3%)           34M (3%)           34M (3%)           34M (3%)           34M (3%)     
[197.676s][info][gc,heap     ] GC(81)      Free:      610M (61%)         394M (39%)         440M (44%)         476M (48%)         610M (61%)         394M (39%)    
[197.676s][info][gc,heap     ] GC(81)      Used:      356M (36%)         572M (57%)         526M (53%)         490M (49%)         572M (57%)         356M (36%)    
[197.676s][info][gc,heap     ] GC(81)      Live:         -               216M (22%)         216M (22%)         216M (22%)            -                  -          
[197.676s][info][gc,heap     ] GC(81) Allocated:         -               216M (22%)         216M (22%)         254M (25%)            -                  -          
[197.676s][info][gc,heap     ] GC(81)   Garbage:         -               139M (14%)          93M (9%)           41M (4%)             -                  -          
[197.676s][info][gc,heap     ] GC(81) Reclaimed:         -                  -                46M (5%)           98M (10%)            -                  -          
[197.676s][info][gc          ] GC(81) Garbage Collection (Allocation Rate) 356M(36%)->490M(49%)
[197.712s][info][gc,start    ] GC(82) Garbage Collection (Allocation Rate)
[197.721s][info][gc,phases   ] GC(82) Pause Mark Start 3.376ms
[197.782s][info][gc,heap     ] Page Cache Flushed: 6M requested, 10M(456M->446M) flushed
[198.524s][info][gc,heap     ] Page Cache Flushed: 6M requested, 18M(348M->330M) flushed
[199.458s][info][gc,phases   ] GC(82) Concurrent Mark 1736.770ms
[199.466s][info][gc,phases   ] GC(82) Pause Mark End 0.300ms
[199.468s][info][gc,phases   ] GC(82) Concurrent Process Non-Strong References 1.831ms
[199.468s][info][gc,phases   ] GC(82) Concurrent Reset Relocation Set 0.011ms
[199.468s][info][gc,phases   ] GC(82) Concurrent Destroy Detached Pages 0.005ms
[199.469s][info][gc,phases   ] GC(82) Concurrent Select Relocation Set 1.549ms
[199.471s][info][gc,phases   ] GC(82) Concurrent Prepare Relocation Set 1.829ms
[199.484s][info][gc,phases   ] GC(82) Pause Relocate Start 7.420ms
[199.786s][info][gc,phases   ] GC(82) Concurrent Relocate 294.275ms
[199.786s][info][gc,load     ] GC(82) Load: 4.10/4.16/3.22
[199.786s][info][gc,mmu      ] GC(82) MMU: 2ms/0.0%, 5ms/0.0%, 10ms/0.0%, 20ms/34.0%, 50ms/73.6%, 100ms/86.8%
[199.786s][info][gc,marking  ] GC(82) Mark: 1 stripe(s), 2 proactive flush(es), 1 terminate flush(es), 0 completion(s), 0 continuation(s) 
[199.786s][info][gc,reloc    ] GC(82) Relocation: Successful, 61M relocated
[199.786s][info][gc,nmethod  ] GC(82) NMethods: 4398 registered, 4 unregistered
[199.786s][info][gc,metaspace] GC(82) Metaspace: 73M used, 77M capacity, 77M committed, 78M reserved
[199.786s][info][gc,ref      ] GC(82) Soft: 4918 encountered, 0 discovered, 0 enqueued
[199.786s][info][gc,ref      ] GC(82) Weak: 4818 encountered, 3746 discovered, 0 enqueued
[199.786s][info][gc,ref      ] GC(82) Final: 28 encountered, 0 discovered, 0 enqueued
[199.786s][info][gc,ref      ] GC(82) Phantom: 662 encountered, 659 discovered, 0 enqueued
[199.786s][info][gc,heap     ] GC(82)                Mark Start          Mark End        Relocate Start      Relocate End           High               Low         
[199.786s][info][gc,heap     ] GC(82)  Capacity:     1000M (100%)       1000M (100%)       1000M (100%)       1000M (100%)       1000M (100%)       1000M (100%)   
[199.786s][info][gc,heap     ] GC(82)   Reserve:       34M (3%)           34M (3%)           34M (3%)           34M (3%)           34M (3%)           34M (3%)     
[199.786s][info][gc,heap     ] GC(82)      Free:      464M (46%)         224M (22%)         248M (25%)         404M (40%)         464M (46%)         212M (21%)    
[199.786s][info][gc,heap     ] GC(82)      Used:      502M (50%)         742M (74%)         718M (72%)         562M (56%)         754M (75%)         502M (50%)    
[199.786s][info][gc,heap     ] GC(82)      Live:         -               247M (25%)         247M (25%)         247M (25%)            -                  -          
[199.786s][info][gc,heap     ] GC(82) Allocated:         -               240M (24%)         240M (24%)         340M (34%)            -                  -          
[199.786s][info][gc,heap     ] GC(82)   Garbage:         -               254M (25%)         230M (23%)          56M (6%)             -                  -          
[199.786s][info][gc,heap     ] GC(82) Reclaimed:         -                  -                24M (2%)          198M (20%)            -                  -          
[199.786s][info][gc          ] GC(82) Garbage Collection (Allocation Rate) 502M(50%)->562M(56%)
[199.816s][info][gc,start    ] GC(83) Garbage Collection (Allocation Rate)
[199.826s][info][gc,phases   ] GC(83) Pause Mark Start 3.440ms
[200.216s][info][gc,stats    ] === Garbage Collection Statistics =======================================================================================================================
[200.216s][info][gc,stats    ]                                                              Last 10s              Last 10m              Last 10h                Total
[200.216s][info][gc,stats    ]                                                              Avg / Max             Avg / Max             Avg / Max             Avg / Max
[200.216s][info][gc,stats    ]   Collector: Garbage Collection Cycle                   2217.910 / 2677.223   1731.827 / 5279.755   1731.827 / 5279.755   1731.827 / 5279.755    ms
[200.216s][info][gc,stats    ]  Contention: Mark Segment Reset Contention                     0 / 0                 0 / 0                 0 / 0                 0 / 0           ops/s
[200.216s][info][gc,stats    ]  Contention: Mark SeqNum Reset Contention                      0 / 0                 0 / 0                 0 / 0                 0 / 0           ops/s
[200.216s][info][gc,stats    ]  Contention: Relocation Contention                             0 / 0                 0 / 3                 0 / 3                 0 / 3           ops/s
[200.216s][info][gc,stats    ]    Critical: Allocation Stall                              0.000 / 0.000       398.430 / 717.412     398.430 / 717.412     398.430 / 717.412     ms
[200.216s][info][gc,stats    ]    Critical: Allocation Stall                                  0 / 0                 0 / 1                 0 / 1                 0 / 1           ops/s
[200.216s][info][gc,stats    ]    Critical: GC Locker Stall                               0.000 / 0.000         2.838 / 8.487         2.838 / 8.487         2.838 / 8.487       ms
[200.216s][info][gc,stats    ]    Critical: GC Locker Stall                                   0 / 0                 0 / 1                 0 / 1                 0 / 1           ops/s
[200.216s][info][gc,stats    ]      Memory: Allocation Rate                                 101 / 160             115 / 600             115 / 600             115 / 600         MB/s
[200.216s][info][gc,stats    ]      Memory: Heap Used After Mark                            711 / 822             640 / 966             640 / 966             640 / 966         MB
[200.216s][info][gc,stats    ]      Memory: Heap Used After Relocation                      506 / 584             389 / 908             389 / 908             389 / 908         MB
[200.216s][info][gc,stats    ]      Memory: Heap Used Before Mark                           512 / 584             489 / 908             489 / 908             489 / 908         MB
[200.216s][info][gc,stats    ]      Memory: Heap Used Before Relocation                     676 / 816             505 / 938             505 / 938             505 / 938         MB
[200.216s][info][gc,stats    ]      Memory: Out Of Memory                                     0 / 0                 0 / 0                 0 / 0                 0 / 0           ops/s
[200.216s][info][gc,stats    ]      Memory: Page Cache Flush                                  2 / 18                4 / 100               4 / 100               4 / 100         MB/s
[200.216s][info][gc,stats    ]      Memory: Page Cache Hit L1                                49 / 79               52 / 301              52 / 301              52 / 301         ops/s
[200.216s][info][gc,stats    ]      Memory: Page Cache Hit L2                                 0 / 0                 0 / 0                 0 / 0                 0 / 0           ops/s
[200.216s][info][gc,stats    ]      Memory: Page Cache Miss                                   0 / 1                 2 / 114               2 / 114               2 / 114         ops/s
[200.216s][info][gc,stats    ]      Memory: Undo Object Allocation Failed                     0 / 0                 0 / 0                 0 / 0                 0 / 0           ops/s
[200.216s][info][gc,stats    ]      Memory: Undo Object Allocation Succeeded                  0 / 0                 0 / 3                 0 / 3                 0 / 3           ops/s
[200.216s][info][gc,stats    ]      Memory: Undo Page Allocation                              0 / 0                 0 / 1                 0 / 1                 0 / 1           ops/s
[200.216s][info][gc,stats    ]       Phase: Concurrent Destroy Detached Pages             0.002 / 0.005         0.003 / 0.040         0.003 / 0.040         0.003 / 0.040       ms
[200.216s][info][gc,stats    ]       Phase: Concurrent Mark                            1924.627 / 2380.777   1503.558 / 5208.825   1503.558 / 5208.825   1503.558 / 5208.825    ms
[200.216s][info][gc,stats    ]       Phase: Concurrent Mark Continue                      0.000 / 0.000         0.000 / 0.000         0.000 / 0.000         0.000 / 0.000       ms
[200.216s][info][gc,stats    ]       Phase: Concurrent Prepare Relocation Set             4.246 / 6.827         6.977 / 67.644        6.977 / 67.644        6.977 / 67.644      ms
[200.216s][info][gc,stats    ]       Phase: Concurrent Process Non-Strong References      1.719 / 1.831         2.777 / 16.338        2.777 / 16.338        2.777 / 16.338      ms
[200.216s][info][gc,stats    ]       Phase: Concurrent Relocate                         257.507 / 382.251     186.548 / 851.942     186.548 / 851.942     186.548 / 851.942     ms
[200.216s][info][gc,stats    ]       Phase: Concurrent Reset Relocation Set               0.025 / 0.042         0.242 / 3.530         0.242 / 3.530         0.242 / 3.530       ms
[200.216s][info][gc,stats    ]       Phase: Concurrent Select Relocation Set              1.540 / 1.549         2.656 / 40.732        2.656 / 40.732        2.656 / 40.732      ms
[200.216s][info][gc,stats    ]       Phase: Pause Mark End                                0.321 / 0.351         0.289 / 1.034         0.289 / 1.034         0.289 / 1.034       ms
[200.216s][info][gc,stats    ]       Phase: Pause Mark Start                              3.378 / 3.440         3.105 / 8.673         3.105 / 8.673         3.105 / 8.673       ms
[200.216s][info][gc,stats    ]       Phase: Pause Relocate Start                          5.525 / 7.420         4.180 / 12.570        4.180 / 12.570        4.180 / 12.570      ms
[200.216s][info][gc,stats    ]    Subphase: Concurrent Mark                            1920.048 / 2376.553   1501.447 / 5208.804   1501.447 / 5208.804   1501.447 / 5208.804    ms
[200.216s][info][gc,stats    ]    Subphase: Concurrent Mark Idle                          0.000 / 0.000         0.000 / 0.000         0.000 / 0.000         0.000 / 0.000       ms
[200.216s][info][gc,stats    ]    Subphase: Concurrent Mark Try Flush                     1.998 / 9.833         4.135 / 35.831        4.135 / 35.831        4.135 / 35.831      ms
[200.216s][info][gc,stats    ]    Subphase: Concurrent Mark Try Terminate                 0.899 / 5.049         1.299 / 13.741        1.299 / 13.741        1.299 / 13.741      ms
[200.216s][info][gc,stats    ]    Subphase: Concurrent References Enqueue                 0.002 / 0.003         0.002 / 0.012         0.002 / 0.012         0.002 / 0.012       ms
[200.216s][info][gc,stats    ]    Subphase: Concurrent References Process                 0.867 / 0.902         1.212 / 11.837        1.212 / 11.837        1.212 / 11.837      ms
[200.216s][info][gc,stats    ]    Subphase: Concurrent Weak Roots                         0.840 / 0.960         1.019 / 15.568        1.019 / 15.568        1.019 / 15.568      ms
[200.216s][info][gc,stats    ]    Subphase: Concurrent Weak Roots JNIWeakHandles          0.000 / 0.000         0.000 / 0.001         0.000 / 0.001         0.000 / 0.001       ms
[200.216s][info][gc,stats    ]    Subphase: Concurrent Weak Roots StringTable             0.624 / 0.672         0.820 / 15.352        0.820 / 15.352        0.820 / 15.352      ms
[200.216s][info][gc,stats    ]    Subphase: Concurrent Weak Roots VMWeakHandles           0.214 / 0.287         0.198 / 0.321         0.198 / 0.321         0.198 / 0.321       ms
[200.216s][info][gc,stats    ]    Subphase: Pause Mark Try Complete                       0.000 / 0.000         0.002 / 0.002         0.002 / 0.002         0.002 / 0.002       ms
[200.216s][info][gc,stats    ]    Subphase: Pause Remap TLABS                             0.001 / 0.002         0.002 / 0.026         0.002 / 0.026         0.002 / 0.026       ms
[200.216s][info][gc,stats    ]    Subphase: Pause Retire TLABS                            0.019 / 0.022         0.017 / 0.042         0.017 / 0.042         0.017 / 0.042       ms
[200.216s][info][gc,stats    ]    Subphase: Pause Roots                                   2.244 / 6.615         1.869 / 12.371        1.869 / 12.371        1.869 / 12.371      ms
[200.216s][info][gc,stats    ]    Subphase: Pause Roots ClassLoaderDataGraph              0.687 / 0.826         0.728 / 11.302        0.728 / 11.302        0.728 / 11.302      ms
[200.216s][info][gc,stats    ]    Subphase: Pause Roots CodeCache                         2.184 / 5.668         1.577 / 7.166         1.577 / 7.166         1.577 / 7.166       ms
[200.217s][info][gc,stats    ]    Subphase: Pause Roots JNIHandles                        0.001 / 0.001         0.001 / 0.005         0.001 / 0.005         0.001 / 0.005       ms
[200.217s][info][gc,stats    ]    Subphase: Pause Roots JNIWeakHandles                    0.000 / 0.000         0.000 / 0.000         0.000 / 0.000         0.000 / 0.000       ms
[200.217s][info][gc,stats    ]    Subphase: Pause Roots JRFWeak                           0.000 / 0.000         0.000 / 0.000         0.000 / 0.000         0.000 / 0.000       ms
[200.217s][info][gc,stats    ]    Subphase: Pause Roots JVMTIExport                       0.001 / 0.001         0.001 / 0.002         0.001 / 0.002         0.001 / 0.002       ms
[200.217s][info][gc,stats    ]    Subphase: Pause Roots JVMTIWeakExport                   0.001 / 0.001         0.001 / 0.002         0.001 / 0.002         0.001 / 0.002       ms
[200.217s][info][gc,stats    ]    Subphase: Pause Roots Management                        0.001 / 0.002         0.028 / 4.405         0.028 / 4.405         0.028 / 4.405       ms
[200.217s][info][gc,stats    ]    Subphase: Pause Roots ObjectSynchronizer                0.000 / 0.000         0.000 / 0.001         0.000 / 0.001         0.000 / 0.001       ms
[200.217s][info][gc,stats    ]    Subphase: Pause Roots Setup                             0.213 / 0.367         0.185 / 0.504         0.185 / 0.504         0.185 / 0.504       ms
[200.217s][info][gc,stats    ]    Subphase: Pause Roots StringTable                       0.000 / 0.000         0.000 / 0.000         0.000 / 0.000         0.000 / 0.000       ms
[200.217s][info][gc,stats    ]    Subphase: Pause Roots SystemDictionary                  0.012 / 0.014         0.013 / 0.072         0.013 / 0.072         0.013 / 0.072       ms
[200.217s][info][gc,stats    ]    Subphase: Pause Roots Teardown                          0.002 / 0.005         0.002 / 0.016         0.002 / 0.016         0.002 / 0.016       ms
[200.217s][info][gc,stats    ]    Subphase: Pause Roots Threads                           0.315 / 0.382         0.294 / 4.291         0.294 / 4.291         0.294 / 4.291       ms
[200.217s][info][gc,stats    ]    Subphase: Pause Roots Universe                          0.002 / 0.003         0.005 / 0.365         0.005 / 0.365         0.005 / 0.365       ms
[200.217s][info][gc,stats    ]    Subphase: Pause Roots VMWeakHandles                     0.000 / 0.000         0.000 / 0.000         0.000 / 0.000         0.000 / 0.000       ms
[200.217s][info][gc,stats    ]    Subphase: Pause Weak Roots                              0.002 / 0.002         0.002 / 0.009         0.002 / 0.009         0.002 / 0.009       ms
[200.217s][info][gc,stats    ]    Subphase: Pause Weak Roots JFRWeak                      0.001 / 0.001         0.001 / 0.001         0.001 / 0.001         0.001 / 0.001       ms
[200.217s][info][gc,stats    ]    Subphase: Pause Weak Roots JNIWeakHandles               0.000 / 0.000         0.000 / 0.000         0.000 / 0.000         0.000 / 0.000       ms
[200.217s][info][gc,stats    ]    Subphase: Pause Weak Roots JVMTIWeakExport              0.001 / 0.001         0.001 / 0.007         0.001 / 0.007         0.001 / 0.007       ms
[200.217s][info][gc,stats    ]    Subphase: Pause Weak Roots Setup                        0.000 / 0.000         0.000 / 0.000         0.000 / 0.000         0.000 / 0.000       ms
[200.217s][info][gc,stats    ]    Subphase: Pause Weak Roots StringTable                  0.000 / 0.000         0.000 / 0.000         0.000 / 0.000         0.000 / 0.000       ms
[200.217s][info][gc,stats    ]    Subphase: Pause Weak Roots SymbolTable                  0.000 / 0.000         0.000 / 0.000         0.000 / 0.000         0.000 / 0.000       ms
[200.217s][info][gc,stats    ]    Subphase: Pause Weak Roots Teardown                     0.001 / 0.001         0.001 / 0.001         0.001 / 0.001         0.001 / 0.001       ms
[200.217s][info][gc,stats    ]    Subphase: Pause Weak Roots VMWeakHandles                0.000 / 0.000         0.000 / 0.000         0.000 / 0.000         0.000 / 0.000       ms
[200.217s][info][gc,stats    ]      System: Java Threads                                     92 / 96               67 / 106              67 / 106              67 / 106         threads
[200.217s][info][gc,stats    ] =========================================================================================================================================================
[201.275s][info][gc,heap     ] Page Cache Flushed: 6M requested, 10M(216M->206M) flushed
[202.157s][info][gc,phases   ] GC(83) Concurrent Mark 2330.890ms
[202.167s][info][gc,phases   ] GC(83) Pause Mark End 0.298ms
[202.169s][info][gc,phases   ] GC(83) Concurrent Process Non-Strong References 1.779ms
[202.169s][info][gc,phases   ] GC(83) Concurrent Reset Relocation Set 0.028ms
[202.169s][info][gc,phases   ] GC(83) Concurrent Destroy Detached Pages 0.003ms
[202.171s][info][gc,phases   ] GC(83) Concurrent Select Relocation Set 1.797ms
[202.172s][info][gc,phases   ] GC(83) Concurrent Prepare Relocation Set 1.523ms
[202.194s][info][gc,phases   ] GC(83) Pause Relocate Start 2.996ms
[202.448s][info][gc,phases   ] GC(83) Concurrent Relocate 253.489ms
[202.448s][info][gc,load     ] GC(83) Load: 4.17/4.18/3.22
[202.448s][info][gc,mmu      ] GC(83) MMU: 2ms/0.0%, 5ms/0.0%, 10ms/0.0%, 20ms/34.0%, 50ms/73.6%, 100ms/86.8%
[202.448s][info][gc,marking  ] GC(83) Mark: 1 stripe(s), 2 proactive flush(es), 1 terminate flush(es), 0 completion(s), 0 continuation(s) 
[202.448s][info][gc,reloc    ] GC(83) Relocation: Successful, 45M relocated
[202.448s][info][gc,nmethod  ] GC(83) NMethods: 4400 registered, 4 unregistered
[202.448s][info][gc,metaspace] GC(83) Metaspace: 73M used, 77M capacity, 77M committed, 78M reserved
[202.448s][info][gc,ref      ] GC(83) Soft: 4918 encountered, 0 discovered, 0 enqueued
[202.448s][info][gc,ref      ] GC(83) Weak: 4818 encountered, 3767 discovered, 0 enqueued
[202.448s][info][gc,ref      ] GC(83) Final: 28 encountered, 0 discovered, 0 enqueued
[202.448s][info][gc,ref      ] GC(83) Phantom: 662 encountered, 659 discovered, 0 enqueued
[202.448s][info][gc,heap     ] GC(83)                Mark Start          Mark End        Relocate Start      Relocate End           High               Low         
[202.448s][info][gc,heap     ] GC(83)  Capacity:     1000M (100%)       1000M (100%)       1000M (100%)       1000M (100%)       1000M (100%)       1000M (100%)   
[202.448s][info][gc,heap     ] GC(83)   Reserve:       34M (3%)           34M (3%)           34M (3%)           34M (3%)           34M (3%)           34M (3%)     
[202.448s][info][gc,heap     ] GC(83)      Free:      396M (40%)         138M (14%)         142M (14%)         364M (36%)         396M (40%)         138M (14%)    
[202.448s][info][gc,heap     ] GC(83)      Used:      570M (57%)         828M (83%)         824M (82%)         602M (60%)         828M (83%)         570M (57%)    
[202.448s][info][gc,heap     ] GC(83)      Live:         -               271M (27%)         271M (27%)         271M (27%)            -                  -          
[202.448s][info][gc,heap     ] GC(83) Allocated:         -               258M (26%)         260M (26%)         312M (31%)            -                  -          
[202.448s][info][gc,heap     ] GC(83)   Garbage:         -               298M (30%)         292M (29%)          38M (4%)             -                  -          
[202.448s][info][gc,heap     ] GC(83) Reclaimed:         -                  -                 6M (1%)          260M (26%)            -                  -          
[202.448s][info][gc          ] GC(83) Garbage Collection (Allocation Rate) 570M(57%)->602M(60%)
[202.513s][info][gc,start    ] GC(84) Garbage Collection (Allocation Rate)
[202.523s][info][gc,phases   ] GC(84) Pause Mark Start 3.486ms
[204.760s][info][gc,phases   ] GC(84) Concurrent Mark 2236.998ms
[204.765s][info][gc,phases   ] GC(84) Pause Mark End 0.298ms
[204.777s][info][gc,phases   ] GC(84) Concurrent Process Non-Strong References 5.363ms
[204.777s][info][gc,phases   ] GC(84) Concurrent Reset Relocation Set 0.045ms
[204.784s][info][gc,phases   ] GC(84) Concurrent Destroy Detached Pages 0.003ms
[204.786s][info][gc,phases   ] GC(84) Concurrent Select Relocation Set 1.526ms
[204.787s][info][gc,phases   ] GC(84) Concurrent Prepare Relocation Set 0.878ms
[204.798s][info][gc,phases   ] GC(84) Pause Relocate Start 6.893ms
[205.095s][info][gc,phases   ] GC(84) Concurrent Relocate 296.737ms
[205.100s][info][gc,load     ] GC(84) Load: 4.17/4.18/3.22
[205.100s][info][gc,mmu      ] GC(84) MMU: 2ms/0.0%, 5ms/0.0%, 10ms/0.0%, 20ms/34.0%, 50ms/73.6%, 100ms/86.8%
[205.100s][info][gc,marking  ] GC(84) Mark: 1 stripe(s), 2 proactive flush(es), 1 terminate flush(es), 0 completion(s), 0 continuation(s) 
[205.100s][info][gc,reloc    ] GC(84) Relocation: Successful, 34M relocated
[205.100s][info][gc,nmethod  ] GC(84) NMethods: 4424 registered, 4 unregistered
[205.100s][info][gc,metaspace] GC(84) Metaspace: 73M used, 77M capacity, 77M committed, 78M reserved
[205.100s][info][gc,ref      ] GC(84) Soft: 4918 encountered, 0 discovered, 0 enqueued
[205.100s][info][gc,ref      ] GC(84) Weak: 4815 encountered, 3722 discovered, 0 enqueued
[205.100s][info][gc,ref      ] GC(84) Final: 28 encountered, 0 discovered, 0 enqueued
[205.100s][info][gc,ref      ] GC(84) Phantom: 662 encountered, 659 discovered, 0 enqueued
[205.100s][info][gc,heap     ] GC(84)                Mark Start          Mark End        Relocate Start      Relocate End           High               Low         
[205.100s][info][gc,heap     ] GC(84)  Capacity:     1000M (100%)       1000M (100%)       1000M (100%)       1000M (100%)       1000M (100%)       1000M (100%)   
[205.100s][info][gc,heap     ] GC(84)   Reserve:       34M (3%)           34M (3%)           34M (3%)           34M (3%)           34M (3%)           34M (3%)     
[205.100s][info][gc,heap     ] GC(84)      Free:      364M (36%)         294M (29%)         344M (34%)         630M (63%)         630M (63%)         292M (29%)    
[205.100s][info][gc,heap     ] GC(84)      Used:      602M (60%)         672M (67%)         622M (62%)         336M (34%)         674M (67%)         336M (34%)    
[205.100s][info][gc,heap     ] GC(84)      Live:         -               240M (24%)         240M (24%)         240M (24%)            -                  -          
[205.100s][info][gc,heap     ] GC(84) Allocated:         -                70M (7%)           72M (7%)          104M (10%)            -                  -          
[205.100s][info][gc,heap     ] GC(84)   Garbage:         -               361M (36%)         309M (31%)           5M (1%)             -                  -          
[205.100s][info][gc,heap     ] GC(84) Reclaimed:         -                  -                52M (5%)          356M (36%)            -                  -          
[205.100s][info][gc          ] GC(84) Garbage Collection (Allocation Rate) 602M(60%)->336M(34%)
[205.312s][info][gc,start    ] GC(85) Garbage Collection (Allocation Rate)
[205.322s][info][gc,phases   ] GC(85) Pause Mark Start 3.349ms
[206.798s][info][gc,phases   ] GC(85) Concurrent Mark 1470.569ms
[206.808s][info][gc,phases   ] GC(85) Pause Mark End 0.314ms
[206.810s][info][gc,phases   ] GC(85) Concurrent Process Non-Strong References 1.873ms
[206.810s][info][gc,phases   ] GC(85) Concurrent Reset Relocation Set 0.031ms
[206.810s][info][gc,phases   ] GC(85) Concurrent Destroy Detached Pages 0.000ms
[206.811s][info][gc,phases   ] GC(85) Concurrent Select Relocation Set 1.519ms
[206.817s][info][gc,phases   ] GC(85) Concurrent Prepare Relocation Set 5.848ms
[206.820s][info][gc,phases   ] GC(85) Pause Relocate Start 3.042ms
[207.003s][info][gc,phases   ] GC(85) Concurrent Relocate 182.207ms
[207.003s][info][gc,load     ] GC(85) Load: 4.00/4.14/3.22
[207.003s][info][gc,mmu      ] GC(85) MMU: 2ms/0.0%, 5ms/0.0%, 10ms/0.0%, 20ms/34.0%, 50ms/73.6%, 100ms/86.8%
[207.003s][info][gc,marking  ] GC(85) Mark: 1 stripe(s), 2 proactive flush(es), 1 terminate flush(es), 0 completion(s), 0 continuation(s) 
[207.003s][info][gc,reloc    ] GC(85) Relocation: Successful, 24M relocated
[207.003s][info][gc,nmethod  ] GC(85) NMethods: 4425 registered, 4 unregistered
[207.003s][info][gc,metaspace] GC(85) Metaspace: 73M used, 77M capacity, 77M committed, 78M reserved
[207.003s][info][gc,ref      ] GC(85) Soft: 4917 encountered, 0 discovered, 0 enqueued
[207.003s][info][gc,ref      ] GC(85) Weak: 5017 encountered, 3880 discovered, 103 enqueued
[207.003s][info][gc,ref      ] GC(85) Final: 28 encountered, 0 discovered, 0 enqueued
[207.003s][info][gc,ref      ] GC(85) Phantom: 663 encountered, 660 discovered, 0 enqueued
[207.003s][info][gc,heap     ] GC(85)                Mark Start          Mark End        Relocate Start      Relocate End           High               Low         
[207.003s][info][gc,heap     ] GC(85)  Capacity:     1000M (100%)       1000M (100%)       1000M (100%)       1000M (100%)       1000M (100%)       1000M (100%)   
[207.003s][info][gc,heap     ] GC(85)   Reserve:       34M (3%)           34M (3%)           34M (3%)           34M (3%)           34M (3%)           34M (3%)     
[207.003s][info][gc,heap     ] GC(85)      Free:      596M (60%)         358M (36%)         422M (42%)         462M (46%)         596M (60%)         358M (36%)    
[207.003s][info][gc,heap     ] GC(85)      Used:      370M (37%)         608M (61%)         544M (54%)         504M (50%)         608M (61%)         370M (37%)    
[207.003s][info][gc,heap     ] GC(85)      Live:         -               210M (21%)         210M (21%)         210M (21%)            -                  -          
[207.003s][info][gc,heap     ] GC(85) Allocated:         -               238M (24%)         238M (24%)         276M (28%)            -                  -          
[207.003s][info][gc,heap     ] GC(85)   Garbage:         -               159M (16%)          95M (10%)          49M (5%)             -                  -          
[207.003s][info][gc,heap     ] GC(85) Reclaimed:         -                  -                64M (6%)          110M (11%)            -                  -          
[207.003s][info][gc          ] GC(85) Garbage Collection (Allocation Rate) 370M(37%)->504M(50%)
[207.012s][info][gc,start    ] GC(86) Garbage Collection (Allocation Rate)
[207.029s][info][gc,phases   ] GC(86) Pause Mark Start 10.932ms
[207.701s][info][gc,heap     ] Page Cache Flushed: 6M requested, 6M(366M->360M) flushed
[208.843s][info][gc,phases   ] GC(86) Concurrent Mark 1806.896ms
[208.850s][info][gc,phases   ] GC(86) Pause Mark End 0.288ms
[208.852s][info][gc,phases   ] GC(86) Concurrent Process Non-Strong References 2.092ms
[208.852s][info][gc,phases   ] GC(86) Concurrent Reset Relocation Set 0.018ms
[208.852s][info][gc,phases   ] GC(86) Concurrent Destroy Detached Pages 0.005ms
[208.855s][info][gc,phases   ] GC(86) Concurrent Select Relocation Set 2.550ms
[208.869s][info][gc,phases   ] GC(86) Concurrent Prepare Relocation Set 14.348ms
[208.878s][info][gc,phases   ] GC(86) Pause Relocate Start 2.908ms
[209.145s][info][gc,phases   ] GC(86) Concurrent Relocate 266.936ms
[209.152s][info][gc,load     ] GC(86) Load: 4.00/4.14/3.22
[209.152s][info][gc,mmu      ] GC(86) MMU: 2ms/0.0%, 5ms/0.0%, 10ms/0.0%, 20ms/34.0%, 50ms/73.6%, 100ms/86.8%
[209.152s][info][gc,marking  ] GC(86) Mark: 1 stripe(s), 2 proactive flush(es), 1 terminate flush(es), 0 completion(s), 0 continuation(s) 
[209.152s][info][gc,reloc    ] GC(86) Relocation: Successful, 56M relocated
[209.152s][info][gc,nmethod  ] GC(86) NMethods: 4425 registered, 4 unregistered
[209.152s][info][gc,metaspace] GC(86) Metaspace: 73M used, 77M capacity, 77M committed, 78M reserved
[209.152s][info][gc,ref      ] GC(86) Soft: 4918 encountered, 0 discovered, 0 enqueued
[209.152s][info][gc,ref      ] GC(86) Weak: 4913 encountered, 3776 discovered, 0 enqueued
[209.152s][info][gc,ref      ] GC(86) Final: 28 encountered, 0 discovered, 0 enqueued
[209.152s][info][gc,ref      ] GC(86) Phantom: 662 encountered, 659 discovered, 0 enqueued
[209.152s][info][gc,heap     ] GC(86)                Mark Start          Mark End        Relocate Start      Relocate End           High               Low         
[209.152s][info][gc,heap     ] GC(86)  Capacity:     1000M (100%)       1000M (100%)       1000M (100%)       1000M (100%)       1000M (100%)       1000M (100%)   
[209.152s][info][gc,heap     ] GC(86)   Reserve:       34M (3%)           34M (3%)           34M (3%)           34M (3%)           34M (3%)           34M (3%)     
[209.152s][info][gc,heap     ] GC(86)      Free:      460M (46%)         214M (21%)         260M (26%)         394M (39%)         460M (46%)         214M (21%)    
[209.152s][info][gc,heap     ] GC(86)      Used:      506M (51%)         752M (75%)         706M (71%)         572M (57%)         752M (75%)         506M (51%)    
[209.152s][info][gc,heap     ] GC(86)      Live:         -               252M (25%)         252M (25%)         252M (25%)            -                  -          
[209.152s][info][gc,heap     ] GC(86) Allocated:         -               246M (25%)         248M (25%)         306M (31%)            -                  -          
[209.152s][info][gc,heap     ] GC(86)   Garbage:         -               253M (25%)         205M (21%)          61M (6%)             -                  -          
[209.152s][info][gc,heap     ] GC(86) Reclaimed:         -                  -                48M (5%)          192M (19%)            -                  -          
[209.152s][info][gc          ] GC(86) Garbage Collection (Allocation Rate) 506M(51%)->572M(57%)
[209.212s][info][gc,start    ] GC(87) Garbage Collection (Allocation Rate)
[209.222s][info][gc,phases   ] GC(87) Pause Mark Start 3.735ms
[210.211s][info][gc,stats    ] === Garbage Collection Statistics =======================================================================================================================
[210.212s][info][gc,stats    ]                                                              Last 10s              Last 10m              Last 10h                Total
[210.212s][info][gc,stats    ]                                                              Avg / Max             Avg / Max             Avg / Max             Avg / Max
[210.212s][info][gc,stats    ]   Collector: Garbage Collection Cycle                   2262.131 / 2631.399   1756.209 / 5279.755   1756.209 / 5279.755   1756.209 / 5279.755    ms
[210.212s][info][gc,stats    ]  Contention: Mark Segment Reset Contention                     0 / 0                 0 / 0                 0 / 0                 0 / 0           ops/s
[210.212s][info][gc,stats    ]  Contention: Mark SeqNum Reset Contention                      0 / 0                 0 / 0                 0 / 0                 0 / 0           ops/s
[210.212s][info][gc,stats    ]  Contention: Relocation Contention                             0 / 0                 0 / 3                 0 / 3                 0 / 3           ops/s
[210.212s][info][gc,stats    ]    Critical: Allocation Stall                              0.000 / 0.000       398.430 / 717.412     398.430 / 717.412     398.430 / 717.412     ms
[210.212s][info][gc,stats    ]    Critical: Allocation Stall                                  0 / 0                 0 / 1                 0 / 1                 0 / 1           ops/s
[210.212s][info][gc,stats    ]    Critical: GC Locker Stall                               0.000 / 0.000         2.838 / 8.487         2.838 / 8.487         2.838 / 8.487       ms
[210.212s][info][gc,stats    ]    Critical: GC Locker Stall                                   0 / 0                 0 / 1                 0 / 1                 0 / 1           ops/s
[210.212s][info][gc,stats    ]      Memory: Allocation Rate                                 104 / 174             114 / 600             114 / 600             114 / 600         MB/s
[210.212s][info][gc,stats    ]      Memory: Heap Used After Mark                            715 / 828             643 / 966             643 / 966             643 / 966         MB
[210.212s][info][gc,stats    ]      Memory: Heap Used After Relocation                      503 / 602             394 / 908             394 / 908             394 / 908         MB
[210.212s][info][gc,stats    ]      Memory: Heap Used Before Mark                           516 / 602             490 / 908             490 / 908             490 / 908         MB
[210.212s][info][gc,stats    ]      Memory: Heap Used Before Relocation                     674 / 824             513 / 938             513 / 938             513 / 938         MB
[210.212s][info][gc,stats    ]      Memory: Out Of Memory                                     0 / 0                 0 / 0                 0 / 0                 0 / 0           ops/s
[210.212s][info][gc,stats    ]      Memory: Page Cache Flush                                  1 / 10                4 / 100               4 / 100               4 / 100         MB/s
[210.212s][info][gc,stats    ]      Memory: Page Cache Hit L1                                48 / 82               51 / 301              51 / 301              51 / 301         ops/s
[210.212s][info][gc,stats    ]      Memory: Page Cache Hit L2                                 0 / 0                 0 / 0                 0 / 0                 0 / 0           ops/s
[210.212s][info][gc,stats    ]      Memory: Page Cache Miss                                   0 / 1                 2 / 114               2 / 114               2 / 114         ops/s
[210.212s][info][gc,stats    ]      Memory: Undo Object Allocation Failed                     0 / 0                 0 / 0                 0 / 0                 0 / 0           ops/s
[210.212s][info][gc,stats    ]      Memory: Undo Object Allocation Succeeded                  0 / 0                 0 / 3                 0 / 3                 0 / 3           ops/s
[210.212s][info][gc,stats    ]      Memory: Undo Page Allocation                              0 / 0                 0 / 1                 0 / 1                 0 / 1           ops/s
[210.212s][info][gc,stats    ]       Phase: Concurrent Destroy Detached Pages             0.003 / 0.005         0.003 / 0.040         0.003 / 0.040         0.003 / 0.040       ms
[210.212s][info][gc,stats    ]       Phase: Concurrent Mark                            1961.338 / 2330.890   1524.605 / 5208.825   1524.605 / 5208.825   1524.605 / 5208.825    ms
[210.212s][info][gc,stats    ]       Phase: Concurrent Mark Continue                      0.000 / 0.000         0.000 / 0.000         0.000 / 0.000         0.000 / 0.000       ms
[210.212s][info][gc,stats    ]       Phase: Concurrent Prepare Relocation Set             5.649 / 14.348        6.916 / 67.644        6.916 / 67.644        6.916 / 67.644      ms
[210.212s][info][gc,stats    ]       Phase: Concurrent Process Non-Strong References      2.777 / 5.363         2.777 / 16.338        2.777 / 16.338        2.777 / 16.338      ms
[210.212s][info][gc,stats    ]       Phase: Concurrent Relocate                         249.842 / 296.737     189.458 / 851.942     189.458 / 851.942     189.458 / 851.942     ms
[210.212s][info][gc,stats    ]       Phase: Concurrent Reset Relocation Set               0.030 / 0.045         0.232 / 3.530         0.232 / 3.530         0.232 / 3.530       ms
[210.212s][info][gc,stats    ]       Phase: Concurrent Select Relocation Set              1.848 / 2.550         2.618 / 40.732        2.618 / 40.732        2.618 / 40.732      ms
[210.212s][info][gc,stats    ]       Phase: Pause Mark End                                0.300 / 0.314         0.290 / 1.034         0.290 / 1.034         0.290 / 1.034       ms
[210.212s][info][gc,stats    ]       Phase: Pause Mark Start                              5.376 / 10.932        3.208 / 10.932        3.208 / 10.932        3.208 / 10.932      ms
[210.212s][info][gc,stats    ]       Phase: Pause Relocate Start                          3.960 / 6.893         4.170 / 12.570        4.170 / 12.570        4.170 / 12.570      ms
[210.212s][info][gc,stats    ]    Subphase: Concurrent Mark                            1957.535 / 2324.747   1522.416 / 5208.804   1522.416 / 5208.804   1522.416 / 5208.804    ms
[210.212s][info][gc,stats    ]    Subphase: Concurrent Mark Idle                          0.000 / 0.000         0.000 / 0.000         0.000 / 0.000         0.000 / 0.000       ms
[210.212s][info][gc,stats    ]    Subphase: Concurrent Mark Try Flush                     3.390 / 11.343        4.102 / 35.831        4.102 / 35.831        4.102 / 35.831      ms
[210.212s][info][gc,stats    ]    Subphase: Concurrent Mark Try Terminate                 1.339 / 7.817         1.301 / 13.741        1.301 / 13.741        1.301 / 13.741      ms
[210.212s][info][gc,stats    ]    Subphase: Concurrent References Enqueue                 0.001 / 0.003         0.002 / 0.012         0.002 / 0.012         0.002 / 0.012       ms
[210.212s][info][gc,stats    ]    Subphase: Concurrent References Process                 1.845 / 4.559         1.241 / 11.837        1.241 / 11.837        1.241 / 11.837      ms
[210.212s][info][gc,stats    ]    Subphase: Concurrent Weak Roots                         0.908 / 1.091         1.014 / 15.568        1.014 / 15.568        1.014 / 15.568      ms
[210.212s][info][gc,stats    ]    Subphase: Concurrent Weak Roots JNIWeakHandles          0.000 / 0.000         0.000 / 0.001         0.000 / 0.001         0.000 / 0.001       ms
[210.212s][info][gc,stats    ]    Subphase: Concurrent Weak Roots StringTable             0.677 / 0.831         0.813 / 15.352        0.813 / 15.352        0.813 / 15.352      ms
[210.212s][info][gc,stats    ]    Subphase: Concurrent Weak Roots VMWeakHandles           0.230 / 0.256         0.199 / 0.321         0.199 / 0.321         0.199 / 0.321       ms
[210.212s][info][gc,stats    ]    Subphase: Pause Mark Try Complete                       0.000 / 0.000         0.002 / 0.002         0.002 / 0.002         0.002 / 0.002       ms
[210.212s][info][gc,stats    ]    Subphase: Pause Remap TLABS                             0.002 / 0.002         0.002 / 0.026         0.002 / 0.026         0.002 / 0.026       ms
[210.212s][info][gc,stats    ]    Subphase: Pause Retire TLABS                            0.018 / 0.020         0.017 / 0.042         0.017 / 0.042         0.017 / 0.042       ms
[210.212s][info][gc,stats    ]    Subphase: Pause Roots                                   2.963 / 10.572        1.919 / 12.371        1.919 / 12.371        1.919 / 12.371      ms
[210.212s][info][gc,stats    ]    Subphase: Pause Roots ClassLoaderDataGraph              1.245 / 4.541         0.752 / 11.302        0.752 / 11.302        0.752 / 11.302      ms
[210.212s][info][gc,stats    ]    Subphase: Pause Roots CodeCache                         2.711 / 9.450         1.629 / 9.450         1.629 / 9.450         1.629 / 9.450       ms
[210.212s][info][gc,stats    ]    Subphase: Pause Roots JNIHandles                        0.001 / 0.001         0.001 / 0.005         0.001 / 0.005         0.001 / 0.005       ms
[210.212s][info][gc,stats    ]    Subphase: Pause Roots JNIWeakHandles                    0.000 / 0.000         0.000 / 0.000         0.000 / 0.000         0.000 / 0.000       ms
[210.212s][info][gc,stats    ]    Subphase: Pause Roots JRFWeak                           0.000 / 0.000         0.000 / 0.000         0.000 / 0.000         0.000 / 0.000       ms
[210.212s][info][gc,stats    ]    Subphase: Pause Roots JVMTIExport                       0.001 / 0.001         0.001 / 0.002         0.001 / 0.002         0.001 / 0.002       ms
[210.212s][info][gc,stats    ]    Subphase: Pause Roots JVMTIWeakExport                   0.001 / 0.001         0.001 / 0.002         0.001 / 0.002         0.001 / 0.002       ms
[210.212s][info][gc,stats    ]    Subphase: Pause Roots Management                        0.001 / 0.002         0.026 / 4.405         0.026 / 4.405         0.026 / 4.405       ms
[210.212s][info][gc,stats    ]    Subphase: Pause Roots ObjectSynchronizer                0.000 / 0.000         0.000 / 0.001         0.000 / 0.001         0.000 / 0.001       ms
[210.212s][info][gc,stats    ]    Subphase: Pause Roots Setup                             0.203 / 0.326         0.186 / 0.504         0.186 / 0.504         0.186 / 0.504       ms
[210.212s][info][gc,stats    ]    Subphase: Pause Roots StringTable                       0.000 / 0.000         0.000 / 0.000         0.000 / 0.000         0.000 / 0.000       ms
[210.212s][info][gc,stats    ]    Subphase: Pause Roots SystemDictionary                  0.013 / 0.014         0.013 / 0.072         0.013 / 0.072         0.013 / 0.072       ms
[210.212s][info][gc,stats    ]    Subphase: Pause Roots Teardown                          0.001 / 0.002         0.001 / 0.016         0.001 / 0.016         0.001 / 0.016       ms
[210.212s][info][gc,stats    ]    Subphase: Pause Roots Threads                           0.310 / 0.421         0.295 / 4.291         0.295 / 4.291         0.295 / 4.291       ms
[210.212s][info][gc,stats    ]    Subphase: Pause Roots Universe                          0.002 / 0.003         0.005 / 0.365         0.005 / 0.365         0.005 / 0.365       ms
[210.212s][info][gc,stats    ]    Subphase: Pause Roots VMWeakHandles                     0.000 / 0.000         0.000 / 0.000         0.000 / 0.000         0.000 / 0.000       ms
[210.212s][info][gc,stats    ]    Subphase: Pause Weak Roots                              0.002 / 0.002         0.002 / 0.009         0.002 / 0.009         0.002 / 0.009       ms
[210.212s][info][gc,stats    ]    Subphase: Pause Weak Roots JFRWeak                      0.001 / 0.001         0.001 / 0.001         0.001 / 0.001         0.001 / 0.001       ms
[210.212s][info][gc,stats    ]    Subphase: Pause Weak Roots JNIWeakHandles               0.000 / 0.000         0.000 / 0.000         0.000 / 0.000         0.000 / 0.000       ms
[210.212s][info][gc,stats    ]    Subphase: Pause Weak Roots JVMTIWeakExport              0.001 / 0.001         0.001 / 0.007         0.001 / 0.007         0.001 / 0.007       ms
[210.212s][info][gc,stats    ]    Subphase: Pause Weak Roots Setup                        0.000 / 0.000         0.000 / 0.000         0.000 / 0.000         0.000 / 0.000       ms
[210.212s][info][gc,stats    ]    Subphase: Pause Weak Roots StringTable                  0.000 / 0.000         0.000 / 0.000         0.000 / 0.000         0.000 / 0.000       ms
[210.212s][info][gc,stats    ]    Subphase: Pause Weak Roots SymbolTable                  0.000 / 0.000         0.000 / 0.000         0.000 / 0.000         0.000 / 0.000       ms
[210.212s][info][gc,stats    ]    Subphase: Pause Weak Roots Teardown                     0.001 / 0.001         0.001 / 0.001         0.001 / 0.001         0.001 / 0.001       ms
[210.212s][info][gc,stats    ]    Subphase: Pause Weak Roots VMWeakHandles                0.000 / 0.000         0.000 / 0.000         0.000 / 0.000         0.000 / 0.000       ms
[210.212s][info][gc,stats    ]      System: Java Threads                                     88 / 91               67 / 106              67 / 106              67 / 106         threads
[210.212s][info][gc,stats    ] =========================================================================================================================================================
[211.531s][info][gc,phases   ] GC(87) Concurrent Mark 2303.753ms
[211.539s][info][gc,phases   ] GC(87) Pause Mark End 0.291ms
[211.541s][info][gc,phases   ] GC(87) Concurrent Process Non-Strong References 1.712ms
[211.541s][info][gc,phases   ] GC(87) Concurrent Reset Relocation Set 0.029ms
[211.541s][info][gc,phases   ] GC(87) Concurrent Destroy Detached Pages 0.001ms
[211.542s][info][gc,phases   ] GC(87) Concurrent Select Relocation Set 1.533ms
[211.544s][info][gc,phases   ] GC(87) Concurrent Prepare Relocation Set 1.516ms
[211.555s][info][gc,phases   ] GC(87) Pause Relocate Start 2.811ms
[211.817s][info][gc,phases   ] GC(87) Concurrent Relocate 260.445ms
[211.817s][info][gc,load     ] GC(87) Load: 4.00/4.14/3.22
[211.817s][info][gc,mmu      ] GC(87) MMU: 2ms/0.0%, 5ms/0.0%, 10ms/0.0%, 20ms/34.0%, 50ms/73.6%, 100ms/86.8%
[211.817s][info][gc,marking  ] GC(87) Mark: 1 stripe(s), 2 proactive flush(es), 1 terminate flush(es), 0 completion(s), 0 continuation(s) 
[211.817s][info][gc,reloc    ] GC(87) Relocation: Successful, 47M relocated
[211.817s][info][gc,nmethod  ] GC(87) NMethods: 4427 registered, 4 unregistered
[211.817s][info][gc,metaspace] GC(87) Metaspace: 73M used, 77M capacity, 77M committed, 78M reserved
[211.817s][info][gc,ref      ] GC(87) Soft: 4918 encountered, 0 discovered, 0 enqueued
[211.817s][info][gc,ref      ] GC(87) Weak: 4913 encountered, 3776 discovered, 0 enqueued
[211.817s][info][gc,ref      ] GC(87) Final: 28 encountered, 0 discovered, 0 enqueued
[211.817s][info][gc,ref      ] GC(87) Phantom: 662 encountered, 659 discovered, 0 enqueued
[211.817s][info][gc,heap     ] GC(87)                Mark Start          Mark End        Relocate Start      Relocate End           High               Low         
[211.817s][info][gc,heap     ] GC(87)  Capacity:     1000M (100%)       1000M (100%)       1000M (100%)       1000M (100%)       1000M (100%)       1000M (100%)   
[211.817s][info][gc,heap     ] GC(87)   Reserve:       34M (3%)           34M (3%)           34M (3%)           34M (3%)           34M (3%)           34M (3%)     
[211.817s][info][gc,heap     ] GC(87)      Free:      380M (38%)         120M (12%)         126M (13%)         390M (39%)         390M (39%)         120M (12%)    
[211.818s][info][gc,heap     ] GC(87)      Used:      586M (59%)         846M (85%)         840M (84%)         576M (58%)         846M (85%)         576M (58%)    
[211.818s][info][gc,heap     ] GC(87)      Live:         -               272M (27%)         272M (27%)         272M (27%)            -                  -          
[211.818s][info][gc,heap     ] GC(87) Allocated:         -               260M (26%)         260M (26%)         280M (28%)            -                  -          
[211.818s][info][gc,heap     ] GC(87)   Garbage:         -               313M (31%)         307M (31%)          43M (4%)             -                  -          
[211.818s][info][gc,heap     ] GC(87) Reclaimed:         -                  -                 6M (1%)          270M (27%)            -                  -          
[211.818s][info][gc          ] GC(87) Garbage Collection (Allocation Rate) 586M(59%)->576M(58%)
[211.913s][info][gc,start    ] GC(88) Garbage Collection (Allocation Rate)
[211.927s][info][gc,phases   ] GC(88) Pause Mark Start 3.350ms
[214.164s][info][gc,phases   ] GC(88) Concurrent Mark 2237.055ms
[214.171s][info][gc,phases   ] GC(88) Pause Mark End 0.290ms
[214.173s][info][gc,phases   ] GC(88) Concurrent Process Non-Strong References 1.724ms
[214.173s][info][gc,phases   ] GC(88) Concurrent Reset Relocation Set 0.043ms
[214.173s][info][gc,phases   ] GC(88) Concurrent Destroy Detached Pages 0.001ms
[214.175s][info][gc,phases   ] GC(88) Concurrent Select Relocation Set 1.593ms
[214.180s][info][gc,phases   ] GC(88) Concurrent Prepare Relocation Set 5.083ms
[214.187s][info][gc,phases   ] GC(88) Pause Relocate Start 7.240ms
[214.421s][info][gc,phases   ] GC(88) Concurrent Relocate 224.834ms
[214.428s][info][gc,load     ] GC(88) Load: 4.00/4.14/3.22
[214.428s][info][gc,mmu      ] GC(88) MMU: 2ms/0.0%, 5ms/0.0%, 10ms/0.0%, 20ms/34.0%, 50ms/73.6%, 100ms/86.8%
[214.428s][info][gc,marking  ] GC(88) Mark: 1 stripe(s), 2 proactive flush(es), 1 terminate flush(es), 0 completion(s), 0 continuation(s) 
[214.428s][info][gc,reloc    ] GC(88) Relocation: Successful, 32M relocated
[214.428s][info][gc,nmethod  ] GC(88) NMethods: 4462 registered, 4 unregistered
[214.428s][info][gc,metaspace] GC(88) Metaspace: 73M used, 77M capacity, 77M committed, 78M reserved
[214.428s][info][gc,ref      ] GC(88) Soft: 4918 encountered, 0 discovered, 0 enqueued
[214.428s][info][gc,ref      ] GC(88) Weak: 4907 encountered, 3767 discovered, 0 enqueued
[214.428s][info][gc,ref      ] GC(88) Final: 28 encountered, 0 discovered, 0 enqueued
[214.428s][info][gc,ref      ] GC(88) Phantom: 662 encountered, 659 discovered, 0 enqueued
[214.428s][info][gc,heap     ] GC(88)                Mark Start          Mark End        Relocate Start      Relocate End           High               Low         
[214.428s][info][gc,heap     ] GC(88)  Capacity:     1000M (100%)       1000M (100%)       1000M (100%)       1000M (100%)       1000M (100%)       1000M (100%)   
[214.428s][info][gc,heap     ] GC(88)   Reserve:       34M (3%)           34M (3%)           34M (3%)           34M (3%)           34M (3%)           34M (3%)     
[214.428s][info][gc,heap     ] GC(88)      Free:      390M (39%)         308M (31%)         372M (37%)         620M (62%)         620M (62%)         308M (31%)    
[214.428s][info][gc,heap     ] GC(88)      Used:      576M (58%)         658M (66%)         594M (59%)         346M (35%)         658M (66%)         346M (35%)    
[214.428s][info][gc,heap     ] GC(88)      Live:         -               240M (24%)         240M (24%)         240M (24%)            -                  -          
[214.428s][info][gc,heap     ] GC(88) Allocated:         -                82M (8%)           82M (8%)          118M (12%)            -                  -          
[214.428s][info][gc,heap     ] GC(88)   Garbage:         -               335M (34%)         271M (27%)           5M (1%)             -                  -          
[214.428s][info][gc,heap     ] GC(88) Reclaimed:         -                  -                64M (6%)          330M (33%)            -                  -          
[214.428s][info][gc          ] GC(88) Garbage Collection (Allocation Rate) 576M(58%)->346M(35%)
[214.516s][info][gc,start    ] GC(89) Garbage Collection (Allocation Rate)
[214.528s][info][gc,phases   ] GC(89) Pause Mark Start 9.385ms
[215.066s][info][gc,heap     ] Page Cache Flushed: 6M requested, 10M(508M->498M) flushed
[216.045s][info][gc,phases   ] GC(89) Concurrent Mark 1516.773ms
[216.049s][info][gc,phases   ] GC(89) Pause Mark End 0.252ms
[216.057s][info][gc,phases   ] GC(89) Concurrent Process Non-Strong References 8.106ms
[216.058s][info][gc,phases   ] GC(89) Concurrent Reset Relocation Set 0.029ms
[216.058s][info][gc,phases   ] GC(89) Concurrent Destroy Detached Pages 0.003ms
[216.064s][info][gc,phases   ] GC(89) Concurrent Select Relocation Set 5.709ms
[216.065s][info][gc,phases   ] GC(89) Concurrent Prepare Relocation Set 0.631ms
[216.081s][info][gc,phases   ] GC(89) Pause Relocate Start 2.975ms
[216.275s][info][gc,phases   ] GC(89) Concurrent Relocate 193.180ms
[216.275s][info][gc,load     ] GC(89) Load: 3.92/4.12/3.22
[216.275s][info][gc,mmu      ] GC(89) MMU: 2ms/0.0%, 5ms/0.0%, 10ms/0.0%, 20ms/34.0%, 50ms/73.6%, 100ms/86.8%
[216.275s][info][gc,marking  ] GC(89) Mark: 1 stripe(s), 2 proactive flush(es), 1 terminate flush(es), 0 completion(s), 0 continuation(s) 
[216.275s][info][gc,reloc    ] GC(89) Relocation: Successful, 19M relocated
[216.275s][info][gc,nmethod  ] GC(89) NMethods: 4482 registered, 4 unregistered
[216.275s][info][gc,metaspace] GC(89) Metaspace: 73M used, 77M capacity, 77M committed, 78M reserved
[216.275s][info][gc,ref      ] GC(89) Soft: 4917 encountered, 0 discovered, 0 enqueued
[216.275s][info][gc,ref      ] GC(89) Weak: 4889 encountered, 3735 discovered, 6 enqueued
[216.275s][info][gc,ref      ] GC(89) Final: 28 encountered, 0 discovered, 0 enqueued
[216.275s][info][gc,ref      ] GC(89) Phantom: 663 encountered, 469 discovered, 0 enqueued
[216.275s][info][gc,heap     ] GC(89)                Mark Start          Mark End        Relocate Start      Relocate End           High               Low         
[216.275s][info][gc,heap     ] GC(89)  Capacity:     1000M (100%)       1000M (100%)       1000M (100%)       1000M (100%)       1000M (100%)       1000M (100%)   
[216.275s][info][gc,heap     ] GC(89)   Reserve:       34M (3%)           34M (3%)           34M (3%)           34M (3%)           34M (3%)           34M (3%)     
[216.275s][info][gc,heap     ] GC(89)      Free:      602M (60%)         412M (41%)         470M (47%)         512M (51%)         602M (60%)         412M (41%)    
[216.275s][info][gc,heap     ] GC(89)      Used:      364M (36%)         554M (55%)         496M (50%)         454M (45%)         554M (55%)         364M (36%)    
[216.275s][info][gc,heap     ] GC(89)      Live:         -               216M (22%)         216M (22%)         216M (22%)            -                  -          
[216.275s][info][gc,heap     ] GC(89) Allocated:         -               190M (19%)         190M (19%)         214M (21%)            -                  -          
[216.275s][info][gc,heap     ] GC(89)   Garbage:         -               147M (15%)          89M (9%)           35M (4%)             -                  -          
[216.275s][info][gc,heap     ] GC(89) Reclaimed:         -                  -                58M (6%)          112M (11%)            -                  -          
[216.275s][info][gc          ] GC(89) Garbage Collection (Allocation Rate) 364M(36%)->454M(45%)
[216.320s][info][gc,start    ] GC(90) Garbage Collection (Allocation Rate)
[216.333s][info][gc,phases   ] GC(90) Pause Mark Start 6.709ms
[216.731s][info][gc,heap     ] Page Cache Flushed: 6M requested, 18M(490M->472M) flushed
[218.236s][info][gc,phases   ] GC(90) Concurrent Mark 1900.715ms
[218.243s][info][gc,phases   ] GC(90) Pause Mark End 0.281ms
[218.246s][info][gc,heap     ] Page Cache Flushed: 10M requested, 10M(350M->340M) flushed
[218.253s][info][gc,phases   ] GC(90) Concurrent Process Non-Strong References 10.097ms
[218.254s][info][gc,phases   ] GC(90) Concurrent Reset Relocation Set 0.015ms
[218.254s][info][gc,phases   ] GC(90) Concurrent Destroy Detached Pages 0.710ms
[218.256s][info][gc,phases   ] GC(90) Concurrent Select Relocation Set 1.572ms
[218.256s][info][gc,phases   ] GC(90) Concurrent Prepare Relocation Set 0.471ms
[218.280s][info][gc,phases   ] GC(90) Pause Relocate Start 5.964ms
[218.400s][info][gc,phases   ] GC(90) Concurrent Relocate 120.044ms
[218.400s][info][gc,load     ] GC(90) Load: 3.92/4.12/3.22
[218.400s][info][gc,mmu      ] GC(90) MMU: 2ms/0.0%, 5ms/0.0%, 10ms/0.0%, 20ms/34.0%, 50ms/73.6%, 100ms/86.8%
[218.400s][info][gc,marking  ] GC(90) Mark: 1 stripe(s), 2 proactive flush(es), 1 terminate flush(es), 0 completion(s), 0 continuation(s) 
[218.400s][info][gc,reloc    ] GC(90) Relocation: Successful, 17M relocated
[218.400s][info][gc,nmethod  ] GC(90) NMethods: 4531 registered, 4 unregistered
[218.400s][info][gc,metaspace] GC(90) Metaspace: 73M used, 77M capacity, 77M committed, 78M reserved
[218.400s][info][gc,ref      ] GC(90) Soft: 4917 encountered, 0 discovered, 0 enqueued
[218.400s][info][gc,ref      ] GC(90) Weak: 5006 encountered, 3963 discovered, 5 enqueued
[218.400s][info][gc,ref      ] GC(90) Final: 28 encountered, 0 discovered, 0 enqueued
[218.400s][info][gc,ref      ] GC(90) Phantom: 663 encountered, 660 discovered, 0 enqueued
[218.400s][info][gc,heap     ] GC(90)                Mark Start          Mark End        Relocate Start      Relocate End           High               Low         
[218.400s][info][gc,heap     ] GC(90)  Capacity:     1000M (100%)       1000M (100%)       1000M (100%)       1000M (100%)       1000M (100%)       1000M (100%)   
[218.400s][info][gc,heap     ] GC(90)   Reserve:       34M (3%)           34M (3%)           34M (3%)           34M (3%)           34M (3%)           34M (3%)     
[218.400s][info][gc,heap     ] GC(90)      Free:      510M (51%)         352M (35%)         518M (52%)         558M (56%)         558M (56%)         340M (34%)    
[218.400s][info][gc,heap     ] GC(90)      Used:      456M (46%)         614M (61%)         448M (45%)         408M (41%)         626M (63%)         408M (41%)    
[218.400s][info][gc,heap     ] GC(90)      Live:         -               204M (20%)         204M (20%)         204M (20%)            -                  -          
[218.400s][info][gc,heap     ] GC(90) Allocated:         -               158M (16%)         170M (17%)         178M (18%)            -                  -          
[218.400s][info][gc,heap     ] GC(90)   Garbage:         -               251M (25%)          73M (7%)           33M (3%)             -                  -          
[218.400s][info][gc,heap     ] GC(90) Reclaimed:         -                  -               178M (18%)         218M (22%)            -                  -          
[218.400s][info][gc          ] GC(90) Garbage Collection (Allocation Rate) 456M(46%)->408M(41%)
[218.816s][info][gc,start    ] GC(91) Garbage Collection (Allocation Rate)
[218.823s][info][gc,phases   ] GC(91) Pause Mark Start 6.879ms
[220.212s][info][gc,stats    ] === Garbage Collection Statistics =======================================================================================================================
[220.213s][info][gc,stats    ]                                                              Last 10s              Last 10m              Last 10h                Total
[220.213s][info][gc,stats    ]                                                              Avg / Max             Avg / Max             Avg / Max             Avg / Max
[220.213s][info][gc,stats    ]   Collector: Garbage Collection Cycle                   2240.003 / 2605.241   1777.474 / 5279.755   1777.474 / 5279.755   1777.474 / 5279.755    ms
[220.213s][info][gc,stats    ]  Contention: Mark Segment Reset Contention                     0 / 0                 0 / 0                 0 / 0                 0 / 0           ops/s
[220.213s][info][gc,stats    ]  Contention: Mark SeqNum Reset Contention                      0 / 0                 0 / 0                 0 / 0                 0 / 0           ops/s
[220.213s][info][gc,stats    ]  Contention: Relocation Contention                             0 / 0                 0 / 3                 0 / 3                 0 / 3           ops/s
[220.213s][info][gc,stats    ]    Critical: Allocation Stall                              0.000 / 0.000       398.430 / 717.412     398.430 / 717.412     398.430 / 717.412     ms
[220.213s][info][gc,stats    ]    Critical: Allocation Stall                                  0 / 0                 0 / 1                 0 / 1                 0 / 1           ops/s
[220.213s][info][gc,stats    ]    Critical: GC Locker Stall                               0.000 / 0.000         2.838 / 8.487         2.838 / 8.487         2.838 / 8.487       ms
[220.213s][info][gc,stats    ]    Critical: GC Locker Stall                                   0 / 0                 0 / 1                 0 / 1                 0 / 1           ops/s
[220.213s][info][gc,stats    ]      Memory: Allocation Rate                                  83 / 140             113 / 600             113 / 600             113 / 600         MB/s
[220.213s][info][gc,stats    ]      Memory: Heap Used After Mark                            668 / 846             644 / 966             644 / 966             644 / 966         MB
[220.213s][info][gc,stats    ]      Memory: Heap Used After Relocation                      446 / 576             396 / 908             396 / 908             396 / 908         MB
[220.213s][info][gc,stats    ]      Memory: Heap Used Before Mark                           462 / 576             489 / 908             489 / 908             489 / 908         MB
[220.213s][info][gc,stats    ]      Memory: Heap Used Before Relocation                     594 / 840             516 / 938             516 / 938             516 / 938         MB
[220.213s][info][gc,stats    ]      Memory: Out Of Memory                                     0 / 0                 0 / 0                 0 / 0                 0 / 0           ops/s
[220.213s][info][gc,stats    ]      Memory: Page Cache Flush                                  3 / 18                4 / 100               4 / 100               4 / 100         MB/s
[220.213s][info][gc,stats    ]      Memory: Page Cache Hit L1                                32 / 55               51 / 301              51 / 301              51 / 301         ops/s
[220.213s][info][gc,stats    ]      Memory: Page Cache Hit L2                                 0 / 0                 0 / 0                 0 / 0                 0 / 0           ops/s
[220.213s][info][gc,stats    ]      Memory: Page Cache Miss                                   0 / 2                 2 / 114               2 / 114               2 / 114         ops/s
[220.213s][info][gc,stats    ]      Memory: Undo Object Allocation Failed                     0 / 0                 0 / 0                 0 / 0                 0 / 0           ops/s
[220.213s][info][gc,stats    ]      Memory: Undo Object Allocation Succeeded                  0 / 0                 0 / 3                 0 / 3                 0 / 3           ops/s
[220.213s][info][gc,stats    ]      Memory: Undo Page Allocation                              0 / 0                 0 / 1                 0 / 1                 0 / 1           ops/s
[220.213s][info][gc,stats    ]       Phase: Concurrent Destroy Detached Pages             0.179 / 0.710         0.011 / 0.710         0.011 / 0.710         0.011 / 0.710       ms
[220.213s][info][gc,stats    ]       Phase: Concurrent Mark                            1989.574 / 2303.753   1545.043 / 5208.825   1545.043 / 5208.825   1545.043 / 5208.825    ms
[220.213s][info][gc,stats    ]       Phase: Concurrent Mark Continue                      0.000 / 0.000         0.000 / 0.000         0.000 / 0.000         0.000 / 0.000       ms
[220.213s][info][gc,stats    ]       Phase: Concurrent Prepare Relocation Set             1.925 / 5.083         6.697 / 67.644        6.697 / 67.644        6.697 / 67.644      ms
[220.213s][info][gc,stats    ]       Phase: Concurrent Process Non-Strong References      5.410 / 10.097        2.893 / 16.338        2.893 / 16.338        2.893 / 16.338      ms
[220.213s][info][gc,stats    ]       Phase: Concurrent Relocate                         199.626 / 260.445     189.905 / 851.942     189.905 / 851.942     189.905 / 851.942     ms
[220.213s][info][gc,stats    ]       Phase: Concurrent Reset Relocation Set               0.029 / 0.043         0.223 / 3.530         0.223 / 3.530         0.223 / 3.530       ms
[220.213s][info][gc,stats    ]       Phase: Concurrent Select Relocation Set              2.602 / 5.709         2.618 / 40.732        2.618 / 40.732        2.618 / 40.732      ms
[220.213s][info][gc,stats    ]       Phase: Pause Mark End                                0.278 / 0.291         0.289 / 1.034         0.289 / 1.034         0.289 / 1.034       ms
[220.213s][info][gc,stats    ]       Phase: Pause Mark Start                              6.581 / 9.385         3.355 / 10.932        3.355 / 10.932        3.355 / 10.932      ms
[220.213s][info][gc,stats    ]       Phase: Pause Relocate Start                          4.748 / 7.240         4.196 / 12.570        4.196 / 12.570        4.196 / 12.570      ms
[220.213s][info][gc,stats    ]    Subphase: Concurrent Mark                            1981.207 / 2294.913   1542.583 / 5208.804   1542.583 / 5208.804   1542.583 / 5208.804    ms
[220.213s][info][gc,stats    ]    Subphase: Concurrent Mark Idle                          0.000 / 0.000         0.000 / 0.000         0.000 / 0.000         0.000 / 0.000       ms
[220.213s][info][gc,stats    ]    Subphase: Concurrent Mark Try Flush                     1.666 / 3.974         4.001 / 35.831        4.001 / 35.831        4.001 / 35.831      ms
[220.213s][info][gc,stats    ]    Subphase: Concurrent Mark Try Terminate                 1.251 / 3.951         1.299 / 13.741        1.299 / 13.741        1.299 / 13.741      ms
[220.213s][info][gc,stats    ]    Subphase: Concurrent References Enqueue                 0.005 / 0.015         0.002 / 0.015         0.002 / 0.015         0.002 / 0.015       ms
[220.213s][info][gc,stats    ]    Subphase: Concurrent References Process                 0.826 / 0.877         1.223 / 11.837        1.223 / 11.837        1.223 / 11.837      ms
[220.213s][info][gc,stats    ]    Subphase: Concurrent Weak Roots                         0.843 / 0.870         1.006 / 15.568        1.006 / 15.568        1.006 / 15.568      ms
[220.213s][info][gc,stats    ]    Subphase: Concurrent Weak Roots JNIWeakHandles          0.000 / 0.001         0.000 / 0.001         0.000 / 0.001         0.000 / 0.001       ms
[220.213s][info][gc,stats    ]    Subphase: Concurrent Weak Roots StringTable             0.612 / 0.635         0.804 / 15.352        0.804 / 15.352        0.804 / 15.352      ms
[220.213s][info][gc,stats    ]    Subphase: Concurrent Weak Roots VMWeakHandles           0.228 / 0.258         0.200 / 0.321         0.200 / 0.321         0.200 / 0.321       ms
[220.213s][info][gc,stats    ]    Subphase: Pause Mark Try Complete                       0.000 / 0.000         0.002 / 0.002         0.002 / 0.002         0.002 / 0.002       ms
[220.213s][info][gc,stats    ]    Subphase: Pause Remap TLABS                             0.002 / 0.002         0.002 / 0.026         0.002 / 0.026         0.002 / 0.026       ms
[220.213s][info][gc,stats    ]    Subphase: Pause Retire TLABS                            0.019 / 0.021         0.017 / 0.042         0.017 / 0.042         0.017 / 0.042       ms
[220.213s][info][gc,stats    ]    Subphase: Pause Roots                                   2.977 / 9.009         1.965 / 12.371        1.965 / 12.371        1.965 / 12.371      ms
[220.213s][info][gc,stats    ]    Subphase: Pause Roots ClassLoaderDataGraph              0.691 / 0.824         0.749 / 11.302        0.749 / 11.302        0.749 / 11.302      ms
[220.213s][info][gc,stats    ]    Subphase: Pause Roots CodeCache                         3.287 / 7.854         1.702 / 9.450         1.702 / 9.450         1.702 / 9.450       ms
[220.213s][info][gc,stats    ]    Subphase: Pause Roots JNIHandles                        0.001 / 0.001         0.001 / 0.005         0.001 / 0.005         0.001 / 0.005       ms
[220.213s][info][gc,stats    ]    Subphase: Pause Roots JNIWeakHandles                    0.000 / 0.000         0.000 / 0.000         0.000 / 0.000         0.000 / 0.000       ms
[220.213s][info][gc,stats    ]    Subphase: Pause Roots JRFWeak                           0.000 / 0.000         0.000 / 0.000         0.000 / 0.000         0.000 / 0.000       ms
[220.213s][info][gc,stats    ]    Subphase: Pause Roots JVMTIExport                       0.001 / 0.001         0.001 / 0.002         0.001 / 0.002         0.001 / 0.002       ms
[220.213s][info][gc,stats    ]    Subphase: Pause Roots JVMTIWeakExport                   0.001 / 0.001         0.001 / 0.002         0.001 / 0.002         0.001 / 0.002       ms
[220.213s][info][gc,stats    ]    Subphase: Pause Roots Management                        0.001 / 0.002         0.025 / 4.405         0.025 / 4.405         0.025 / 4.405       ms
[220.213s][info][gc,stats    ]    Subphase: Pause Roots ObjectSynchronizer                0.000 / 0.000         0.000 / 0.001         0.000 / 0.001         0.000 / 0.001       ms
[220.213s][info][gc,stats    ]    Subphase: Pause Roots Setup                             0.214 / 0.357         0.187 / 0.504         0.187 / 0.504         0.187 / 0.504       ms
[220.213s][info][gc,stats    ]    Subphase: Pause Roots StringTable                       0.000 / 0.000         0.000 / 0.000         0.000 / 0.000         0.000 / 0.000       ms
[220.213s][info][gc,stats    ]    Subphase: Pause Roots SystemDictionary                  0.012 / 0.013         0.013 / 0.072         0.013 / 0.072         0.013 / 0.072       ms
[220.213s][info][gc,stats    ]    Subphase: Pause Roots Teardown                          0.002 / 0.005         0.002 / 0.016         0.002 / 0.016         0.002 / 0.016       ms
[220.213s][info][gc,stats    ]    Subphase: Pause Roots Threads                           0.310 / 0.597         0.296 / 4.291         0.296 / 4.291         0.296 / 4.291       ms
[220.213s][info][gc,stats    ]    Subphase: Pause Roots Universe                          0.002 / 0.003         0.005 / 0.365         0.005 / 0.365         0.005 / 0.365       ms
[220.213s][info][gc,stats    ]    Subphase: Pause Roots VMWeakHandles                     0.000 / 0.000         0.000 / 0.000         0.000 / 0.000         0.000 / 0.000       ms
[220.213s][info][gc,stats    ]    Subphase: Pause Weak Roots                              0.002 / 0.002         0.002 / 0.009         0.002 / 0.009         0.002 / 0.009       ms
[220.213s][info][gc,stats    ]    Subphase: Pause Weak Roots JFRWeak                      0.001 / 0.001         0.001 / 0.001         0.001 / 0.001         0.001 / 0.001       ms
[220.213s][info][gc,stats    ]    Subphase: Pause Weak Roots JNIWeakHandles               0.000 / 0.000         0.000 / 0.000         0.000 / 0.000         0.000 / 0.000       ms
[220.213s][info][gc,stats    ]    Subphase: Pause Weak Roots JVMTIWeakExport              0.001 / 0.001         0.001 / 0.007         0.001 / 0.007         0.001 / 0.007       ms
[220.213s][info][gc,stats    ]    Subphase: Pause Weak Roots Setup                        0.000 / 0.000         0.000 / 0.000         0.000 / 0.000         0.000 / 0.000       ms
[220.213s][info][gc,stats    ]    Subphase: Pause Weak Roots StringTable                  0.000 / 0.000         0.000 / 0.000         0.000 / 0.000         0.000 / 0.000       ms
[220.213s][info][gc,stats    ]    Subphase: Pause Weak Roots SymbolTable                  0.000 / 0.000         0.000 / 0.000         0.000 / 0.000         0.000 / 0.000       ms
[220.213s][info][gc,stats    ]    Subphase: Pause Weak Roots Teardown                     0.001 / 0.001         0.001 / 0.001         0.001 / 0.001         0.001 / 0.001       ms
[220.213s][info][gc,stats    ]    Subphase: Pause Weak Roots VMWeakHandles                0.000 / 0.000         0.000 / 0.000         0.000 / 0.000         0.000 / 0.000       ms
[220.213s][info][gc,stats    ]      System: Java Threads                                     75 / 83               68 / 106              68 / 106              68 / 106         threads
[220.213s][info][gc,stats    ] =========================================================================================================================================================
[220.461s][info][gc,phases   ] GC(91) Concurrent Mark 1637.898ms
[220.468s][info][gc,phases   ] GC(91) Pause Mark End 0.270ms
[220.469s][info][gc,phases   ] GC(91) Concurrent Process Non-Strong References 1.655ms
[220.469s][info][gc,phases   ] GC(91) Concurrent Reset Relocation Set 0.009ms
[220.469s][info][gc,phases   ] GC(91) Concurrent Destroy Detached Pages 0.000ms
[220.471s][info][gc,phases   ] GC(91) Concurrent Select Relocation Set 1.518ms
[220.471s][info][gc,phases   ] GC(91) Concurrent Prepare Relocation Set 0.039ms
[220.478s][info][gc,phases   ] GC(91) Pause Relocate Start 6.692ms
[220.499s][info][gc,phases   ] GC(91) Concurrent Relocate 13.950ms
[220.499s][info][gc,load     ] GC(91) Load: 3.85/4.10/3.22
[220.499s][info][gc,mmu      ] GC(91) MMU: 2ms/0.0%, 5ms/0.0%, 10ms/0.0%, 20ms/34.0%, 50ms/73.6%, 100ms/86.8%
[220.499s][info][gc,marking  ] GC(91) Mark: 1 stripe(s), 2 proactive flush(es), 1 terminate flush(es), 0 completion(s), 0 continuation(s) 
[220.499s][info][gc,reloc    ] GC(91) Relocation: Successful, 11M relocated
[220.499s][info][gc,nmethod  ] GC(91) NMethods: 4563 registered, 4 unregistered
[220.499s][info][gc,metaspace] GC(91) Metaspace: 73M used, 77M capacity, 77M committed, 78M reserved
[220.499s][info][gc,ref      ] GC(91) Soft: 4919 encountered, 0 discovered, 0 enqueued
[220.499s][info][gc,ref      ] GC(91) Weak: 5100 encountered, 3989 discovered, 160 enqueued
[220.499s][info][gc,ref      ] GC(91) Final: 28 encountered, 0 discovered, 0 enqueued
[220.499s][info][gc,ref      ] GC(91) Phantom: 663 encountered, 660 discovered, 0 enqueued
[220.499s][info][gc,heap     ] GC(91)                Mark Start          Mark End        Relocate Start      Relocate End           High               Low         
[220.499s][info][gc,heap     ] GC(91)  Capacity:     1000M (100%)       1000M (100%)       1000M (100%)       1000M (100%)       1000M (100%)       1000M (100%)   
[220.499s][info][gc,heap     ] GC(91)   Reserve:       34M (3%)           34M (3%)           34M (3%)           34M (3%)           34M (3%)           34M (3%)     
[220.499s][info][gc,heap     ] GC(91)      Free:      512M (51%)         334M (33%)         546M (55%)         562M (56%)         562M (56%)         334M (33%)    
[220.499s][info][gc,heap     ] GC(91)      Used:      454M (45%)         632M (63%)         420M (42%)         404M (40%)         632M (63%)         404M (40%)    
[220.499s][info][gc,heap     ] GC(91)      Live:         -               191M (19%)         191M (19%)         191M (19%)            -                  -          
[220.499s][info][gc,heap     ] GC(91) Allocated:         -               178M (18%)         178M (18%)         182M (18%)            -                  -          
[220.499s][info][gc,heap     ] GC(91)   Garbage:         -               262M (26%)          50M (5%)           34M (3%)             -                  -          
[220.499s][info][gc,heap     ] GC(91) Reclaimed:         -                  -               212M (21%)         228M (23%)            -                  -          
[220.499s][info][gc          ] GC(91) Garbage Collection (Allocation Rate) 454M(45%)->404M(40%)
[220.512s][info][gc,start    ] GC(92) Garbage Collection (Allocation Rate)
[220.519s][info][gc,phases   ] GC(92) Pause Mark Start 3.345ms
[222.160s][info][gc,phases   ] GC(92) Concurrent Mark 1641.113ms
[222.168s][info][gc,phases   ] GC(92) Pause Mark End 0.285ms
[222.177s][info][gc,phases   ] GC(92) Concurrent Process Non-Strong References 6.654ms
[222.177s][info][gc,phases   ] GC(92) Concurrent Reset Relocation Set 0.005ms
[222.177s][info][gc,phases   ] GC(92) Concurrent Destroy Detached Pages 0.001ms
[222.179s][info][gc,phases   ] GC(92) Concurrent Select Relocation Set 1.536ms
[222.179s][info][gc,phases   ] GC(92) Concurrent Prepare Relocation Set 0.518ms
[222.187s][info][gc,phases   ] GC(92) Pause Relocate Start 2.976ms
[222.312s][info][gc,phases   ] GC(92) Concurrent Relocate 121.756ms
[222.313s][info][gc,load     ] GC(92) Load: 3.85/4.10/3.22
[222.313s][info][gc,mmu      ] GC(92) MMU: 2ms/0.0%, 5ms/0.0%, 10ms/0.0%, 20ms/34.0%, 50ms/73.6%, 100ms/86.8%
[222.313s][info][gc,marking  ] GC(92) Mark: 1 stripe(s), 2 proactive flush(es), 1 terminate flush(es), 0 completion(s), 0 continuation(s) 
[222.313s][info][gc,reloc    ] GC(92) Relocation: Successful, 17M relocated
[222.313s][info][gc,nmethod  ] GC(92) NMethods: 4635 registered, 4 unregistered
[222.313s][info][gc,metaspace] GC(92) Metaspace: 73M used, 77M capacity, 77M committed, 78M reserved
[222.313s][info][gc,ref      ] GC(92) Soft: 4919 encountered, 0 discovered, 0 enqueued
[222.313s][info][gc,ref      ] GC(92) Weak: 4894 encountered, 3852 discovered, 1 enqueued
[222.313s][info][gc,ref      ] GC(92) Final: 28 encountered, 0 discovered, 0 enqueued
[222.313s][info][gc,ref      ] GC(92) Phantom: 663 encountered, 660 discovered, 0 enqueued
[222.313s][info][gc,heap     ] GC(92)                Mark Start          Mark End        Relocate Start      Relocate End           High               Low         
[222.313s][info][gc,heap     ] GC(92)  Capacity:     1000M (100%)       1000M (100%)       1000M (100%)       1000M (100%)       1000M (100%)       1000M (100%)   
[222.313s][info][gc,heap     ] GC(92)   Reserve:       34M (3%)           34M (3%)           34M (3%)           34M (3%)           34M (3%)           34M (3%)     
[222.313s][info][gc,heap     ] GC(92)      Free:      562M (56%)         394M (39%)         530M (53%)         548M (55%)         562M (56%)         394M (39%)    
[222.313s][info][gc,heap     ] GC(92)      Used:      404M (40%)         572M (57%)         436M (44%)         418M (42%)         572M (57%)         404M (40%)    
[222.313s][info][gc,heap     ] GC(92)      Live:         -               204M (20%)         204M (20%)         204M (20%)            -                  -          
[222.313s][info][gc,heap     ] GC(92) Allocated:         -               168M (17%)         168M (17%)         188M (19%)            -                  -          
[222.313s][info][gc,heap     ] GC(92)   Garbage:         -               199M (20%)          63M (6%)           33M (3%)             -                  -          
[222.313s][info][gc,heap     ] GC(92) Reclaimed:         -                  -               136M (14%)         166M (17%)            -                  -          
[222.313s][info][gc          ] GC(92) Garbage Collection (Allocation Rate) 404M(40%)->418M(42%)
[223.212s][info][gc,start    ] GC(93) Garbage Collection (Allocation Rate)
[223.227s][info][gc,phases   ] GC(93) Pause Mark Start 3.338ms
[224.815s][info][gc,phases   ] GC(93) Concurrent Mark 1583.435ms
[224.822s][info][gc,phases   ] GC(93) Pause Mark End 0.271ms
[224.824s][info][gc,phases   ] GC(93) Concurrent Process Non-Strong References 1.723ms
[224.832s][info][gc,phases   ] GC(93) Concurrent Reset Relocation Set 0.016ms
[224.832s][info][gc,phases   ] GC(93) Concurrent Destroy Detached Pages 0.001ms
[224.834s][info][gc,phases   ] GC(93) Concurrent Select Relocation Set 1.969ms
[224.835s][info][gc,phases   ] GC(93) Concurrent Prepare Relocation Set 0.746ms
[224.845s][info][gc,phases   ] GC(93) Pause Relocate Start 3.060ms
[225.000s][info][gc,phases   ] GC(93) Concurrent Relocate 155.037ms
[225.000s][info][gc,load     ] GC(93) Load: 3.85/4.10/3.22
[225.000s][info][gc,mmu      ] GC(93) MMU: 2ms/0.0%, 5ms/0.0%, 10ms/0.0%, 20ms/34.0%, 50ms/73.6%, 100ms/86.8%
[225.000s][info][gc,marking  ] GC(93) Mark: 1 stripe(s), 2 proactive flush(es), 1 terminate flush(es), 0 completion(s), 0 continuation(s) 
[225.000s][info][gc,reloc    ] GC(93) Relocation: Successful, 20M relocated
[225.000s][info][gc,nmethod  ] GC(93) NMethods: 4666 registered, 4 unregistered
[225.000s][info][gc,metaspace] GC(93) Metaspace: 73M used, 77M capacity, 77M committed, 78M reserved
[225.000s][info][gc,ref      ] GC(93) Soft: 4922 encountered, 0 discovered, 0 enqueued
[225.000s][info][gc,ref      ] GC(93) Weak: 4945 encountered, 3843 discovered, 57 enqueued
[225.000s][info][gc,ref      ] GC(93) Final: 28 encountered, 0 discovered, 0 enqueued
[225.000s][info][gc,ref      ] GC(93) Phantom: 665 encountered, 471 discovered, 0 enqueued
[225.000s][info][gc,heap     ] GC(93)                Mark Start          Mark End        Relocate Start      Relocate End           High               Low         
[225.000s][info][gc,heap     ] GC(93)  Capacity:     1000M (100%)       1000M (100%)       1000M (100%)       1000M (100%)       1000M (100%)       1000M (100%)   
[225.000s][info][gc,heap     ] GC(93)   Reserve:       34M (3%)           34M (3%)           34M (3%)           34M (3%)           34M (3%)           34M (3%)     
[225.000s][info][gc,heap     ] GC(93)      Free:      464M (46%)         286M (29%)         470M (47%)         526M (53%)         526M (53%)         284M (28%)    
[225.000s][info][gc,heap     ] GC(93)      Used:      502M (50%)         680M (68%)         496M (50%)         440M (44%)         682M (68%)         440M (44%)    
[225.000s][info][gc,heap     ] GC(93)      Live:         -               211M (21%)         211M (21%)         211M (21%)            -                  -          
[225.000s][info][gc,heap     ] GC(93) Allocated:         -               178M (18%)         180M (18%)         208M (21%)            -                  -          
[225.000s][info][gc,heap     ] GC(93)   Garbage:         -               290M (29%)         104M (10%)          32M (3%)             -                  -          
[225.000s][info][gc,heap     ] GC(93) Reclaimed:         -                  -               186M (19%)         258M (26%)            -                  -          
[225.000s][info][gc          ] GC(93) Garbage Collection (Allocation Rate) 502M(50%)->440M(44%)
[225.116s][info][gc,start    ] GC(94) Garbage Collection (Allocation Rate)
[225.134s][info][gc,phases   ] GC(94) Pause Mark Start 3.403ms
[226.769s][info][gc,phases   ] GC(94) Concurrent Mark 1629.154ms
[226.769s][info][gc,phases   ] GC(94) Pause Mark End 0.281ms
[226.777s][info][gc,phases   ] GC(94) Concurrent Process Non-Strong References 7.606ms
[226.777s][info][gc,phases   ] GC(94) Concurrent Reset Relocation Set 0.013ms
[226.777s][info][gc,phases   ] GC(94) Concurrent Destroy Detached Pages 0.001ms
[226.779s][info][gc,phases   ] GC(94) Concurrent Select Relocation Set 1.511ms
[226.780s][info][gc,phases   ] GC(94) Concurrent Prepare Relocation Set 0.758ms
[226.793s][info][gc,phases   ] GC(94) Pause Relocate Start 2.986ms
[226.948s][info][gc,phases   ] GC(94) Concurrent Relocate 154.154ms
[226.948s][info][gc,load     ] GC(94) Load: 3.86/4.10/3.22
[226.948s][info][gc,mmu      ] GC(94) MMU: 2ms/0.0%, 5ms/0.0%, 10ms/0.0%, 20ms/34.0%, 50ms/73.6%, 100ms/86.8%
[226.948s][info][gc,marking  ] GC(94) Mark: 1 stripe(s), 2 proactive flush(es), 1 terminate flush(es), 0 completion(s), 0 continuation(s) 
[226.948s][info][gc,reloc    ] GC(94) Relocation: Successful, 20M relocated
[226.948s][info][gc,nmethod  ] GC(94) NMethods: 4679 registered, 4 unregistered
[226.948s][info][gc,metaspace] GC(94) Metaspace: 73M used, 77M capacity, 77M committed, 78M reserved
[226.948s][info][gc,ref      ] GC(94) Soft: 4922 encountered, 0 discovered, 0 enqueued
[226.948s][info][gc,ref      ] GC(94) Weak: 4949 encountered, 3841 discovered, 2 enqueued
[226.948s][info][gc,ref      ] GC(94) Final: 28 encountered, 0 discovered, 0 enqueued
[226.948s][info][gc,ref      ] GC(94) Phantom: 665 encountered, 471 discovered, 0 enqueued
[226.948s][info][gc,heap     ] GC(94)                Mark Start          Mark End        Relocate Start      Relocate End           High               Low         
[226.948s][info][gc,heap     ] GC(94)  Capacity:     1000M (100%)       1000M (100%)       1000M (100%)       1000M (100%)       1000M (100%)       1000M (100%)   
[226.948s][info][gc,heap     ] GC(94)   Reserve:       34M (3%)           34M (3%)           34M (3%)           34M (3%)           34M (3%)           34M (3%)     
[226.948s][info][gc,heap     ] GC(94)      Free:      508M (51%)         330M (33%)         468M (47%)         526M (53%)         526M (53%)         328M (33%)    
[226.948s][info][gc,heap     ] GC(94)      Used:      458M (46%)         636M (64%)         498M (50%)         440M (44%)         638M (64%)         440M (44%)    
[226.948s][info][gc,heap     ] GC(94)      Live:         -               211M (21%)         211M (21%)         211M (21%)            -                  -          
[226.948s][info][gc,heap     ] GC(94) Allocated:         -               178M (18%)         180M (18%)         208M (21%)            -                  -          
[226.948s][info][gc,heap     ] GC(94)   Garbage:         -               246M (25%)         106M (11%)          32M (3%)             -                  -          
[226.948s][info][gc,heap     ] GC(94) Reclaimed:         -                  -               140M (14%)         214M (21%)            -                  -          
[226.948s][info][gc          ] GC(94) Garbage Collection (Allocation Rate) 458M(46%)->440M(44%)
[227.112s][info][gc,start    ] GC(95) Garbage Collection (Allocation Rate)
[227.117s][info][gc,phases   ] GC(95) Pause Mark Start 5.413ms
[228.593s][info][gc,phases   ] GC(95) Concurrent Mark 1475.588ms
[228.599s][info][gc,phases   ] GC(95) Pause Mark End 0.282ms
[228.601s][info][gc,phases   ] GC(95) Concurrent Process Non-Strong References 1.646ms
[228.601s][info][gc,phases   ] GC(95) Concurrent Reset Relocation Set 0.014ms
[228.601s][info][gc,phases   ] GC(95) Concurrent Destroy Detached Pages 0.000ms
[228.603s][info][gc,phases   ] GC(95) Concurrent Select Relocation Set 1.945ms
[228.603s][info][gc,phases   ] GC(95) Concurrent Prepare Relocation Set 0.030ms
[228.613s][info][gc,phases   ] GC(95) Pause Relocate Start 7.997ms
[228.628s][info][gc,phases   ] GC(95) Concurrent Relocate 15.070ms
[228.628s][info][gc,load     ] GC(95) Load: 3.86/4.10/3.22
[228.629s][info][gc,mmu      ] GC(95) MMU: 2ms/0.0%, 5ms/0.0%, 10ms/0.0%, 20ms/34.0%, 50ms/73.6%, 100ms/86.8%
[228.629s][info][gc,marking  ] GC(95) Mark: 1 stripe(s), 2 proactive flush(es), 1 terminate flush(es), 0 completion(s), 0 continuation(s) 
[228.629s][info][gc,reloc    ] GC(95) Relocation: Successful, 11M relocated
[228.629s][info][gc,nmethod  ] GC(95) NMethods: 4696 registered, 4 unregistered
[228.629s][info][gc,metaspace] GC(95) Metaspace: 73M used, 77M capacity, 77M committed, 78M reserved
[228.629s][info][gc,ref      ] GC(95) Soft: 4922 encountered, 0 discovered, 0 enqueued
[228.629s][info][gc,ref      ] GC(95) Weak: 4938 encountered, 3870 discovered, 62 enqueued
[228.629s][info][gc,ref      ] GC(95) Final: 28 encountered, 0 discovered, 0 enqueued
[228.629s][info][gc,ref      ] GC(95) Phantom: 663 encountered, 659 discovered, 0 enqueued
[228.629s][info][gc,heap     ] GC(95)                Mark Start          Mark End        Relocate Start      Relocate End           High               Low         
[228.629s][info][gc,heap     ] GC(95)  Capacity:     1000M (100%)       1000M (100%)       1000M (100%)       1000M (100%)       1000M (100%)       1000M (100%)   
[228.629s][info][gc,heap     ] GC(95)   Reserve:       34M (3%)           34M (3%)           34M (3%)           34M (3%)           34M (3%)           34M (3%)     
[228.629s][info][gc,heap     ] GC(95)      Free:      498M (50%)         198M (20%)         424M (42%)         442M (44%)         498M (50%)         198M (20%)    
[228.629s][info][gc,heap     ] GC(95)      Used:      468M (47%)         768M (77%)         542M (54%)         524M (52%)         768M (77%)         468M (47%)    
[228.629s][info][gc,heap     ] GC(95)      Live:         -               191M (19%)         191M (19%)         191M (19%)            -                  -          
[228.629s][info][gc,heap     ] GC(95) Allocated:         -               300M (30%)         300M (30%)         302M (30%)            -                  -          
[228.629s][info][gc,heap     ] GC(95)   Garbage:         -               276M (28%)          50M (5%)           32M (3%)             -                  -          
[228.629s][info][gc,heap     ] GC(95) Reclaimed:         -                  -               226M (23%)         244M (24%)            -                  -          
[228.629s][info][gc          ] GC(95) Garbage Collection (Allocation Rate) 468M(47%)->524M(52%)
[228.712s][info][gc,start    ] GC(96) Garbage Collection (Allocation Rate)
[228.719s][info][gc,phases   ] GC(96) Pause Mark Start 3.430ms
[230.216s][info][gc,stats    ] === Garbage Collection Statistics =======================================================================================================================
[230.216s][info][gc,stats    ]                                                              Last 10s              Last 10m              Last 10h                Total
[230.216s][info][gc,stats    ]                                                              Avg / Max             Avg / Max             Avg / Max             Avg / Max
[230.216s][info][gc,stats    ]   Collector: Garbage Collection Cycle                   1723.877 / 1831.367   1774.683 / 5279.755   1774.683 / 5279.755   1774.683 / 5279.755    ms
[230.216s][info][gc,stats    ]  Contention: Mark Segment Reset Contention                     0 / 0                 0 / 0                 0 / 0                 0 / 0           ops/s
[230.216s][info][gc,stats    ]  Contention: Mark SeqNum Reset Contention                      0 / 0                 0 / 0                 0 / 0                 0 / 0           ops/s
[230.216s][info][gc,stats    ]  Contention: Relocation Contention                             0 / 0                 0 / 3                 0 / 3                 0 / 3           ops/s
[230.216s][info][gc,stats    ]    Critical: Allocation Stall                              0.000 / 0.000       398.430 / 717.412     398.430 / 717.412     398.430 / 717.412     ms
[230.216s][info][gc,stats    ]    Critical: Allocation Stall                                  0 / 0                 0 / 1                 0 / 1                 0 / 1           ops/s
[230.216s][info][gc,stats    ]    Critical: GC Locker Stall                               0.000 / 0.000         2.838 / 8.487         2.838 / 8.487         2.838 / 8.487       ms
[230.216s][info][gc,stats    ]    Critical: GC Locker Stall                                   0 / 0                 0 / 1                 0 / 1                 0 / 1           ops/s
[230.216s][info][gc,stats    ]      Memory: Allocation Rate                                 111 / 262             113 / 600             113 / 600             113 / 600         MB/s
[230.216s][info][gc,stats    ]      Memory: Heap Used After Mark                            657 / 768             645 / 966             645 / 966             645 / 966         MB
[230.216s][info][gc,stats    ]      Memory: Heap Used After Relocation                      445 / 524             399 / 908             399 / 908             399 / 908         MB
[230.216s][info][gc,stats    ]      Memory: Heap Used Before Mark                           471 / 524             488 / 908             488 / 908             488 / 908         MB
[230.216s][info][gc,stats    ]      Memory: Heap Used Before Relocation                     478 / 542             514 / 938             514 / 938             514 / 938         MB
[230.216s][info][gc,stats    ]      Memory: Out Of Memory                                     0 / 0                 0 / 0                 0 / 0                 0 / 0           ops/s
[230.216s][info][gc,stats    ]      Memory: Page Cache Flush                                  0 / 0                 4 / 100               4 / 100               4 / 100         MB/s
[230.216s][info][gc,stats    ]      Memory: Page Cache Hit L1                                46 / 114              50 / 301              50 / 301              50 / 301         ops/s
[230.216s][info][gc,stats    ]      Memory: Page Cache Hit L2                                 0 / 0                 0 / 0                 0 / 0                 0 / 0           ops/s
[230.216s][info][gc,stats    ]      Memory: Page Cache Miss                                   0 / 0                 2 / 114               2 / 114               2 / 114         ops/s
[230.216s][info][gc,stats    ]      Memory: Undo Object Allocation Failed                     0 / 0                 0 / 0                 0 / 0                 0 / 0           ops/s
[230.216s][info][gc,stats    ]      Memory: Undo Object Allocation Succeeded                  0 / 0                 0 / 3                 0 / 3                 0 / 3           ops/s
[230.216s][info][gc,stats    ]      Memory: Undo Page Allocation                              0 / 0                 0 / 1                 0 / 1                 0 / 1           ops/s
[230.216s][info][gc,stats    ]       Phase: Concurrent Destroy Detached Pages             0.001 / 0.001         0.010 / 0.710         0.010 / 0.710         0.010 / 0.710       ms
[230.216s][info][gc,stats    ]       Phase: Concurrent Mark                            1593.438 / 1641.113   1547.564 / 5208.825   1547.564 / 5208.825   1547.564 / 5208.825    ms
[230.217s][info][gc,stats    ]       Phase: Concurrent Mark Continue                      0.000 / 0.000         0.000 / 0.000         0.000 / 0.000         0.000 / 0.000       ms
[230.217s][info][gc,stats    ]       Phase: Concurrent Prepare Relocation Set             0.418 / 0.758         6.370 / 67.644        6.370 / 67.644        6.370 / 67.644      ms
[230.217s][info][gc,stats    ]       Phase: Concurrent Process Non-Strong References      3.857 / 7.606         2.943 / 16.338        2.943 / 16.338        2.943 / 16.338      ms
[230.217s][info][gc,stats    ]       Phase: Concurrent Relocate                          91.993 / 155.037     184.806 / 851.942     184.806 / 851.942     184.806 / 851.942     ms
[230.217s][info][gc,stats    ]       Phase: Concurrent Reset Relocation Set               0.011 / 0.016         0.212 / 3.530         0.212 / 3.530         0.212 / 3.530       ms
[230.217s][info][gc,stats    ]       Phase: Concurrent Select Relocation Set              1.696 / 1.969         2.570 / 40.732        2.570 / 40.732        2.570 / 40.732      ms
[230.217s][info][gc,stats    ]       Phase: Pause Mark End                                0.278 / 0.285         0.289 / 1.034         0.289 / 1.034         0.289 / 1.034       ms
[230.217s][info][gc,stats    ]       Phase: Pause Mark Start                              3.786 / 5.413         3.377 / 10.932        3.377 / 10.932        3.377 / 10.932      ms
[230.217s][info][gc,stats    ]       Phase: Pause Relocate Start                          4.742 / 7.997         4.224 / 12.570        4.224 / 12.570        4.224 / 12.570      ms
[230.217s][info][gc,stats    ]    Subphase: Concurrent Mark                            1587.666 / 1640.782   1544.931 / 5208.804   1544.931 / 5208.804   1544.931 / 5208.804    ms
[230.217s][info][gc,stats    ]    Subphase: Concurrent Mark Idle                          0.000 / 0.000         0.000 / 0.000         0.000 / 0.000         0.000 / 0.000       ms
[230.217s][info][gc,stats    ]    Subphase: Concurrent Mark Try Flush                     2.230 / 6.645         3.914 / 35.831        3.914 / 35.831        3.914 / 35.831      ms
[230.217s][info][gc,stats    ]    Subphase: Concurrent Mark Try Terminate                 0.485 / 2.042         1.256 / 13.741        1.256 / 13.741        1.256 / 13.741      ms
[230.217s][info][gc,stats    ]    Subphase: Concurrent References Enqueue                 0.004 / 0.006         0.002 / 0.015         0.002 / 0.015         0.002 / 0.015       ms
[230.217s][info][gc,stats    ]    Subphase: Concurrent References Process                 2.011 / 6.785         1.264 / 11.837        1.264 / 11.837        1.264 / 11.837      ms
[230.217s][info][gc,stats    ]    Subphase: Concurrent Weak Roots                         0.824 / 0.866         0.997 / 15.568        0.997 / 15.568        0.997 / 15.568      ms
[230.217s][info][gc,stats    ]    Subphase: Concurrent Weak Roots JNIWeakHandles          0.000 / 0.001         0.000 / 0.001         0.000 / 0.001         0.000 / 0.001       ms
[230.217s][info][gc,stats    ]    Subphase: Concurrent Weak Roots StringTable             0.606 / 0.658         0.794 / 15.352        0.794 / 15.352        0.794 / 15.352      ms
[230.217s][info][gc,stats    ]    Subphase: Concurrent Weak Roots VMWeakHandles           0.216 / 0.252         0.201 / 0.321         0.201 / 0.321         0.201 / 0.321       ms
[230.217s][info][gc,stats    ]    Subphase: Pause Mark Try Complete                       0.000 / 0.000         0.002 / 0.002         0.002 / 0.002         0.002 / 0.002       ms
[230.217s][info][gc,stats    ]    Subphase: Pause Remap TLABS                             0.002 / 0.003         0.002 / 0.026         0.002 / 0.026         0.002 / 0.026       ms
[230.217s][info][gc,stats    ]    Subphase: Pause Retire TLABS                            0.019 / 0.023         0.017 / 0.042         0.017 / 0.042         0.017 / 0.042       ms
[230.217s][info][gc,stats    ]    Subphase: Pause Roots                                   2.426 / 7.645         1.989 / 12.371        1.989 / 12.371        1.989 / 12.371      ms
[230.217s][info][gc,stats    ]    Subphase: Pause Roots ClassLoaderDataGraph              0.708 / 0.846         0.747 / 11.302        0.747 / 11.302        0.747 / 11.302      ms
[230.217s][info][gc,stats    ]    Subphase: Pause Roots CodeCache                         2.498 / 6.784         1.743 / 9.450         1.743 / 9.450         1.743 / 9.450       ms
[230.217s][info][gc,stats    ]    Subphase: Pause Roots JNIHandles                        0.001 / 0.002         0.001 / 0.005         0.001 / 0.005         0.001 / 0.005       ms
[230.217s][info][gc,stats    ]    Subphase: Pause Roots JNIWeakHandles                    0.000 / 0.000         0.000 / 0.000         0.000 / 0.000         0.000 / 0.000       ms
[230.217s][info][gc,stats    ]    Subphase: Pause Roots JRFWeak                           0.000 / 0.000         0.000 / 0.000         0.000 / 0.000         0.000 / 0.000       ms
[230.217s][info][gc,stats    ]    Subphase: Pause Roots JVMTIExport                       0.001 / 0.001         0.001 / 0.002         0.001 / 0.002         0.001 / 0.002       ms
[230.217s][info][gc,stats    ]    Subphase: Pause Roots JVMTIWeakExport                   0.001 / 0.001         0.001 / 0.002         0.001 / 0.002         0.001 / 0.002       ms
[230.217s][info][gc,stats    ]    Subphase: Pause Roots Management                        0.001 / 0.003         0.024 / 4.405         0.024 / 4.405         0.024 / 4.405       ms
[230.217s][info][gc,stats    ]    Subphase: Pause Roots ObjectSynchronizer                0.000 / 0.001         0.000 / 0.001         0.000 / 0.001         0.000 / 0.001       ms
[230.217s][info][gc,stats    ]    Subphase: Pause Roots Setup                             0.216 / 0.395         0.188 / 0.504         0.188 / 0.504         0.188 / 0.504       ms
[230.217s][info][gc,stats    ]    Subphase: Pause Roots StringTable                       0.000 / 0.000         0.000 / 0.000         0.000 / 0.000         0.000 / 0.000       ms
[230.217s][info][gc,stats    ]    Subphase: Pause Roots SystemDictionary                  0.012 / 0.013         0.013 / 0.072         0.013 / 0.072         0.013 / 0.072       ms
[230.217s][info][gc,stats    ]    Subphase: Pause Roots Teardown                          0.001 / 0.002         0.001 / 0.016         0.001 / 0.016         0.001 / 0.016       ms
[230.217s][info][gc,stats    ]    Subphase: Pause Roots Threads                           0.273 / 0.350         0.294 / 4.291         0.294 / 4.291         0.294 / 4.291       ms
[230.217s][info][gc,stats    ]    Subphase: Pause Roots Universe                          0.003 / 0.009         0.005 / 0.365         0.005 / 0.365         0.005 / 0.365       ms
[230.217s][info][gc,stats    ]    Subphase: Pause Roots VMWeakHandles                     0.000 / 0.000         0.000 / 0.000         0.000 / 0.000         0.000 / 0.000       ms
[230.217s][info][gc,stats    ]    Subphase: Pause Weak Roots                              0.002 / 0.002         0.002 / 0.009         0.002 / 0.009         0.002 / 0.009       ms
[230.217s][info][gc,stats    ]    Subphase: Pause Weak Roots JFRWeak                      0.001 / 0.001         0.001 / 0.001         0.001 / 0.001         0.001 / 0.001       ms
[230.217s][info][gc,stats    ]    Subphase: Pause Weak Roots JNIWeakHandles               0.000 / 0.000         0.000 / 0.000         0.000 / 0.000         0.000 / 0.000       ms
[230.217s][info][gc,stats    ]    Subphase: Pause Weak Roots JVMTIWeakExport              0.001 / 0.001         0.001 / 0.007         0.001 / 0.007         0.001 / 0.007       ms
[230.217s][info][gc,stats    ]    Subphase: Pause Weak Roots Setup                        0.000 / 0.000         0.000 / 0.000         0.000 / 0.000         0.000 / 0.000       ms
[230.217s][info][gc,stats    ]    Subphase: Pause Weak Roots StringTable                  0.000 / 0.000         0.000 / 0.000         0.000 / 0.000         0.000 / 0.000       ms
[230.217s][info][gc,stats    ]    Subphase: Pause Weak Roots SymbolTable                  0.000 / 0.000         0.000 / 0.000         0.000 / 0.000         0.000 / 0.000       ms
[230.217s][info][gc,stats    ]    Subphase: Pause Weak Roots Teardown                     0.001 / 0.001         0.001 / 0.001         0.001 / 0.001         0.001 / 0.001       ms
[230.217s][info][gc,stats    ]    Subphase: Pause Weak Roots VMWeakHandles                0.000 / 0.000         0.000 / 0.000         0.000 / 0.000         0.000 / 0.000       ms
[230.217s][info][gc,stats    ]      System: Java Threads                                     70 / 74               68 / 106              68 / 106              68 / 106         threads
[230.217s][info][gc,stats    ] =========================================================================================================================================================
[230.686s][info][gc,phases   ] GC(96) Concurrent Mark 1967.328ms
[230.693s][info][gc,phases   ] GC(96) Pause Mark End 0.272ms
[230.695s][info][gc,phases   ] GC(96) Concurrent Process Non-Strong References 1.626ms
[230.695s][info][gc,phases   ] GC(96) Concurrent Reset Relocation Set 0.003ms
[230.695s][info][gc,phases   ] GC(96) Concurrent Destroy Detached Pages 0.000ms
[230.701s][info][gc,phases   ] GC(96) Concurrent Select Relocation Set 5.515ms
[230.715s][info][gc,phases   ] GC(96) Concurrent Prepare Relocation Set 14.121ms
[230.723s][info][gc,phases   ] GC(96) Pause Relocate Start 8.115ms
[231.161s][info][gc,phases   ] GC(96) Concurrent Relocate 437.579ms
[231.167s][info][gc,load     ] GC(96) Load: 3.87/4.10/3.23
[231.167s][info][gc,mmu      ] GC(96) MMU: 2ms/0.0%, 5ms/0.0%, 10ms/0.0%, 20ms/34.0%, 50ms/73.6%, 100ms/86.8%
[231.167s][info][gc,marking  ] GC(96) Mark: 1 stripe(s), 2 proactive flush(es), 1 terminate flush(es), 0 completion(s), 0 continuation(s) 
[231.167s][info][gc,reloc    ] GC(96) Relocation: Successful, 37M relocated
[231.167s][info][gc,nmethod  ] GC(96) NMethods: 4704 registered, 4 unregistered
[231.167s][info][gc,metaspace] GC(96) Metaspace: 73M used, 77M capacity, 77M committed, 78M reserved
[231.167s][info][gc,ref      ] GC(96) Soft: 4921 encountered, 0 discovered, 0 enqueued
[231.167s][info][gc,ref      ] GC(96) Weak: 4951 encountered, 3837 discovered, 91 enqueued
[231.167s][info][gc,ref      ] GC(96) Final: 28 encountered, 0 discovered, 0 enqueued
[231.167s][info][gc,ref      ] GC(96) Phantom: 662 encountered, 659 discovered, 0 enqueued
[231.167s][info][gc,heap     ] GC(96)                Mark Start          Mark End        Relocate Start      Relocate End           High               Low         
[231.167s][info][gc,heap     ] GC(96)  Capacity:     1000M (100%)       1000M (100%)       1000M (100%)       1000M (100%)       1000M (100%)       1000M (100%)   
[231.167s][info][gc,heap     ] GC(96)   Reserve:       34M (3%)           34M (3%)           34M (3%)           34M (3%)           34M (3%)           34M (3%)     
[231.167s][info][gc,heap     ] GC(96)      Free:      442M (44%)         342M (34%)         346M (35%)         604M (60%)         604M (60%)         342M (34%)    
[231.167s][info][gc,heap     ] GC(96)      Used:      524M (52%)         624M (62%)         620M (62%)         362M (36%)         624M (62%)         362M (36%)    
[231.167s][info][gc,heap     ] GC(96)      Live:         -               223M (22%)         223M (22%)         223M (22%)            -                  -          
[231.167s][info][gc,heap     ] GC(96) Allocated:         -               100M (10%)         102M (10%)         166M (17%)            -                  -          
[231.167s][info][gc,heap     ] GC(96)   Garbage:         -               300M (30%)         294M (29%)          36M (4%)             -                  -          
[231.167s][info][gc,heap     ] GC(96) Reclaimed:         -                  -                 6M (1%)          264M (26%)            -                  -          
[231.167s][info][gc          ] GC(96) Garbage Collection (Allocation Rate) 524M(52%)->362M(36%)
[231.380s][info][gc,heap     ] Page Cache Flushed: 6M requested, 10M(576M->566M) flushed
[231.394s][info][gc,heap     ] Page Cache Flushed: 2M requested, 10M(562M->552M) flushed
[231.416s][info][gc,start    ] GC(97) Garbage Collection (Allocation Rate)
[231.423s][info][gc,phases   ] GC(97) Pause Mark Start 3.681ms
[231.746s][info][gc,heap     ] Page Cache Flushed: 4M requested, 4M(384M->380M) flushed
[232.187s][info][gc,heap     ] Page Cache Flushed: 6M requested, 6M(232M->226M) flushed
[232.964s][info][gc,phases   ] GC(97) Concurrent Mark 1541.110ms
[232.976s][info][gc,phases   ] GC(97) Pause Mark End 0.360ms
[232.985s][info][gc,phases   ] GC(97) Concurrent Process Non-Strong References 8.319ms
[232.985s][info][gc,phases   ] GC(97) Concurrent Reset Relocation Set 0.045ms
[232.985s][info][gc,phases   ] GC(97) Concurrent Destroy Detached Pages 0.008ms
[232.986s][info][gc,phases   ] GC(97) Concurrent Select Relocation Set 1.604ms
[232.986s][info][gc,phases   ] GC(97) Concurrent Prepare Relocation Set 0.052ms
[233.004s][info][gc,phases   ] GC(97) Pause Relocate Start 2.984ms
[233.042s][info][gc,phases   ] GC(97) Concurrent Relocate 38.601ms
[233.042s][info][gc,load     ] GC(97) Load: 3.87/4.10/3.23
[233.042s][info][gc,mmu      ] GC(97) MMU: 2ms/0.0%, 5ms/0.0%, 10ms/0.0%, 20ms/34.0%, 50ms/73.6%, 100ms/86.8%
[233.042s][info][gc,marking  ] GC(97) Mark: 1 stripe(s), 2 proactive flush(es), 1 terminate flush(es), 0 completion(s), 0 continuation(s) 
[233.042s][info][gc,reloc    ] GC(97) Relocation: Successful, 13M relocated
[233.042s][info][gc,nmethod  ] GC(97) NMethods: 4741 registered, 4 unregistered
[233.042s][info][gc,metaspace] GC(97) Metaspace: 73M used, 77M capacity, 77M committed, 78M reserved
[233.042s][info][gc,ref      ] GC(97) Soft: 4921 encountered, 0 discovered, 0 enqueued
[233.042s][info][gc,ref      ] GC(97) Weak: 4863 encountered, 3776 discovered, 11 enqueued
[233.042s][info][gc,ref      ] GC(97) Final: 28 encountered, 0 discovered, 0 enqueued
[233.042s][info][gc,ref      ] GC(97) Phantom: 663 encountered, 469 discovered, 0 enqueued
[233.042s][info][gc,heap     ] GC(97)                Mark Start          Mark End        Relocate Start      Relocate End           High               Low         
[233.042s][info][gc,heap     ] GC(97)  Capacity:     1000M (100%)       1000M (100%)       1000M (100%)       1000M (100%)       1000M (100%)       1000M (100%)   
[233.042s][info][gc,heap     ] GC(97)   Reserve:       34M (3%)           34M (3%)           34M (3%)           34M (3%)           34M (3%)           34M (3%)     
[233.042s][info][gc,heap     ] GC(97)      Free:      554M (55%)         158M (16%)         270M (27%)         356M (36%)         554M (55%)         158M (16%)    
[233.042s][info][gc,heap     ] GC(97)      Used:      412M (41%)         808M (81%)         696M (70%)         610M (61%)         808M (81%)         412M (41%)    
[233.042s][info][gc,heap     ] GC(97)      Live:         -               215M (22%)         215M (22%)         215M (22%)            -                  -          
[233.042s][info][gc,heap     ] GC(97) Allocated:         -               396M (40%)         396M (40%)         398M (40%)            -                  -          
[233.042s][info][gc,heap     ] GC(97)   Garbage:         -               196M (20%)          84M (8%)     17592186044414M (1         -                  -          
[233.042s][info][gc,heap     ] GC(97) Reclaimed:         -                  -               112M (11%)         198M (20%)            -                  -          
[233.042s][info][gc          ] GC(97) Garbage Collection (Allocation Rate) 412M(41%)->610M(61%)
[233.116s][info][gc,start    ] GC(98) Garbage Collection (Allocation Rate)
[233.133s][info][gc,phases   ] GC(98) Pause Mark Start 6.496ms
[235.132s][info][gc,phases   ] GC(98) Concurrent Mark 1999.505ms
[235.134s][info][gc,phases   ] GC(98) Pause Mark End 0.637ms
[235.137s][info][gc,phases   ] GC(98) Concurrent Process Non-Strong References 3.435ms
[235.137s][info][gc,phases   ] GC(98) Concurrent Reset Relocation Set 0.009ms
[235.137s][info][gc,phases   ] GC(98) Concurrent Destroy Detached Pages 0.001ms
[235.139s][info][gc,phases   ] GC(98) Concurrent Select Relocation Set 1.608ms
[235.162s][info][gc,phases   ] GC(98) Concurrent Prepare Relocation Set 22.638ms
[235.173s][info][gc,phases   ] GC(98) Pause Relocate Start 8.613ms
[236.062s][info][gc,phases   ] GC(98) Concurrent Relocate 888.957ms
[236.062s][info][gc,load     ] GC(98) Load: 3.96/4.11/3.24
[236.062s][info][gc,mmu      ] GC(98) MMU: 2ms/0.0%, 5ms/0.0%, 10ms/0.0%, 20ms/34.0%, 50ms/73.6%, 100ms/86.8%
[236.062s][info][gc,marking  ] GC(98) Mark: 1 stripe(s), 2 proactive flush(es), 1 terminate flush(es), 1 completion(s), 0 continuation(s) 
[236.062s][info][gc,reloc    ] GC(98) Relocation: Successful, 53M relocated
[236.062s][info][gc,nmethod  ] GC(98) NMethods: 4787 registered, 4 unregistered
[236.062s][info][gc,metaspace] GC(98) Metaspace: 73M used, 77M capacity, 77M committed, 78M reserved
[236.062s][info][gc,ref      ] GC(98) Soft: 4921 encountered, 0 discovered, 0 enqueued
[236.062s][info][gc,ref      ] GC(98) Weak: 4865 encountered, 3762 discovered, 3 enqueued
[236.062s][info][gc,ref      ] GC(98) Final: 28 encountered, 0 discovered, 0 enqueued
[236.062s][info][gc,ref      ] GC(98) Phantom: 662 encountered, 659 discovered, 0 enqueued
[236.062s][info][gc,heap     ] GC(98)                Mark Start          Mark End        Relocate Start      Relocate End           High               Low         
[236.062s][info][gc,heap     ] GC(98)  Capacity:     1000M (100%)       1000M (100%)       1000M (100%)       1000M (100%)       1000M (100%)       1000M (100%)   
[236.062s][info][gc,heap     ] GC(98)   Reserve:       34M (3%)           34M (3%)           34M (3%)           34M (3%)           34M (3%)           34M (3%)     
[236.062s][info][gc,heap     ] GC(98)      Free:      356M (36%)         250M (25%)         268M (27%)         208M (21%)         356M (36%)         178M (18%)    
[236.062s][info][gc,heap     ] GC(98)      Used:      610M (61%)         716M (72%)         698M (70%)         758M (76%)         788M (79%)         610M (61%)    
[236.062s][info][gc,heap     ] GC(98)      Live:         -               239M (24%)         239M (24%)         239M (24%)            -                  -          
[236.062s][info][gc,heap     ] GC(98) Allocated:         -               106M (11%)         122M (12%)         528M (53%)            -                  -          
[236.062s][info][gc,heap     ] GC(98)   Garbage:         -               370M (37%)         336M (34%)          30M (3%)             -                  -          
[236.062s][info][gc,heap     ] GC(98) Reclaimed:         -                  -                34M (3%)          340M (34%)            -                  -          
[236.062s][info][gc          ] GC(98) Garbage Collection (Allocation Rate) 610M(61%)->758M(76%)
[236.112s][info][gc,start    ] GC(99) Garbage Collection (Allocation Rate)
[236.119s][info][gc,phases   ] GC(99) Pause Mark Start 3.562ms
[236.400s][info][gc,heap     ] Page Cache Flushed: 32M requested, 32M(124M->92M) flushed
[238.086s][info][gc,heap     ] Page Cache Flushed: 6M requested, 6M(64M->58M) flushed
[238.103s][info][gc,phases   ] GC(99) Concurrent Mark 1983.754ms
[238.111s][info][gc,phases   ] GC(99) Pause Mark End 0.288ms
[238.113s][info][gc,phases   ] GC(99) Concurrent Process Non-Strong References 1.720ms
[238.114s][info][gc,phases   ] GC(99) Concurrent Reset Relocation Set 0.708ms
[238.114s][info][gc,phases   ] GC(99) Concurrent Destroy Detached Pages 0.019ms
[238.115s][info][gc,phases   ] GC(99) Concurrent Select Relocation Set 1.546ms
[238.146s][info][gc,phases   ] GC(99) Concurrent Prepare Relocation Set 31.038ms
[238.158s][info][gc,phases   ] GC(99) Pause Relocate Start 3.018ms
[238.832s][info][gc,phases   ] GC(99) Concurrent Relocate 673.716ms
[238.832s][info][gc,load     ] GC(99) Load: 3.96/4.11/3.24
[238.832s][info][gc,mmu      ] GC(99) MMU: 2ms/0.0%, 5ms/0.0%, 10ms/0.0%, 20ms/34.0%, 50ms/73.6%, 100ms/86.8%
[238.832s][info][gc,marking  ] GC(99) Mark: 1 stripe(s), 2 proactive flush(es), 1 terminate flush(es), 0 completion(s), 0 continuation(s) 
[238.832s][info][gc,reloc    ] GC(99) Relocation: Successful, 54M relocated
[238.832s][info][gc,nmethod  ] GC(99) NMethods: 4792 registered, 4 unregistered
[238.832s][info][gc,metaspace] GC(99) Metaspace: 73M used, 77M capacity, 77M committed, 78M reserved
[238.832s][info][gc,ref      ] GC(99) Soft: 4921 encountered, 0 discovered, 0 enqueued
[238.832s][info][gc,ref      ] GC(99) Weak: 4897 encountered, 3779 discovered, 14 enqueued
[238.832s][info][gc,ref      ] GC(99) Final: 28 encountered, 0 discovered, 0 enqueued
[238.832s][info][gc,ref      ] GC(99) Phantom: 663 encountered, 660 discovered, 0 enqueued
[238.832s][info][gc,heap     ] GC(99)                Mark Start          Mark End        Relocate Start      Relocate End           High               Low         
[238.832s][info][gc,heap     ] GC(99)  Capacity:     1000M (100%)       1000M (100%)       1000M (100%)       1000M (100%)       1000M (100%)       1000M (100%)   
[238.832s][info][gc,heap     ] GC(99)   Reserve:       34M (3%)           34M (3%)           34M (3%)           34M (3%)           34M (3%)           34M (3%)     
[238.832s][info][gc,heap     ] GC(99)      Free:      182M (18%)          58M (6%)          222M (22%)         530M (53%)         542M (54%)          58M (6%)     
[238.832s][info][gc,heap     ] GC(99)      Used:      784M (78%)         908M (91%)         744M (74%)         436M (44%)         908M (91%)         424M (42%)    
[238.832s][info][gc,heap     ] GC(99)      Live:         -               251M (25%)         251M (25%)         251M (25%)            -                  -          
[238.832s][info][gc,heap     ] GC(99) Allocated:         -               124M (12%)         126M (13%)         230M (23%)            -                  -          
[238.832s][info][gc,heap     ] GC(99)   Garbage:         -               532M (53%)         366M (37%)          34M (3%)             -                  -          
[238.832s][info][gc,heap     ] GC(99) Reclaimed:         -                  -               166M (17%)         498M (50%)            -                  -          
[238.832s][info][gc          ] GC(99) Garbage Collection (Allocation Rate) 784M(78%)->436M(44%)
[239.208s][info][gc,heap     ] Page Cache Flushed: 8M requested, 12M(498M->486M) flushed
[239.212s][info][gc,start    ] GC(100) Garbage Collection (Allocation Rate)
[239.221s][info][gc,phases   ] GC(100) Pause Mark Start 6.753ms
[239.221s][info][gc,heap     ] Page Cache Flushed: 4M requested, 6M(484M->478M) flushed
[239.235s][info][gc,heap     ] Page Cache Flushed: 6M requested, 6M(478M->472M) flushed
[239.730s][info][gc,heap     ] Page Cache Flushed: 6M requested, 32M(302M->270M) flushed
[240.216s][info][gc,stats    ] === Garbage Collection Statistics =======================================================================================================================
[240.216s][info][gc,stats    ]                                                              Last 10s              Last 10m              Last 10h                Total
[240.216s][info][gc,stats    ]                                                              Avg / Max             Avg / Max             Avg / Max             Avg / Max
[240.216s][info][gc,stats    ]   Collector: Garbage Collection Cycle                   2436.599 / 2946.207   1801.159 / 5279.755   1801.159 / 5279.755   1801.159 / 5279.755    ms
[240.216s][info][gc,stats    ]  Contention: Mark Segment Reset Contention                     0 / 0                 0 / 0                 0 / 0                 0 / 0           ops/s
[240.216s][info][gc,stats    ]  Contention: Mark SeqNum Reset Contention                      0 / 0                 0 / 0                 0 / 0                 0 / 0           ops/s
[240.216s][info][gc,stats    ]  Contention: Relocation Contention                             0 / 2                 0 / 3                 0 / 3                 0 / 3           ops/s
[240.216s][info][gc,stats    ]    Critical: Allocation Stall                              0.000 / 0.000       398.430 / 717.412     398.430 / 717.412     398.430 / 717.412     ms
[240.216s][info][gc,stats    ]    Critical: Allocation Stall                                  0 / 0                 0 / 1                 0 / 1                 0 / 1           ops/s
[240.216s][info][gc,stats    ]    Critical: GC Locker Stall                               0.000 / 0.000         2.838 / 8.487         2.838 / 8.487         2.838 / 8.487       ms
[240.216s][info][gc,stats    ]    Critical: GC Locker Stall                                   0 / 0                 0 / 1                 0 / 1                 0 / 1           ops/s
[240.216s][info][gc,stats    ]      Memory: Allocation Rate                                 146 / 418             114 / 600             114 / 600             114 / 600         MB/s
[240.216s][info][gc,stats    ]      Memory: Heap Used After Mark                            764 / 908             650 / 966             650 / 966             650 / 966         MB
[240.216s][info][gc,stats    ]      Memory: Heap Used After Relocation                      541 / 758             404 / 908             404 / 908             404 / 908         MB
[240.216s][info][gc,stats    ]      Memory: Heap Used Before Mark                           570 / 784             491 / 908             491 / 908             491 / 908         MB
[240.216s][info][gc,stats    ]      Memory: Heap Used Before Relocation                     689 / 744             521 / 938             521 / 938             521 / 938         MB
[240.216s][info][gc,stats    ]      Memory: Out Of Memory                                     0 / 0                 0 / 0                 0 / 0                 0 / 0           ops/s
[240.216s][info][gc,stats    ]      Memory: Page Cache Flush                                 12 / 44                4 / 100               4 / 100               4 / 100         MB/s
[240.216s][info][gc,stats    ]      Memory: Page Cache Hit L1                                61 / 201              51 / 301              51 / 301              51 / 301         ops/s
[240.216s][info][gc,stats    ]      Memory: Page Cache Hit L2                                 0 / 0                 0 / 0                 0 / 0                 0 / 0           ops/s
[240.216s][info][gc,stats    ]      Memory: Page Cache Miss                                   1 / 5                 2 / 114               2 / 114               2 / 114         ops/s
[240.216s][info][gc,stats    ]      Memory: Undo Object Allocation Failed                     0 / 0                 0 / 0                 0 / 0                 0 / 0           ops/s
[240.216s][info][gc,stats    ]      Memory: Undo Object Allocation Succeeded                  0 / 2                 0 / 3                 0 / 3                 0 / 3           ops/s
[240.216s][info][gc,stats    ]      Memory: Undo Page Allocation                              0 / 0                 0 / 1                 0 / 1                 0 / 1           ops/s
[240.216s][info][gc,stats    ]       Phase: Concurrent Destroy Detached Pages             0.007 / 0.019         0.010 / 0.710         0.010 / 0.710         0.010 / 0.710       ms
[240.216s][info][gc,stats    ]       Phase: Concurrent Mark                            1872.924 / 1999.505   1560.578 / 5208.825   1560.578 / 5208.825   1560.578 / 5208.825    ms
[240.216s][info][gc,stats    ]       Phase: Concurrent Mark Continue                      0.000 / 0.000         0.000 / 0.000         0.000 / 0.000         0.000 / 0.000       ms
[240.216s][info][gc,stats    ]       Phase: Concurrent Prepare Relocation Set            16.962 / 31.038        6.793 / 67.644        6.793 / 67.644        6.793 / 67.644      ms
[240.216s][info][gc,stats    ]       Phase: Concurrent Process Non-Strong References      3.775 / 8.319         2.977 / 16.338        2.977 / 16.338        2.977 / 16.338      ms
[240.216s][info][gc,stats    ]       Phase: Concurrent Relocate                         509.713 / 888.957     197.802 / 888.957     197.802 / 888.957     197.802 / 888.957     ms
[240.216s][info][gc,stats    ]       Phase: Concurrent Reset Relocation Set               0.191 / 0.708         0.211 / 3.530         0.211 / 3.530         0.211 / 3.530       ms
[240.216s][info][gc,stats    ]       Phase: Concurrent Select Relocation Set              2.568 / 5.515         2.570 / 40.732        2.570 / 40.732        2.570 / 40.732      ms
[240.216s][info][gc,stats    ]       Phase: Pause Mark End                                0.389 / 0.637         0.293 / 1.034         0.293 / 1.034         0.293 / 1.034       ms
[240.216s][info][gc,stats    ]       Phase: Pause Mark Start                              5.123 / 6.753         3.446 / 10.932        3.446 / 10.932        3.446 / 10.932      ms
[240.216s][info][gc,stats    ]       Phase: Pause Relocate Start                          5.682 / 8.613         4.282 / 12.570        4.282 / 12.570        4.282 / 12.570      ms
[240.216s][info][gc,stats    ]    Subphase: Concurrent Mark                            1854.273 / 1975.193   1557.305 / 5208.804   1557.305 / 5208.804   1557.305 / 5208.804    ms
[240.216s][info][gc,stats    ]    Subphase: Concurrent Mark Idle                          0.000 / 0.000         0.000 / 0.000         0.000 / 0.000         0.000 / 0.000       ms
[240.216s][info][gc,stats    ]    Subphase: Concurrent Mark Try Flush                     4.205 / 11.642        3.925 / 35.831        3.925 / 35.831        3.925 / 35.831      ms
[240.216s][info][gc,stats    ]    Subphase: Concurrent Mark Try Terminate                 0.778 / 3.876         1.237 / 13.741        1.237 / 13.741        1.237 / 13.741      ms
[240.217s][info][gc,stats    ]    Subphase: Concurrent References Enqueue                 0.004 / 0.006         0.002 / 0.015         0.002 / 0.015         0.002 / 0.015       ms
[240.217s][info][gc,stats    ]    Subphase: Concurrent References Process                 0.842 / 0.912         1.247 / 11.837        1.247 / 11.837        1.247 / 11.837      ms
[240.217s][info][gc,stats    ]    Subphase: Concurrent Weak Roots                         0.819 / 0.850         0.990 / 15.568        0.990 / 15.568        0.990 / 15.568      ms
[240.217s][info][gc,stats    ]    Subphase: Concurrent Weak Roots JNIWeakHandles          0.000 / 0.000         0.000 / 0.001         0.000 / 0.001         0.000 / 0.001       ms
[240.217s][info][gc,stats    ]    Subphase: Concurrent Weak Roots StringTable             0.606 / 0.618         0.786 / 15.352        0.786 / 15.352        0.786 / 15.352      ms
[240.217s][info][gc,stats    ]    Subphase: Concurrent Weak Roots VMWeakHandles           0.211 / 0.252         0.202 / 0.321         0.202 / 0.321         0.202 / 0.321       ms
[240.217s][info][gc,stats    ]    Subphase: Pause Mark Try Complete                       0.001 / 0.001         0.001 / 0.002         0.001 / 0.002         0.001 / 0.002       ms
[240.217s][info][gc,stats    ]    Subphase: Pause Remap TLABS                             0.002 / 0.002         0.002 / 0.026         0.002 / 0.026         0.002 / 0.026       ms
[240.217s][info][gc,stats    ]    Subphase: Pause Retire TLABS                            0.032 / 0.063         0.018 / 0.063         0.018 / 0.063         0.018 / 0.063       ms
[240.217s][info][gc,stats    ]    Subphase: Pause Roots                                   3.033 / 7.761         2.031 / 12.371        2.031 / 12.371        2.031 / 12.371      ms
[240.217s][info][gc,stats    ]    Subphase: Pause Roots ClassLoaderDataGraph              1.347 / 5.709         0.771 / 11.302        0.771 / 11.302        0.771 / 11.302      ms
[240.217s][info][gc,stats    ]    Subphase: Pause Roots CodeCache                         2.586 / 5.015         1.776 / 9.450         1.776 / 9.450         1.776 / 9.450       ms
[240.217s][info][gc,stats    ]    Subphase: Pause Roots JNIHandles                        0.001 / 0.001         0.001 / 0.005         0.001 / 0.005         0.001 / 0.005       ms
[240.217s][info][gc,stats    ]    Subphase: Pause Roots JNIWeakHandles                    0.000 / 0.000         0.000 / 0.000         0.000 / 0.000         0.000 / 0.000       ms
[240.217s][info][gc,stats    ]    Subphase: Pause Roots JRFWeak                           0.000 / 0.000         0.000 / 0.000         0.000 / 0.000         0.000 / 0.000       ms
[240.217s][info][gc,stats    ]    Subphase: Pause Roots JVMTIExport                       0.001 / 0.001         0.001 / 0.002         0.001 / 0.002         0.001 / 0.002       ms
[240.217s][info][gc,stats    ]    Subphase: Pause Roots JVMTIWeakExport                   0.001 / 0.001         0.001 / 0.002         0.001 / 0.002         0.001 / 0.002       ms
[240.217s][info][gc,stats    ]    Subphase: Pause Roots Management                        0.001 / 0.001         0.023 / 4.405         0.023 / 4.405         0.023 / 4.405       ms
[240.217s][info][gc,stats    ]    Subphase: Pause Roots ObjectSynchronizer                0.000 / 0.000         0.000 / 0.001         0.000 / 0.001         0.000 / 0.001       ms
[240.217s][info][gc,stats    ]    Subphase: Pause Roots Setup                             0.204 / 0.318         0.189 / 0.504         0.189 / 0.504         0.189 / 0.504       ms
[240.217s][info][gc,stats    ]    Subphase: Pause Roots StringTable                       0.000 / 0.000         0.000 / 0.000         0.000 / 0.000         0.000 / 0.000       ms
[240.217s][info][gc,stats    ]    Subphase: Pause Roots SystemDictionary                  0.012 / 0.013         0.013 / 0.072         0.013 / 0.072         0.013 / 0.072       ms
[240.217s][info][gc,stats    ]    Subphase: Pause Roots Teardown                          0.002 / 0.004         0.001 / 0.016         0.001 / 0.016         0.001 / 0.016       ms
[240.217s][info][gc,stats    ]    Subphase: Pause Roots Threads                           0.395 / 0.603         0.298 / 4.291         0.298 / 4.291         0.298 / 4.291       ms
[240.217s][info][gc,stats    ]    Subphase: Pause Roots Universe                          0.003 / 0.006         0.004 / 0.365         0.004 / 0.365         0.004 / 0.365       ms
[240.217s][info][gc,stats    ]    Subphase: Pause Roots VMWeakHandles                     0.000 / 0.000         0.000 / 0.000         0.000 / 0.000         0.000 / 0.000       ms
[240.217s][info][gc,stats    ]    Subphase: Pause Weak Roots                              0.002 / 0.002         0.002 / 0.009         0.002 / 0.009         0.002 / 0.009       ms
[240.217s][info][gc,stats    ]    Subphase: Pause Weak Roots JFRWeak                      0.001 / 0.001         0.001 / 0.001         0.001 / 0.001         0.001 / 0.001       ms
[240.217s][info][gc,stats    ]    Subphase: Pause Weak Roots JNIWeakHandles               0.000 / 0.000         0.000 / 0.000         0.000 / 0.000         0.000 / 0.000       ms
[240.217s][info][gc,stats    ]    Subphase: Pause Weak Roots JVMTIWeakExport              0.001 / 0.001         0.001 / 0.007         0.001 / 0.007         0.001 / 0.007       ms
[240.217s][info][gc,stats    ]    Subphase: Pause Weak Roots Setup                        0.000 / 0.000         0.000 / 0.000         0.000 / 0.000         0.000 / 0.000       ms
[240.217s][info][gc,stats    ]    Subphase: Pause Weak Roots StringTable                  0.000 / 0.000         0.000 / 0.000         0.000 / 0.000         0.000 / 0.000       ms
[240.217s][info][gc,stats    ]    Subphase: Pause Weak Roots SymbolTable                  0.000 / 0.000         0.000 / 0.000         0.000 / 0.000         0.000 / 0.000       ms
[240.217s][info][gc,stats    ]    Subphase: Pause Weak Roots Teardown                     0.001 / 0.001         0.001 / 0.001         0.001 / 0.001         0.001 / 0.001       ms
[240.217s][info][gc,stats    ]    Subphase: Pause Weak Roots VMWeakHandles                0.000 / 0.000         0.000 / 0.000         0.000 / 0.000         0.000 / 0.000       ms
[240.217s][info][gc,stats    ]      System: Java Threads                                     82 / 87               68 / 106              68 / 106              68 / 106         threads
[240.217s][info][gc,stats    ] =========================================================================================================================================================
[241.096s][info][gc,phases   ] GC(100) Concurrent Mark 1874.900ms
[241.109s][info][gc,phases   ] GC(100) Pause Mark End 0.302ms
[241.117s][info][gc,phases   ] GC(100) Concurrent Process Non-Strong References 7.733ms
[241.118s][info][gc,phases   ] GC(100) Concurrent Reset Relocation Set 0.926ms
[241.118s][info][gc,phases   ] GC(100) Concurrent Destroy Detached Pages 0.008ms
[241.119s][info][gc,phases   ] GC(100) Concurrent Select Relocation Set 1.528ms
[241.120s][info][gc,phases   ] GC(100) Concurrent Prepare Relocation Set 0.292ms
[241.128s][info][gc,phases   ] GC(100) Pause Relocate Start 8.159ms
[241.128s][info][gc          ] Allocation Stall (main) 17.057ms
[241.235s][info][gc,phases   ] GC(100) Concurrent Relocate 99.175ms
[241.235s][info][gc,load     ] GC(100) Load: 4.04/4.13/3.25
[241.235s][info][gc,mmu      ] GC(100) MMU: 2ms/0.0%, 5ms/0.0%, 10ms/0.0%, 20ms/34.0%, 50ms/73.6%, 100ms/86.8%
[241.235s][info][gc,marking  ] GC(100) Mark: 1 stripe(s), 2 proactive flush(es), 1 terminate flush(es), 0 completion(s), 0 continuation(s) 
[241.235s][info][gc,reloc    ] GC(100) Relocation: Successful, 19M relocated
[241.235s][info][gc,nmethod  ] GC(100) NMethods: 4831 registered, 4 unregistered
[241.235s][info][gc,metaspace] GC(100) Metaspace: 74M used, 77M capacity, 78M committed, 80M reserved
[241.235s][info][gc,ref      ] GC(100) Soft: 4920 encountered, 0 discovered, 0 enqueued
[241.235s][info][gc,ref      ] GC(100) Weak: 4873 encountered, 3879 discovered, 0 enqueued
[241.235s][info][gc,ref      ] GC(100) Final: 28 encountered, 0 discovered, 0 enqueued
[241.235s][info][gc,ref      ] GC(100) Phantom: 662 encountered, 658 discovered, 0 enqueued
[241.235s][info][gc,heap     ] GC(100)                Mark Start          Mark End        Relocate Start      Relocate End           High               Low         
[241.235s][info][gc,heap     ] GC(100)  Capacity:     1000M (100%)       1000M (100%)       1000M (100%)       1000M (100%)       1000M (100%)       1000M (100%)   
[241.235s][info][gc,heap     ] GC(100)   Reserve:       34M (3%)           34M (3%)           34M (3%)           34M (3%)           34M (3%)           34M (3%)     
[241.235s][info][gc,heap     ] GC(100)      Free:      490M (49%)           2M (0%)          150M (15%)         206M (21%)         490M (49%)           0M (0%)     
[241.235s][info][gc,heap     ] GC(100)      Used:      476M (48%)         964M (96%)         816M (82%)         760M (76%)         966M (97%)         476M (48%)    
[241.235s][info][gc,heap     ] GC(100)      Live:         -               241M (24%)         241M (24%)         241M (24%)            -                  -          
[241.235s][info][gc,heap     ] GC(100) Allocated:         -               488M (49%)         492M (49%)         526M (53%)            -                  -          
[241.235s][info][gc,heap     ] GC(100)   Garbage:         -               234M (23%)          82M (8%)     17592186044414M (1         -                  -          
[241.235s][info][gc,heap     ] GC(100) Reclaimed:         -                  -               152M (15%)         236M (24%)            -                  -          
[241.235s][info][gc          ] GC(100) Garbage Collection (Allocation Rate) 476M(48%)->760M(76%)
[241.315s][info][gc,start    ] GC(101) Garbage Collection (Allocation Rate)
[241.324s][info][gc,phases   ] GC(101) Pause Mark Start 3.519ms
[241.543s][info][gc,heap     ] Page Cache Flushed: 2M requested, 6M(98M->92M) flushed
[241.589s][info][gc,heap     ] Page Cache Flushed: 2M requested, 10M(92M->82M) flushed
[241.611s][info][gc,heap     ] Page Cache Flushed: 2M requested, 6M(82M->76M) flushed
[241.638s][info][gc,heap     ] Page Cache Flushed: 2M requested, 6M(76M->70M) flushed
[241.662s][info][gc,heap     ] Page Cache Flushed: 2M requested, 6M(70M->64M) flushed
[241.684s][info][gc,heap     ] Page Cache Flushed: 2M requested, 32M(64M->32M) flushed
[241.798s][info][gc,heap     ] Page Cache Flushed: 2M requested, 32M(32M->0M) flushed
[242.604s][info][gc,phases   ] GC(101) Concurrent Mark 1276.853ms
[242.605s][info][gc,phases   ] GC(101) Pause Mark End 0.282ms
[242.606s][info][gc,phases   ] GC(101) Concurrent Process Non-Strong References 1.579ms
[242.607s][info][gc,phases   ] GC(101) Concurrent Reset Relocation Set 0.007ms
[242.607s][info][gc,phases   ] GC(101) Concurrent Destroy Detached Pages 0.008ms
[242.610s][info][gc          ] Allocation Stall (main) 704.418ms
[242.612s][info][gc          ] Allocation Stall (netty-rpc-env-timeout) 4.989ms
[242.612s][info][gc          ] Allocation Stall (dispatcher-BlockManagerMaster) 5.047ms
[242.618s][info][gc,phases   ] GC(101) Concurrent Select Relocation Set 10.685ms
[242.619s][info][gc,phases   ] GC(101) Concurrent Prepare Relocation Set 1.375ms
[242.645s][info][gc,phases   ] GC(101) Pause Relocate Start 3.069ms
[242.974s][info][gc,phases   ] GC(101) Concurrent Relocate 328.399ms
[242.974s][info][gc,load     ] GC(101) Load: 4.04/4.13/3.25
[242.974s][info][gc,mmu      ] GC(101) MMU: 2ms/0.0%, 5ms/0.0%, 10ms/0.0%, 20ms/34.0%, 50ms/73.6%, 100ms/86.8%
[242.975s][info][gc,marking  ] GC(101) Mark: 1 stripe(s), 2 proactive flush(es), 1 terminate flush(es), 0 completion(s), 0 continuation(s) 
[242.975s][info][gc,reloc    ] GC(101) Relocation: Successful, 31M relocated
[242.975s][info][gc,nmethod  ] GC(101) NMethods: 4849 registered, 4 unregistered
[242.975s][info][gc,metaspace] GC(101) Metaspace: 74M used, 77M capacity, 78M committed, 80M reserved
[242.975s][info][gc,ref      ] GC(101) Soft: 4920 encountered, 185 discovered, 161 enqueued
[242.975s][info][gc,ref      ] GC(101) Weak: 4881 encountered, 3914 discovered, 105 enqueued
[242.975s][info][gc,ref      ] GC(101) Final: 28 encountered, 0 discovered, 0 enqueued
[242.975s][info][gc,ref      ] GC(101) Phantom: 662 encountered, 659 discovered, 0 enqueued
[242.975s][info][gc,heap     ] GC(101)                Mark Start          Mark End        Relocate Start      Relocate End           High               Low         
[242.975s][info][gc,heap     ] GC(101)  Capacity:     1000M (100%)       1000M (100%)       1000M (100%)       1000M (100%)       1000M (100%)       1000M (100%)   
[242.975s][info][gc,heap     ] GC(101)   Reserve:       34M (3%)           34M (3%)           34M (3%)           34M (3%)           34M (3%)           34M (3%)     
[242.975s][info][gc,heap     ] GC(101)      Free:      170M (17%)           0M (0%)          356M (36%)         352M (35%)         378M (38%)           0M (0%)     
[242.975s][info][gc,heap     ] GC(101)      Used:      796M (80%)         966M (97%)         610M (61%)         614M (61%)         966M (97%)         588M (59%)    
[242.975s][info][gc,heap     ] GC(101)      Live:         -               281M (28%)         281M (28%)         281M (28%)            -                  -          
[242.975s][info][gc,heap     ] GC(101) Allocated:         -               170M (17%)         190M (19%)         322M (32%)            -                  -          
[242.975s][info][gc,heap     ] GC(101)   Garbage:         -               514M (51%)         142M (14%)          34M (3%)             -                  -          
[242.975s][info][gc,heap     ] GC(101) Reclaimed:         -                  -               372M (37%)         480M (48%)            -                  -          
[242.975s][info][gc          ] GC(101) Garbage Collection (Allocation Rate) 796M(80%)->614M(61%)
[243.016s][info][gc,start    ] GC(102) Garbage Collection (Allocation Rate)
[243.027s][info][gc,phases   ] GC(102) Pause Mark Start 3.521ms
[244.731s][info][gc,phases   ] GC(102) Concurrent Mark 1703.895ms
[244.733s][info][gc,phases   ] GC(102) Pause Mark End 0.167ms
[244.740s][info][gc,phases   ] GC(102) Concurrent Process Non-Strong References 7.437ms
[244.740s][info][gc,phases   ] GC(102) Concurrent Reset Relocation Set 0.026ms
[244.740s][info][gc,phases   ] GC(102) Concurrent Destroy Detached Pages 0.001ms
[244.742s][info][gc,phases   ] GC(102) Concurrent Select Relocation Set 1.545ms
[244.742s][info][gc,phases   ] GC(102) Concurrent Prepare Relocation Set 0.205ms
[244.745s][info][gc,phases   ] GC(102) Pause Relocate Start 2.786ms
[244.762s][info][gc,phases   ] GC(102) Concurrent Relocate 17.119ms
[244.762s][info][gc,load     ] GC(102) Load: 4.04/4.13/3.25
[244.762s][info][gc,mmu      ] GC(102) MMU: 2ms/0.0%, 5ms/0.0%, 10ms/0.0%, 20ms/34.0%, 50ms/73.6%, 100ms/86.8%
[244.762s][info][gc,marking  ] GC(102) Mark: 1 stripe(s), 2 proactive flush(es), 1 terminate flush(es), 0 completion(s), 0 continuation(s) 
[244.762s][info][gc,reloc    ] GC(102) Relocation: Successful, 18M relocated
[244.762s][info][gc,nmethod  ] GC(102) NMethods: 4888 registered, 4 unregistered
[244.762s][info][gc,metaspace] GC(102) Metaspace: 74M used, 78M capacity, 78M committed, 80M reserved
[244.762s][info][gc,ref      ] GC(102) Soft: 4759 encountered, 0 discovered, 0 enqueued
[244.762s][info][gc,ref      ] GC(102) Weak: 4755 encountered, 3684 discovered, 3 enqueued
[244.762s][info][gc,ref      ] GC(102) Final: 28 encountered, 2 discovered, 0 enqueued
[244.762s][info][gc,ref      ] GC(102) Phantom: 662 encountered, 659 discovered, 0 enqueued
[244.762s][info][gc,heap     ] GC(102)                Mark Start          Mark End        Relocate Start      Relocate End           High               Low         
[244.762s][info][gc,heap     ] GC(102)  Capacity:     1000M (100%)       1000M (100%)       1000M (100%)       1000M (100%)       1000M (100%)       1000M (100%)   
[244.762s][info][gc,heap     ] GC(102)   Reserve:       34M (3%)           34M (3%)           34M (3%)           34M (3%)           34M (3%)           34M (3%)     
[244.762s][info][gc,heap     ] GC(102)      Free:      308M (31%)         190M (19%)         472M (47%)         482M (48%)         482M (48%)         190M (19%)    
[244.762s][info][gc,heap     ] GC(102)      Used:      658M (66%)         776M (78%)         494M (49%)         484M (48%)         776M (78%)         484M (48%)    
[244.762s][info][gc,heap     ] GC(102)      Live:         -               330M (33%)         330M (33%)         330M (33%)            -                  -          
[244.762s][info][gc,heap     ] GC(102) Allocated:         -               118M (12%)         118M (12%)         122M (12%)            -                  -          
[244.762s][info][gc,heap     ] GC(102)   Garbage:         -               327M (33%)          45M (5%)           35M (4%)             -                  -          
[244.762s][info][gc,heap     ] GC(102) Reclaimed:         -                  -               282M (28%)         292M (29%)            -                  -          
[244.762s][info][gc          ] GC(102) Garbage Collection (Allocation Rate) 658M(66%)->484M(48%)
[244.762s][info][gc,heap,exit] Heap
[244.762s][info][gc,heap,exit]  ZHeap           used 484M, capacity 1000M, max capacity 1000M
[244.762s][info][gc,heap,exit]  Metaspace       used 76358K, capacity 80532K, committed 80812K, reserved 81920K
