[0.003s][info][gc,init] Initializing The Z Garbage Collector
[0.003s][info][gc,init] Version: 11.0.15+10-Ubuntu-0ubuntu0.20.04.1 (release)
[0.003s][info][gc,init] NUMA Support: Disabled
[0.003s][info][gc,init] CPUs: 1 total, 1 available
[0.003s][info][gc,init] Memory: 7952M
[0.003s][info][gc,init] Large Page Support: Disabled
[0.003s][info][gc,init] Workers: 1 parallel, 1 concurrent
[0.004s][info][gc,init] Heap backed by file: /memfd:java_heap
[0.004s][info][gc,init] Available space on backing filesystem: N/A
[0.078s][info][gc,init] Pre-touching: Disabled
[0.078s][info][gc,init] Pre-mapping: 126M
[0.094s][info][gc,init] Runtime Workers: 1 parallel
[0.094s][info][gc     ] Using The Z Garbage Collector
[2.945s][info][gc,start] GC(0) Garbage Collection (Metadata GC Threshold)
[2.946s][info][gc,phases] GC(0) Pause Mark Start 0.611ms
[2.986s][info][gc,phases] GC(0) Concurrent Mark 40.149ms
[2.986s][info][gc,phases] GC(0) Pause Mark End 0.081ms
[2.987s][info][gc,phases] GC(0) Concurrent Process Non-Strong References 0.476ms
[2.987s][info][gc,phases] GC(0) Concurrent Reset Relocation Set 0.000ms
[2.987s][info][gc,phases] GC(0) Concurrent Destroy Detached Pages 0.000ms
[2.990s][info][gc,phases] GC(0) Concurrent Select Relocation Set 2.855ms
[2.990s][info][gc,phases] GC(0) Concurrent Prepare Relocation Set 0.372ms
[2.998s][info][gc,phases] GC(0) Pause Relocate Start 1.065ms
[3.013s][info][gc,phases] GC(0) Concurrent Relocate 14.312ms
[3.013s][info][gc,load  ] GC(0) Load: 2.16/2.44/2.74
[3.013s][info][gc,mmu   ] GC(0) MMU: 2ms/46.8%, 5ms/78.7%, 10ms/89.4%, 20ms/94.3%, 50ms/97.7%, 100ms/98.2%
[3.013s][info][gc,marking] GC(0) Mark: 1 stripe(s), 4 proactive flush(es), 1 terminate flush(es), 0 completion(s), 0 continuation(s) 
[3.013s][info][gc,reloc  ] GC(0) Relocation: Successful, 16M relocated
[3.013s][info][gc,nmethod] GC(0) NMethods: 338 registered, 0 unregistered
[3.013s][info][gc,metaspace] GC(0) Metaspace: 20M used, 21M capacity, 21M committed, 22M reserved
[3.013s][info][gc,ref      ] GC(0) Soft: 356 encountered, 0 discovered, 0 enqueued
[3.013s][info][gc,ref      ] GC(0) Weak: 711 encountered, 652 discovered, 188 enqueued
[3.013s][info][gc,ref      ] GC(0) Final: 2 encountered, 0 discovered, 0 enqueued
[3.013s][info][gc,ref      ] GC(0) Phantom: 839 encountered, 644 discovered, 245 enqueued
[3.013s][info][gc,heap     ] GC(0)                Mark Start          Mark End        Relocate Start      Relocate End           High               Low         
[3.013s][info][gc,heap     ] GC(0)  Capacity:      160M (11%)         160M (11%)         160M (11%)         160M (11%)         160M (11%)         160M (11%)    
[3.013s][info][gc,heap     ] GC(0)   Reserve:       34M (2%)           34M (2%)           34M (2%)           34M (2%)           34M (2%)           34M (2%)     
[3.013s][info][gc,heap     ] GC(0)      Free:     1376M (92%)        1374M (92%)        1374M (92%)        1416M (94%)        1416M (94%)        1372M (91%)    
[3.013s][info][gc,heap     ] GC(0)      Used:       90M (6%)           92M (6%)           92M (6%)           50M (3%)           94M (6%)           50M (3%)     
[3.013s][info][gc,heap     ] GC(0)      Live:         -                17M (1%)           17M (1%)           17M (1%)             -                  -          
[3.013s][info][gc,heap     ] GC(0) Allocated:         -                 2M (0%)            2M (0%)           12M (1%)             -                  -          
[3.013s][info][gc,heap     ] GC(0)   Garbage:         -                72M (5%)           72M (5%)           30M (2%)             -                  -          
[3.013s][info][gc,heap     ] GC(0) Reclaimed:         -                  -                 0M (0%)           42M (3%)             -                  -          
[3.013s][info][gc          ] GC(0) Garbage Collection (Metadata GC Threshold) 90M(6%)->50M(3%)
[10.124s][info][gc,stats    ] === Garbage Collection Statistics =======================================================================================================================
[10.124s][info][gc,stats    ]                                                              Last 10s              Last 10m              Last 10h                Total
[10.125s][info][gc,stats    ]                                                              Avg / Max             Avg / Max             Avg / Max             Avg / Max
[10.125s][info][gc,stats    ]   Collector: Garbage Collection Cycle                     68.076 / 68.076       68.076 / 68.076       68.076 / 68.076       68.076 / 68.076      ms
[10.125s][info][gc,stats    ]  Contention: Mark Segment Reset Contention                     0 / 0                 0 / 0                 0 / 0                 0 / 0           ops/s
[10.125s][info][gc,stats    ]  Contention: Mark SeqNum Reset Contention                      0 / 0                 0 / 0                 0 / 0                 0 / 0           ops/s
[10.125s][info][gc,stats    ]  Contention: Relocation Contention                             0 / 0                 0 / 0                 0 / 0                 0 / 0           ops/s
[10.125s][info][gc,stats    ]    Critical: Allocation Stall                              0.000 / 0.000         0.000 / 0.000         0.000 / 0.000         0.000 / 0.000       ms
[10.125s][info][gc,stats    ]    Critical: Allocation Stall                                  0 / 0                 0 / 0                 0 / 0                 0 / 0           ops/s
[10.125s][info][gc,stats    ]    Critical: GC Locker Stall                               0.001 / 0.001         0.001 / 0.001         0.001 / 0.001         0.001 / 0.001       ms
[10.125s][info][gc,stats    ]    Critical: GC Locker Stall                                   0 / 1                 0 / 1                 0 / 1                 0 / 1           ops/s
[10.125s][info][gc,stats    ]      Memory: Allocation Rate                                  10 / 66               10 / 66               10 / 66               10 / 66          MB/s
[10.125s][info][gc,stats    ]      Memory: Heap Used After Mark                             92 / 92               92 / 92               92 / 92               92 / 92          MB
[10.125s][info][gc,stats    ]      Memory: Heap Used After Relocation                       50 / 50               50 / 50               50 / 50               50 / 50          MB
[10.125s][info][gc,stats    ]      Memory: Heap Used Before Mark                            90 / 90               90 / 90               90 / 90               90 / 90          MB
[10.125s][info][gc,stats    ]      Memory: Heap Used Before Relocation                      92 / 92               92 / 92               92 / 92               92 / 92          MB
[10.125s][info][gc,stats    ]      Memory: Out Of Memory                                     0 / 0                 0 / 0                 0 / 0                 0 / 0           ops/s
[10.125s][info][gc,stats    ]      Memory: Page Cache Flush                                  0 / 0                 0 / 0                 0 / 0                 0 / 0           MB/s
[10.125s][info][gc,stats    ]      Memory: Page Cache Hit L1                                 1 / 6                 1 / 6                 1 / 6                 1 / 6           ops/s
[10.125s][info][gc,stats    ]      Memory: Page Cache Hit L2                                 0 / 0                 0 / 0                 0 / 0                 0 / 0           ops/s
[10.125s][info][gc,stats    ]      Memory: Page Cache Miss                                   3 / 17                3 / 17                3 / 17                3 / 17          ops/s
[10.125s][info][gc,stats    ]      Memory: Undo Object Allocation Failed                     0 / 0                 0 / 0                 0 / 0                 0 / 0           ops/s
[10.125s][info][gc,stats    ]      Memory: Undo Object Allocation Succeeded                  0 / 0                 0 / 0                 0 / 0                 0 / 0           ops/s
[10.125s][info][gc,stats    ]      Memory: Undo Page Allocation                              0 / 0                 0 / 0                 0 / 0                 0 / 0           ops/s
[10.125s][info][gc,stats    ]       Phase: Concurrent Destroy Detached Pages             0.000 / 0.000         0.000 / 0.000         0.000 / 0.000         0.000 / 0.000       ms
[10.125s][info][gc,stats    ]       Phase: Concurrent Mark                              40.149 / 40.149       40.149 / 40.149       40.149 / 40.149       40.149 / 40.149      ms
[10.125s][info][gc,stats    ]       Phase: Concurrent Mark Continue                      0.000 / 0.000         0.000 / 0.000         0.000 / 0.000         0.000 / 0.000       ms
[10.125s][info][gc,stats    ]       Phase: Concurrent Prepare Relocation Set             0.372 / 0.372         0.372 / 0.372         0.372 / 0.372         0.372 / 0.372       ms
[10.125s][info][gc,stats    ]       Phase: Concurrent Process Non-Strong References      0.476 / 0.476         0.476 / 0.476         0.476 / 0.476         0.476 / 0.476       ms
[10.125s][info][gc,stats    ]       Phase: Concurrent Relocate                          14.312 / 14.312       14.312 / 14.312       14.312 / 14.312       14.312 / 14.312      ms
[10.125s][info][gc,stats    ]       Phase: Concurrent Reset Relocation Set               0.000 / 0.000         0.000 / 0.000         0.000 / 0.000         0.000 / 0.000       ms
[10.125s][info][gc,stats    ]       Phase: Concurrent Select Relocation Set              2.855 / 2.855         2.855 / 2.855         2.855 / 2.855         2.855 / 2.855       ms
[10.125s][info][gc,stats    ]       Phase: Pause Mark End                                0.081 / 0.081         0.081 / 0.081         0.081 / 0.081         0.081 / 0.081       ms
[10.125s][info][gc,stats    ]       Phase: Pause Mark Start                              0.611 / 0.611         0.611 / 0.611         0.611 / 0.611         0.611 / 0.611       ms
[10.125s][info][gc,stats    ]       Phase: Pause Relocate Start                          1.065 / 1.065         1.065 / 1.065         1.065 / 1.065         1.065 / 1.065       ms
[10.125s][info][gc,stats    ]    Subphase: Concurrent Mark                              40.130 / 40.130       40.130 / 40.130       40.130 / 40.130       40.130 / 40.130      ms
[10.125s][info][gc,stats    ]    Subphase: Concurrent Mark Idle                          0.000 / 0.000         0.000 / 0.000         0.000 / 0.000         0.000 / 0.000       ms
[10.125s][info][gc,stats    ]    Subphase: Concurrent Mark Try Flush                     1.784 / 3.918         1.784 / 3.918         1.784 / 3.918         1.784 / 3.918       ms
[10.125s][info][gc,stats    ]    Subphase: Concurrent Mark Try Terminate                 0.005 / 0.010         0.005 / 0.010         0.005 / 0.010         0.005 / 0.010       ms
[10.125s][info][gc,stats    ]    Subphase: Concurrent References Enqueue                 0.002 / 0.002         0.002 / 0.002         0.002 / 0.002         0.002 / 0.002       ms
[10.125s][info][gc,stats    ]    Subphase: Concurrent References Process                 0.307 / 0.307         0.307 / 0.307         0.307 / 0.307         0.307 / 0.307       ms
[10.125s][info][gc,stats    ]    Subphase: Concurrent Weak Roots                         0.161 / 0.161         0.161 / 0.161         0.161 / 0.161         0.161 / 0.161       ms
[10.125s][info][gc,stats    ]    Subphase: Concurrent Weak Roots JNIWeakHandles          0.000 / 0.000         0.000 / 0.000         0.000 / 0.000         0.000 / 0.000       ms
[10.125s][info][gc,stats    ]    Subphase: Concurrent Weak Roots StringTable             0.135 / 0.135         0.135 / 0.135         0.135 / 0.135         0.135 / 0.135       ms
[10.125s][info][gc,stats    ]    Subphase: Concurrent Weak Roots VMWeakHandles           0.026 / 0.026         0.026 / 0.026         0.026 / 0.026         0.026 / 0.026       ms
[10.125s][info][gc,stats    ]    Subphase: Pause Mark Try Complete                       0.000 / 0.000         0.000 / 0.000         0.000 / 0.000         0.000 / 0.000       ms
[10.125s][info][gc,stats    ]    Subphase: Pause Remap TLABS                             0.000 / 0.000         0.000 / 0.000         0.000 / 0.000         0.000 / 0.000       ms
[10.125s][info][gc,stats    ]    Subphase: Pause Retire TLABS                            0.004 / 0.004         0.004 / 0.004         0.004 / 0.004         0.004 / 0.004       ms
[10.125s][info][gc,stats    ]    Subphase: Pause Roots                                   0.546 / 1.013         0.546 / 1.013         0.546 / 1.013         0.546 / 1.013       ms
[10.125s][info][gc,stats    ]    Subphase: Pause Roots ClassLoaderDataGraph              0.428 / 0.742         0.428 / 0.742         0.428 / 0.742         0.428 / 0.742       ms
[10.125s][info][gc,stats    ]    Subphase: Pause Roots CodeCache                         0.162 / 0.167         0.162 / 0.167         0.162 / 0.167         0.162 / 0.167       ms
[10.125s][info][gc,stats    ]    Subphase: Pause Roots JNIHandles                        0.001 / 0.001         0.001 / 0.001         0.001 / 0.001         0.001 / 0.001       ms
[10.125s][info][gc,stats    ]    Subphase: Pause Roots JNIWeakHandles                    0.000 / 0.000         0.000 / 0.000         0.000 / 0.000         0.000 / 0.000       ms
[10.125s][info][gc,stats    ]    Subphase: Pause Roots JRFWeak                           0.000 / 0.000         0.000 / 0.000         0.000 / 0.000         0.000 / 0.000       ms
[10.125s][info][gc,stats    ]    Subphase: Pause Roots JVMTIExport                       0.001 / 0.001         0.001 / 0.001         0.001 / 0.001         0.001 / 0.001       ms
[10.125s][info][gc,stats    ]    Subphase: Pause Roots JVMTIWeakExport                   0.001 / 0.001         0.001 / 0.001         0.001 / 0.001         0.001 / 0.001       ms
[10.125s][info][gc,stats    ]    Subphase: Pause Roots Management                        0.001 / 0.002         0.001 / 0.002         0.001 / 0.002         0.001 / 0.002       ms
[10.125s][info][gc,stats    ]    Subphase: Pause Roots ObjectSynchronizer                0.000 / 0.000         0.000 / 0.000         0.000 / 0.000         0.000 / 0.000       ms
[10.125s][info][gc,stats    ]    Subphase: Pause Roots Setup                             0.018 / 0.028         0.018 / 0.028         0.018 / 0.028         0.018 / 0.028       ms
[10.125s][info][gc,stats    ]    Subphase: Pause Roots StringTable                       0.000 / 0.000         0.000 / 0.000         0.000 / 0.000         0.000 / 0.000       ms
[10.125s][info][gc,stats    ]    Subphase: Pause Roots SystemDictionary                  0.020 / 0.036         0.020 / 0.036         0.020 / 0.036         0.020 / 0.036       ms
[10.125s][info][gc,stats    ]    Subphase: Pause Roots Teardown                          0.000 / 0.001         0.000 / 0.001         0.000 / 0.001         0.000 / 0.001       ms
[10.126s][info][gc,stats    ]    Subphase: Pause Roots Threads                           0.135 / 0.278         0.135 / 0.278         0.135 / 0.278         0.135 / 0.278       ms
[10.126s][info][gc,stats    ]    Subphase: Pause Roots Universe                          0.002 / 0.002         0.002 / 0.002         0.002 / 0.002         0.002 / 0.002       ms
[10.126s][info][gc,stats    ]    Subphase: Pause Roots VMWeakHandles                     0.000 / 0.000         0.000 / 0.000         0.000 / 0.000         0.000 / 0.000       ms
[10.126s][info][gc,stats    ]    Subphase: Pause Weak Roots                              0.008 / 0.008         0.008 / 0.008         0.008 / 0.008         0.008 / 0.008       ms
[10.126s][info][gc,stats    ]    Subphase: Pause Weak Roots JFRWeak                      0.000 / 0.000         0.000 / 0.000         0.000 / 0.000         0.000 / 0.000       ms
[10.126s][info][gc,stats    ]    Subphase: Pause Weak Roots JNIWeakHandles               0.000 / 0.000         0.000 / 0.000         0.000 / 0.000         0.000 / 0.000       ms
[10.126s][info][gc,stats    ]    Subphase: Pause Weak Roots JVMTIWeakExport              0.007 / 0.007         0.007 / 0.007         0.007 / 0.007         0.007 / 0.007       ms
[10.126s][info][gc,stats    ]    Subphase: Pause Weak Roots Setup                        0.000 / 0.000         0.000 / 0.000         0.000 / 0.000         0.000 / 0.000       ms
[10.126s][info][gc,stats    ]    Subphase: Pause Weak Roots StringTable                  0.000 / 0.000         0.000 / 0.000         0.000 / 0.000         0.000 / 0.000       ms
[10.126s][info][gc,stats    ]    Subphase: Pause Weak Roots SymbolTable                  0.000 / 0.000         0.000 / 0.000         0.000 / 0.000         0.000 / 0.000       ms
[10.126s][info][gc,stats    ]    Subphase: Pause Weak Roots Teardown                     0.000 / 0.000         0.000 / 0.000         0.000 / 0.000         0.000 / 0.000       ms
[10.126s][info][gc,stats    ]    Subphase: Pause Weak Roots VMWeakHandles                0.000 / 0.000         0.000 / 0.000         0.000 / 0.000         0.000 / 0.000       ms
[10.126s][info][gc,stats    ]      System: Java Threads                                      9 / 9                 9 / 9                 9 / 9                 9 / 9           threads
[10.126s][info][gc,stats    ] =========================================================================================================================================================
[15.540s][info][gc,start    ] GC(1) Garbage Collection (Metadata GC Threshold)
[15.545s][info][gc,phases   ] GC(1) Pause Mark Start 1.976ms
[15.642s][info][gc,phases   ] GC(1) Concurrent Mark 96.567ms
[15.644s][info][gc,phases   ] GC(1) Pause Mark End 0.275ms
[15.646s][info][gc,phases   ] GC(1) Concurrent Process Non-Strong References 1.629ms
[15.646s][info][gc,phases   ] GC(1) Concurrent Reset Relocation Set 0.102ms
[15.646s][info][gc,phases   ] GC(1) Concurrent Destroy Detached Pages 0.001ms
[15.652s][info][gc,phases   ] GC(1) Concurrent Select Relocation Set 5.625ms
[15.653s][info][gc,phases   ] GC(1) Concurrent Prepare Relocation Set 0.435ms
[15.655s][info][gc,phases   ] GC(1) Pause Relocate Start 2.244ms
[15.688s][info][gc,phases   ] GC(1) Concurrent Relocate 28.078ms
[15.688s][info][gc,load     ] GC(1) Load: 1.82/2.36/2.71
[15.688s][info][gc,mmu      ] GC(1) MMU: 2ms/0.0%, 5ms/55.1%, 10ms/77.6%, 20ms/87.4%, 50ms/95.0%, 100ms/97.5%
[15.688s][info][gc,marking  ] GC(1) Mark: 1 stripe(s), 2 proactive flush(es), 1 terminate flush(es), 0 completion(s), 0 continuation(s) 
[15.688s][info][gc,reloc    ] GC(1) Relocation: Successful, 12M relocated
[15.688s][info][gc,nmethod  ] GC(1) NMethods: 676 registered, 0 unregistered
[15.688s][info][gc,metaspace] GC(1) Metaspace: 34M used, 35M capacity, 35M committed, 36M reserved
[15.688s][info][gc,ref      ] GC(1) Soft: 2902 encountered, 0 discovered, 0 enqueued
[15.688s][info][gc,ref      ] GC(1) Weak: 1464 encountered, 1126 discovered, 224 enqueued
[15.688s][info][gc,ref      ] GC(1) Final: 26 encountered, 13 discovered, 13 enqueued
[15.688s][info][gc,ref      ] GC(1) Phantom: 907 encountered, 766 discovered, 295 enqueued
[15.688s][info][gc,heap     ] GC(1)                Mark Start          Mark End        Relocate Start      Relocate End           High               Low         
[15.688s][info][gc,heap     ] GC(1)  Capacity:      160M (11%)         160M (11%)         160M (11%)         160M (11%)         160M (11%)         160M (11%)    
[15.688s][info][gc,heap     ] GC(1)   Reserve:       34M (2%)           34M (2%)           34M (2%)           34M (2%)           34M (2%)           34M (2%)     
[15.688s][info][gc,heap     ] GC(1)      Free:     1358M (91%)        1356M (90%)        1356M (90%)        1410M (94%)        1410M (94%)        1352M (90%)    
[15.688s][info][gc,heap     ] GC(1)      Used:      108M (7%)          110M (7%)          110M (7%)           56M (4%)          114M (8%)           56M (4%)     
[15.688s][info][gc,heap     ] GC(1)      Live:         -                21M (1%)           21M (1%)           21M (1%)             -                  -          
[15.688s][info][gc,heap     ] GC(1) Allocated:         -                 2M (0%)            2M (0%)           10M (1%)             -                  -          
[15.688s][info][gc,heap     ] GC(1)   Garbage:         -                86M (6%)           86M (6%)           30M (2%)             -                  -          
[15.688s][info][gc,heap     ] GC(1) Reclaimed:         -                  -                 0M (0%)           56M (4%)             -                  -          
[15.688s][info][gc          ] GC(1) Garbage Collection (Metadata GC Threshold) 108M(7%)->56M(4%)
[20.128s][info][gc,stats    ] === Garbage Collection Statistics =======================================================================================================================
[20.128s][info][gc,stats    ]                                                              Last 10s              Last 10m              Last 10h                Total
[20.128s][info][gc,stats    ]                                                              Avg / Max             Avg / Max             Avg / Max             Avg / Max
[20.129s][info][gc,stats    ]   Collector: Garbage Collection Cycle                    147.800 / 147.800     107.938 / 147.800     107.938 / 147.800     107.938 / 147.800     ms
[20.129s][info][gc,stats    ]  Contention: Mark Segment Reset Contention                     0 / 0                 0 / 0                 0 / 0                 0 / 0           ops/s
[20.129s][info][gc,stats    ]  Contention: Mark SeqNum Reset Contention                      0 / 0                 0 / 0                 0 / 0                 0 / 0           ops/s
[20.129s][info][gc,stats    ]  Contention: Relocation Contention                             0 / 0                 0 / 0                 0 / 0                 0 / 0           ops/s
[20.129s][info][gc,stats    ]    Critical: Allocation Stall                              0.000 / 0.000         0.000 / 0.000         0.000 / 0.000         0.000 / 0.000       ms
[20.129s][info][gc,stats    ]    Critical: Allocation Stall                                  0 / 0                 0 / 0                 0 / 0                 0 / 0           ops/s
[20.129s][info][gc,stats    ]    Critical: GC Locker Stall                               0.000 / 0.000         0.001 / 0.001         0.001 / 0.001         0.001 / 0.001       ms
[20.129s][info][gc,stats    ]    Critical: GC Locker Stall                                   0 / 0                 0 / 1                 0 / 1                 0 / 1           ops/s
[20.129s][info][gc,stats    ]      Memory: Allocation Rate                                  13 / 28               11 / 66               11 / 66               11 / 66          MB/s
[20.129s][info][gc,stats    ]      Memory: Heap Used After Mark                            110 / 110             101 / 110             101 / 110             101 / 110         MB
[20.129s][info][gc,stats    ]      Memory: Heap Used After Relocation                       56 / 56               53 / 56               53 / 56               53 / 56          MB
[20.129s][info][gc,stats    ]      Memory: Heap Used Before Mark                           108 / 108              99 / 108              99 / 108              99 / 108         MB
[20.129s][info][gc,stats    ]      Memory: Heap Used Before Relocation                     110 / 110             101 / 110             101 / 110             101 / 110         MB
[20.129s][info][gc,stats    ]      Memory: Out Of Memory                                     0 / 0                 0 / 0                 0 / 0                 0 / 0           ops/s
[20.129s][info][gc,stats    ]      Memory: Page Cache Flush                                  0 / 0                 0 / 0                 0 / 0                 0 / 0           MB/s
[20.129s][info][gc,stats    ]      Memory: Page Cache Hit L1                                 4 / 10                2 / 10                2 / 10                2 / 10          ops/s
[20.129s][info][gc,stats    ]      Memory: Page Cache Hit L2                                 0 / 0                 0 / 0                 0 / 0                 0 / 0           ops/s
[20.129s][info][gc,stats    ]      Memory: Page Cache Miss                                   2 / 10                2 / 17                2 / 17                2 / 17          ops/s
[20.129s][info][gc,stats    ]      Memory: Undo Object Allocation Failed                     0 / 0                 0 / 0                 0 / 0                 0 / 0           ops/s
[20.129s][info][gc,stats    ]      Memory: Undo Object Allocation Succeeded                  0 / 0                 0 / 0                 0 / 0                 0 / 0           ops/s
[20.129s][info][gc,stats    ]      Memory: Undo Page Allocation                              0 / 0                 0 / 0                 0 / 0                 0 / 0           ops/s
[20.129s][info][gc,stats    ]       Phase: Concurrent Destroy Detached Pages             0.001 / 0.001         0.000 / 0.001         0.000 / 0.001         0.000 / 0.001       ms
[20.129s][info][gc,stats    ]       Phase: Concurrent Mark                              96.567 / 96.567       68.358 / 96.567       68.358 / 96.567       68.358 / 96.567      ms
[20.129s][info][gc,stats    ]       Phase: Concurrent Mark Continue                      0.000 / 0.000         0.000 / 0.000         0.000 / 0.000         0.000 / 0.000       ms
[20.129s][info][gc,stats    ]       Phase: Concurrent Prepare Relocation Set             0.435 / 0.435         0.404 / 0.435         0.404 / 0.435         0.404 / 0.435       ms
[20.129s][info][gc,stats    ]       Phase: Concurrent Process Non-Strong References      1.629 / 1.629         1.053 / 1.629         1.053 / 1.629         1.053 / 1.629       ms
[20.129s][info][gc,stats    ]       Phase: Concurrent Relocate                          28.078 / 28.078       21.195 / 28.078       21.195 / 28.078       21.195 / 28.078      ms
[20.129s][info][gc,stats    ]       Phase: Concurrent Reset Relocation Set               0.102 / 0.102         0.051 / 0.102         0.051 / 0.102         0.051 / 0.102       ms
[20.129s][info][gc,stats    ]       Phase: Concurrent Select Relocation Set              5.625 / 5.625         4.240 / 5.625         4.240 / 5.625         4.240 / 5.625       ms
[20.129s][info][gc,stats    ]       Phase: Pause Mark End                                0.275 / 0.275         0.178 / 0.275         0.178 / 0.275         0.178 / 0.275       ms
[20.129s][info][gc,stats    ]       Phase: Pause Mark Start                              1.976 / 1.976         1.294 / 1.976         1.294 / 1.976         1.294 / 1.976       ms
[20.129s][info][gc,stats    ]       Phase: Pause Relocate Start                          2.244 / 2.244         1.655 / 2.244         1.655 / 2.244         1.655 / 2.244       ms
[20.129s][info][gc,stats    ]    Subphase: Concurrent Mark                              96.542 / 96.542       68.336 / 96.542       68.336 / 96.542       68.336 / 96.542      ms
[20.129s][info][gc,stats    ]    Subphase: Concurrent Mark Idle                          0.000 / 0.000         0.000 / 0.000         0.000 / 0.000         0.000 / 0.000       ms
[20.129s][info][gc,stats    ]    Subphase: Concurrent Mark Try Flush                     0.915 / 0.987         1.458 / 3.918         1.458 / 3.918         1.458 / 3.918       ms
[20.129s][info][gc,stats    ]    Subphase: Concurrent Mark Try Terminate                 0.474 / 0.948         0.240 / 0.948         0.240 / 0.948         0.240 / 0.948       ms
[20.129s][info][gc,stats    ]    Subphase: Concurrent References Enqueue                 0.006 / 0.006         0.004 / 0.006         0.004 / 0.006         0.004 / 0.006       ms
[20.129s][info][gc,stats    ]    Subphase: Concurrent References Process                 0.567 / 0.567         0.437 / 0.567         0.437 / 0.567         0.437 / 0.567       ms
[20.129s][info][gc,stats    ]    Subphase: Concurrent Weak Roots                         1.019 / 1.019         0.590 / 1.019         0.590 / 1.019         0.590 / 1.019       ms
[20.129s][info][gc,stats    ]    Subphase: Concurrent Weak Roots JNIWeakHandles          0.000 / 0.000         0.000 / 0.000         0.000 / 0.000         0.000 / 0.000       ms
[20.129s][info][gc,stats    ]    Subphase: Concurrent Weak Roots StringTable             0.836 / 0.836         0.486 / 0.836         0.486 / 0.836         0.486 / 0.836       ms
[20.129s][info][gc,stats    ]    Subphase: Concurrent Weak Roots VMWeakHandles           0.179 / 0.179         0.102 / 0.179         0.102 / 0.179         0.102 / 0.179       ms
[20.129s][info][gc,stats    ]    Subphase: Pause Mark Try Complete                       0.000 / 0.000         0.000 / 0.000         0.000 / 0.000         0.000 / 0.000       ms
[20.129s][info][gc,stats    ]    Subphase: Pause Remap TLABS                             0.001 / 0.001         0.000 / 0.001         0.000 / 0.001         0.000 / 0.001       ms
[20.129s][info][gc,stats    ]    Subphase: Pause Retire TLABS                            0.006 / 0.006         0.005 / 0.006         0.005 / 0.006         0.005 / 0.006       ms
[20.129s][info][gc,stats    ]    Subphase: Pause Roots                                   1.366 / 2.053         0.956 / 2.053         0.956 / 2.053         0.956 / 2.053       ms
[20.129s][info][gc,stats    ]    Subphase: Pause Roots ClassLoaderDataGraph              0.896 / 1.349         0.662 / 1.349         0.662 / 1.349         0.662 / 1.349       ms
[20.129s][info][gc,stats    ]    Subphase: Pause Roots CodeCache                         0.411 / 0.432         0.286 / 0.432         0.286 / 0.432         0.286 / 0.432       ms
[20.129s][info][gc,stats    ]    Subphase: Pause Roots JNIHandles                        0.029 / 0.052         0.015 / 0.052         0.015 / 0.052         0.015 / 0.052       ms
[20.129s][info][gc,stats    ]    Subphase: Pause Roots JNIWeakHandles                    0.000 / 0.000         0.000 / 0.000         0.000 / 0.000         0.000 / 0.000       ms
[20.129s][info][gc,stats    ]    Subphase: Pause Roots JRFWeak                           0.000 / 0.000         0.000 / 0.000         0.000 / 0.000         0.000 / 0.000       ms
[20.129s][info][gc,stats    ]    Subphase: Pause Roots JVMTIExport                       0.001 / 0.001         0.001 / 0.001         0.001 / 0.001         0.001 / 0.001       ms
[20.129s][info][gc,stats    ]    Subphase: Pause Roots JVMTIWeakExport                   0.001 / 0.001         0.001 / 0.001         0.001 / 0.001         0.001 / 0.001       ms
[20.129s][info][gc,stats    ]    Subphase: Pause Roots Management                        0.002 / 0.002         0.001 / 0.002         0.001 / 0.002         0.001 / 0.002       ms
[20.129s][info][gc,stats    ]    Subphase: Pause Roots ObjectSynchronizer                0.000 / 0.000         0.000 / 0.000         0.000 / 0.000         0.000 / 0.000       ms
[20.129s][info][gc,stats    ]    Subphase: Pause Roots Setup                             0.090 / 0.140         0.054 / 0.140         0.054 / 0.140         0.054 / 0.140       ms
[20.129s][info][gc,stats    ]    Subphase: Pause Roots StringTable                       0.000 / 0.000         0.000 / 0.000         0.000 / 0.000         0.000 / 0.000       ms
[20.129s][info][gc,stats    ]    Subphase: Pause Roots SystemDictionary                  0.032 / 0.056         0.026 / 0.056         0.026 / 0.056         0.026 / 0.056       ms
[20.129s][info][gc,stats    ]    Subphase: Pause Roots Teardown                          0.001 / 0.002         0.001 / 0.002         0.001 / 0.002         0.001 / 0.002       ms
[20.129s][info][gc,stats    ]    Subphase: Pause Roots Threads                           0.446 / 0.900         0.291 / 0.900         0.291 / 0.900         0.291 / 0.900       ms
[20.129s][info][gc,stats    ]    Subphase: Pause Roots Universe                          0.003 / 0.004         0.003 / 0.004         0.003 / 0.004         0.003 / 0.004       ms
[20.129s][info][gc,stats    ]    Subphase: Pause Roots VMWeakHandles                     0.000 / 0.000         0.000 / 0.000         0.000 / 0.000         0.000 / 0.000       ms
[20.129s][info][gc,stats    ]    Subphase: Pause Weak Roots                              0.002 / 0.002         0.005 / 0.008         0.005 / 0.008         0.005 / 0.008       ms
[20.129s][info][gc,stats    ]    Subphase: Pause Weak Roots JFRWeak                      0.001 / 0.001         0.001 / 0.001         0.001 / 0.001         0.001 / 0.001       ms
[20.129s][info][gc,stats    ]    Subphase: Pause Weak Roots JNIWeakHandles               0.000 / 0.000         0.000 / 0.000         0.000 / 0.000         0.000 / 0.000       ms
[20.129s][info][gc,stats    ]    Subphase: Pause Weak Roots JVMTIWeakExport              0.001 / 0.001         0.004 / 0.007         0.004 / 0.007         0.004 / 0.007       ms
[20.129s][info][gc,stats    ]    Subphase: Pause Weak Roots Setup                        0.000 / 0.000         0.000 / 0.000         0.000 / 0.000         0.000 / 0.000       ms
[20.129s][info][gc,stats    ]    Subphase: Pause Weak Roots StringTable                  0.000 / 0.000         0.000 / 0.000         0.000 / 0.000         0.000 / 0.000       ms
[20.129s][info][gc,stats    ]    Subphase: Pause Weak Roots SymbolTable                  0.000 / 0.000         0.000 / 0.000         0.000 / 0.000         0.000 / 0.000       ms
[20.129s][info][gc,stats    ]    Subphase: Pause Weak Roots Teardown                     0.001 / 0.001         0.001 / 0.001         0.001 / 0.001         0.001 / 0.001       ms
[20.129s][info][gc,stats    ]    Subphase: Pause Weak Roots VMWeakHandles                0.000 / 0.000         0.000 / 0.000         0.000 / 0.000         0.000 / 0.000       ms
[20.129s][info][gc,stats    ]      System: Java Threads                                     10 / 10                9 / 10                9 / 10                9 / 10          threads
[20.129s][info][gc,stats    ] =========================================================================================================================================================
[22.625s][info][gc,start    ] GC(2) Garbage Collection (Warmup)
[22.668s][info][gc,phases   ] GC(2) Pause Mark Start 37.948ms
[24.751s][info][gc,phases   ] GC(2) Concurrent Mark 2081.560ms
[24.751s][info][gc,phases   ] GC(2) Pause Mark End 0.179ms
[24.756s][info][gc,phases   ] GC(2) Concurrent Process Non-Strong References 4.353ms
[24.757s][info][gc,phases   ] GC(2) Concurrent Reset Relocation Set 0.010ms
[24.757s][info][gc,phases   ] GC(2) Concurrent Destroy Detached Pages 0.001ms
[24.758s][info][gc,phases   ] GC(2) Concurrent Select Relocation Set 1.518ms
[24.759s][info][gc,phases   ] GC(2) Concurrent Prepare Relocation Set 0.302ms
[24.768s][info][gc,phases   ] GC(2) Pause Relocate Start 7.180ms
[24.819s][info][gc,phases   ] GC(2) Concurrent Relocate 51.244ms
[24.819s][info][gc,load     ] GC(2) Load: 2.25/2.43/2.73
[24.819s][info][gc,mmu      ] GC(2) MMU: 2ms/0.0%, 5ms/0.0%, 10ms/0.0%, 20ms/0.0%, 50ms/24.1%, 100ms/62.1%
[24.819s][info][gc,marking  ] GC(2) Mark: 1 stripe(s), 2 proactive flush(es), 1 terminate flush(es), 0 completion(s), 0 continuation(s) 
[24.819s][info][gc,reloc    ] GC(2) Relocation: Successful, 15M relocated
[24.819s][info][gc,nmethod  ] GC(2) NMethods: 1036 registered, 0 unregistered
[24.819s][info][gc,metaspace] GC(2) Metaspace: 50M used, 52M capacity, 52M committed, 54M reserved
[24.819s][info][gc,ref      ] GC(2) Soft: 3457 encountered, 0 discovered, 0 enqueued
[24.820s][info][gc,ref      ] GC(2) Weak: 2457 encountered, 1906 discovered, 284 enqueued
[24.820s][info][gc,ref      ] GC(2) Final: 30 encountered, 6 discovered, 6 enqueued
[24.820s][info][gc,ref      ] GC(2) Phantom: 1110 encountered, 918 discovered, 476 enqueued
[24.820s][info][gc,heap     ] GC(2)                Mark Start          Mark End        Relocate Start      Relocate End           High               Low         
[24.820s][info][gc,heap     ] GC(2)  Capacity:      500M (33%)         868M (58%)         868M (58%)         872M (58%)         872M (58%)         500M (33%)    
[24.820s][info][gc,heap     ] GC(2)   Reserve:       34M (2%)           34M (2%)           34M (2%)           34M (2%)           34M (2%)           34M (2%)     
[24.820s][info][gc,heap     ] GC(2)      Free:     1000M (67%)         632M (42%)         632M (42%)         696M (46%)        1000M (67%)         628M (42%)    
[24.820s][info][gc,heap     ] GC(2)      Used:      466M (31%)         834M (56%)         834M (56%)         770M (51%)         838M (56%)         466M (31%)    
[24.820s][info][gc,heap     ] GC(2)      Live:         -               349M (23%)         349M (23%)         349M (23%)            -                  -          
[24.820s][info][gc,heap     ] GC(2) Allocated:         -               368M (25%)         368M (25%)         396M (26%)            -                  -          
[24.820s][info][gc,heap     ] GC(2)   Garbage:         -               116M (8%)          116M (8%)           34M (2%)             -                  -          
[24.820s][info][gc,heap     ] GC(2) Reclaimed:         -                  -                 0M (0%)           82M (5%)             -                  -          
[24.820s][info][gc          ] GC(2) Garbage Collection (Warmup) 466M(31%)->770M(51%)
[24.824s][info][gc,start    ] GC(3) Garbage Collection (Allocation Rate)
[24.831s][info][gc,phases   ] GC(3) Pause Mark Start 1.269ms
[27.920s][info][gc,phases   ] GC(3) Concurrent Mark 3088.489ms
[27.921s][info][gc,phases   ] GC(3) Pause Mark End 0.368ms
[27.923s][info][gc,phases   ] GC(3) Concurrent Process Non-Strong References 1.505ms
[27.923s][info][gc,phases   ] GC(3) Concurrent Reset Relocation Set 0.006ms
[27.923s][info][gc,phases   ] GC(3) Concurrent Destroy Detached Pages 0.001ms
[27.925s][info][gc,phases   ] GC(3) Concurrent Select Relocation Set 1.582ms
[27.925s][info][gc,phases   ] GC(3) Concurrent Prepare Relocation Set 0.013ms
[27.926s][info][gc,phases   ] GC(3) Pause Relocate Start 1.123ms
[27.927s][info][gc,phases   ] GC(3) Concurrent Relocate 1.416ms
[27.927s][info][gc,load     ] GC(3) Load: 2.39/2.45/2.74
[27.927s][info][gc,mmu      ] GC(3) MMU: 2ms/0.0%, 5ms/0.0%, 10ms/0.0%, 20ms/0.0%, 50ms/24.1%, 100ms/62.1%
[27.927s][info][gc,marking  ] GC(3) Mark: 1 stripe(s), 2 proactive flush(es), 2 terminate flush(es), 0 completion(s), 0 continuation(s) 
[27.927s][info][gc,reloc    ] GC(3) Relocation: Successful, 9M relocated
[27.927s][info][gc,nmethod  ] GC(3) NMethods: 1254 registered, 0 unregistered
[27.927s][info][gc,metaspace] GC(3) Metaspace: 55M used, 57M capacity, 58M committed, 60M reserved
[27.927s][info][gc,ref      ] GC(3) Soft: 3457 encountered, 0 discovered, 0 enqueued
[27.927s][info][gc,ref      ] GC(3) Weak: 2173 encountered, 1631 discovered, 0 enqueued
[27.927s][info][gc,ref      ] GC(3) Final: 24 encountered, 0 discovered, 0 enqueued
[27.927s][info][gc,ref      ] GC(3) Phantom: 634 encountered, 441 discovered, 0 enqueued
[27.927s][info][gc,heap     ] GC(3)                Mark Start          Mark End        Relocate Start      Relocate End           High               Low         
[27.927s][info][gc,heap     ] GC(3)  Capacity:      872M (58%)         890M (59%)         890M (59%)         892M (59%)         892M (59%)         872M (58%)    
[27.927s][info][gc,heap     ] GC(3)   Reserve:       34M (2%)           34M (2%)           34M (2%)           34M (2%)           34M (2%)           34M (2%)     
[27.928s][info][gc,heap     ] GC(3)      Free:      690M (46%)         610M (41%)         610M (41%)         612M (41%)         690M (46%)         608M (41%)    
[27.928s][info][gc,heap     ] GC(3)      Used:      776M (52%)         856M (57%)         856M (57%)         854M (57%)         858M (57%)         776M (52%)    
[27.928s][info][gc,heap     ] GC(3)      Live:         -               733M (49%)         733M (49%)         733M (49%)            -                  -          
[27.928s][info][gc,heap     ] GC(3) Allocated:         -                80M (5%)           80M (5%)           82M (5%)             -                  -          
[27.928s][info][gc,heap     ] GC(3)   Garbage:         -                42M (3%)           42M (3%)           40M (3%)             -                  -          
[27.928s][info][gc,heap     ] GC(3) Reclaimed:         -                  -                 0M (0%)            2M (0%)             -                  -          
[27.928s][info][gc          ] GC(3) Garbage Collection (Allocation Rate) 776M(52%)->854M(57%)
[28.124s][info][gc,start    ] GC(4) Garbage Collection (Allocation Rate)
[28.127s][info][gc,phases   ] GC(4) Pause Mark Start 2.703ms
[28.235s][info][gc,phases   ] GC(4) Concurrent Mark 107.053ms
[28.237s][info][gc,phases   ] GC(4) Pause Mark End 0.297ms
[28.240s][info][gc,phases   ] GC(4) Concurrent Process Non-Strong References 3.090ms
[28.240s][info][gc,phases   ] GC(4) Concurrent Reset Relocation Set 0.002ms
[28.240s][info][gc,phases   ] GC(4) Concurrent Destroy Detached Pages 0.001ms
[28.242s][info][gc,phases   ] GC(4) Concurrent Select Relocation Set 1.519ms
[28.242s][info][gc,phases   ] GC(4) Concurrent Prepare Relocation Set 0.036ms
[28.244s][info][gc,phases   ] GC(4) Pause Relocate Start 2.055ms
[28.253s][info][gc,phases   ] GC(4) Concurrent Relocate 9.374ms
[28.253s][info][gc,load     ] GC(4) Load: 2.39/2.45/2.74
[28.253s][info][gc,mmu      ] GC(4) MMU: 2ms/0.0%, 5ms/0.0%, 10ms/0.0%, 20ms/0.0%, 50ms/24.1%, 100ms/62.1%
[28.253s][info][gc,marking  ] GC(4) Mark: 1 stripe(s), 2 proactive flush(es), 1 terminate flush(es), 0 completion(s), 0 continuation(s) 
[28.253s][info][gc,reloc    ] GC(4) Relocation: Successful, 7M relocated
[28.253s][info][gc,nmethod  ] GC(4) NMethods: 1350 registered, 0 unregistered
[28.254s][info][gc,metaspace] GC(4) Metaspace: 56M used, 59M capacity, 59M committed, 60M reserved
[28.254s][info][gc,ref      ] GC(4) Soft: 3702 encountered, 0 discovered, 0 enqueued
[28.254s][info][gc,ref      ] GC(4) Weak: 2770 encountered, 2153 discovered, 160 enqueued
[28.254s][info][gc,ref      ] GC(4) Final: 33 encountered, 7 discovered, 7 enqueued
[28.254s][info][gc,ref      ] GC(4) Phantom: 862 encountered, 708 discovered, 222 enqueued
[28.254s][info][gc,heap     ] GC(4)                Mark Start          Mark End        Relocate Start      Relocate End           High               Low         
[28.254s][info][gc,heap     ] GC(4)  Capacity:      932M (62%)         968M (65%)         968M (65%)         968M (65%)         968M (65%)         932M (62%)    
[28.254s][info][gc,heap     ] GC(4)   Reserve:       34M (2%)           34M (2%)           34M (2%)           34M (2%)           34M (2%)           34M (2%)     
[28.254s][info][gc,heap     ] GC(4)      Free:      568M (38%)         532M (35%)        1318M (88%)        1372M (91%)        1372M (91%)         532M (35%)    
[28.254s][info][gc,heap     ] GC(4)      Used:      898M (60%)         934M (62%)         148M (10%)          94M (6%)          934M (62%)          94M (6%)     
[28.254s][info][gc,heap     ] GC(4)      Live:         -                28M (2%)           28M (2%)           28M (2%)             -                  -          
[28.254s][info][gc,heap     ] GC(4) Allocated:         -                36M (2%)           36M (2%)           40M (3%)             -                  -          
[28.254s][info][gc,heap     ] GC(4)   Garbage:         -               869M (58%)          83M (6%)           29M (2%)             -                  -          
[28.254s][info][gc,heap     ] GC(4) Reclaimed:         -                  -               786M (52%)         840M (56%)            -                  -          
[28.254s][info][gc          ] GC(4) Garbage Collection (Allocation Rate) 898M(60%)->94M(6%)
[28.640s][info][gc,start    ] GC(5) Garbage Collection (System.gc())
[28.642s][info][gc,phases   ] GC(5) Pause Mark Start 1.956ms
[28.715s][info][gc,phases   ] GC(5) Concurrent Mark 73.293ms
[28.716s][info][gc,phases   ] GC(5) Pause Mark End 0.174ms
[28.717s][info][gc,phases   ] GC(5) Concurrent Process Non-Strong References 1.255ms
[28.717s][info][gc,phases   ] GC(5) Concurrent Reset Relocation Set 0.004ms
[28.717s][info][gc,phases   ] GC(5) Concurrent Destroy Detached Pages 0.000ms
[28.719s][info][gc,phases   ] GC(5) Concurrent Select Relocation Set 1.505ms
[28.719s][info][gc,phases   ] GC(5) Concurrent Prepare Relocation Set 0.021ms
[28.722s][info][gc,phases   ] GC(5) Pause Relocate Start 3.078ms
[28.726s][info][gc,phases   ] GC(5) Concurrent Relocate 4.110ms
[28.726s][info][gc,load     ] GC(5) Load: 2.39/2.45/2.74
[28.726s][info][gc,mmu      ] GC(5) MMU: 2ms/0.0%, 5ms/0.0%, 10ms/0.0%, 20ms/0.0%, 50ms/24.1%, 100ms/62.1%
[28.726s][info][gc,marking  ] GC(5) Mark: 1 stripe(s), 2 proactive flush(es), 1 terminate flush(es), 0 completion(s), 0 continuation(s) 
[28.726s][info][gc,reloc    ] GC(5) Relocation: Successful, 6M relocated
[28.726s][info][gc,nmethod  ] GC(5) NMethods: 1386 registered, 0 unregistered
[28.726s][info][gc,metaspace] GC(5) Metaspace: 58M used, 61M capacity, 61M committed, 62M reserved
[28.726s][info][gc,ref      ] GC(5) Soft: 3878 encountered, 0 discovered, 0 enqueued
[28.726s][info][gc,ref      ] GC(5) Weak: 2777 encountered, 2096 discovered, 42 enqueued
[28.726s][info][gc,ref      ] GC(5) Final: 27 encountered, 1 discovered, 1 enqueued
[28.726s][info][gc,ref      ] GC(5) Phantom: 690 encountered, 683 discovered, 49 enqueued
[28.726s][info][gc,heap     ] GC(5)                Mark Start          Mark End        Relocate Start      Relocate End           High               Low         
[28.726s][info][gc,heap     ] GC(5)  Capacity:      968M (65%)         968M (65%)         968M (65%)         968M (65%)         968M (65%)         968M (65%)    
[28.726s][info][gc,heap     ] GC(5)   Reserve:       34M (2%)           34M (2%)           34M (2%)           34M (2%)           34M (2%)           34M (2%)     
[28.726s][info][gc,heap     ] GC(5)      Free:     1358M (91%)        1356M (90%)        1388M (93%)        1404M (94%)        1404M (94%)        1356M (90%)    
[28.726s][info][gc,heap     ] GC(5)      Used:      108M (7%)          110M (7%)           78M (5%)           62M (4%)          110M (7%)           62M (4%)     
[28.726s][info][gc,heap     ] GC(5)      Live:         -                29M (2%)           29M (2%)           29M (2%)             -                  -          
[28.726s][info][gc,heap     ] GC(5) Allocated:         -                 2M (0%)            2M (0%)            4M (0%)             -                  -          
[28.726s][info][gc,heap     ] GC(5)   Garbage:         -                78M (5%)           46M (3%)           30M (2%)             -                  -          
[28.726s][info][gc,heap     ] GC(5) Reclaimed:         -                  -                32M (2%)           48M (3%)             -                  -          
[28.726s][info][gc          ] GC(5) Garbage Collection (System.gc()) 108M(7%)->62M(4%)
[30.125s][info][gc,stats    ] === Garbage Collection Statistics =======================================================================================================================
[30.125s][info][gc,stats    ]                                                              Last 10s              Last 10m              Last 10h                Total
[30.125s][info][gc,stats    ]                                                              Avg / Max             Avg / Max             Avg / Max             Avg / Max
[30.125s][info][gc,stats    ]   Collector: Garbage Collection Cycle                   1378.119 / 3103.183    954.725 / 3103.183    954.725 / 3103.183    954.725 / 3103.183    ms
[30.125s][info][gc,stats    ]  Contention: Mark Segment Reset Contention                     0 / 0                 0 / 0                 0 / 0                 0 / 0           ops/s
[30.125s][info][gc,stats    ]  Contention: Mark SeqNum Reset Contention                      0 / 0                 0 / 0                 0 / 0                 0 / 0           ops/s
[30.125s][info][gc,stats    ]  Contention: Relocation Contention                             0 / 0                 0 / 0                 0 / 0                 0 / 0           ops/s
[30.125s][info][gc,stats    ]    Critical: Allocation Stall                              0.000 / 0.000         0.000 / 0.000         0.000 / 0.000         0.000 / 0.000       ms
[30.125s][info][gc,stats    ]    Critical: Allocation Stall                                  0 / 0                 0 / 0                 0 / 0                 0 / 0           ops/s
[30.125s][info][gc,stats    ]    Critical: GC Locker Stall                               0.013 / 0.013         0.007 / 0.013         0.007 / 0.013         0.007 / 0.013       ms
[30.125s][info][gc,stats    ]    Critical: GC Locker Stall                                   0 / 1                 0 / 1                 0 / 1                 0 / 1           ops/s
[30.125s][info][gc,stats    ]      Memory: Allocation Rate                                  99 / 232              41 / 232              41 / 232              41 / 232         MB/s
[30.125s][info][gc,stats    ]      Memory: Heap Used After Mark                            683 / 934             489 / 934             489 / 934             489 / 934         MB
[30.125s][info][gc,stats    ]      Memory: Heap Used After Relocation                      445 / 854             314 / 854             314 / 854             314 / 854         MB
[30.125s][info][gc,stats    ]      Memory: Heap Used Before Mark                           562 / 898             407 / 898             407 / 898             407 / 898         MB
[30.125s][info][gc,stats    ]      Memory: Heap Used Before Relocation                     479 / 856             353 / 856             353 / 856             353 / 856         MB
[30.125s][info][gc,stats    ]      Memory: Out Of Memory                                     0 / 0                 0 / 0                 0 / 0                 0 / 0           ops/s
[30.125s][info][gc,stats    ]      Memory: Page Cache Flush                                  0 / 0                 0 / 0                 0 / 0                 0 / 0           MB/s
[30.125s][info][gc,stats    ]      Memory: Page Cache Hit L1                                 9 / 39                4 / 39                4 / 39                4 / 39          ops/s
[30.125s][info][gc,stats    ]      Memory: Page Cache Hit L2                                 0 / 0                 0 / 0                 0 / 0                 0 / 0           ops/s
[30.125s][info][gc,stats    ]      Memory: Page Cache Miss                                  36 / 116              14 / 116              14 / 116              14 / 116         ops/s
[30.125s][info][gc,stats    ]      Memory: Undo Object Allocation Failed                     0 / 0                 0 / 0                 0 / 0                 0 / 0           ops/s
[30.125s][info][gc,stats    ]      Memory: Undo Object Allocation Succeeded                  0 / 0                 0 / 0                 0 / 0                 0 / 0           ops/s
[30.125s][info][gc,stats    ]      Memory: Undo Page Allocation                              0 / 0                 0 / 0                 0 / 0                 0 / 0           ops/s
[30.125s][info][gc,stats    ]       Phase: Concurrent Destroy Detached Pages             0.001 / 0.001         0.001 / 0.001         0.001 / 0.001         0.001 / 0.001       ms
[30.125s][info][gc,stats    ]       Phase: Concurrent Mark                            1337.599 / 3088.489    914.518 / 3088.489    914.518 / 3088.489    914.518 / 3088.489    ms
[30.125s][info][gc,stats    ]       Phase: Concurrent Mark Continue                      0.000 / 0.000         0.000 / 0.000         0.000 / 0.000         0.000 / 0.000       ms
[30.125s][info][gc,stats    ]       Phase: Concurrent Prepare Relocation Set             0.093 / 0.302         0.196 / 0.435         0.196 / 0.435         0.196 / 0.435       ms
[30.125s][info][gc,stats    ]       Phase: Concurrent Process Non-Strong References      2.551 / 4.353         2.051 / 4.353         2.051 / 4.353         2.051 / 4.353       ms
[30.125s][info][gc,stats    ]       Phase: Concurrent Relocate                          16.536 / 51.244       18.089 / 51.244       18.089 / 51.244       18.089 / 51.244      ms
[30.125s][info][gc,stats    ]       Phase: Concurrent Reset Relocation Set               0.006 / 0.010         0.021 / 0.102         0.021 / 0.102         0.021 / 0.102       ms
[30.125s][info][gc,stats    ]       Phase: Concurrent Select Relocation Set              1.531 / 1.582         2.434 / 5.625         2.434 / 5.625         2.434 / 5.625       ms
[30.125s][info][gc,stats    ]       Phase: Pause Mark End                                0.254 / 0.368         0.229 / 0.368         0.229 / 0.368         0.229 / 0.368       ms
[30.125s][info][gc,stats    ]       Phase: Pause Mark Start                             10.969 / 37.948        7.744 / 37.948        7.744 / 37.948        7.744 / 37.948      ms
[30.125s][info][gc,stats    ]       Phase: Pause Relocate Start                          3.359 / 7.180         2.791 / 7.180         2.791 / 7.180         2.791 / 7.180       ms
[30.125s][info][gc,stats    ]    Subphase: Concurrent Mark                            1334.076 / 3088.467    912.163 / 3088.467    912.163 / 3088.467    912.163 / 3088.467    ms
[30.125s][info][gc,stats    ]    Subphase: Concurrent Mark Idle                          0.000 / 0.000         0.000 / 0.000         0.000 / 0.000         0.000 / 0.000       ms
[30.125s][info][gc,stats    ]    Subphase: Concurrent Mark Try Flush                     1.205 / 4.751         1.302 / 4.751         1.302 / 4.751         1.302 / 4.751       ms
[30.125s][info][gc,stats    ]    Subphase: Concurrent Mark Try Terminate                 0.434 / 2.018         0.374 / 2.018         0.374 / 2.018         0.374 / 2.018       ms
[30.125s][info][gc,stats    ]    Subphase: Concurrent References Enqueue                 0.003 / 0.007         0.003 / 0.007         0.003 / 0.007         0.003 / 0.007       ms
[30.125s][info][gc,stats    ]    Subphase: Concurrent References Process                 0.558 / 0.706         0.517 / 0.706         0.517 / 0.706         0.517 / 0.706       ms
[30.125s][info][gc,stats    ]    Subphase: Concurrent Weak Roots                         0.879 / 1.108         0.782 / 1.108         0.782 / 1.108         0.782 / 1.108       ms
[30.125s][info][gc,stats    ]    Subphase: Concurrent Weak Roots JNIWeakHandles          0.000 / 0.000         0.000 / 0.000         0.000 / 0.000         0.000 / 0.000       ms
[30.125s][info][gc,stats    ]    Subphase: Concurrent Weak Roots StringTable             0.688 / 0.872         0.621 / 0.872         0.621 / 0.872         0.621 / 0.872       ms
[30.125s][info][gc,stats    ]    Subphase: Concurrent Weak Roots VMWeakHandles           0.189 / 0.234         0.160 / 0.234         0.160 / 0.234         0.160 / 0.234       ms
[30.125s][info][gc,stats    ]    Subphase: Pause Mark Try Complete                       0.000 / 0.000         0.000 / 0.000         0.000 / 0.000         0.000 / 0.000       ms
[30.125s][info][gc,stats    ]    Subphase: Pause Remap TLABS                             0.001 / 0.001         0.001 / 0.001         0.001 / 0.001         0.001 / 0.001       ms
[30.125s][info][gc,stats    ]    Subphase: Pause Retire TLABS                            0.023 / 0.036         0.017 / 0.036         0.017 / 0.036         0.017 / 0.036       ms
[30.125s][info][gc,stats    ]    Subphase: Pause Roots                                   4.391 / 35.245        3.246 / 35.245        3.246 / 35.245        3.246 / 35.245      ms
[30.125s][info][gc,stats    ]    Subphase: Pause Roots ClassLoaderDataGraph              0.784 / 1.644         0.743 / 1.644         0.743 / 1.644         0.743 / 1.644       ms
[30.125s][info][gc,stats    ]    Subphase: Pause Roots CodeCache                         1.129 / 4.632         0.848 / 4.632         0.848 / 4.632         0.848 / 4.632       ms
[30.125s][info][gc,stats    ]    Subphase: Pause Roots JNIHandles                        0.002 / 0.003         0.006 / 0.052         0.006 / 0.052         0.006 / 0.052       ms
[30.125s][info][gc,stats    ]    Subphase: Pause Roots JNIWeakHandles                    0.000 / 0.000         0.000 / 0.000         0.000 / 0.000         0.000 / 0.000       ms
[30.125s][info][gc,stats    ]    Subphase: Pause Roots JRFWeak                           0.000 / 0.000         0.000 / 0.000         0.000 / 0.000         0.000 / 0.000       ms
[30.125s][info][gc,stats    ]    Subphase: Pause Roots JVMTIExport                       0.001 / 0.001         0.001 / 0.001         0.001 / 0.001         0.001 / 0.001       ms
[30.125s][info][gc,stats    ]    Subphase: Pause Roots JVMTIWeakExport                   0.001 / 0.001         0.001 / 0.001         0.001 / 0.001         0.001 / 0.001       ms
[30.125s][info][gc,stats    ]    Subphase: Pause Roots Management                        0.002 / 0.005         0.002 / 0.005         0.002 / 0.005         0.002 / 0.005       ms
[30.125s][info][gc,stats    ]    Subphase: Pause Roots ObjectSynchronizer                0.000 / 0.000         0.000 / 0.000         0.000 / 0.000         0.000 / 0.000       ms
[30.125s][info][gc,stats    ]    Subphase: Pause Roots Setup                             0.108 / 0.201         0.090 / 0.201         0.090 / 0.201         0.090 / 0.201       ms
[30.125s][info][gc,stats    ]    Subphase: Pause Roots StringTable                       0.000 / 0.000         0.000 / 0.000         0.000 / 0.000         0.000 / 0.000       ms
[30.125s][info][gc,stats    ]    Subphase: Pause Roots SystemDictionary                  0.013 / 0.022         0.017 / 0.056         0.017 / 0.056         0.017 / 0.056       ms
[30.125s][info][gc,stats    ]    Subphase: Pause Roots Teardown                          0.002 / 0.008         0.001 / 0.008         0.001 / 0.008         0.001 / 0.008       ms
[30.125s][info][gc,stats    ]    Subphase: Pause Roots Threads                           3.065 / 33.380        2.140 / 33.380        2.140 / 33.380        2.140 / 33.380      ms
[30.125s][info][gc,stats    ]    Subphase: Pause Roots Universe                          0.054 / 0.396         0.037 / 0.396         0.037 / 0.396         0.037 / 0.396       ms
[30.125s][info][gc,stats    ]    Subphase: Pause Roots VMWeakHandles                     0.000 / 0.000         0.000 / 0.000         0.000 / 0.000         0.000 / 0.000       ms
[30.125s][info][gc,stats    ]    Subphase: Pause Weak Roots                              0.002 / 0.002         0.003 / 0.008         0.003 / 0.008         0.003 / 0.008       ms
[30.125s][info][gc,stats    ]    Subphase: Pause Weak Roots JFRWeak                      0.001 / 0.001         0.001 / 0.001         0.001 / 0.001         0.001 / 0.001       ms
[30.125s][info][gc,stats    ]    Subphase: Pause Weak Roots JNIWeakHandles               0.000 / 0.000         0.000 / 0.000         0.000 / 0.000         0.000 / 0.000       ms
[30.125s][info][gc,stats    ]    Subphase: Pause Weak Roots JVMTIWeakExport              0.001 / 0.001         0.002 / 0.007         0.002 / 0.007         0.002 / 0.007       ms
[30.125s][info][gc,stats    ]    Subphase: Pause Weak Roots Setup                        0.000 / 0.000         0.000 / 0.000         0.000 / 0.000         0.000 / 0.000       ms
[30.125s][info][gc,stats    ]    Subphase: Pause Weak Roots StringTable                  0.000 / 0.000         0.000 / 0.000         0.000 / 0.000         0.000 / 0.000       ms
[30.125s][info][gc,stats    ]    Subphase: Pause Weak Roots SymbolTable                  0.000 / 0.000         0.000 / 0.000         0.000 / 0.000         0.000 / 0.000       ms
[30.125s][info][gc,stats    ]    Subphase: Pause Weak Roots Teardown                     0.001 / 0.001         0.001 / 0.001         0.001 / 0.001         0.001 / 0.001       ms
[30.125s][info][gc,stats    ]    Subphase: Pause Weak Roots VMWeakHandles                0.000 / 0.000         0.000 / 0.000         0.000 / 0.000         0.000 / 0.000       ms
[30.125s][info][gc,stats    ]      System: Java Threads                                     46 / 48               33 / 48               33 / 48               33 / 48          threads
[30.125s][info][gc,stats    ] =========================================================================================================================================================
[31.124s][info][gc,start    ] GC(6) Garbage Collection (Allocation Rate)
[31.128s][info][gc,phases   ] GC(6) Pause Mark Start 2.789ms
[31.278s][info][gc,phases   ] GC(6) Concurrent Mark 149.934ms
[31.283s][info][gc,phases   ] GC(6) Pause Mark End 0.211ms
[31.287s][info][gc,phases   ] GC(6) Concurrent Process Non-Strong References 3.621ms
[31.287s][info][gc,phases   ] GC(6) Concurrent Reset Relocation Set 0.004ms
[31.287s][info][gc,phases   ] GC(6) Concurrent Destroy Detached Pages 0.001ms
[31.288s][info][gc,phases   ] GC(6) Concurrent Select Relocation Set 1.560ms
[31.288s][info][gc,phases   ] GC(6) Concurrent Prepare Relocation Set 0.076ms
[31.291s][info][gc,phases   ] GC(6) Pause Relocate Start 2.163ms
[31.325s][info][gc,phases   ] GC(6) Concurrent Relocate 32.961ms
[31.325s][info][gc,load     ] GC(6) Load: 2.39/2.45/2.74
[31.325s][info][gc,mmu      ] GC(6) MMU: 2ms/0.0%, 5ms/0.0%, 10ms/0.0%, 20ms/0.0%, 50ms/24.1%, 100ms/62.1%
[31.325s][info][gc,marking  ] GC(6) Mark: 1 stripe(s), 2 proactive flush(es), 1 terminate flush(es), 0 completion(s), 0 continuation(s) 
[31.325s][info][gc,reloc    ] GC(6) Relocation: Successful, 10M relocated
[31.325s][info][gc,nmethod  ] GC(6) NMethods: 1848 registered, 0 unregistered
[31.325s][info][gc,metaspace] GC(6) Metaspace: 67M used, 70M capacity, 70M committed, 72M reserved
[31.325s][info][gc,ref      ] GC(6) Soft: 4449 encountered, 0 discovered, 0 enqueued
[31.325s][info][gc,ref      ] GC(6) Weak: 4263 encountered, 3357 discovered, 339 enqueued
[31.325s][info][gc,ref      ] GC(6) Final: 29 encountered, 3 discovered, 3 enqueued
[31.325s][info][gc,ref      ] GC(6) Phantom: 1076 encountered, 1023 discovered, 419 enqueued
[31.325s][info][gc,heap     ] GC(6)                Mark Start          Mark End        Relocate Start      Relocate End           High               Low         
[31.325s][info][gc,heap     ] GC(6)  Capacity:      968M (65%)         968M (65%)         968M (65%)         968M (65%)         968M (65%)         968M (65%)    
[31.325s][info][gc,heap     ] GC(6)   Reserve:       34M (2%)           34M (2%)           34M (2%)           34M (2%)           34M (2%)           34M (2%)     
[31.325s][info][gc,heap     ] GC(6)      Free:     1080M (72%)        1028M (69%)        1262M (84%)        1336M (89%)        1340M (89%)        1024M (68%)    
[31.325s][info][gc,heap     ] GC(6)      Used:      386M (26%)         438M (29%)         204M (14%)         130M (9%)          442M (29%)         126M (8%)     
[31.325s][info][gc,heap     ] GC(6)      Live:         -                32M (2%)           32M (2%)           32M (2%)             -                  -          
[31.325s][info][gc,heap     ] GC(6) Allocated:         -                52M (3%)           56M (4%)           72M (5%)             -                  -          
[31.325s][info][gc,heap     ] GC(6)   Garbage:         -               353M (24%)         115M (8%)           29M (2%)             -                  -          
[31.325s][info][gc,heap     ] GC(6) Reclaimed:         -                  -               238M (16%)         324M (22%)            -                  -          
[31.325s][info][gc          ] GC(6) Garbage Collection (Allocation Rate) 386M(26%)->130M(9%)
[31.424s][info][gc,start    ] GC(7) Garbage Collection (Allocation Rate)
[31.429s][info][gc,phases   ] GC(7) Pause Mark Start 1.981ms
[31.560s][info][gc,phases   ] GC(7) Concurrent Mark 131.540ms
[31.565s][info][gc,phases   ] GC(7) Pause Mark End 0.204ms
[31.570s][info][gc,phases   ] GC(7) Concurrent Process Non-Strong References 4.428ms
[31.570s][info][gc,phases   ] GC(7) Concurrent Reset Relocation Set 0.008ms
[31.570s][info][gc,phases   ] GC(7) Concurrent Destroy Detached Pages 0.001ms
[31.571s][info][gc,phases   ] GC(7) Concurrent Select Relocation Set 1.567ms
[31.571s][info][gc,phases   ] GC(7) Concurrent Prepare Relocation Set 0.034ms
[31.576s][info][gc,phases   ] GC(7) Pause Relocate Start 1.975ms
[31.582s][info][gc,phases   ] GC(7) Concurrent Relocate 5.963ms
[31.582s][info][gc,load     ] GC(7) Load: 2.39/2.45/2.74
[31.582s][info][gc,mmu      ] GC(7) MMU: 2ms/0.0%, 5ms/0.0%, 10ms/0.0%, 20ms/0.0%, 50ms/24.1%, 100ms/62.1%
[31.582s][info][gc,marking  ] GC(7) Mark: 1 stripe(s), 2 proactive flush(es), 1 terminate flush(es), 0 completion(s), 0 continuation(s) 
[31.582s][info][gc,reloc    ] GC(7) Relocation: Successful, 6M relocated
[31.582s][info][gc,nmethod  ] GC(7) NMethods: 1871 registered, 0 unregistered
[31.582s][info][gc,metaspace] GC(7) Metaspace: 67M used, 70M capacity, 70M committed, 72M reserved
[31.582s][info][gc,ref      ] GC(7) Soft: 4449 encountered, 0 discovered, 0 enqueued
[31.582s][info][gc,ref      ] GC(7) Weak: 3924 encountered, 3039 discovered, 0 enqueued
[31.582s][info][gc,ref      ] GC(7) Final: 26 encountered, 0 discovered, 0 enqueued
[31.582s][info][gc,ref      ] GC(7) Phantom: 657 encountered, 654 discovered, 0 enqueued
[31.582s][info][gc,heap     ] GC(7)                Mark Start          Mark End        Relocate Start      Relocate End           High               Low         
[31.582s][info][gc,heap     ] GC(7)  Capacity:      968M (65%)         968M (65%)         968M (65%)         968M (65%)         968M (65%)         968M (65%)    
[31.582s][info][gc,heap     ] GC(7)   Reserve:       34M (2%)           34M (2%)           34M (2%)           34M (2%)           34M (2%)           34M (2%)     
[31.582s][info][gc,heap     ] GC(7)      Free:     1192M (79%)        1124M (75%)        1326M (88%)        1326M (88%)        1326M (88%)        1120M (75%)    
[31.582s][info][gc,heap     ] GC(7)      Used:      274M (18%)         342M (23%)         140M (9%)          140M (9%)          346M (23%)         140M (9%)     
[31.582s][info][gc,heap     ] GC(7)      Live:         -                32M (2%)           32M (2%)           32M (2%)             -                  -          
[31.582s][info][gc,heap     ] GC(7) Allocated:         -                68M (5%)           72M (5%)           80M (5%)             -                  -          
[31.582s][info][gc,heap     ] GC(7)   Garbage:         -               241M (16%)          35M (2%)           29M (2%)             -                  -          
[31.582s][info][gc,heap     ] GC(7) Reclaimed:         -                  -               206M (14%)         212M (14%)            -                  -          
[31.582s][info][gc          ] GC(7) Garbage Collection (Allocation Rate) 274M(18%)->140M(9%)
[31.724s][info][gc,start    ] GC(8) Garbage Collection (Allocation Rate)
[31.728s][info][gc,phases   ] GC(8) Pause Mark Start 1.984ms
[31.803s][info][gc,phases   ] GC(8) Concurrent Mark 75.040ms
[31.806s][info][gc,phases   ] GC(8) Pause Mark End 0.210ms
[31.807s][info][gc,phases   ] GC(8) Concurrent Process Non-Strong References 1.621ms
[31.807s][info][gc,phases   ] GC(8) Concurrent Reset Relocation Set 0.002ms
[31.807s][info][gc,phases   ] GC(8) Concurrent Destroy Detached Pages 0.001ms
[31.809s][info][gc,phases   ] GC(8) Concurrent Select Relocation Set 1.684ms
[31.809s][info][gc,phases   ] GC(8) Concurrent Prepare Relocation Set 0.004ms
[31.811s][info][gc,phases   ] GC(8) Pause Relocate Start 1.571ms
[31.816s][info][gc,phases   ] GC(8) Concurrent Relocate 5.345ms
[31.816s][info][gc,load     ] GC(8) Load: 2.39/2.45/2.74
[31.816s][info][gc,mmu      ] GC(8) MMU: 2ms/0.0%, 5ms/0.0%, 10ms/0.0%, 20ms/0.0%, 50ms/24.1%, 100ms/62.1%
[31.816s][info][gc,marking  ] GC(8) Mark: 1 stripe(s), 2 proactive flush(es), 1 terminate flush(es), 0 completion(s), 0 continuation(s) 
[31.816s][info][gc,reloc    ] GC(8) Relocation: Successful, 6M relocated
[31.816s][info][gc,nmethod  ] GC(8) NMethods: 1881 registered, 0 unregistered
[31.816s][info][gc,metaspace] GC(8) Metaspace: 67M used, 70M capacity, 70M committed, 72M reserved
[31.816s][info][gc,ref      ] GC(8) Soft: 4461 encountered, 0 discovered, 0 enqueued
[31.816s][info][gc,ref      ] GC(8) Weak: 4010 encountered, 3102 discovered, 26 enqueued
[31.816s][info][gc,ref      ] GC(8) Final: 26 encountered, 0 discovered, 0 enqueued
[31.816s][info][gc,ref      ] GC(8) Phantom: 679 encountered, 676 discovered, 22 enqueued
[31.816s][info][gc,heap     ] GC(8)                Mark Start          Mark End        Relocate Start      Relocate End           High               Low         
[31.816s][info][gc,heap     ] GC(8)  Capacity:      968M (65%)         968M (65%)         968M (65%)         968M (65%)         968M (65%)         968M (65%)    
[31.816s][info][gc,heap     ] GC(8)   Reserve:       34M (2%)           34M (2%)           34M (2%)           34M (2%)           34M (2%)           34M (2%)     
[31.816s][info][gc,heap     ] GC(8)      Free:     1170M (78%)        1112M (74%)        1330M (89%)        1336M (89%)        1336M (89%)        1112M (74%)    
[31.816s][info][gc,heap     ] GC(8)      Used:      296M (20%)         354M (24%)         136M (9%)          130M (9%)          354M (24%)         130M (9%)     
[31.816s][info][gc,heap     ] GC(8)      Live:         -                32M (2%)           32M (2%)           32M (2%)             -                  -          
[31.816s][info][gc,heap     ] GC(8) Allocated:         -                58M (4%)           58M (4%)           68M (5%)             -                  -          
[31.816s][info][gc,heap     ] GC(8)   Garbage:         -               263M (18%)          45M (3%)           31M (2%)             -                  -          
[31.816s][info][gc,heap     ] GC(8) Reclaimed:         -                  -               218M (15%)         232M (15%)            -                  -          
[31.816s][info][gc          ] GC(8) Garbage Collection (Allocation Rate) 296M(20%)->130M(9%)
[32.024s][info][gc,start    ] GC(9) Garbage Collection (Allocation Rate)
[32.029s][info][gc,phases   ] GC(9) Pause Mark Start 2.080ms
[32.132s][info][gc,phases   ] GC(9) Concurrent Mark 103.034ms
[32.134s][info][gc,phases   ] GC(9) Pause Mark End 0.214ms
[32.136s][info][gc,phases   ] GC(9) Concurrent Process Non-Strong References 1.498ms
[32.136s][info][gc,phases   ] GC(9) Concurrent Reset Relocation Set 0.003ms
[32.136s][info][gc,phases   ] GC(9) Concurrent Destroy Detached Pages 0.000ms
[32.137s][info][gc,phases   ] GC(9) Concurrent Select Relocation Set 1.563ms
[32.137s][info][gc,phases   ] GC(9) Concurrent Prepare Relocation Set 0.005ms
[32.139s][info][gc,phases   ] GC(9) Pause Relocate Start 1.758ms
[32.144s][info][gc,phases   ] GC(9) Concurrent Relocate 4.192ms
[32.144s][info][gc,load     ] GC(9) Load: 2.39/2.45/2.74
[32.144s][info][gc,mmu      ] GC(9) MMU: 2ms/0.0%, 5ms/0.0%, 10ms/0.0%, 20ms/0.0%, 50ms/24.1%, 100ms/62.1%
[32.144s][info][gc,marking  ] GC(9) Mark: 1 stripe(s), 2 proactive flush(es), 1 terminate flush(es), 0 completion(s), 0 continuation(s) 
[32.144s][info][gc,reloc    ] GC(9) Relocation: Successful, 6M relocated
[32.144s][info][gc,nmethod  ] GC(9) NMethods: 1914 registered, 0 unregistered
[32.144s][info][gc,metaspace] GC(9) Metaspace: 67M used, 70M capacity, 70M committed, 72M reserved
[32.144s][info][gc,ref      ] GC(9) Soft: 4461 encountered, 0 discovered, 0 enqueued
[32.144s][info][gc,ref      ] GC(9) Weak: 3984 encountered, 3076 discovered, 0 enqueued
[32.144s][info][gc,ref      ] GC(9) Final: 26 encountered, 0 discovered, 0 enqueued
[32.144s][info][gc,ref      ] GC(9) Phantom: 657 encountered, 654 discovered, 0 enqueued
[32.144s][info][gc,heap     ] GC(9)                Mark Start          Mark End        Relocate Start      Relocate End           High               Low         
[32.144s][info][gc,heap     ] GC(9)  Capacity:      968M (65%)         968M (65%)         968M (65%)         968M (65%)         968M (65%)         968M (65%)    
[32.144s][info][gc,heap     ] GC(9)   Reserve:       34M (2%)           34M (2%)           34M (2%)           34M (2%)           34M (2%)           34M (2%)     
[32.144s][info][gc,heap     ] GC(9)      Free:     1048M (70%)         970M (65%)        1310M (87%)        1318M (88%)        1318M (88%)         970M (65%)    
[32.144s][info][gc,heap     ] GC(9)      Used:      418M (28%)         496M (33%)         156M (10%)         148M (10%)         496M (33%)         148M (10%)    
[32.144s][info][gc,heap     ] GC(9)      Live:         -                32M (2%)           32M (2%)           32M (2%)             -                  -          
[32.144s][info][gc,heap     ] GC(9) Allocated:         -                78M (5%)           78M (5%)           86M (6%)             -                  -          
[32.144s][info][gc,heap     ] GC(9)   Garbage:         -               385M (26%)          45M (3%)           31M (2%)             -                  -          
[32.144s][info][gc,heap     ] GC(9) Reclaimed:         -                  -               340M (23%)         354M (24%)            -                  -          
[32.144s][info][gc          ] GC(9) Garbage Collection (Allocation Rate) 418M(28%)->148M(10%)
[32.424s][info][gc,start    ] GC(10) Garbage Collection (Allocation Rate)
[32.428s][info][gc,phases   ] GC(10) Pause Mark Start 2.028ms
[32.498s][info][gc,phases   ] GC(10) Concurrent Mark 69.930ms
[32.501s][info][gc,phases   ] GC(10) Pause Mark End 0.311ms
[32.503s][info][gc,phases   ] GC(10) Concurrent Process Non-Strong References 2.633ms
[32.503s][info][gc,phases   ] GC(10) Concurrent Reset Relocation Set 0.005ms
[32.503s][info][gc,phases   ] GC(10) Concurrent Destroy Detached Pages 0.001ms
[32.513s][info][gc,phases   ] GC(10) Concurrent Select Relocation Set 9.873ms
[32.513s][info][gc,phases   ] GC(10) Concurrent Prepare Relocation Set 0.005ms
[32.521s][info][gc,phases   ] GC(10) Pause Relocate Start 2.171ms
[32.522s][info][gc,phases   ] GC(10) Concurrent Relocate 0.320ms
[32.522s][info][gc,load     ] GC(10) Load: 2.39/2.45/2.74
[32.522s][info][gc,mmu      ] GC(10) MMU: 2ms/0.0%, 5ms/0.0%, 10ms/0.0%, 20ms/0.0%, 50ms/24.1%, 100ms/62.1%
[32.522s][info][gc,marking  ] GC(10) Mark: 1 stripe(s), 2 proactive flush(es), 1 terminate flush(es), 0 completion(s), 0 continuation(s) 
[32.522s][info][gc,reloc    ] GC(10) Relocation: Successful, 6M relocated
[32.522s][info][gc,nmethod  ] GC(10) NMethods: 1927 registered, 0 unregistered
[32.522s][info][gc,metaspace] GC(10) Metaspace: 67M used, 70M capacity, 70M committed, 72M reserved
[32.522s][info][gc,ref      ] GC(10) Soft: 4461 encountered, 0 discovered, 0 enqueued
[32.522s][info][gc,ref      ] GC(10) Weak: 3984 encountered, 3076 discovered, 0 enqueued
[32.522s][info][gc,ref      ] GC(10) Final: 26 encountered, 0 discovered, 0 enqueued
[32.522s][info][gc,ref      ] GC(10) Phantom: 657 encountered, 654 discovered, 0 enqueued
[32.522s][info][gc,heap     ] GC(10)                Mark Start          Mark End        Relocate Start      Relocate End           High               Low         
[32.522s][info][gc,heap     ] GC(10)  Capacity:      968M (65%)         968M (65%)         968M (65%)         968M (65%)         968M (65%)         968M (65%)    
[32.522s][info][gc,heap     ] GC(10)   Reserve:       34M (2%)           34M (2%)           34M (2%)           34M (2%)           34M (2%)           34M (2%)     
[32.522s][info][gc,heap     ] GC(10)      Free:      960M (64%)         906M (60%)        1334M (89%)        1346M (90%)        1346M (90%)         906M (60%)    
[32.522s][info][gc,heap     ] GC(10)      Used:      506M (34%)         560M (37%)         132M (9%)          120M (8%)          560M (37%)         120M (8%)     
[32.522s][info][gc,heap     ] GC(10)      Live:         -                32M (2%)           32M (2%)           32M (2%)             -                  -          
[32.522s][info][gc,heap     ] GC(10) Allocated:         -                54M (4%)           56M (4%)           58M (4%)             -                  -          
[32.522s][info][gc,heap     ] GC(10)   Garbage:         -               473M (32%)          43M (3%)           31M (2%)             -                  -          
[32.522s][info][gc,heap     ] GC(10) Reclaimed:         -                  -               430M (29%)         442M (29%)            -                  -          
[32.522s][info][gc          ] GC(10) Garbage Collection (Allocation Rate) 506M(34%)->120M(8%)
[32.925s][info][gc,start    ] GC(11) Garbage Collection (Allocation Rate)
[32.929s][info][gc,phases   ] GC(11) Pause Mark Start 2.008ms
[32.999s][info][gc,phases   ] GC(11) Concurrent Mark 69.865ms
[33.001s][info][gc,phases   ] GC(11) Pause Mark End 0.192ms
[33.003s][info][gc,phases   ] GC(11) Concurrent Process Non-Strong References 1.337ms
[33.003s][info][gc,phases   ] GC(11) Concurrent Reset Relocation Set 0.002ms
[33.003s][info][gc,phases   ] GC(11) Concurrent Destroy Detached Pages 0.001ms
[33.004s][info][gc,phases   ] GC(11) Concurrent Select Relocation Set 1.557ms
[33.004s][info][gc,phases   ] GC(11) Concurrent Prepare Relocation Set 0.003ms
[33.006s][info][gc,phases   ] GC(11) Pause Relocate Start 1.612ms
[33.006s][info][gc,phases   ] GC(11) Concurrent Relocate 0.157ms
[33.006s][info][gc,load     ] GC(11) Load: 2.28/2.43/2.73
[33.006s][info][gc,mmu      ] GC(11) MMU: 2ms/0.0%, 5ms/0.0%, 10ms/0.0%, 20ms/0.0%, 50ms/24.1%, 100ms/62.1%
[33.006s][info][gc,marking  ] GC(11) Mark: 1 stripe(s), 2 proactive flush(es), 1 terminate flush(es), 0 completion(s), 0 continuation(s) 
[33.006s][info][gc,reloc    ] GC(11) Relocation: Successful, 6M relocated
[33.006s][info][gc,nmethod  ] GC(11) NMethods: 1957 registered, 0 unregistered
[33.006s][info][gc,metaspace] GC(11) Metaspace: 67M used, 70M capacity, 70M committed, 72M reserved
[33.006s][info][gc,ref      ] GC(11) Soft: 4461 encountered, 0 discovered, 0 enqueued
[33.006s][info][gc,ref      ] GC(11) Weak: 3984 encountered, 3076 discovered, 0 enqueued
[33.006s][info][gc,ref      ] GC(11) Final: 26 encountered, 0 discovered, 0 enqueued
[33.006s][info][gc,ref      ] GC(11) Phantom: 657 encountered, 654 discovered, 0 enqueued
[33.006s][info][gc,heap     ] GC(11)                Mark Start          Mark End        Relocate Start      Relocate End           High               Low         
[33.006s][info][gc,heap     ] GC(11)  Capacity:      968M (65%)         968M (65%)         968M (65%)         968M (65%)         968M (65%)         968M (65%)    
[33.006s][info][gc,heap     ] GC(11)   Reserve:       34M (2%)           34M (2%)           34M (2%)           34M (2%)           34M (2%)           34M (2%)     
[33.006s][info][gc,heap     ] GC(11)      Free:      768M (51%)         710M (47%)        1338M (89%)        1344M (90%)        1344M (90%)         710M (47%)    
[33.006s][info][gc,heap     ] GC(11)      Used:      698M (47%)         756M (50%)         128M (9%)          122M (8%)          756M (50%)         122M (8%)     
[33.006s][info][gc,heap     ] GC(11)      Live:         -                32M (2%)           32M (2%)           32M (2%)             -                  -          
[33.006s][info][gc,heap     ] GC(11) Allocated:         -                58M (4%)           58M (4%)           60M (4%)             -                  -          
[33.006s][info][gc,heap     ] GC(11)   Garbage:         -               665M (44%)          37M (2%)           31M (2%)             -                  -          
[33.006s][info][gc,heap     ] GC(11) Reclaimed:         -                  -               628M (42%)         634M (42%)            -                  -          
[33.006s][info][gc          ] GC(11) Garbage Collection (Allocation Rate) 698M(47%)->122M(8%)
[34.324s][info][gc,start    ] GC(12) Garbage Collection (Allocation Rate)
[34.327s][info][gc,phases   ] GC(12) Pause Mark Start 2.101ms
[34.421s][info][gc,phases   ] GC(12) Concurrent Mark 94.157ms
[34.426s][info][gc,phases   ] GC(12) Pause Mark End 0.208ms
[34.433s][info][gc,phases   ] GC(12) Concurrent Process Non-Strong References 6.268ms
[34.433s][info][gc,phases   ] GC(12) Concurrent Reset Relocation Set 0.003ms
[34.433s][info][gc,phases   ] GC(12) Concurrent Destroy Detached Pages 0.001ms
[34.435s][info][gc,phases   ] GC(12) Concurrent Select Relocation Set 1.874ms
[34.435s][info][gc,phases   ] GC(12) Concurrent Prepare Relocation Set 0.068ms
[34.442s][info][gc,phases   ] GC(12) Pause Relocate Start 1.784ms
[34.449s][info][gc,phases   ] GC(12) Concurrent Relocate 6.883ms
[34.449s][info][gc,load     ] GC(12) Load: 2.28/2.43/2.73
[34.449s][info][gc,mmu      ] GC(12) MMU: 2ms/0.0%, 5ms/0.0%, 10ms/0.0%, 20ms/0.0%, 50ms/24.1%, 100ms/62.1%
[34.449s][info][gc,marking  ] GC(12) Mark: 1 stripe(s), 2 proactive flush(es), 1 terminate flush(es), 0 completion(s), 0 continuation(s) 
[34.449s][info][gc,reloc    ] GC(12) Relocation: Successful, 7M relocated
[34.449s][info][gc,nmethod  ] GC(12) NMethods: 2046 registered, 0 unregistered
[34.449s][info][gc,metaspace] GC(12) Metaspace: 68M used, 71M capacity, 71M committed, 72M reserved
[34.449s][info][gc,ref      ] GC(12) Soft: 4501 encountered, 0 discovered, 0 enqueued
[34.449s][info][gc,ref      ] GC(12) Weak: 4267 encountered, 3356 discovered, 129 enqueued
[34.449s][info][gc,ref      ] GC(12) Final: 26 encountered, 0 discovered, 0 enqueued
[34.449s][info][gc,ref      ] GC(12) Phantom: 729 encountered, 726 discovered, 72 enqueued
[34.449s][info][gc,heap     ] GC(12)                Mark Start          Mark End        Relocate Start      Relocate End           High               Low         
[34.449s][info][gc,heap     ] GC(12)  Capacity:     1192M (79%)        1224M (82%)        1228M (82%)        1228M (82%)        1228M (82%)        1192M (79%)    
[34.449s][info][gc,heap     ] GC(12)   Reserve:       34M (2%)           34M (2%)           34M (2%)           34M (2%)           34M (2%)           34M (2%)     
[34.449s][info][gc,heap     ] GC(12)      Free:      378M (25%)         346M (23%)        1344M (90%)        1358M (91%)        1358M (91%)         342M (23%)    
[34.449s][info][gc,heap     ] GC(12)      Used:     1088M (73%)        1120M (75%)         122M (8%)          108M (7%)         1124M (75%)         108M (7%)     
[34.449s][info][gc,heap     ] GC(12)      Live:         -                33M (2%)           33M (2%)           33M (2%)             -                  -          
[34.449s][info][gc,heap     ] GC(12) Allocated:         -                32M (2%)           36M (2%)           46M (3%)             -                  -          
[34.449s][info][gc,heap     ] GC(12)   Garbage:         -              1054M (70%)          52M (4%)           30M (2%)             -                  -          
[34.449s][info][gc,heap     ] GC(12) Reclaimed:         -                  -              1002M (67%)        1024M (68%)            -                  -          
[34.449s][info][gc          ] GC(12) Garbage Collection (Allocation Rate) 1088M(73%)->108M(7%)
[35.224s][info][gc,start    ] GC(13) Garbage Collection (Allocation Rate)
[35.230s][info][gc,phases   ] GC(13) Pause Mark Start 2.231ms
[35.306s][info][gc,phases   ] GC(13) Concurrent Mark 75.681ms
[35.308s][info][gc,phases   ] GC(13) Pause Mark End 0.192ms
[35.309s][info][gc,phases   ] GC(13) Concurrent Process Non-Strong References 1.379ms
[35.309s][info][gc,phases   ] GC(13) Concurrent Reset Relocation Set 0.003ms
[35.309s][info][gc,phases   ] GC(13) Concurrent Destroy Detached Pages 0.000ms
[35.311s][info][gc,phases   ] GC(13) Concurrent Select Relocation Set 1.561ms
[35.311s][info][gc,phases   ] GC(13) Concurrent Prepare Relocation Set 0.015ms
[35.313s][info][gc,phases   ] GC(13) Pause Relocate Start 1.992ms
[35.317s][info][gc,phases   ] GC(13) Concurrent Relocate 4.119ms
[35.317s][info][gc,load     ] GC(13) Load: 2.28/2.43/2.73
[35.317s][info][gc,mmu      ] GC(13) MMU: 2ms/0.0%, 5ms/0.0%, 10ms/0.0%, 20ms/0.0%, 50ms/24.1%, 100ms/62.1%
[35.317s][info][gc,marking  ] GC(13) Mark: 1 stripe(s), 2 proactive flush(es), 1 terminate flush(es), 0 completion(s), 0 continuation(s) 
[35.317s][info][gc,reloc    ] GC(13) Relocation: Successful, 7M relocated
[35.317s][info][gc,nmethod  ] GC(13) NMethods: 2065 registered, 0 unregistered
[35.317s][info][gc,metaspace] GC(13) Metaspace: 68M used, 71M capacity, 71M committed, 72M reserved
[35.317s][info][gc,ref      ] GC(13) Soft: 4501 encountered, 0 discovered, 0 enqueued
[35.317s][info][gc,ref      ] GC(13) Weak: 4138 encountered, 3227 discovered, 0 enqueued
[35.317s][info][gc,ref      ] GC(13) Final: 26 encountered, 0 discovered, 0 enqueued
[35.317s][info][gc,ref      ] GC(13) Phantom: 657 encountered, 654 discovered, 0 enqueued
[35.317s][info][gc,heap     ] GC(13)                Mark Start          Mark End        Relocate Start      Relocate End           High               Low         
[35.317s][info][gc,heap     ] GC(13)  Capacity:     1228M (82%)        1228M (82%)        1228M (82%)        1228M (82%)        1228M (82%)        1228M (82%)    
[35.317s][info][gc,heap     ] GC(13)   Reserve:       34M (2%)           34M (2%)           34M (2%)           34M (2%)           34M (2%)           34M (2%)     
[35.317s][info][gc,heap     ] GC(13)      Free:      522M (35%)         476M (32%)        1342M (89%)        1352M (90%)        1352M (90%)         476M (32%)    
[35.317s][info][gc,heap     ] GC(13)      Used:      944M (63%)         990M (66%)         124M (8%)          114M (8%)          990M (66%)         114M (8%)     
[35.317s][info][gc,heap     ] GC(13)      Live:         -                33M (2%)           33M (2%)           33M (2%)             -                  -          
[35.317s][info][gc,heap     ] GC(13) Allocated:         -                46M (3%)           46M (3%)           52M (3%)             -                  -          
[35.317s][info][gc,heap     ] GC(13)   Garbage:         -               910M (61%)          44M (3%)           32M (2%)             -                  -          
[35.317s][info][gc,heap     ] GC(13) Reclaimed:         -                  -               866M (58%)         878M (59%)            -                  -          
[35.317s][info][gc          ] GC(13) Garbage Collection (Allocation Rate) 944M(63%)->114M(8%)
[36.424s][info][gc,start    ] GC(14) Garbage Collection (Allocation Rate)
[36.429s][info][gc,phases   ] GC(14) Pause Mark Start 2.527ms
[36.562s][info][gc,phases   ] GC(14) Concurrent Mark 133.302ms
[36.565s][info][gc,phases   ] GC(14) Pause Mark End 0.198ms
[36.566s][info][gc,phases   ] GC(14) Concurrent Process Non-Strong References 1.434ms
[36.566s][info][gc,phases   ] GC(14) Concurrent Reset Relocation Set 0.002ms
[36.566s][info][gc,phases   ] GC(14) Concurrent Destroy Detached Pages 0.000ms
[36.568s][info][gc,phases   ] GC(14) Concurrent Select Relocation Set 1.533ms
[36.568s][info][gc,phases   ] GC(14) Concurrent Prepare Relocation Set 0.043ms
[36.570s][info][gc,phases   ] GC(14) Pause Relocate Start 1.820ms
[36.577s][info][gc,phases   ] GC(14) Concurrent Relocate 6.963ms
[36.577s][info][gc,load     ] GC(14) Load: 2.28/2.43/2.73
[36.577s][info][gc,mmu      ] GC(14) MMU: 2ms/0.0%, 5ms/0.0%, 10ms/0.0%, 20ms/0.0%, 50ms/24.1%, 100ms/62.1%
[36.577s][info][gc,marking  ] GC(14) Mark: 1 stripe(s), 2 proactive flush(es), 1 terminate flush(es), 0 completion(s), 0 continuation(s) 
[36.577s][info][gc,reloc    ] GC(14) Relocation: Successful, 7M relocated
[36.577s][info][gc,nmethod  ] GC(14) NMethods: 2133 registered, 0 unregistered
[36.577s][info][gc,metaspace] GC(14) Metaspace: 68M used, 71M capacity, 71M committed, 72M reserved
[36.577s][info][gc,ref      ] GC(14) Soft: 4501 encountered, 0 discovered, 0 enqueued
[36.577s][info][gc,ref      ] GC(14) Weak: 4214 encountered, 3304 discovered, 74 enqueued
[36.577s][info][gc,ref      ] GC(14) Final: 26 encountered, 0 discovered, 0 enqueued
[36.577s][info][gc,ref      ] GC(14) Phantom: 657 encountered, 654 discovered, 0 enqueued
[36.577s][info][gc,heap     ] GC(14)                Mark Start          Mark End        Relocate Start      Relocate End           High               Low         
[36.577s][info][gc,heap     ] GC(14)  Capacity:     1228M (82%)        1240M (83%)        1240M (83%)        1240M (83%)        1240M (83%)        1228M (82%)    
[36.577s][info][gc,heap     ] GC(14)   Reserve:       34M (2%)           34M (2%)           34M (2%)           34M (2%)           34M (2%)           34M (2%)     
[36.577s][info][gc,heap     ] GC(14)      Free:      374M (25%)         330M (22%)        1340M (89%)        1350M (90%)        1350M (90%)         330M (22%)    
[36.577s][info][gc,heap     ] GC(14)      Used:     1092M (73%)        1136M (76%)         126M (8%)          116M (8%)         1136M (76%)         116M (8%)     
[36.577s][info][gc,heap     ] GC(14)      Live:         -                33M (2%)           33M (2%)           33M (2%)             -                  -          
[36.577s][info][gc,heap     ] GC(14) Allocated:         -                44M (3%)           44M (3%)           54M (4%)             -                  -          
[36.577s][info][gc,heap     ] GC(14)   Garbage:         -              1058M (71%)          48M (3%)           30M (2%)             -                  -          
[36.577s][info][gc,heap     ] GC(14) Reclaimed:         -                  -              1010M (67%)        1028M (69%)            -                  -          
[36.577s][info][gc          ] GC(14) Garbage Collection (Allocation Rate) 1092M(73%)->116M(8%)
[37.124s][info][gc,start    ] GC(15) Garbage Collection (Allocation Rate)
[37.128s][info][gc,phases   ] GC(15) Pause Mark Start 2.133ms
[37.199s][info][gc,phases   ] GC(15) Concurrent Mark 70.676ms
[37.202s][info][gc,phases   ] GC(15) Pause Mark End 0.206ms
[37.203s][info][gc,phases   ] GC(15) Concurrent Process Non-Strong References 1.390ms
[37.203s][info][gc,phases   ] GC(15) Concurrent Reset Relocation Set 0.003ms
[37.203s][info][gc,phases   ] GC(15) Concurrent Destroy Detached Pages 0.000ms
[37.205s][info][gc,phases   ] GC(15) Concurrent Select Relocation Set 1.707ms
[37.205s][info][gc,phases   ] GC(15) Concurrent Prepare Relocation Set 0.016ms
[37.207s][info][gc,phases   ] GC(15) Pause Relocate Start 1.813ms
[37.210s][info][gc,phases   ] GC(15) Concurrent Relocate 3.201ms
[37.210s][info][gc,load     ] GC(15) Load: 2.28/2.43/2.73
[37.210s][info][gc,mmu      ] GC(15) MMU: 2ms/0.0%, 5ms/0.0%, 10ms/0.0%, 20ms/0.0%, 50ms/24.1%, 100ms/62.1%
[37.210s][info][gc,marking  ] GC(15) Mark: 1 stripe(s), 2 proactive flush(es), 1 terminate flush(es), 0 completion(s), 0 continuation(s) 
[37.210s][info][gc,reloc    ] GC(15) Relocation: Successful, 7M relocated
[37.210s][info][gc,nmethod  ] GC(15) NMethods: 2136 registered, 0 unregistered
[37.210s][info][gc,metaspace] GC(15) Metaspace: 68M used, 71M capacity, 71M committed, 72M reserved
[37.210s][info][gc,ref      ] GC(15) Soft: 4501 encountered, 0 discovered, 0 enqueued
[37.210s][info][gc,ref      ] GC(15) Weak: 4140 encountered, 3230 discovered, 0 enqueued
[37.210s][info][gc,ref      ] GC(15) Final: 26 encountered, 0 discovered, 0 enqueued
[37.210s][info][gc,ref      ] GC(15) Phantom: 657 encountered, 654 discovered, 0 enqueued
[37.210s][info][gc,heap     ] GC(15)                Mark Start          Mark End        Relocate Start      Relocate End           High               Low         
[37.210s][info][gc,heap     ] GC(15)  Capacity:     1240M (83%)        1240M (83%)        1240M (83%)        1240M (83%)        1240M (83%)        1240M (83%)    
[37.210s][info][gc,heap     ] GC(15)   Reserve:       34M (2%)           34M (2%)           34M (2%)           34M (2%)           34M (2%)           34M (2%)     
[37.210s][info][gc,heap     ] GC(15)      Free:      676M (45%)         628M (42%)        1346M (90%)        1350M (90%)        1350M (90%)         628M (42%)    
[37.210s][info][gc,heap     ] GC(15)      Used:      790M (53%)         838M (56%)         120M (8%)          116M (8%)          838M (56%)         116M (8%)     
[37.210s][info][gc,heap     ] GC(15)      Live:         -                33M (2%)           33M (2%)           33M (2%)             -                  -          
[37.210s][info][gc,heap     ] GC(15) Allocated:         -                48M (3%)           48M (3%)           54M (4%)             -                  -          
[37.210s][info][gc,heap     ] GC(15)   Garbage:         -               756M (50%)          38M (3%)           34M (2%)             -                  -          
[37.210s][info][gc,heap     ] GC(15) Reclaimed:         -                  -               718M (48%)         722M (48%)            -                  -          
[37.210s][info][gc          ] GC(15) Garbage Collection (Allocation Rate) 790M(53%)->116M(8%)
[37.924s][info][gc,start    ] GC(16) Garbage Collection (Allocation Rate)
[37.932s][info][gc,phases   ] GC(16) Pause Mark Start 5.316ms
[38.002s][info][gc,phases   ] GC(16) Concurrent Mark 70.436ms
[38.005s][info][gc,phases   ] GC(16) Pause Mark End 0.198ms
[38.006s][info][gc,phases   ] GC(16) Concurrent Process Non-Strong References 1.393ms
[38.006s][info][gc,phases   ] GC(16) Concurrent Reset Relocation Set 0.004ms
[38.006s][info][gc,phases   ] GC(16) Concurrent Destroy Detached Pages 0.001ms
[38.008s][info][gc,phases   ] GC(16) Concurrent Select Relocation Set 1.525ms
[38.008s][info][gc,phases   ] GC(16) Concurrent Prepare Relocation Set 0.014ms
[38.010s][info][gc,phases   ] GC(16) Pause Relocate Start 1.799ms
[38.017s][info][gc,phases   ] GC(16) Concurrent Relocate 7.302ms
[38.017s][info][gc,load     ] GC(16) Load: 2.26/2.42/2.72
[38.017s][info][gc,mmu      ] GC(16) MMU: 2ms/0.0%, 5ms/0.0%, 10ms/0.0%, 20ms/0.0%, 50ms/24.1%, 100ms/62.1%
[38.017s][info][gc,marking  ] GC(16) Mark: 1 stripe(s), 2 proactive flush(es), 1 terminate flush(es), 0 completion(s), 0 continuation(s) 
[38.017s][info][gc,reloc    ] GC(16) Relocation: Successful, 7M relocated
[38.017s][info][gc,nmethod  ] GC(16) NMethods: 2141 registered, 0 unregistered
[38.017s][info][gc,metaspace] GC(16) Metaspace: 68M used, 71M capacity, 71M committed, 72M reserved
[38.017s][info][gc,ref      ] GC(16) Soft: 4501 encountered, 0 discovered, 0 enqueued
[38.017s][info][gc,ref      ] GC(16) Weak: 4140 encountered, 3230 discovered, 0 enqueued
[38.017s][info][gc,ref      ] GC(16) Final: 26 encountered, 0 discovered, 0 enqueued
[38.017s][info][gc,ref      ] GC(16) Phantom: 657 encountered, 654 discovered, 0 enqueued
[38.017s][info][gc,heap     ] GC(16)                Mark Start          Mark End        Relocate Start      Relocate End           High               Low         
[38.017s][info][gc,heap     ] GC(16)  Capacity:     1240M (83%)        1240M (83%)        1240M (83%)        1240M (83%)        1240M (83%)        1240M (83%)    
[38.017s][info][gc,heap     ] GC(16)   Reserve:       34M (2%)           34M (2%)           34M (2%)           34M (2%)           34M (2%)           34M (2%)     
[38.017s][info][gc,heap     ] GC(16)      Free:      552M (37%)         518M (35%)        1352M (90%)        1360M (91%)        1360M (91%)         518M (35%)    
[38.017s][info][gc,heap     ] GC(16)      Used:      914M (61%)         948M (63%)         114M (8%)          106M (7%)          948M (63%)         106M (7%)     
[38.017s][info][gc,heap     ] GC(16)      Live:         -                33M (2%)           33M (2%)           33M (2%)             -                  -          
[38.017s][info][gc,heap     ] GC(16) Allocated:         -                34M (2%)           34M (2%)           44M (3%)             -                  -          
[38.017s][info][gc,heap     ] GC(16)   Garbage:         -               880M (59%)          46M (3%)           32M (2%)             -                  -          
[38.017s][info][gc,heap     ] GC(16) Reclaimed:         -                  -               834M (56%)         848M (57%)            -                  -          
[38.017s][info][gc          ] GC(16) Garbage Collection (Allocation Rate) 914M(61%)->106M(7%)
[40.124s][info][gc,stats    ] === Garbage Collection Statistics =======================================================================================================================
[40.125s][info][gc,stats    ]                                                              Last 10s              Last 10m              Last 10h                Total
[40.125s][info][gc,stats    ]                                                              Avg / Max             Avg / Max             Avg / Max             Avg / Max
[40.125s][info][gc,stats    ]   Collector: Garbage Collection Cycle                    117.915 / 200.216     413.260 / 3103.183    413.260 / 3103.183    413.260 / 3103.183    ms
[40.125s][info][gc,stats    ]  Contention: Mark Segment Reset Contention                     0 / 0                 0 / 0                 0 / 0                 0 / 0           ops/s
[40.125s][info][gc,stats    ]  Contention: Mark SeqNum Reset Contention                      0 / 0                 0 / 0                 0 / 0                 0 / 0           ops/s
[40.125s][info][gc,stats    ]  Contention: Relocation Contention                             0 / 0                 0 / 0                 0 / 0                 0 / 0           ops/s
[40.125s][info][gc,stats    ]    Critical: Allocation Stall                              0.000 / 0.000         0.000 / 0.000         0.000 / 0.000         0.000 / 0.000       ms
[40.125s][info][gc,stats    ]    Critical: Allocation Stall                                  0 / 0                 0 / 0                 0 / 0                 0 / 0           ops/s
[40.125s][info][gc,stats    ]    Critical: GC Locker Stall                               0.000 / 0.000         0.007 / 0.013         0.007 / 0.013         0.007 / 0.013       ms
[40.125s][info][gc,stats    ]    Critical: GC Locker Stall                                   0 / 0                 0 / 1                 0 / 1                 0 / 1           ops/s
[40.125s][info][gc,stats    ]      Memory: Allocation Rate                                 690 / 1250            203 / 1250            203 / 1250            203 / 1250        MB/s
[40.125s][info][gc,stats    ]      Memory: Heap Used After Mark                            725 / 1136            642 / 1136            642 / 1136            642 / 1136        MB
[40.125s][info][gc,stats    ]      Memory: Heap Used After Relocation                      122 / 148             190 / 854             190 / 854             190 / 854         MB
[40.125s][info][gc,stats    ]      Memory: Heap Used Before Mark                           673 / 1092            579 / 1092            579 / 1092            579 / 1092        MB
[40.125s][info][gc,stats    ]      Memory: Heap Used Before Relocation                     136 / 204             212 / 856             212 / 856             212 / 856         MB
[40.125s][info][gc,stats    ]      Memory: Out Of Memory                                     0 / 0                 0 / 0                 0 / 0                 0 / 0           ops/s
[40.125s][info][gc,stats    ]      Memory: Page Cache Flush                                  0 / 0                 0 / 0                 0 / 0                 0 / 0           MB/s
[40.125s][info][gc,stats    ]      Memory: Page Cache Hit L1                               330 / 628              86 / 628              86 / 628              86 / 628         ops/s
[40.125s][info][gc,stats    ]      Memory: Page Cache Hit L2                                 0 / 0                 0 / 0                 0 / 0                 0 / 0           ops/s
[40.125s][info][gc,stats    ]      Memory: Page Cache Miss                                  13 / 87               13 / 116              13 / 116              13 / 116         ops/s
[40.125s][info][gc,stats    ]      Memory: Undo Object Allocation Failed                     0 / 0                 0 / 0                 0 / 0                 0 / 0           ops/s
[40.125s][info][gc,stats    ]      Memory: Undo Object Allocation Succeeded                  0 / 0                 0 / 0                 0 / 0                 0 / 0           ops/s
[40.125s][info][gc,stats    ]      Memory: Undo Page Allocation                              0 / 0                 0 / 0                 0 / 0                 0 / 0           ops/s
[40.125s][info][gc,stats    ]       Phase: Concurrent Destroy Detached Pages             0.001 / 0.001         0.001 / 0.001         0.001 / 0.001         0.001 / 0.001       ms
[40.125s][info][gc,stats    ]       Phase: Concurrent Mark                              94.872 / 149.934     384.159 / 3088.489    384.159 / 3088.489    384.159 / 3088.489    ms
[40.125s][info][gc,stats    ]       Phase: Concurrent Mark Continue                      0.000 / 0.000         0.000 / 0.000         0.000 / 0.000         0.000 / 0.000       ms
[40.125s][info][gc,stats    ]       Phase: Concurrent Prepare Relocation Set             0.026 / 0.076         0.086 / 0.435         0.086 / 0.435         0.086 / 0.435       ms
[40.125s][info][gc,stats    ]       Phase: Concurrent Process Non-Strong References      2.455 / 6.268         2.312 / 6.268         2.312 / 6.268         2.312 / 6.268       ms
[40.125s][info][gc,stats    ]       Phase: Concurrent Relocate                           7.037 / 32.961       10.938 / 51.244       10.938 / 51.244       10.938 / 51.244      ms
[40.125s][info][gc,stats    ]       Phase: Concurrent Reset Relocation Set               0.004 / 0.008         0.010 / 0.102         0.010 / 0.102         0.010 / 0.102       ms
[40.125s][info][gc,stats    ]       Phase: Concurrent Select Relocation Set              2.364 / 9.873         2.389 / 9.873         2.389 / 9.873         2.389 / 9.873       ms
[40.125s][info][gc,stats    ]       Phase: Pause Mark End                                0.213 / 0.311         0.219 / 0.368         0.219 / 0.368         0.219 / 0.368       ms
[40.125s][info][gc,stats    ]       Phase: Pause Mark Start                              2.471 / 5.316         4.332 / 37.948        4.332 / 37.948        4.332 / 37.948      ms
[40.125s][info][gc,stats    ]       Phase: Pause Relocate Start                          1.860 / 2.171         2.188 / 7.180         2.188 / 7.180         2.188 / 7.180       ms
[40.125s][info][gc,stats    ]    Subphase: Concurrent Mark                              94.630 / 149.915     383.171 / 3088.467    383.171 / 3088.467    383.171 / 3088.467    ms
[40.125s][info][gc,stats    ]    Subphase: Concurrent Mark Idle                          0.000 / 0.000         0.000 / 0.000         0.000 / 0.000         0.000 / 0.000       ms
[40.125s][info][gc,stats    ]    Subphase: Concurrent Mark Try Flush                     1.790 / 8.602         1.600 / 8.602         1.600 / 8.602         1.600 / 8.602       ms
[40.125s][info][gc,stats    ]    Subphase: Concurrent Mark Try Terminate                 0.577 / 2.047         0.502 / 2.047         0.502 / 2.047         0.502 / 2.047       ms
[40.125s][info][gc,stats    ]    Subphase: Concurrent References Enqueue                 0.002 / 0.005         0.002 / 0.007         0.002 / 0.007         0.002 / 0.007       ms
[40.125s][info][gc,stats    ]    Subphase: Concurrent References Process                 1.188 / 3.300         0.951 / 3.300         0.951 / 3.300         0.951 / 3.300       ms
[40.125s][info][gc,stats    ]    Subphase: Concurrent Weak Roots                         0.880 / 1.683         0.846 / 1.683         0.846 / 1.683         0.846 / 1.683       ms
[40.125s][info][gc,stats    ]    Subphase: Concurrent Weak Roots JNIWeakHandles          0.000 / 0.001         0.000 / 0.001         0.000 / 0.001         0.000 / 0.001       ms
[40.125s][info][gc,stats    ]    Subphase: Concurrent Weak Roots StringTable             0.664 / 1.387         0.649 / 1.387         0.649 / 1.387         0.649 / 1.387       ms
[40.125s][info][gc,stats    ]    Subphase: Concurrent Weak Roots VMWeakHandles           0.214 / 0.397         0.195 / 0.397         0.195 / 0.397         0.195 / 0.397       ms
[40.125s][info][gc,stats    ]    Subphase: Pause Mark Try Complete                       0.000 / 0.000         0.000 / 0.000         0.000 / 0.000         0.000 / 0.000       ms
[40.125s][info][gc,stats    ]    Subphase: Pause Remap TLABS                             0.001 / 0.002         0.001 / 0.002         0.001 / 0.002         0.001 / 0.002       ms
[40.125s][info][gc,stats    ]    Subphase: Pause Retire TLABS                            0.009 / 0.014         0.012 / 0.036         0.012 / 0.036         0.012 / 0.036       ms
[40.125s][info][gc,stats    ]    Subphase: Pause Roots                                   1.320 / 5.022         2.000 / 35.245        2.000 / 35.245        2.000 / 35.245      ms
[40.125s][info][gc,stats    ]    Subphase: Pause Roots ClassLoaderDataGraph              0.614 / 0.892         0.660 / 1.644         0.660 / 1.644         0.660 / 1.644       ms
[40.125s][info][gc,stats    ]    Subphase: Pause Roots CodeCache                         1.004 / 4.132         0.949 / 4.632         0.949 / 4.632         0.949 / 4.632       ms
[40.125s][info][gc,stats    ]    Subphase: Pause Roots JNIHandles                        0.001 / 0.001         0.003 / 0.052         0.003 / 0.052         0.003 / 0.052       ms
[40.125s][info][gc,stats    ]    Subphase: Pause Roots JNIWeakHandles                    0.000 / 0.000         0.000 / 0.000         0.000 / 0.000         0.000 / 0.000       ms
[40.125s][info][gc,stats    ]    Subphase: Pause Roots JRFWeak                           0.000 / 0.000         0.000 / 0.000         0.000 / 0.000         0.000 / 0.000       ms
[40.125s][info][gc,stats    ]    Subphase: Pause Roots JVMTIExport                       0.001 / 0.001         0.001 / 0.001         0.001 / 0.001         0.001 / 0.001       ms
[40.125s][info][gc,stats    ]    Subphase: Pause Roots JVMTIWeakExport                   0.001 / 0.001         0.001 / 0.001         0.001 / 0.001         0.001 / 0.001       ms
[40.125s][info][gc,stats    ]    Subphase: Pause Roots Management                        0.001 / 0.002         0.001 / 0.005         0.001 / 0.005         0.001 / 0.005       ms
[40.125s][info][gc,stats    ]    Subphase: Pause Roots ObjectSynchronizer                0.000 / 0.000         0.000 / 0.000         0.000 / 0.000         0.000 / 0.000       ms
[40.125s][info][gc,stats    ]    Subphase: Pause Roots Setup                             0.160 / 0.281         0.135 / 0.281         0.135 / 0.281         0.135 / 0.281       ms
[40.125s][info][gc,stats    ]    Subphase: Pause Roots StringTable                       0.000 / 0.000         0.000 / 0.000         0.000 / 0.000         0.000 / 0.000       ms
[40.125s][info][gc,stats    ]    Subphase: Pause Roots SystemDictionary                  0.014 / 0.029         0.015 / 0.056         0.015 / 0.056         0.015 / 0.056       ms
[40.125s][info][gc,stats    ]    Subphase: Pause Roots Teardown                          0.001 / 0.003         0.001 / 0.008         0.001 / 0.008         0.001 / 0.008       ms
[40.125s][info][gc,stats    ]    Subphase: Pause Roots Threads                           0.226 / 0.818         0.902 / 33.380        0.902 / 33.380        0.902 / 33.380      ms
[40.125s][info][gc,stats    ]    Subphase: Pause Roots Universe                          0.002 / 0.006         0.015 / 0.396         0.015 / 0.396         0.015 / 0.396       ms
[40.125s][info][gc,stats    ]    Subphase: Pause Roots VMWeakHandles                     0.000 / 0.000         0.000 / 0.000         0.000 / 0.000         0.000 / 0.000       ms
[40.125s][info][gc,stats    ]    Subphase: Pause Weak Roots                              0.002 / 0.002         0.002 / 0.008         0.002 / 0.008         0.002 / 0.008       ms
[40.125s][info][gc,stats    ]    Subphase: Pause Weak Roots JFRWeak                      0.001 / 0.001         0.001 / 0.001         0.001 / 0.001         0.001 / 0.001       ms
[40.125s][info][gc,stats    ]    Subphase: Pause Weak Roots JNIWeakHandles               0.000 / 0.000         0.000 / 0.000         0.000 / 0.000         0.000 / 0.000       ms
[40.125s][info][gc,stats    ]    Subphase: Pause Weak Roots JVMTIWeakExport              0.001 / 0.001         0.001 / 0.007         0.001 / 0.007         0.001 / 0.007       ms
[40.125s][info][gc,stats    ]    Subphase: Pause Weak Roots Setup                        0.000 / 0.000         0.000 / 0.000         0.000 / 0.000         0.000 / 0.000       ms
[40.125s][info][gc,stats    ]    Subphase: Pause Weak Roots StringTable                  0.000 / 0.000         0.000 / 0.000         0.000 / 0.000         0.000 / 0.000       ms
[40.125s][info][gc,stats    ]    Subphase: Pause Weak Roots SymbolTable                  0.000 / 0.000         0.000 / 0.000         0.000 / 0.000         0.000 / 0.000       ms
[40.125s][info][gc,stats    ]    Subphase: Pause Weak Roots Teardown                     0.001 / 0.001         0.001 / 0.001         0.001 / 0.001         0.001 / 0.001       ms
[40.125s][info][gc,stats    ]    Subphase: Pause Weak Roots VMWeakHandles                0.000 / 0.000         0.000 / 0.000         0.000 / 0.000         0.000 / 0.000       ms
[40.125s][info][gc,stats    ]      System: Java Threads                                     48 / 50               43 / 50               43 / 50               43 / 50          threads
[40.125s][info][gc,stats    ] =========================================================================================================================================================
[43.824s][info][gc,start    ] GC(17) Garbage Collection (Allocation Rate)
[43.830s][info][gc,phases   ] GC(17) Pause Mark Start 2.850ms
[44.738s][info][gc,phases   ] GC(17) Concurrent Mark 908.383ms
[44.741s][info][gc,phases   ] GC(17) Pause Mark End 0.265ms
[44.743s][info][gc,phases   ] GC(17) Concurrent Process Non-Strong References 1.595ms
[44.745s][info][gc,phases   ] GC(17) Concurrent Reset Relocation Set 0.004ms
[44.745s][info][gc,phases   ] GC(17) Concurrent Destroy Detached Pages 0.001ms
[44.746s][info][gc,phases   ] GC(17) Concurrent Select Relocation Set 1.527ms
[44.814s][info][gc,phases   ] GC(17) Concurrent Prepare Relocation Set 67.620ms
[44.818s][info][gc,phases   ] GC(17) Pause Relocate Start 2.339ms
[45.523s][info][gc,phases   ] GC(17) Concurrent Relocate 704.555ms
[45.523s][info][gc,load     ] GC(17) Load: 2.16/2.40/2.71
[45.523s][info][gc,mmu      ] GC(17) MMU: 2ms/0.0%, 5ms/0.0%, 10ms/0.0%, 20ms/0.0%, 50ms/24.1%, 100ms/62.1%
[45.523s][info][gc,marking  ] GC(17) Mark: 1 stripe(s), 3 proactive flush(es), 1 terminate flush(es), 0 completion(s), 0 continuation(s) 
[45.523s][info][gc,reloc    ] GC(17) Relocation: Successful, 125M relocated
[45.523s][info][gc,nmethod  ] GC(17) NMethods: 2881 registered, 0 unregistered
[45.523s][info][gc,metaspace] GC(17) Metaspace: 70M used, 73M capacity, 74M committed, 76M reserved
[45.523s][info][gc,ref      ] GC(17) Soft: 4643 encountered, 0 discovered, 0 enqueued
[45.523s][info][gc,ref      ] GC(17) Weak: 4511 encountered, 3512 discovered, 154 enqueued
[45.523s][info][gc,ref      ] GC(17) Final: 26 encountered, 0 discovered, 0 enqueued
[45.523s][info][gc,ref      ] GC(17) Phantom: 799 encountered, 795 discovered, 145 enqueued
[45.523s][info][gc,heap     ] GC(17)                Mark Start          Mark End        Relocate Start      Relocate End           High               Low         
[45.523s][info][gc,heap     ] GC(17)  Capacity:     1288M (86%)        1456M (97%)        1456M (97%)        1456M (97%)        1456M (97%)        1288M (86%)    
[45.523s][info][gc,heap     ] GC(17)   Reserve:       34M (2%)           34M (2%)           34M (2%)           34M (2%)           34M (2%)           34M (2%)     
[45.523s][info][gc,heap     ] GC(17)      Free:      244M (16%)          76M (5%)          186M (12%)        1088M (73%)        1088M (73%)          76M (5%)     
[45.523s][info][gc,heap     ] GC(17)      Used:     1222M (81%)        1390M (93%)        1280M (85%)         378M (25%)        1390M (93%)         378M (25%)    
[45.523s][info][gc,heap     ] GC(17)      Live:         -               170M (11%)         170M (11%)         170M (11%)            -                  -          
[45.523s][info][gc,heap     ] GC(17) Allocated:         -               168M (11%)         170M (11%)         304M (20%)            -                  -          
[45.523s][info][gc,heap     ] GC(17)   Garbage:         -              1051M (70%)         939M (63%)          37M (2%)             -                  -          
[45.523s][info][gc,heap     ] GC(17) Reclaimed:         -                  -               112M (7%)         1014M (68%)            -                  -          
[45.523s][info][gc          ] GC(17) Garbage Collection (Allocation Rate) 1222M(81%)->378M(25%)
[47.224s][info][gc,start    ] GC(18) Garbage Collection (Allocation Rate)
[47.230s][info][gc,phases   ] GC(18) Pause Mark Start 2.859ms
[47.978s][info][gc,phases   ] GC(18) Concurrent Mark 747.943ms
[47.980s][info][gc,phases   ] GC(18) Pause Mark End 0.253ms
[47.982s][info][gc,phases   ] GC(18) Concurrent Process Non-Strong References 1.626ms
[47.982s][info][gc,phases   ] GC(18) Concurrent Reset Relocation Set 0.107ms
[47.982s][info][gc,phases   ] GC(18) Concurrent Destroy Detached Pages 0.000ms
[47.983s][info][gc,phases   ] GC(18) Concurrent Select Relocation Set 1.504ms
[47.985s][info][gc,phases   ] GC(18) Concurrent Prepare Relocation Set 1.433ms
[47.988s][info][gc,phases   ] GC(18) Pause Relocate Start 2.561ms
[48.165s][info][gc,phases   ] GC(18) Concurrent Relocate 174.114ms
[48.166s][info][gc,load     ] GC(18) Load: 2.22/2.41/2.72
[48.166s][info][gc,mmu      ] GC(18) MMU: 2ms/0.0%, 5ms/0.0%, 10ms/0.0%, 20ms/0.0%, 50ms/24.1%, 100ms/62.1%
[48.166s][info][gc,marking  ] GC(18) Mark: 1 stripe(s), 2 proactive flush(es), 1 terminate flush(es), 0 completion(s), 0 continuation(s) 
[48.166s][info][gc,reloc    ] GC(18) Relocation: Successful, 46M relocated
[48.166s][info][gc,nmethod  ] GC(18) NMethods: 2993 registered, 0 unregistered
[48.166s][info][gc,metaspace] GC(18) Metaspace: 70M used, 74M capacity, 74M committed, 76M reserved
[48.166s][info][gc,ref      ] GC(18) Soft: 4659 encountered, 0 discovered, 0 enqueued
[48.166s][info][gc,ref      ] GC(18) Weak: 4668 encountered, 3675 discovered, 131 enqueued
[48.166s][info][gc,ref      ] GC(18) Final: 26 encountered, 0 discovered, 0 enqueued
[48.166s][info][gc,ref      ] GC(18) Phantom: 699 encountered, 695 discovered, 44 enqueued
[48.166s][info][gc,heap     ] GC(18)                Mark Start          Mark End        Relocate Start      Relocate End           High               Low         
[48.166s][info][gc,heap     ] GC(18)  Capacity:     1456M (97%)        1456M (97%)        1456M (97%)        1456M (97%)        1456M (97%)        1456M (97%)    
[48.166s][info][gc,heap     ] GC(18)   Reserve:       34M (2%)           34M (2%)           34M (2%)           34M (2%)           34M (2%)           34M (2%)     
[48.166s][info][gc,heap     ] GC(18)      Free:      920M (61%)         778M (52%)        1008M (67%)        1102M (73%)        1134M (76%)         778M (52%)    
[48.166s][info][gc,heap     ] GC(18)      Used:      546M (36%)         688M (46%)         458M (31%)         364M (24%)         688M (46%)         332M (22%)    
[48.166s][info][gc,heap     ] GC(18)      Live:         -               110M (7%)          110M (7%)          110M (7%)             -                  -          
[48.166s][info][gc,heap     ] GC(18) Allocated:         -               142M (9%)          142M (9%)          250M (17%)            -                  -          
[48.166s][info][gc,heap     ] GC(18)   Garbage:         -               435M (29%)         205M (14%)          71M (5%)             -                  -          
[48.166s][info][gc,heap     ] GC(18) Reclaimed:         -                  -               230M (15%)         364M (24%)            -                  -          
[48.166s][info][gc          ] GC(18) Garbage Collection (Allocation Rate) 546M(36%)->364M(24%)
[48.325s][info][gc,start    ] GC(19) Garbage Collection (Allocation Rate)
[48.329s][info][gc,phases   ] GC(19) Pause Mark Start 2.631ms
[49.115s][info][gc,phases   ] GC(19) Concurrent Mark 785.604ms
[49.121s][info][gc,phases   ] GC(19) Pause Mark End 0.496ms
[49.126s][info][gc,phases   ] GC(19) Concurrent Process Non-Strong References 5.177ms
[49.126s][info][gc,phases   ] GC(19) Concurrent Reset Relocation Set 0.040ms
[49.126s][info][gc,phases   ] GC(19) Concurrent Destroy Detached Pages 0.001ms
[49.131s][info][gc,phases   ] GC(19) Concurrent Select Relocation Set 4.538ms
[49.141s][info][gc,phases   ] GC(19) Concurrent Prepare Relocation Set 10.280ms
[49.152s][info][gc,phases   ] GC(19) Pause Relocate Start 8.565ms
[49.381s][info][gc,phases   ] GC(19) Concurrent Relocate 225.543ms
[49.381s][info][gc,load     ] GC(19) Load: 2.22/2.41/2.72
[49.381s][info][gc,mmu      ] GC(19) MMU: 2ms/0.0%, 5ms/0.0%, 10ms/0.0%, 20ms/0.0%, 50ms/24.1%, 100ms/62.1%
[49.381s][info][gc,marking  ] GC(19) Mark: 1 stripe(s), 2 proactive flush(es), 1 terminate flush(es), 0 completion(s), 0 continuation(s) 
[49.381s][info][gc,reloc    ] GC(19) Relocation: Successful, 63M relocated
[49.381s][info][gc,nmethod  ] GC(19) NMethods: 3013 registered, 0 unregistered
[49.381s][info][gc,metaspace] GC(19) Metaspace: 70M used, 74M capacity, 74M committed, 76M reserved
[49.381s][info][gc,ref      ] GC(19) Soft: 4661 encountered, 0 discovered, 0 enqueued
[49.381s][info][gc,ref      ] GC(19) Weak: 4539 encountered, 3544 discovered, 1 enqueued
[49.381s][info][gc,ref      ] GC(19) Final: 26 encountered, 0 discovered, 0 enqueued
[49.381s][info][gc,ref      ] GC(19) Phantom: 654 encountered, 650 discovered, 0 enqueued
[49.381s][info][gc,heap     ] GC(19)                Mark Start          Mark End        Relocate Start      Relocate End           High               Low         
[49.381s][info][gc,heap     ] GC(19)  Capacity:     1456M (97%)        1456M (97%)        1456M (97%)        1456M (97%)        1456M (97%)        1456M (97%)    
[49.381s][info][gc,heap     ] GC(19)   Reserve:       34M (2%)           34M (2%)           34M (2%)           34M (2%)           34M (2%)           34M (2%)     
[49.381s][info][gc,heap     ] GC(19)      Free:     1038M (69%)         834M (56%)         850M (57%)        1070M (71%)        1072M (71%)         834M (56%)    
[49.381s][info][gc,heap     ] GC(19)      Used:      428M (29%)         632M (42%)         616M (41%)         396M (26%)         632M (42%)         394M (26%)    
[49.381s][info][gc,heap     ] GC(19)      Live:         -               149M (10%)         149M (10%)         149M (10%)            -                  -          
[49.381s][info][gc,heap     ] GC(19) Allocated:         -               204M (14%)         204M (14%)         284M (19%)            -                  -          
[49.381s][info][gc,heap     ] GC(19)   Garbage:         -               278M (19%)         262M (17%)          40M (3%)             -                  -          
[49.381s][info][gc,heap     ] GC(19) Reclaimed:         -                  -                16M (1%)          238M (16%)            -                  -          
[49.381s][info][gc          ] GC(19) Garbage Collection (Allocation Rate) 428M(29%)->396M(26%)
[49.525s][info][gc,start    ] GC(20) Garbage Collection (Allocation Rate)
[49.529s][info][gc,phases   ] GC(20) Pause Mark Start 2.577ms
[50.124s][info][gc,stats    ] === Garbage Collection Statistics =======================================================================================================================
[50.125s][info][gc,stats    ]                                                              Last 10s              Last 10m              Last 10h                Total
[50.125s][info][gc,stats    ]                                                              Avg / Max             Avg / Max             Avg / Max             Avg / Max
[50.125s][info][gc,stats    ]   Collector: Garbage Collection Cycle                   1232.073 / 1698.674    536.081 / 3103.183    536.081 / 3103.183    536.081 / 3103.183    ms
[50.125s][info][gc,stats    ]  Contention: Mark Segment Reset Contention                     0 / 0                 0 / 0                 0 / 0                 0 / 0           ops/s
[50.125s][info][gc,stats    ]  Contention: Mark SeqNum Reset Contention                      0 / 0                 0 / 0                 0 / 0                 0 / 0           ops/s
[50.125s][info][gc,stats    ]  Contention: Relocation Contention                             0 / 1                 0 / 1                 0 / 1                 0 / 1           ops/s
[50.125s][info][gc,stats    ]    Critical: Allocation Stall                              0.000 / 0.000         0.000 / 0.000         0.000 / 0.000         0.000 / 0.000       ms
[50.125s][info][gc,stats    ]    Critical: Allocation Stall                                  0 / 0                 0 / 0                 0 / 0                 0 / 0           ops/s
[50.125s][info][gc,stats    ]    Critical: GC Locker Stall                               0.000 / 0.000         0.007 / 0.013         0.007 / 0.013         0.007 / 0.013       ms
[50.125s][info][gc,stats    ]    Critical: GC Locker Stall                                   0 / 0                 0 / 1                 0 / 1                 0 / 1           ops/s
[50.125s][info][gc,stats    ]      Memory: Allocation Rate                                 194 / 364             201 / 1250            201 / 1250            201 / 1250        MB/s
[50.125s][info][gc,stats    ]      Memory: Heap Used After Mark                            903 / 1390            681 / 1390            681 / 1390            681 / 1390        MB
[50.125s][info][gc,stats    ]      Memory: Heap Used After Relocation                      379 / 396             218 / 854             218 / 854             218 / 854         MB
[50.125s][info][gc,stats    ]      Memory: Heap Used Before Mark                           666 / 1222            596 / 1222            596 / 1222            596 / 1222        MB
[50.125s][info][gc,stats    ]      Memory: Heap Used Before Relocation                     784 / 1280            298 / 1280            298 / 1280            298 / 1280        MB
[50.125s][info][gc,stats    ]      Memory: Out Of Memory                                     0 / 0                 0 / 0                 0 / 0                 0 / 0           ops/s
[50.125s][info][gc,stats    ]      Memory: Page Cache Flush                                  0 / 0                 0 / 0                 0 / 0                 0 / 0           MB/s
[50.125s][info][gc,stats    ]      Memory: Page Cache Hit L1                                90 / 160              87 / 628              87 / 628              87 / 628         ops/s
[50.125s][info][gc,stats    ]      Memory: Page Cache Hit L2                                 0 / 0                 0 / 0                 0 / 0                 0 / 0           ops/s
[50.125s][info][gc,stats    ]      Memory: Page Cache Miss                                   8 / 62               12 / 116              12 / 116              12 / 116         ops/s
[50.125s][info][gc,stats    ]      Memory: Undo Object Allocation Failed                     0 / 0                 0 / 0                 0 / 0                 0 / 0           ops/s
[50.125s][info][gc,stats    ]      Memory: Undo Object Allocation Succeeded                  0 / 1                 0 / 1                 0 / 1                 0 / 1           ops/s
[50.125s][info][gc,stats    ]      Memory: Undo Page Allocation                              0 / 0                 0 / 0                 0 / 0                 0 / 0           ops/s
[50.125s][info][gc,stats    ]       Phase: Concurrent Destroy Detached Pages             0.001 / 0.001         0.001 / 0.001         0.001 / 0.001         0.001 / 0.001       ms
[50.125s][info][gc,stats    ]       Phase: Concurrent Mark                             813.977 / 908.383     448.632 / 3088.489    448.632 / 3088.489    448.632 / 3088.489    ms
[50.125s][info][gc,stats    ]       Phase: Concurrent Mark Continue                      0.000 / 0.000         0.000 / 0.000         0.000 / 0.000         0.000 / 0.000       ms
[50.125s][info][gc,stats    ]       Phase: Concurrent Prepare Relocation Set            26.444 / 67.620        4.040 / 67.620        4.040 / 67.620        4.040 / 67.620      ms
[50.125s][info][gc,stats    ]       Phase: Concurrent Process Non-Strong References      2.799 / 5.177         2.385 / 6.268         2.385 / 6.268         2.385 / 6.268       ms
[50.125s][info][gc,stats    ]       Phase: Concurrent Relocate                         368.071 / 704.555      64.508 / 704.555      64.508 / 704.555      64.508 / 704.555     ms
[50.125s][info][gc,stats    ]       Phase: Concurrent Reset Relocation Set               0.050 / 0.107         0.016 / 0.107         0.016 / 0.107         0.016 / 0.107       ms
[50.125s][info][gc,stats    ]       Phase: Concurrent Select Relocation Set              2.523 / 4.538         2.409 / 9.873         2.409 / 9.873         2.409 / 9.873       ms
[50.125s][info][gc,stats    ]       Phase: Pause Mark End                                0.338 / 0.496         0.237 / 0.496         0.237 / 0.496         0.237 / 0.496       ms
[50.125s][info][gc,stats    ]       Phase: Pause Mark Start                              2.729 / 2.859         4.027 / 37.948        4.027 / 37.948        4.027 / 37.948      ms
[50.125s][info][gc,stats    ]       Phase: Pause Relocate Start                          4.488 / 8.565         2.533 / 8.565         2.533 / 8.565         2.533 / 8.565       ms
[50.125s][info][gc,stats    ]    Subphase: Concurrent Mark                             813.951 / 908.355     447.788 / 3088.467    447.788 / 3088.467    447.788 / 3088.467    ms
[50.125s][info][gc,stats    ]    Subphase: Concurrent Mark Idle                          0.000 / 0.000         0.000 / 0.000         0.000 / 0.000         0.000 / 0.000       ms
[50.125s][info][gc,stats    ]    Subphase: Concurrent Mark Try Flush                     2.543 / 5.005         1.747 / 8.602         1.747 / 8.602         1.747 / 8.602       ms
[50.125s][info][gc,stats    ]    Subphase: Concurrent Mark Try Terminate                 0.983 / 3.917         0.572 / 3.917         0.572 / 3.917         0.572 / 3.917       ms
[50.125s][info][gc,stats    ]    Subphase: Concurrent References Enqueue                 0.004 / 0.008         0.002 / 0.008         0.002 / 0.008         0.002 / 0.008       ms
[50.125s][info][gc,stats    ]    Subphase: Concurrent References Process                 0.955 / 1.322         0.952 / 3.300         0.952 / 3.300         0.952 / 3.300       ms
[50.125s][info][gc,stats    ]    Subphase: Concurrent Weak Roots                         1.282 / 2.191         0.911 / 2.191         0.911 / 2.191         0.911 / 2.191       ms
[50.125s][info][gc,stats    ]    Subphase: Concurrent Weak Roots JNIWeakHandles          0.000 / 0.001         0.000 / 0.001         0.000 / 0.001         0.000 / 0.001       ms
[50.125s][info][gc,stats    ]    Subphase: Concurrent Weak Roots StringTable             0.930 / 1.610         0.691 / 1.610         0.691 / 1.610         0.691 / 1.610       ms
[50.125s][info][gc,stats    ]    Subphase: Concurrent Weak Roots VMWeakHandles           0.349 / 0.576         0.218 / 0.576         0.218 / 0.576         0.218 / 0.576       ms
[50.125s][info][gc,stats    ]    Subphase: Pause Mark Try Complete                       0.000 / 0.000         0.000 / 0.000         0.000 / 0.000         0.000 / 0.000       ms
[50.125s][info][gc,stats    ]    Subphase: Pause Remap TLABS                             0.001 / 0.001         0.001 / 0.002         0.001 / 0.002         0.001 / 0.002       ms
[50.125s][info][gc,stats    ]    Subphase: Pause Retire TLABS                            0.016 / 0.021         0.013 / 0.036         0.013 / 0.036         0.013 / 0.036       ms
[50.125s][info][gc,stats    ]    Subphase: Pause Roots                                   2.294 / 8.158         2.048 / 35.245        2.048 / 35.245        2.048 / 35.245      ms
[50.125s][info][gc,stats    ]    Subphase: Pause Roots ClassLoaderDataGraph              0.800 / 1.095         0.684 / 1.644         0.684 / 1.644         0.684 / 1.644       ms
[50.125s][info][gc,stats    ]    Subphase: Pause Roots CodeCache                         1.993 / 6.618         1.128 / 6.618         1.128 / 6.618         1.128 / 6.618       ms
[50.125s][info][gc,stats    ]    Subphase: Pause Roots JNIHandles                        0.001 / 0.002         0.002 / 0.052         0.002 / 0.052         0.002 / 0.052       ms
[50.125s][info][gc,stats    ]    Subphase: Pause Roots JNIWeakHandles                    0.000 / 0.000         0.000 / 0.000         0.000 / 0.000         0.000 / 0.000       ms
[50.125s][info][gc,stats    ]    Subphase: Pause Roots JRFWeak                           0.000 / 0.000         0.000 / 0.000         0.000 / 0.000         0.000 / 0.000       ms
[50.125s][info][gc,stats    ]    Subphase: Pause Roots JVMTIExport                       0.001 / 0.001         0.001 / 0.001         0.001 / 0.001         0.001 / 0.001       ms
[50.125s][info][gc,stats    ]    Subphase: Pause Roots JVMTIWeakExport                   0.001 / 0.001         0.001 / 0.001         0.001 / 0.001         0.001 / 0.001       ms
[50.125s][info][gc,stats    ]    Subphase: Pause Roots Management                        0.001 / 0.002         0.001 / 0.005         0.001 / 0.005         0.001 / 0.005       ms
[50.125s][info][gc,stats    ]    Subphase: Pause Roots ObjectSynchronizer                0.000 / 0.001         0.000 / 0.001         0.000 / 0.001         0.000 / 0.001       ms
[50.125s][info][gc,stats    ]    Subphase: Pause Roots Setup                             0.202 / 0.364         0.146 / 0.364         0.146 / 0.364         0.146 / 0.364       ms
[50.125s][info][gc,stats    ]    Subphase: Pause Roots StringTable                       0.000 / 0.000         0.000 / 0.000         0.000 / 0.000         0.000 / 0.000       ms
[50.125s][info][gc,stats    ]    Subphase: Pause Roots SystemDictionary                  0.015 / 0.019         0.015 / 0.056         0.015 / 0.056         0.015 / 0.056       ms
[50.125s][info][gc,stats    ]    Subphase: Pause Roots Teardown                          0.001 / 0.002         0.001 / 0.008         0.001 / 0.008         0.001 / 0.008       ms
[50.125s][info][gc,stats    ]    Subphase: Pause Roots Threads                           0.321 / 0.459         0.806 / 33.380        0.806 / 33.380        0.806 / 33.380      ms
[50.125s][info][gc,stats    ]    Subphase: Pause Roots Universe                          0.002 / 0.003         0.013 / 0.396         0.013 / 0.396         0.013 / 0.396       ms
[50.125s][info][gc,stats    ]    Subphase: Pause Roots VMWeakHandles                     0.000 / 0.000         0.000 / 0.000         0.000 / 0.000         0.000 / 0.000       ms
[50.125s][info][gc,stats    ]    Subphase: Pause Weak Roots                              0.002 / 0.003         0.002 / 0.008         0.002 / 0.008         0.002 / 0.008       ms
[50.125s][info][gc,stats    ]    Subphase: Pause Weak Roots JFRWeak                      0.001 / 0.001         0.001 / 0.001         0.001 / 0.001         0.001 / 0.001       ms
[50.125s][info][gc,stats    ]    Subphase: Pause Weak Roots JNIWeakHandles               0.000 / 0.000         0.000 / 0.000         0.000 / 0.000         0.000 / 0.000       ms
[50.125s][info][gc,stats    ]    Subphase: Pause Weak Roots JVMTIWeakExport              0.001 / 0.001         0.001 / 0.007         0.001 / 0.007         0.001 / 0.007       ms
[50.125s][info][gc,stats    ]    Subphase: Pause Weak Roots Setup                        0.000 / 0.000         0.000 / 0.000         0.000 / 0.000         0.000 / 0.000       ms
[50.125s][info][gc,stats    ]    Subphase: Pause Weak Roots StringTable                  0.000 / 0.000         0.000 / 0.000         0.000 / 0.000         0.000 / 0.000       ms
[50.125s][info][gc,stats    ]    Subphase: Pause Weak Roots SymbolTable                  0.000 / 0.000         0.000 / 0.000         0.000 / 0.000         0.000 / 0.000       ms
[50.125s][info][gc,stats    ]    Subphase: Pause Weak Roots Teardown                     0.001 / 0.001         0.001 / 0.001         0.001 / 0.001         0.001 / 0.001       ms
[50.125s][info][gc,stats    ]    Subphase: Pause Weak Roots VMWeakHandles                0.000 / 0.000         0.000 / 0.000         0.000 / 0.000         0.000 / 0.000       ms
[50.125s][info][gc,stats    ]      System: Java Threads                                     55 / 57               45 / 57               45 / 57               45 / 57          threads
[50.125s][info][gc,stats    ] =========================================================================================================================================================
[50.601s][info][gc,phases   ] GC(20) Concurrent Mark 1071.887ms
[50.604s][info][gc,phases   ] GC(20) Pause Mark End 0.223ms
[50.605s][info][gc,phases   ] GC(20) Concurrent Process Non-Strong References 1.490ms
[50.605s][info][gc,phases   ] GC(20) Concurrent Reset Relocation Set 0.032ms
[50.605s][info][gc,phases   ] GC(20) Concurrent Destroy Detached Pages 0.000ms
[50.607s][info][gc,phases   ] GC(20) Concurrent Select Relocation Set 1.549ms
[50.609s][info][gc,phases   ] GC(20) Concurrent Prepare Relocation Set 2.354ms
[50.612s][info][gc,phases   ] GC(20) Pause Relocate Start 2.335ms
[50.791s][info][gc,phases   ] GC(20) Concurrent Relocate 175.071ms
[50.791s][info][gc,load     ] GC(20) Load: 2.22/2.41/2.72
[50.791s][info][gc,mmu      ] GC(20) MMU: 2ms/0.0%, 5ms/0.0%, 10ms/0.0%, 20ms/0.0%, 50ms/24.1%, 100ms/62.1%
[50.791s][info][gc,marking  ] GC(20) Mark: 1 stripe(s), 2 proactive flush(es), 1 terminate flush(es), 0 completion(s), 0 continuation(s) 
[50.791s][info][gc,reloc    ] GC(20) Relocation: Successful, 67M relocated
[50.791s][info][gc,nmethod  ] GC(20) NMethods: 3016 registered, 0 unregistered
[50.791s][info][gc,metaspace] GC(20) Metaspace: 70M used, 74M capacity, 74M committed, 76M reserved
[50.791s][info][gc,ref      ] GC(20) Soft: 4662 encountered, 0 discovered, 0 enqueued
[50.791s][info][gc,ref      ] GC(20) Weak: 4539 encountered, 3544 discovered, 1 enqueued
[50.791s][info][gc,ref      ] GC(20) Final: 26 encountered, 0 discovered, 0 enqueued
[50.791s][info][gc,ref      ] GC(20) Phantom: 654 encountered, 650 discovered, 0 enqueued
[50.791s][info][gc,heap     ] GC(20)                Mark Start          Mark End        Relocate Start      Relocate End           High               Low         
[50.791s][info][gc,heap     ] GC(20)  Capacity:     1456M (97%)        1456M (97%)        1456M (97%)        1456M (97%)        1456M (97%)        1456M (97%)    
[50.791s][info][gc,heap     ] GC(20)   Reserve:       34M (2%)           34M (2%)           34M (2%)           34M (2%)           34M (2%)           34M (2%)     
[50.791s][info][gc,heap     ] GC(20)      Free:      996M (66%)         754M (50%)         760M (51%)         932M (62%)         996M (66%)         754M (50%)    
[50.791s][info][gc,heap     ] GC(20)      Used:      470M (31%)         712M (47%)         706M (47%)         534M (36%)         712M (47%)         470M (31%)    
[50.791s][info][gc,heap     ] GC(20)      Live:         -               215M (14%)         215M (14%)         215M (14%)            -                  -          
[50.791s][info][gc,heap     ] GC(20) Allocated:         -               242M (16%)         242M (16%)         314M (21%)            -                  -          
[50.791s][info][gc,heap     ] GC(20)   Garbage:         -               254M (17%)         248M (17%)          64M (4%)             -                  -          
[50.791s][info][gc,heap     ] GC(20) Reclaimed:         -                  -                 6M (0%)          190M (13%)            -                  -          
[50.791s][info][gc          ] GC(20) Garbage Collection (Allocation Rate) 470M(31%)->534M(36%)
[50.924s][info][gc,start    ] GC(21) Garbage Collection (Allocation Rate)
[50.929s][info][gc,phases   ] GC(21) Pause Mark Start 2.601ms
[51.974s][info][gc,phases   ] GC(21) Concurrent Mark 1045.555ms
[51.977s][info][gc,phases   ] GC(21) Pause Mark End 0.253ms
[51.978s][info][gc,phases   ] GC(21) Concurrent Process Non-Strong References 1.507ms
[51.978s][info][gc,phases   ] GC(21) Concurrent Reset Relocation Set 0.038ms
[51.978s][info][gc,phases   ] GC(21) Concurrent Destroy Detached Pages 0.000ms
[51.980s][info][gc,phases   ] GC(21) Concurrent Select Relocation Set 1.507ms
[51.981s][info][gc,phases   ] GC(21) Concurrent Prepare Relocation Set 1.312ms
[51.984s][info][gc,phases   ] GC(21) Pause Relocate Start 2.159ms
[52.108s][info][gc,phases   ] GC(21) Concurrent Relocate 119.792ms
[52.108s][info][gc,load     ] GC(21) Load: 2.22/2.41/2.72
[52.108s][info][gc,mmu      ] GC(21) MMU: 2ms/0.0%, 5ms/0.0%, 10ms/0.0%, 20ms/0.0%, 50ms/24.1%, 100ms/62.1%
[52.108s][info][gc,marking  ] GC(21) Mark: 1 stripe(s), 2 proactive flush(es), 1 terminate flush(es), 0 completion(s), 0 continuation(s) 
[52.108s][info][gc,reloc    ] GC(21) Relocation: Successful, 50M relocated
[52.108s][info][gc,nmethod  ] GC(21) NMethods: 3027 registered, 0 unregistered
[52.108s][info][gc,metaspace] GC(21) Metaspace: 70M used, 74M capacity, 74M committed, 76M reserved
[52.108s][info][gc,ref      ] GC(21) Soft: 4662 encountered, 0 discovered, 0 enqueued
[52.108s][info][gc,ref      ] GC(21) Weak: 4538 encountered, 3564 discovered, 0 enqueued
[52.108s][info][gc,ref      ] GC(21) Final: 26 encountered, 0 discovered, 0 enqueued
[52.108s][info][gc,ref      ] GC(21) Phantom: 654 encountered, 650 discovered, 0 enqueued
[52.108s][info][gc,heap     ] GC(21)                Mark Start          Mark End        Relocate Start      Relocate End           High               Low         
[52.108s][info][gc,heap     ] GC(21)  Capacity:     1456M (97%)        1456M (97%)        1456M (97%)        1456M (97%)        1456M (97%)        1456M (97%)    
[52.108s][info][gc,heap     ] GC(21)   Reserve:       34M (2%)           34M (2%)           34M (2%)           34M (2%)           34M (2%)           34M (2%)     
[52.108s][info][gc,heap     ] GC(21)      Free:      868M (58%)         690M (46%)         696M (46%)        1020M (68%)        1020M (68%)         690M (46%)    
[52.108s][info][gc,heap     ] GC(21)      Used:      598M (40%)         776M (52%)         770M (51%)         446M (30%)         776M (52%)         446M (30%)    
[52.108s][info][gc,heap     ] GC(21)      Live:         -               223M (15%)         223M (15%)         223M (15%)            -                  -          
[52.108s][info][gc,heap     ] GC(21) Allocated:         -               178M (12%)         178M (12%)         200M (13%)            -                  -          
[52.108s][info][gc,heap     ] GC(21)   Garbage:         -               374M (25%)         368M (25%)          44M (3%)             -                  -          
[52.108s][info][gc,heap     ] GC(21) Reclaimed:         -                  -                 6M (0%)          330M (22%)            -                  -          
[52.108s][info][gc          ] GC(21) Garbage Collection (Allocation Rate) 598M(40%)->446M(30%)
[53.124s][info][gc,start    ] GC(22) Garbage Collection (Allocation Rate)
[53.130s][info][gc,phases   ] GC(22) Pause Mark Start 2.705ms
[53.824s][info][gc,phases   ] GC(22) Concurrent Mark 693.962ms
[53.826s][info][gc,phases   ] GC(22) Pause Mark End 0.229ms
[53.828s][info][gc,phases   ] GC(22) Concurrent Process Non-Strong References 1.528ms
[53.828s][info][gc,phases   ] GC(22) Concurrent Reset Relocation Set 0.038ms
[53.828s][info][gc,phases   ] GC(22) Concurrent Destroy Detached Pages 0.000ms
[53.830s][info][gc,phases   ] GC(22) Concurrent Select Relocation Set 1.768ms
[53.833s][info][gc,phases   ] GC(22) Concurrent Prepare Relocation Set 2.779ms
[53.838s][info][gc,phases   ] GC(22) Pause Relocate Start 3.422ms
[54.034s][info][gc,phases   ] GC(22) Concurrent Relocate 195.487ms
[54.034s][info][gc,load     ] GC(22) Load: 2.13/2.39/2.71
[54.034s][info][gc,mmu      ] GC(22) MMU: 2ms/0.0%, 5ms/0.0%, 10ms/0.0%, 20ms/0.0%, 50ms/24.1%, 100ms/62.1%
[54.034s][info][gc,marking  ] GC(22) Mark: 1 stripe(s), 2 proactive flush(es), 1 terminate flush(es), 0 completion(s), 0 continuation(s) 
[54.034s][info][gc,reloc    ] GC(22) Relocation: Successful, 62M relocated
[54.034s][info][gc,nmethod  ] GC(22) NMethods: 3103 registered, 0 unregistered
[54.034s][info][gc,metaspace] GC(22) Metaspace: 70M used, 74M capacity, 74M committed, 76M reserved
[54.034s][info][gc,ref      ] GC(22) Soft: 4665 encountered, 0 discovered, 0 enqueued
[54.034s][info][gc,ref      ] GC(22) Weak: 4495 encountered, 3488 discovered, 35 enqueued
[54.034s][info][gc,ref      ] GC(22) Final: 26 encountered, 0 discovered, 0 enqueued
[54.034s][info][gc,ref      ] GC(22) Phantom: 657 encountered, 653 discovered, 0 enqueued
[54.034s][info][gc,heap     ] GC(22)                Mark Start          Mark End        Relocate Start      Relocate End           High               Low         
[54.034s][info][gc,heap     ] GC(22)  Capacity:     1456M (97%)        1456M (97%)        1456M (97%)        1456M (97%)        1456M (97%)        1456M (97%)    
[54.034s][info][gc,heap     ] GC(22)   Reserve:       34M (2%)           34M (2%)           34M (2%)           34M (2%)           34M (2%)           34M (2%)     
[54.034s][info][gc,heap     ] GC(22)      Free:      760M (51%)         544M (36%)         802M (53%)         996M (66%)         998M (67%)         544M (36%)    
[54.034s][info][gc,heap     ] GC(22)      Used:      706M (47%)         922M (61%)         664M (44%)         470M (31%)         922M (61%)         468M (31%)    
[54.034s][info][gc,heap     ] GC(22)      Live:         -               189M (13%)         189M (13%)         189M (13%)            -                  -          
[54.034s][info][gc,heap     ] GC(22) Allocated:         -               216M (14%)         218M (15%)         286M (19%)            -                  -          
[54.034s][info][gc,heap     ] GC(22)   Garbage:         -               516M (34%)         256M (17%)          50M (3%)             -                  -          
[54.034s][info][gc,heap     ] GC(22) Reclaimed:         -                  -               260M (17%)         466M (31%)            -                  -          
[54.034s][info][gc          ] GC(22) Garbage Collection (Allocation Rate) 706M(47%)->470M(31%)
[54.224s][info][gc,start    ] GC(23) Garbage Collection (Allocation Rate)
[54.229s][info][gc,phases   ] GC(23) Pause Mark Start 2.611ms
[55.330s][info][gc,phases   ] GC(23) Concurrent Mark 1100.432ms
[55.333s][info][gc,phases   ] GC(23) Pause Mark End 0.239ms
[55.334s][info][gc,phases   ] GC(23) Concurrent Process Non-Strong References 1.481ms
[55.334s][info][gc,phases   ] GC(23) Concurrent Reset Relocation Set 0.035ms
[55.334s][info][gc,phases   ] GC(23) Concurrent Destroy Detached Pages 0.001ms
[55.336s][info][gc,phases   ] GC(23) Concurrent Select Relocation Set 1.552ms
[55.339s][info][gc,phases   ] GC(23) Concurrent Prepare Relocation Set 2.785ms
[55.341s][info][gc,phases   ] GC(23) Pause Relocate Start 2.289ms
[55.566s][info][gc,phases   ] GC(23) Concurrent Relocate 217.425ms
[55.566s][info][gc,load     ] GC(23) Load: 2.13/2.39/2.71
[55.566s][info][gc,mmu      ] GC(23) MMU: 2ms/0.0%, 5ms/0.0%, 10ms/0.0%, 20ms/0.0%, 50ms/24.1%, 100ms/62.1%
[55.566s][info][gc,marking  ] GC(23) Mark: 1 stripe(s), 2 proactive flush(es), 1 terminate flush(es), 0 completion(s), 0 continuation(s) 
[55.566s][info][gc,reloc    ] GC(23) Relocation: Successful, 84M relocated
[55.566s][info][gc,nmethod  ] GC(23) NMethods: 3105 registered, 0 unregistered
[55.566s][info][gc,metaspace] GC(23) Metaspace: 70M used, 74M capacity, 74M committed, 76M reserved
[55.566s][info][gc,ref      ] GC(23) Soft: 4666 encountered, 0 discovered, 0 enqueued
[55.566s][info][gc,ref      ] GC(23) Weak: 4460 encountered, 3452 discovered, 5 enqueued
[55.566s][info][gc,ref      ] GC(23) Final: 26 encountered, 0 discovered, 0 enqueued
[55.566s][info][gc,ref      ] GC(23) Phantom: 656 encountered, 652 discovered, 0 enqueued
[55.566s][info][gc,heap     ] GC(23)                Mark Start          Mark End        Relocate Start      Relocate End           High               Low         
[55.566s][info][gc,heap     ] GC(23)  Capacity:     1456M (97%)        1456M (97%)        1456M (97%)        1456M (97%)        1456M (97%)        1456M (97%)    
[55.566s][info][gc,heap     ] GC(23)   Reserve:       34M (2%)           34M (2%)           34M (2%)           34M (2%)           34M (2%)           34M (2%)     
[55.566s][info][gc,heap     ] GC(23)      Free:      912M (61%)         642M (43%)         664M (44%)         862M (57%)         912M (61%)         626M (42%)    
[55.566s][info][gc,heap     ] GC(23)      Used:      554M (37%)         824M (55%)         802M (53%)         604M (40%)         840M (56%)         554M (37%)    
[55.566s][info][gc,heap     ] GC(23)      Live:         -               245M (16%)         245M (16%)         245M (16%)            -                  -          
[55.566s][info][gc,heap     ] GC(23) Allocated:         -               270M (18%)         270M (18%)         398M (27%)            -                  -          
[55.566s][info][gc,heap     ] GC(23)   Garbage:         -               308M (21%)         286M (19%)          72M (5%)             -                  -          
[55.566s][info][gc,heap     ] GC(23) Reclaimed:         -                  -                22M (1%)          236M (16%)            -                  -          
[55.566s][info][gc          ] GC(23) Garbage Collection (Allocation Rate) 554M(37%)->604M(40%)
[55.624s][info][gc,start    ] GC(24) Garbage Collection (Allocation Rate)
[55.629s][info][gc,phases   ] GC(24) Pause Mark Start 2.625ms
[56.915s][info][gc,phases   ] GC(24) Concurrent Mark 1285.992ms
[56.918s][info][gc,phases   ] GC(24) Pause Mark End 0.224ms
[56.919s][info][gc,phases   ] GC(24) Concurrent Process Non-Strong References 1.481ms
[56.919s][info][gc,phases   ] GC(24) Concurrent Reset Relocation Set 0.039ms
[56.919s][info][gc,phases   ] GC(24) Concurrent Destroy Detached Pages 0.001ms
[56.921s][info][gc,phases   ] GC(24) Concurrent Select Relocation Set 1.584ms
[56.923s][info][gc,phases   ] GC(24) Concurrent Prepare Relocation Set 1.796ms
[56.925s][info][gc,phases   ] GC(24) Pause Relocate Start 2.280ms
[57.073s][info][gc,phases   ] GC(24) Concurrent Relocate 145.117ms
[57.073s][info][gc,load     ] GC(24) Load: 2.13/2.39/2.71
[57.073s][info][gc,mmu      ] GC(24) MMU: 2ms/0.0%, 5ms/0.0%, 10ms/0.0%, 20ms/0.0%, 50ms/24.1%, 100ms/62.1%
[57.073s][info][gc,marking  ] GC(24) Mark: 1 stripe(s), 2 proactive flush(es), 1 terminate flush(es), 0 completion(s), 0 continuation(s) 
[57.073s][info][gc,reloc    ] GC(24) Relocation: Successful, 58M relocated
[57.073s][info][gc,nmethod  ] GC(24) NMethods: 3106 registered, 0 unregistered
[57.073s][info][gc,metaspace] GC(24) Metaspace: 70M used, 74M capacity, 74M committed, 76M reserved
[57.073s][info][gc,ref      ] GC(24) Soft: 4666 encountered, 0 discovered, 0 enqueued
[57.073s][info][gc,ref      ] GC(24) Weak: 4455 encountered, 3447 discovered, 0 enqueued
[57.073s][info][gc,ref      ] GC(24) Final: 26 encountered, 0 discovered, 0 enqueued
[57.073s][info][gc,ref      ] GC(24) Phantom: 656 encountered, 652 discovered, 0 enqueued
[57.073s][info][gc,heap     ] GC(24)                Mark Start          Mark End        Relocate Start      Relocate End           High               Low         
[57.073s][info][gc,heap     ] GC(24)  Capacity:     1456M (97%)        1456M (97%)        1456M (97%)        1456M (97%)        1456M (97%)        1456M (97%)    
[57.073s][info][gc,heap     ] GC(24)   Reserve:       34M (2%)           34M (2%)           34M (2%)           34M (2%)           34M (2%)           34M (2%)     
[57.073s][info][gc,heap     ] GC(24)      Free:      834M (56%)         554M (37%)         560M (37%)         840M (56%)         840M (56%)         550M (37%)    
[57.073s][info][gc,heap     ] GC(24)      Used:      632M (42%)         912M (61%)         906M (60%)         626M (42%)         916M (61%)         626M (42%)    
[57.073s][info][gc,heap     ] GC(24)      Live:         -               271M (18%)         271M (18%)         271M (18%)            -                  -          
[57.073s][info][gc,heap     ] GC(24) Allocated:         -               280M (19%)         280M (19%)         336M (22%)            -                  -          
[57.073s][info][gc,heap     ] GC(24)   Garbage:         -               360M (24%)         354M (24%)          42M (3%)             -                  -          
[57.073s][info][gc,heap     ] GC(24) Reclaimed:         -                  -                 6M (0%)          318M (21%)            -                  -          
[57.073s][info][gc          ] GC(24) Garbage Collection (Allocation Rate) 632M(42%)->626M(42%)
[58.424s][info][gc,start    ] GC(25) Garbage Collection (Allocation Rate)
[58.434s][info][gc,phases   ] GC(25) Pause Mark Start 3.512ms
[59.498s][info][gc,phases   ] GC(25) Concurrent Mark 1063.781ms
[59.501s][info][gc,phases   ] GC(25) Pause Mark End 0.222ms
[59.502s][info][gc,phases   ] GC(25) Concurrent Process Non-Strong References 1.507ms
[59.504s][info][gc,phases   ] GC(25) Concurrent Reset Relocation Set 0.050ms
[59.504s][info][gc,phases   ] GC(25) Concurrent Destroy Detached Pages 0.001ms
[59.506s][info][gc,phases   ] GC(25) Concurrent Select Relocation Set 2.419ms
[59.513s][info][gc,phases   ] GC(25) Concurrent Prepare Relocation Set 6.777ms
[59.516s][info][gc,phases   ] GC(25) Pause Relocate Start 2.837ms
[59.706s][info][gc,phases   ] GC(25) Concurrent Relocate 185.767ms
[59.706s][info][gc,load     ] GC(25) Load: 2.12/2.38/2.70
[59.706s][info][gc,mmu      ] GC(25) MMU: 2ms/0.0%, 5ms/0.0%, 10ms/0.0%, 20ms/0.0%, 50ms/24.1%, 100ms/62.1%
[59.706s][info][gc,marking  ] GC(25) Mark: 1 stripe(s), 2 proactive flush(es), 1 terminate flush(es), 0 completion(s), 0 continuation(s) 
[59.706s][info][gc,reloc    ] GC(25) Relocation: Successful, 71M relocated
[59.706s][info][gc,nmethod  ] GC(25) NMethods: 3209 registered, 0 unregistered
[59.706s][info][gc,metaspace] GC(25) Metaspace: 70M used, 74M capacity, 74M committed, 76M reserved
[59.706s][info][gc,ref      ] GC(25) Soft: 4676 encountered, 0 discovered, 0 enqueued
[59.706s][info][gc,ref      ] GC(25) Weak: 4726 encountered, 3688 discovered, 117 enqueued
[59.706s][info][gc,ref      ] GC(25) Final: 26 encountered, 0 discovered, 0 enqueued
[59.706s][info][gc,ref      ] GC(25) Phantom: 662 encountered, 658 discovered, 6 enqueued
[59.706s][info][gc,heap     ] GC(25)                Mark Start          Mark End        Relocate Start      Relocate End           High               Low         
[59.706s][info][gc,heap     ] GC(25)  Capacity:     1466M (98%)        1466M (98%)        1466M (98%)        1466M (98%)        1466M (98%)        1466M (98%)    
[59.706s][info][gc,heap     ] GC(25)   Reserve:       34M (2%)           34M (2%)           34M (2%)           34M (2%)           34M (2%)           34M (2%)     
[59.706s][info][gc,heap     ] GC(25)      Free:      654M (44%)         386M (26%)         758M (51%)         872M (58%)         874M (58%)         386M (26%)    
[59.706s][info][gc,heap     ] GC(25)      Used:      812M (54%)        1080M (72%)         708M (47%)         594M (40%)        1080M (72%)         592M (39%)    
[59.706s][info][gc,heap     ] GC(25)      Live:         -               252M (17%)         252M (17%)         252M (17%)            -                  -          
[59.706s][info][gc,heap     ] GC(25) Allocated:         -               268M (18%)         280M (19%)         340M (23%)            -                  -          
[59.706s][info][gc,heap     ] GC(25)   Garbage:         -               559M (37%)         175M (12%)          55M (4%)             -                  -          
[59.706s][info][gc,heap     ] GC(25) Reclaimed:         -                  -               384M (26%)         504M (34%)            -                  -          
[59.706s][info][gc          ] GC(25) Garbage Collection (Allocation Rate) 812M(54%)->594M(40%)
[59.730s][info][gc,start    ] GC(26) Garbage Collection (Allocation Rate)
[59.735s][info][gc,phases   ] GC(26) Pause Mark Start 2.677ms
[60.124s][info][gc,stats    ] === Garbage Collection Statistics =======================================================================================================================
[60.125s][info][gc,stats    ]                                                              Last 10s              Last 10m              Last 10h                Total
[60.125s][info][gc,stats    ]                                                              Avg / Max             Avg / Max             Avg / Max             Avg / Max
[60.125s][info][gc,stats    ]   Collector: Garbage Collection Cycle                   1238.823 / 1448.744    698.253 / 3103.183    698.253 / 3103.183    698.253 / 3103.183    ms
[60.125s][info][gc,stats    ]  Contention: Mark Segment Reset Contention                     0 / 0                 0 / 0                 0 / 0                 0 / 0           ops/s
[60.125s][info][gc,stats    ]  Contention: Mark SeqNum Reset Contention                      0 / 0                 0 / 0                 0 / 0                 0 / 0           ops/s
[60.125s][info][gc,stats    ]  Contention: Relocation Contention                             0 / 0                 0 / 1                 0 / 1                 0 / 1           ops/s
[60.125s][info][gc,stats    ]    Critical: Allocation Stall                              0.000 / 0.000         0.000 / 0.000         0.000 / 0.000         0.000 / 0.000       ms
[60.125s][info][gc,stats    ]    Critical: Allocation Stall                                  0 / 0                 0 / 0                 0 / 0                 0 / 0           ops/s
[60.125s][info][gc,stats    ]    Critical: GC Locker Stall                               0.000 / 0.000         0.007 / 0.013         0.007 / 0.013         0.007 / 0.013       ms
[60.125s][info][gc,stats    ]    Critical: GC Locker Stall                                   0 / 0                 0 / 1                 0 / 1                 0 / 1           ops/s
[60.125s][info][gc,stats    ]      Memory: Allocation Rate                                 223 / 286             205 / 1250            205 / 1250            205 / 1250        MB/s
[60.125s][info][gc,stats    ]      Memory: Heap Used After Mark                            871 / 1080            725 / 1390            725 / 1390            725 / 1390        MB
[60.125s][info][gc,stats    ]      Memory: Heap Used After Relocation                      545 / 626             294 / 854             294 / 854             294 / 854         MB
[60.125s][info][gc,stats    ]      Memory: Heap Used Before Mark                           650 / 812             608 / 1222            608 / 1222            608 / 1222        MB
[60.125s][info][gc,stats    ]      Memory: Heap Used Before Relocation                     759 / 906             405 / 1280            405 / 1280            405 / 1280        MB
[60.125s][info][gc,stats    ]      Memory: Out Of Memory                                     0 / 0                 0 / 0                 0 / 0                 0 / 0           ops/s
[60.125s][info][gc,stats    ]      Memory: Page Cache Flush                                  0 / 0                 0 / 0                 0 / 0                 0 / 0           MB/s
[60.125s][info][gc,stats    ]      Memory: Page Cache Hit L1                               109 / 142              90 / 628              90 / 628              90 / 628         ops/s
[60.125s][info][gc,stats    ]      Memory: Page Cache Hit L2                                 0 / 0                 0 / 0                 0 / 0                 0 / 0           ops/s
[60.125s][info][gc,stats    ]      Memory: Page Cache Miss                                   0 / 1                10 / 116              10 / 116              10 / 116         ops/s
[60.125s][info][gc,stats    ]      Memory: Undo Object Allocation Failed                     0 / 0                 0 / 0                 0 / 0                 0 / 0           ops/s
[60.125s][info][gc,stats    ]      Memory: Undo Object Allocation Succeeded                  0 / 0                 0 / 1                 0 / 1                 0 / 1           ops/s
[60.125s][info][gc,stats    ]      Memory: Undo Page Allocation                              0 / 0                 0 / 0                 0 / 0                 0 / 0           ops/s
[60.125s][info][gc,stats    ]       Phase: Concurrent Destroy Detached Pages             0.001 / 0.001         0.001 / 0.001         0.001 / 0.001         0.001 / 0.001       ms
[60.125s][info][gc,stats    ]       Phase: Concurrent Mark                            1043.601 / 1285.992    585.932 / 3088.489    585.932 / 3088.489    585.932 / 3088.489    ms
[60.125s][info][gc,stats    ]       Phase: Concurrent Mark Continue                      0.000 / 0.000         0.000 / 0.000         0.000 / 0.000         0.000 / 0.000       ms
[60.125s][info][gc,stats    ]       Phase: Concurrent Prepare Relocation Set             2.967 / 6.777         3.792 / 67.620        3.792 / 67.620        3.792 / 67.620      ms
[60.125s][info][gc,stats    ]       Phase: Concurrent Process Non-Strong References      1.499 / 1.528         2.181 / 6.268         2.181 / 6.268         2.181 / 6.268       ms
[60.125s][info][gc,stats    ]       Phase: Concurrent Relocate                         173.110 / 217.425      89.570 / 704.555      89.570 / 704.555      89.570 / 704.555     ms
[60.125s][info][gc,stats    ]       Phase: Concurrent Reset Relocation Set               0.039 / 0.050         0.021 / 0.107         0.021 / 0.107         0.021 / 0.107       ms
[60.125s][info][gc,stats    ]       Phase: Concurrent Select Relocation Set              1.730 / 2.419         2.252 / 9.873         2.252 / 9.873         2.252 / 9.873       ms
[60.125s][info][gc,stats    ]       Phase: Pause Mark End                                0.232 / 0.253         0.235 / 0.496         0.235 / 0.496         0.235 / 0.496       ms
[60.125s][info][gc,stats    ]       Phase: Pause Mark Start                              2.788 / 3.512         3.751 / 37.948        3.751 / 37.948        3.751 / 37.948      ms
[60.125s][info][gc,stats    ]       Phase: Pause Relocate Start                          2.554 / 3.422         2.538 / 8.565         2.538 / 8.565         2.538 / 8.565       ms
[60.125s][info][gc,stats    ]    Subphase: Concurrent Mark                            1043.574 / 1285.963    585.277 / 3088.467    585.277 / 3088.467    585.277 / 3088.467    ms
[60.125s][info][gc,stats    ]    Subphase: Concurrent Mark Idle                          0.000 / 0.000         0.000 / 0.000         0.000 / 0.000         0.000 / 0.000       ms
[60.125s][info][gc,stats    ]    Subphase: Concurrent Mark Try Flush                     1.145 / 4.070         1.615 / 8.602         1.615 / 8.602         1.615 / 8.602       ms
[60.125s][info][gc,stats    ]    Subphase: Concurrent Mark Try Terminate                 0.487 / 0.994         0.553 / 3.917         0.553 / 3.917         0.553 / 3.917       ms
[60.125s][info][gc,stats    ]    Subphase: Concurrent References Enqueue                 0.002 / 0.003         0.002 / 0.008         0.002 / 0.008         0.002 / 0.008       ms
[60.125s][info][gc,stats    ]    Subphase: Concurrent References Process                 0.731 / 0.744         0.901 / 3.300         0.901 / 3.300         0.901 / 3.300       ms
[60.125s][info][gc,stats    ]    Subphase: Concurrent Weak Roots                         0.757 / 0.773         0.875 / 2.191         0.875 / 2.191         0.875 / 2.191       ms
[60.125s][info][gc,stats    ]    Subphase: Concurrent Weak Roots JNIWeakHandles          0.000 / 0.000         0.000 / 0.001         0.000 / 0.001         0.000 / 0.001       ms
[60.125s][info][gc,stats    ]    Subphase: Concurrent Weak Roots StringTable             0.577 / 0.600         0.665 / 1.610         0.665 / 1.610         0.665 / 1.610       ms
[60.125s][info][gc,stats    ]    Subphase: Concurrent Weak Roots VMWeakHandles           0.178 / 0.197         0.209 / 0.576         0.209 / 0.576         0.209 / 0.576       ms
[60.125s][info][gc,stats    ]    Subphase: Pause Mark Try Complete                       0.000 / 0.000         0.000 / 0.000         0.000 / 0.000         0.000 / 0.000       ms
[60.125s][info][gc,stats    ]    Subphase: Pause Remap TLABS                             0.001 / 0.002         0.001 / 0.002         0.001 / 0.002         0.001 / 0.002       ms
[60.125s][info][gc,stats    ]    Subphase: Pause Retire TLABS                            0.013 / 0.018         0.013 / 0.036         0.013 / 0.036         0.013 / 0.036       ms
[60.125s][info][gc,stats    ]    Subphase: Pause Roots                                   1.617 / 3.101         1.950 / 35.245        1.950 / 35.245        1.950 / 35.245      ms
[60.125s][info][gc,stats    ]    Subphase: Pause Roots ClassLoaderDataGraph              0.668 / 0.848         0.680 / 1.644         0.680 / 1.644         0.680 / 1.644       ms
[60.125s][info][gc,stats    ]    Subphase: Pause Roots CodeCache                         1.339 / 1.975         1.175 / 6.618         1.175 / 6.618         1.175 / 6.618       ms
[60.125s][info][gc,stats    ]    Subphase: Pause Roots JNIHandles                        0.001 / 0.001         0.002 / 0.052         0.002 / 0.052         0.002 / 0.052       ms
[60.125s][info][gc,stats    ]    Subphase: Pause Roots JNIWeakHandles                    0.000 / 0.000         0.000 / 0.000         0.000 / 0.000         0.000 / 0.000       ms
[60.125s][info][gc,stats    ]    Subphase: Pause Roots JRFWeak                           0.000 / 0.000         0.000 / 0.000         0.000 / 0.000         0.000 / 0.000       ms
[60.125s][info][gc,stats    ]    Subphase: Pause Roots JVMTIExport                       0.001 / 0.001         0.001 / 0.001         0.001 / 0.001         0.001 / 0.001       ms
[60.125s][info][gc,stats    ]    Subphase: Pause Roots JVMTIWeakExport                   0.001 / 0.001         0.001 / 0.001         0.001 / 0.001         0.001 / 0.001       ms
[60.125s][info][gc,stats    ]    Subphase: Pause Roots Management                        0.001 / 0.002         0.001 / 0.005         0.001 / 0.005         0.001 / 0.005       ms
[60.125s][info][gc,stats    ]    Subphase: Pause Roots ObjectSynchronizer                0.000 / 0.001         0.000 / 0.001         0.000 / 0.001         0.000 / 0.001       ms
[60.125s][info][gc,stats    ]    Subphase: Pause Roots Setup                             0.201 / 0.358         0.159 / 0.364         0.159 / 0.364         0.159 / 0.364       ms
[60.125s][info][gc,stats    ]    Subphase: Pause Roots StringTable                       0.000 / 0.000         0.000 / 0.000         0.000 / 0.000         0.000 / 0.000       ms
[60.125s][info][gc,stats    ]    Subphase: Pause Roots SystemDictionary                  0.013 / 0.017         0.014 / 0.056         0.014 / 0.056         0.014 / 0.056       ms
[60.125s][info][gc,stats    ]    Subphase: Pause Roots Teardown                          0.001 / 0.003         0.001 / 0.008         0.001 / 0.008         0.001 / 0.008       ms
[60.125s][info][gc,stats    ]    Subphase: Pause Roots Threads                           0.263 / 0.534         0.683 / 33.380        0.683 / 33.380        0.683 / 33.380      ms
[60.125s][info][gc,stats    ]    Subphase: Pause Roots Universe                          0.002 / 0.003         0.010 / 0.396         0.010 / 0.396         0.010 / 0.396       ms
[60.125s][info][gc,stats    ]    Subphase: Pause Roots VMWeakHandles                     0.000 / 0.000         0.000 / 0.000         0.000 / 0.000         0.000 / 0.000       ms
[60.125s][info][gc,stats    ]    Subphase: Pause Weak Roots                              0.002 / 0.002         0.002 / 0.008         0.002 / 0.008         0.002 / 0.008       ms
[60.125s][info][gc,stats    ]    Subphase: Pause Weak Roots JFRWeak                      0.001 / 0.001         0.001 / 0.001         0.001 / 0.001         0.001 / 0.001       ms
[60.125s][info][gc,stats    ]    Subphase: Pause Weak Roots JNIWeakHandles               0.000 / 0.000         0.000 / 0.000         0.000 / 0.000         0.000 / 0.000       ms
[60.125s][info][gc,stats    ]    Subphase: Pause Weak Roots JVMTIWeakExport              0.001 / 0.001         0.001 / 0.007         0.001 / 0.007         0.001 / 0.007       ms
[60.125s][info][gc,stats    ]    Subphase: Pause Weak Roots Setup                        0.000 / 0.000         0.000 / 0.000         0.000 / 0.000         0.000 / 0.000       ms
[60.125s][info][gc,stats    ]    Subphase: Pause Weak Roots StringTable                  0.000 / 0.000         0.000 / 0.000         0.000 / 0.000         0.000 / 0.000       ms
[60.125s][info][gc,stats    ]    Subphase: Pause Weak Roots SymbolTable                  0.000 / 0.000         0.000 / 0.000         0.000 / 0.000         0.000 / 0.000       ms
[60.125s][info][gc,stats    ]    Subphase: Pause Weak Roots Teardown                     0.001 / 0.001         0.001 / 0.001         0.001 / 0.001         0.001 / 0.001       ms
[60.125s][info][gc,stats    ]    Subphase: Pause Weak Roots VMWeakHandles                0.000 / 0.000         0.000 / 0.000         0.000 / 0.000         0.000 / 0.000       ms
[60.125s][info][gc,stats    ]      System: Java Threads                                     58 / 63               47 / 63               47 / 63               47 / 63          threads
[60.125s][info][gc,stats    ] =========================================================================================================================================================
[60.866s][info][gc,phases   ] GC(26) Concurrent Mark 1131.430ms
[60.869s][info][gc,phases   ] GC(26) Pause Mark End 0.226ms
[60.870s][info][gc,phases   ] GC(26) Concurrent Process Non-Strong References 1.513ms
[60.870s][info][gc,phases   ] GC(26) Concurrent Reset Relocation Set 0.027ms
[60.870s][info][gc,phases   ] GC(26) Concurrent Destroy Detached Pages 0.000ms
[60.872s][info][gc,phases   ] GC(26) Concurrent Select Relocation Set 1.507ms
[60.874s][info][gc,phases   ] GC(26) Concurrent Prepare Relocation Set 1.996ms
[60.876s][info][gc,phases   ] GC(26) Pause Relocate Start 2.260ms
[61.044s][info][gc,phases   ] GC(26) Concurrent Relocate 163.779ms
[61.044s][info][gc,load     ] GC(26) Load: 2.12/2.38/2.70
[61.044s][info][gc,mmu      ] GC(26) MMU: 2ms/0.0%, 5ms/0.0%, 10ms/0.0%, 20ms/0.0%, 50ms/24.1%, 100ms/62.1%
[61.044s][info][gc,marking  ] GC(26) Mark: 1 stripe(s), 2 proactive flush(es), 1 terminate flush(es), 0 completion(s), 0 continuation(s) 
[61.044s][info][gc,reloc    ] GC(26) Relocation: Successful, 67M relocated
[61.044s][info][gc,nmethod  ] GC(26) NMethods: 3209 registered, 0 unregistered
[61.044s][info][gc,metaspace] GC(26) Metaspace: 70M used, 74M capacity, 74M committed, 76M reserved
[61.044s][info][gc,ref      ] GC(26) Soft: 4676 encountered, 0 discovered, 0 enqueued
[61.044s][info][gc,ref      ] GC(26) Weak: 4619 encountered, 3562 discovered, 45 enqueued
[61.044s][info][gc,ref      ] GC(26) Final: 26 encountered, 0 discovered, 0 enqueued
[61.044s][info][gc,ref      ] GC(26) Phantom: 656 encountered, 652 discovered, 0 enqueued
[61.044s][info][gc,heap     ] GC(26)                Mark Start          Mark End        Relocate Start      Relocate End           High               Low         
[61.044s][info][gc,heap     ] GC(26)  Capacity:     1466M (98%)        1466M (98%)        1466M (98%)        1466M (98%)        1466M (98%)        1466M (98%)    
[61.044s][info][gc,heap     ] GC(26)   Reserve:       34M (2%)           34M (2%)           34M (2%)           34M (2%)           34M (2%)           34M (2%)     
[61.044s][info][gc,heap     ] GC(26)      Free:      866M (58%)         592M (39%)         646M (43%)         856M (57%)         866M (58%)         592M (39%)    
[61.044s][info][gc,heap     ] GC(26)      Used:      600M (40%)         874M (58%)         820M (55%)         610M (41%)         874M (58%)         600M (40%)    
[61.044s][info][gc,heap     ] GC(26)      Live:         -               263M (18%)         263M (18%)         263M (18%)            -                  -          
[61.044s][info][gc,heap     ] GC(26) Allocated:         -               274M (18%)         274M (18%)         338M (23%)            -                  -          
[61.044s][info][gc,heap     ] GC(26)   Garbage:         -               336M (22%)         282M (19%)          68M (5%)             -                  -          
[61.044s][info][gc,heap     ] GC(26) Reclaimed:         -                  -                54M (4%)          268M (18%)            -                  -          
[61.044s][info][gc          ] GC(26) Garbage Collection (Allocation Rate) 600M(40%)->610M(41%)
[61.224s][info][gc,start    ] GC(27) Garbage Collection (Allocation Rate)
[61.229s][info][gc,phases   ] GC(27) Pause Mark Start 2.803ms
[62.476s][info][gc,phases   ] GC(27) Concurrent Mark 1246.449ms
[62.478s][info][gc,phases   ] GC(27) Pause Mark End 0.271ms
[62.480s][info][gc,phases   ] GC(27) Concurrent Process Non-Strong References 1.519ms
[62.480s][info][gc,phases   ] GC(27) Concurrent Reset Relocation Set 0.041ms
[62.480s][info][gc,phases   ] GC(27) Concurrent Destroy Detached Pages 0.000ms
[62.481s][info][gc,phases   ] GC(27) Concurrent Select Relocation Set 1.503ms
[62.483s][info][gc,phases   ] GC(27) Concurrent Prepare Relocation Set 1.338ms
[62.485s][info][gc,phases   ] GC(27) Pause Relocate Start 2.467ms
[62.625s][info][gc,phases   ] GC(27) Concurrent Relocate 136.550ms
[62.625s][info][gc,load     ] GC(27) Load: 2.12/2.38/2.70
[62.625s][info][gc,mmu      ] GC(27) MMU: 2ms/0.0%, 5ms/0.0%, 10ms/0.0%, 20ms/0.0%, 50ms/24.1%, 100ms/62.1%
[62.625s][info][gc,marking  ] GC(27) Mark: 1 stripe(s), 2 proactive flush(es), 1 terminate flush(es), 0 completion(s), 0 continuation(s) 
[62.625s][info][gc,reloc    ] GC(27) Relocation: Successful, 56M relocated
[62.625s][info][gc,nmethod  ] GC(27) NMethods: 3216 registered, 0 unregistered
[62.625s][info][gc,metaspace] GC(27) Metaspace: 70M used, 74M capacity, 74M committed, 76M reserved
[62.625s][info][gc,ref      ] GC(27) Soft: 4676 encountered, 0 discovered, 0 enqueued
[62.625s][info][gc,ref      ] GC(27) Weak: 4574 encountered, 3542 discovered, 0 enqueued
[62.625s][info][gc,ref      ] GC(27) Final: 26 encountered, 0 discovered, 0 enqueued
[62.625s][info][gc,ref      ] GC(27) Phantom: 656 encountered, 652 discovered, 0 enqueued
[62.625s][info][gc,heap     ] GC(27)                Mark Start          Mark End        Relocate Start      Relocate End           High               Low         
[62.625s][info][gc,heap     ] GC(27)  Capacity:     1466M (98%)        1466M (98%)        1466M (98%)        1466M (98%)        1466M (98%)        1466M (98%)    
[62.625s][info][gc,heap     ] GC(27)   Reserve:       34M (2%)           34M (2%)           34M (2%)           34M (2%)           34M (2%)           34M (2%)     
[62.625s][info][gc,heap     ] GC(27)      Free:      798M (53%)         718M (48%)         728M (49%)        1052M (70%)        1054M (70%)         718M (48%)    
[62.625s][info][gc,heap     ] GC(27)      Used:      668M (45%)         748M (50%)         738M (49%)         414M (28%)         748M (50%)         412M (27%)    
[62.625s][info][gc,heap     ] GC(27)      Live:         -               285M (19%)         285M (19%)         285M (19%)            -                  -          
[62.625s][info][gc,heap     ] GC(27) Allocated:         -                80M (5%)           80M (5%)          110M (7%)             -                  -          
[62.625s][info][gc,heap     ] GC(27)   Garbage:         -               382M (26%)         372M (25%)          46M (3%)             -                  -          
[62.625s][info][gc,heap     ] GC(27) Reclaimed:         -                  -                10M (1%)          336M (22%)            -                  -          
[62.625s][info][gc          ] GC(27) Garbage Collection (Allocation Rate) 668M(45%)->414M(28%)
[63.124s][info][gc,start    ] GC(28) Garbage Collection (Allocation Rate)
[63.130s][info][gc,phases   ] GC(28) Pause Mark Start 2.742ms
[64.048s][info][gc,phases   ] GC(28) Concurrent Mark 918.820ms
[64.052s][info][gc,phases   ] GC(28) Pause Mark End 0.570ms
[64.058s][info][gc,phases   ] GC(28) Concurrent Process Non-Strong References 6.006ms
[64.058s][info][gc,phases   ] GC(28) Concurrent Reset Relocation Set 0.062ms
[64.058s][info][gc,phases   ] GC(28) Concurrent Destroy Detached Pages 0.001ms
[64.065s][info][gc,phases   ] GC(28) Concurrent Select Relocation Set 7.222ms
[64.073s][info][gc,phases   ] GC(28) Concurrent Prepare Relocation Set 7.183ms
[64.080s][info][gc,phases   ] GC(28) Pause Relocate Start 4.856ms
[64.312s][info][gc,phases   ] GC(28) Concurrent Relocate 232.286ms
[64.312s][info][gc,load     ] GC(28) Load: 2.03/2.36/2.69
[64.313s][info][gc,mmu      ] GC(28) MMU: 2ms/0.0%, 5ms/0.0%, 10ms/0.0%, 20ms/0.0%, 50ms/24.1%, 100ms/62.1%
[64.313s][info][gc,marking  ] GC(28) Mark: 1 stripe(s), 2 proactive flush(es), 1 terminate flush(es), 0 completion(s), 0 continuation(s) 
[64.313s][info][gc,reloc    ] GC(28) Relocation: Successful, 79M relocated
[64.313s][info][gc,nmethod  ] GC(28) NMethods: 3243 registered, 0 unregistered
[64.313s][info][gc,metaspace] GC(28) Metaspace: 70M used, 74M capacity, 74M committed, 76M reserved
[64.313s][info][gc,ref      ] GC(28) Soft: 4678 encountered, 0 discovered, 0 enqueued
[64.313s][info][gc,ref      ] GC(28) Weak: 4545 encountered, 3486 discovered, 29 enqueued
[64.313s][info][gc,ref      ] GC(28) Final: 26 encountered, 0 discovered, 0 enqueued
[64.313s][info][gc,ref      ] GC(28) Phantom: 657 encountered, 653 discovered, 1 enqueued
[64.313s][info][gc,heap     ] GC(28)                Mark Start          Mark End        Relocate Start      Relocate End           High               Low         
[64.313s][info][gc,heap     ] GC(28)  Capacity:     1466M (98%)        1466M (98%)        1466M (98%)        1466M (98%)        1466M (98%)        1466M (98%)    
[64.313s][info][gc,heap     ] GC(28)   Reserve:       34M (2%)           34M (2%)           34M (2%)           34M (2%)           34M (2%)           34M (2%)     
[64.313s][info][gc,heap     ] GC(28)      Free:      856M (57%)         570M (38%)         740M (49%)         832M (55%)         856M (57%)         568M (38%)    
[64.313s][info][gc,heap     ] GC(28)      Used:      610M (41%)         896M (60%)         726M (48%)         634M (42%)         898M (60%)         610M (41%)    
[64.313s][info][gc,heap     ] GC(28)      Live:         -               255M (17%)         255M (17%)         255M (17%)            -                  -          
[64.313s][info][gc,heap     ] GC(28) Allocated:         -               286M (19%)         288M (19%)         380M (25%)            -                  -          
[64.313s][info][gc,heap     ] GC(28)   Garbage:         -               354M (24%)         182M (12%)          72M (5%)             -                  -          
[64.313s][info][gc,heap     ] GC(28) Reclaimed:         -                  -               172M (11%)         282M (19%)            -                  -          
[64.313s][info][gc          ] GC(28) Garbage Collection (Allocation Rate) 610M(41%)->634M(42%)
[64.324s][info][gc,start    ] GC(29) Garbage Collection (Allocation Rate)
[64.329s][info][gc,phases   ] GC(29) Pause Mark Start 2.838ms
[65.454s][info][gc,phases   ] GC(29) Concurrent Mark 1125.415ms
[65.457s][info][gc,phases   ] GC(29) Pause Mark End 0.233ms
[65.459s][info][gc,phases   ] GC(29) Concurrent Process Non-Strong References 1.660ms
[65.459s][info][gc,phases   ] GC(29) Concurrent Reset Relocation Set 0.028ms
[65.459s][info][gc,phases   ] GC(29) Concurrent Destroy Detached Pages 0.001ms
[65.460s][info][gc,phases   ] GC(29) Concurrent Select Relocation Set 1.562ms
[65.462s][info][gc,phases   ] GC(29) Concurrent Prepare Relocation Set 1.947ms
[65.465s][info][gc,phases   ] GC(29) Pause Relocate Start 2.387ms
[65.641s][info][gc,phases   ] GC(29) Concurrent Relocate 172.871ms
[65.641s][info][gc,load     ] GC(29) Load: 2.03/2.36/2.69
[65.641s][info][gc,mmu      ] GC(29) MMU: 2ms/0.0%, 5ms/0.0%, 10ms/0.0%, 20ms/0.0%, 50ms/24.1%, 100ms/62.1%
[65.641s][info][gc,marking  ] GC(29) Mark: 1 stripe(s), 2 proactive flush(es), 1 terminate flush(es), 0 completion(s), 0 continuation(s) 
[65.641s][info][gc,reloc    ] GC(29) Relocation: Successful, 67M relocated
[65.641s][info][gc,nmethod  ] GC(29) NMethods: 3243 registered, 0 unregistered
[65.641s][info][gc,metaspace] GC(29) Metaspace: 70M used, 74M capacity, 74M committed, 76M reserved
[65.641s][info][gc,ref      ] GC(29) Soft: 4678 encountered, 0 discovered, 0 enqueued
[65.641s][info][gc,ref      ] GC(29) Weak: 4516 encountered, 3457 discovered, 0 enqueued
[65.641s][info][gc,ref      ] GC(29) Final: 26 encountered, 0 discovered, 0 enqueued
[65.641s][info][gc,ref      ] GC(29) Phantom: 656 encountered, 652 discovered, 0 enqueued
[65.641s][info][gc,heap     ] GC(29)                Mark Start          Mark End        Relocate Start      Relocate End           High               Low         
[65.641s][info][gc,heap     ] GC(29)  Capacity:     1466M (98%)        1466M (98%)        1466M (98%)        1466M (98%)        1466M (98%)        1466M (98%)    
[65.641s][info][gc,heap     ] GC(29)   Reserve:       34M (2%)           34M (2%)           34M (2%)           34M (2%)           34M (2%)           34M (2%)     
[65.641s][info][gc,heap     ] GC(29)      Free:      826M (55%)         564M (38%)         612M (41%)         858M (57%)         860M (57%)         564M (38%)    
[65.641s][info][gc,heap     ] GC(29)      Used:      640M (43%)         902M (60%)         854M (57%)         608M (41%)         902M (60%)         606M (40%)    
[65.641s][info][gc,heap     ] GC(29)      Live:         -               267M (18%)         267M (18%)         267M (18%)            -                  -          
[65.641s][info][gc,heap     ] GC(29) Allocated:         -               262M (17%)         262M (17%)         330M (22%)            -                  -          
[65.641s][info][gc,heap     ] GC(29)   Garbage:         -               372M (25%)         324M (22%)          74M (5%)             -                  -          
[65.641s][info][gc,heap     ] GC(29) Reclaimed:         -                  -                48M (3%)          298M (20%)            -                  -          
[65.641s][info][gc          ] GC(29) Garbage Collection (Allocation Rate) 640M(43%)->608M(41%)
[66.524s][info][gc,start    ] GC(30) Garbage Collection (Allocation Rate)
[66.530s][info][gc,phases   ] GC(30) Pause Mark Start 3.154ms
[67.283s][info][gc,phases   ] GC(30) Concurrent Mark 752.540ms
[67.285s][info][gc,phases   ] GC(30) Pause Mark End 0.230ms
[67.287s][info][gc,phases   ] GC(30) Concurrent Process Non-Strong References 1.500ms
[67.287s][info][gc,phases   ] GC(30) Concurrent Reset Relocation Set 0.047ms
[67.287s][info][gc,phases   ] GC(30) Concurrent Destroy Detached Pages 0.000ms
[67.289s][info][gc,phases   ] GC(30) Concurrent Select Relocation Set 1.603ms
[67.290s][info][gc,phases   ] GC(30) Concurrent Prepare Relocation Set 1.541ms
[67.293s][info][gc,phases   ] GC(30) Pause Relocate Start 2.462ms
[67.424s][info][gc,phases   ] GC(30) Concurrent Relocate 128.731ms
[67.424s][info][gc,load     ] GC(30) Load: 2.03/2.36/2.69
[67.424s][info][gc,mmu      ] GC(30) MMU: 2ms/0.0%, 5ms/0.0%, 10ms/0.0%, 20ms/0.0%, 50ms/24.1%, 100ms/62.1%
[67.424s][info][gc,marking  ] GC(30) Mark: 1 stripe(s), 2 proactive flush(es), 1 terminate flush(es), 0 completion(s), 0 continuation(s) 
[67.424s][info][gc,reloc    ] GC(30) Relocation: Successful, 46M relocated
[67.424s][info][gc,nmethod  ] GC(30) NMethods: 3281 registered, 0 unregistered
[67.424s][info][gc,metaspace] GC(30) Metaspace: 70M used, 74M capacity, 74M committed, 76M reserved
[67.424s][info][gc,ref      ] GC(30) Soft: 4688 encountered, 0 discovered, 0 enqueued
[67.424s][info][gc,ref      ] GC(30) Weak: 4718 encountered, 3662 discovered, 103 enqueued
[67.424s][info][gc,ref      ] GC(30) Final: 26 encountered, 0 discovered, 0 enqueued
[67.424s][info][gc,ref      ] GC(30) Phantom: 656 encountered, 652 discovered, 0 enqueued
[67.424s][info][gc,heap     ] GC(30)                Mark Start          Mark End        Relocate Start      Relocate End           High               Low         
[67.424s][info][gc,heap     ] GC(30)  Capacity:     1466M (98%)        1466M (98%)        1466M (98%)        1466M (98%)        1466M (98%)        1466M (98%)    
[67.424s][info][gc,heap     ] GC(30)   Reserve:       34M (2%)           34M (2%)           34M (2%)           34M (2%)           34M (2%)           34M (2%)     
[67.424s][info][gc,heap     ] GC(30)      Free:      684M (46%)         418M (28%)         816M (54%)         950M (63%)         954M (64%)         418M (28%)    
[67.424s][info][gc,heap     ] GC(30)      Used:      782M (52%)        1048M (70%)         650M (43%)         516M (34%)        1048M (70%)         512M (34%)    
[67.424s][info][gc,heap     ] GC(30)      Live:         -               214M (14%)         214M (14%)         214M (14%)            -                  -          
[67.424s][info][gc,heap     ] GC(30) Allocated:         -               266M (18%)         266M (18%)         324M (22%)            -                  -          
[67.424s][info][gc,heap     ] GC(30)   Garbage:         -               567M (38%)         169M (11%)          29M (2%)             -                  -          
[67.424s][info][gc,heap     ] GC(30) Reclaimed:         -                  -               398M (27%)         538M (36%)            -                  -          
[67.424s][info][gc          ] GC(30) Garbage Collection (Allocation Rate) 782M(52%)->516M(34%)
[67.424s][info][gc,start    ] GC(31) Garbage Collection (Allocation Rate)
[67.429s][info][gc,phases   ] GC(31) Pause Mark Start 2.876ms
[68.474s][info][gc,phases   ] GC(31) Concurrent Mark 1044.373ms
[68.476s][info][gc,phases   ] GC(31) Pause Mark End 0.227ms
[68.478s][info][gc,phases   ] GC(31) Concurrent Process Non-Strong References 2.023ms
[68.479s][info][gc,phases   ] GC(31) Concurrent Reset Relocation Set 0.026ms
[68.479s][info][gc,phases   ] GC(31) Concurrent Destroy Detached Pages 0.002ms
[68.481s][info][gc,phases   ] GC(31) Concurrent Select Relocation Set 2.204ms
[68.483s][info][gc,phases   ] GC(31) Concurrent Prepare Relocation Set 1.971ms
[68.486s][info][gc,phases   ] GC(31) Pause Relocate Start 2.460ms
[68.684s][info][gc,phases   ] GC(31) Concurrent Relocate 194.296ms
[68.684s][info][gc,load     ] GC(31) Load: 2.02/2.35/2.69
[68.684s][info][gc,mmu      ] GC(31) MMU: 2ms/0.0%, 5ms/0.0%, 10ms/0.0%, 20ms/0.0%, 50ms/24.1%, 100ms/62.1%
[68.684s][info][gc,marking  ] GC(31) Mark: 1 stripe(s), 2 proactive flush(es), 1 terminate flush(es), 0 completion(s), 0 continuation(s) 
[68.684s][info][gc,reloc    ] GC(31) Relocation: Successful, 76M relocated
[68.684s][info][gc,nmethod  ] GC(31) NMethods: 3282 registered, 0 unregistered
[68.684s][info][gc,metaspace] GC(31) Metaspace: 70M used, 74M capacity, 74M committed, 76M reserved
[68.684s][info][gc,ref      ] GC(31) Soft: 4688 encountered, 0 discovered, 0 enqueued
[68.684s][info][gc,ref      ] GC(31) Weak: 4615 encountered, 3558 discovered, 0 enqueued
[68.684s][info][gc,ref      ] GC(31) Final: 26 encountered, 0 discovered, 0 enqueued
[68.684s][info][gc,ref      ] GC(31) Phantom: 656 encountered, 652 discovered, 0 enqueued
[68.684s][info][gc,heap     ] GC(31)                Mark Start          Mark End        Relocate Start      Relocate End           High               Low         
[68.684s][info][gc,heap     ] GC(31)  Capacity:     1466M (98%)        1466M (98%)        1466M (98%)        1466M (98%)        1466M (98%)        1466M (98%)    
[68.684s][info][gc,heap     ] GC(31)   Reserve:       34M (2%)           34M (2%)           34M (2%)           34M (2%)           34M (2%)           34M (2%)     
[68.684s][info][gc,heap     ] GC(31)      Free:      950M (63%)         682M (45%)         698M (47%)         864M (58%)         950M (63%)         682M (45%)    
[68.684s][info][gc,heap     ] GC(31)      Used:      516M (34%)         784M (52%)         768M (51%)         602M (40%)         784M (52%)         516M (34%)    
[68.684s][info][gc,heap     ] GC(31)      Live:         -               256M (17%)         256M (17%)         256M (17%)            -                  -          
[68.684s][info][gc,heap     ] GC(31) Allocated:         -               268M (18%)         268M (18%)         340M (23%)            -                  -          
[68.684s][info][gc,heap     ] GC(31)   Garbage:         -               259M (17%)         243M (16%)          65M (4%)             -                  -          
[68.684s][info][gc,heap     ] GC(31) Reclaimed:         -                  -                16M (1%)          194M (13%)            -                  -          
[68.684s][info][gc          ] GC(31) Garbage Collection (Allocation Rate) 516M(34%)->602M(40%)
[68.825s][info][gc,start    ] GC(32) Garbage Collection (Allocation Rate)
[68.830s][info][gc,phases   ] GC(32) Pause Mark Start 2.776ms
[70.124s][info][gc,stats    ] === Garbage Collection Statistics =======================================================================================================================
[70.124s][info][gc,stats    ]                                                              Last 10s              Last 10m              Last 10h                Total
[70.125s][info][gc,stats    ]                                                              Avg / Max             Avg / Max             Avg / Max             Avg / Max
[70.125s][info][gc,stats    ]   Collector: Garbage Collection Cycle                   1229.929 / 1400.973    797.942 / 3103.183    797.942 / 3103.183    797.942 / 3103.183    ms
[70.125s][info][gc,stats    ]  Contention: Mark Segment Reset Contention                     0 / 0                 0 / 0                 0 / 0                 0 / 0           ops/s
[70.125s][info][gc,stats    ]  Contention: Mark SeqNum Reset Contention                      0 / 0                 0 / 0                 0 / 0                 0 / 0           ops/s
[70.125s][info][gc,stats    ]  Contention: Relocation Contention                             0 / 2                 0 / 2                 0 / 2                 0 / 2           ops/s
[70.125s][info][gc,stats    ]    Critical: Allocation Stall                              0.000 / 0.000         0.000 / 0.000         0.000 / 0.000         0.000 / 0.000       ms
[70.125s][info][gc,stats    ]    Critical: Allocation Stall                                  0 / 0                 0 / 0                 0 / 0                 0 / 0           ops/s
[70.125s][info][gc,stats    ]    Critical: GC Locker Stall                               0.000 / 0.000         0.007 / 0.013         0.007 / 0.013         0.007 / 0.013       ms
[70.125s][info][gc,stats    ]    Critical: GC Locker Stall                                   0 / 0                 0 / 1                 0 / 1                 0 / 1           ops/s
[70.125s][info][gc,stats    ]      Memory: Allocation Rate                                 218 / 336             206 / 1250            206 / 1250            206 / 1250        MB/s
[70.125s][info][gc,stats    ]      Memory: Heap Used After Mark                            875 / 1048            753 / 1390            753 / 1390            753 / 1390        MB
[70.125s][info][gc,stats    ]      Memory: Heap Used After Relocation                      564 / 634             344 / 854             344 / 854             344 / 854         MB
[70.125s][info][gc,stats    ]      Memory: Heap Used Before Mark                           649 / 782             615 / 1222            615 / 1222            615 / 1222        MB
[70.125s][info][gc,stats    ]      Memory: Heap Used Before Relocation                     759 / 854             471 / 1280            471 / 1280            471 / 1280        MB
[70.125s][info][gc,stats    ]      Memory: Out Of Memory                                     0 / 0                 0 / 0                 0 / 0                 0 / 0           ops/s
[70.125s][info][gc,stats    ]      Memory: Page Cache Flush                                  0 / 0                 0 / 0                 0 / 0                 0 / 0           MB/s
[70.125s][info][gc,stats    ]      Memory: Page Cache Hit L1                               104 / 141              92 / 628              92 / 628              92 / 628         ops/s
[70.125s][info][gc,stats    ]      Memory: Page Cache Hit L2                                 0 / 0                 0 / 0                 0 / 0                 0 / 0           ops/s
[70.125s][info][gc,stats    ]      Memory: Page Cache Miss                                   0 / 0                 9 / 116               9 / 116               9 / 116         ops/s
[70.125s][info][gc,stats    ]      Memory: Undo Object Allocation Failed                     0 / 0                 0 / 0                 0 / 0                 0 / 0           ops/s
[70.125s][info][gc,stats    ]      Memory: Undo Object Allocation Succeeded                  0 / 2                 0 / 2                 0 / 2                 0 / 2           ops/s
[70.125s][info][gc,stats    ]      Memory: Undo Page Allocation                              0 / 0                 0 / 0                 0 / 0                 0 / 0           ops/s
[70.125s][info][gc,stats    ]       Phase: Concurrent Destroy Detached Pages             0.001 / 0.002         0.001 / 0.002         0.001 / 0.002         0.001 / 0.002       ms
[70.125s][info][gc,stats    ]       Phase: Concurrent Mark                            1036.505 / 1246.449    670.415 / 3088.489    670.415 / 3088.489    670.415 / 3088.489    ms
[70.125s][info][gc,stats    ]       Phase: Concurrent Mark Continue                      0.000 / 0.000         0.000 / 0.000         0.000 / 0.000         0.000 / 0.000       ms
[70.125s][info][gc,stats    ]       Phase: Concurrent Prepare Relocation Set             2.663 / 7.183         3.580 / 67.620        3.580 / 67.620        3.580 / 67.620      ms
[70.125s][info][gc,stats    ]       Phase: Concurrent Process Non-Strong References      2.370 / 6.006         2.216 / 6.268         2.216 / 6.268         2.216 / 6.268       ms
[70.125s][info][gc,stats    ]       Phase: Concurrent Relocate                         171.419 / 232.286     104.917 / 704.555     104.917 / 704.555     104.917 / 704.555     ms
[70.125s][info][gc,stats    ]       Phase: Concurrent Reset Relocation Set               0.038 / 0.062         0.024 / 0.107         0.024 / 0.107         0.024 / 0.107       ms
[70.125s][info][gc,stats    ]       Phase: Concurrent Select Relocation Set              2.600 / 7.222         2.317 / 9.873         2.317 / 9.873         2.317 / 9.873       ms
[70.125s][info][gc,stats    ]       Phase: Pause Mark End                                0.293 / 0.570         0.246 / 0.570         0.246 / 0.570         0.246 / 0.570       ms
[70.125s][info][gc,stats    ]       Phase: Pause Mark Start                              2.865 / 3.154         3.590 / 37.948        3.590 / 37.948        3.590 / 37.948      ms
[70.125s][info][gc,stats    ]       Phase: Pause Relocate Start                          2.816 / 4.856         2.590 / 8.565         2.590 / 8.565         2.590 / 8.565       ms
[70.125s][info][gc,stats    ]    Subphase: Concurrent Mark                            1036.010 / 1246.420    669.789 / 3088.467    669.789 / 3088.467    669.789 / 3088.467    ms
[70.125s][info][gc,stats    ]    Subphase: Concurrent Mark Idle                          0.000 / 0.000         0.000 / 0.000         0.000 / 0.000         0.000 / 0.000       ms
[70.125s][info][gc,stats    ]    Subphase: Concurrent Mark Try Flush                     1.137 / 3.080         1.529 / 8.602         1.529 / 8.602         1.529 / 8.602       ms
[70.125s][info][gc,stats    ]    Subphase: Concurrent Mark Try Terminate                 0.494 / 1.023         0.542 / 3.917         0.542 / 3.917         0.542 / 3.917       ms
[70.125s][info][gc,stats    ]    Subphase: Concurrent References Enqueue                 0.002 / 0.007         0.002 / 0.008         0.002 / 0.008         0.002 / 0.008       ms
[70.125s][info][gc,stats    ]    Subphase: Concurrent References Process                 0.866 / 1.507         0.894 / 3.300         0.894 / 3.300         0.894 / 3.300       ms
[70.125s][info][gc,stats    ]    Subphase: Concurrent Weak Roots                         1.483 / 4.441         0.989 / 4.441         0.989 / 4.441         0.989 / 4.441       ms
[70.125s][info][gc,stats    ]    Subphase: Concurrent Weak Roots JNIWeakHandles          0.000 / 0.001         0.000 / 0.001         0.000 / 0.001         0.000 / 0.001       ms
[70.125s][info][gc,stats    ]    Subphase: Concurrent Weak Roots StringTable             1.245 / 3.945         0.774 / 3.945         0.774 / 3.945         0.774 / 3.945       ms
[70.125s][info][gc,stats    ]    Subphase: Concurrent Weak Roots VMWeakHandles           0.236 / 0.490         0.214 / 0.576         0.214 / 0.576         0.214 / 0.576       ms
[70.125s][info][gc,stats    ]    Subphase: Pause Mark Try Complete                       0.000 / 0.000         0.000 / 0.000         0.000 / 0.000         0.000 / 0.000       ms
[70.125s][info][gc,stats    ]    Subphase: Pause Remap TLABS                             0.002 / 0.003         0.001 / 0.003         0.001 / 0.003         0.001 / 0.003       ms
[70.125s][info][gc,stats    ]    Subphase: Pause Retire TLABS                            0.015 / 0.025         0.013 / 0.036         0.013 / 0.036         0.013 / 0.036       ms
[70.125s][info][gc,stats    ]    Subphase: Pause Roots                                   1.749 / 4.381         1.913 / 35.245        1.913 / 35.245        1.913 / 35.245      ms
[70.125s][info][gc,stats    ]    Subphase: Pause Roots ClassLoaderDataGraph              0.747 / 1.450         0.692 / 1.644         0.692 / 1.644         0.692 / 1.644       ms
[70.125s][info][gc,stats    ]    Subphase: Pause Roots CodeCache                         1.443 / 2.341         1.225 / 6.618         1.225 / 6.618         1.225 / 6.618       ms
[70.125s][info][gc,stats    ]    Subphase: Pause Roots JNIHandles                        0.001 / 0.002         0.002 / 0.052         0.002 / 0.052         0.002 / 0.052       ms
[70.125s][info][gc,stats    ]    Subphase: Pause Roots JNIWeakHandles                    0.000 / 0.000         0.000 / 0.000         0.000 / 0.000         0.000 / 0.000       ms
[70.125s][info][gc,stats    ]    Subphase: Pause Roots JRFWeak                           0.000 / 0.000         0.000 / 0.000         0.000 / 0.000         0.000 / 0.000       ms
[70.125s][info][gc,stats    ]    Subphase: Pause Roots JVMTIExport                       0.001 / 0.002         0.001 / 0.002         0.001 / 0.002         0.001 / 0.002       ms
[70.125s][info][gc,stats    ]    Subphase: Pause Roots JVMTIWeakExport                   0.001 / 0.001         0.001 / 0.001         0.001 / 0.001         0.001 / 0.001       ms
[70.125s][info][gc,stats    ]    Subphase: Pause Roots Management                        0.001 / 0.002         0.001 / 0.005         0.001 / 0.005         0.001 / 0.005       ms
[70.125s][info][gc,stats    ]    Subphase: Pause Roots ObjectSynchronizer                0.000 / 0.001         0.000 / 0.001         0.000 / 0.001         0.000 / 0.001       ms
[70.125s][info][gc,stats    ]    Subphase: Pause Roots Setup                             0.201 / 0.417         0.166 / 0.417         0.166 / 0.417         0.166 / 0.417       ms
[70.125s][info][gc,stats    ]    Subphase: Pause Roots StringTable                       0.000 / 0.000         0.000 / 0.000         0.000 / 0.000         0.000 / 0.000       ms
[70.125s][info][gc,stats    ]    Subphase: Pause Roots SystemDictionary                  0.013 / 0.019         0.014 / 0.056         0.014 / 0.056         0.014 / 0.056       ms
[70.125s][info][gc,stats    ]    Subphase: Pause Roots Teardown                          0.001 / 0.003         0.001 / 0.008         0.001 / 0.008         0.001 / 0.008       ms
[70.125s][info][gc,stats    ]    Subphase: Pause Roots Threads                           0.273 / 0.554         0.607 / 33.380        0.607 / 33.380        0.607 / 33.380      ms
[70.125s][info][gc,stats    ]    Subphase: Pause Roots Universe                          0.002 / 0.003         0.009 / 0.396         0.009 / 0.396         0.009 / 0.396       ms
[70.125s][info][gc,stats    ]    Subphase: Pause Roots VMWeakHandles                     0.000 / 0.000         0.000 / 0.000         0.000 / 0.000         0.000 / 0.000       ms
[70.125s][info][gc,stats    ]    Subphase: Pause Weak Roots                              0.002 / 0.003         0.002 / 0.008         0.002 / 0.008         0.002 / 0.008       ms
[70.125s][info][gc,stats    ]    Subphase: Pause Weak Roots JFRWeak                      0.001 / 0.001         0.001 / 0.001         0.001 / 0.001         0.001 / 0.001       ms
[70.125s][info][gc,stats    ]    Subphase: Pause Weak Roots JNIWeakHandles               0.000 / 0.000         0.000 / 0.000         0.000 / 0.000         0.000 / 0.000       ms
[70.125s][info][gc,stats    ]    Subphase: Pause Weak Roots JVMTIWeakExport              0.001 / 0.001         0.001 / 0.007         0.001 / 0.007         0.001 / 0.007       ms
[70.125s][info][gc,stats    ]    Subphase: Pause Weak Roots Setup                        0.000 / 0.000         0.000 / 0.000         0.000 / 0.000         0.000 / 0.000       ms
[70.125s][info][gc,stats    ]    Subphase: Pause Weak Roots StringTable                  0.000 / 0.000         0.000 / 0.000         0.000 / 0.000         0.000 / 0.000       ms
[70.125s][info][gc,stats    ]    Subphase: Pause Weak Roots SymbolTable                  0.000 / 0.000         0.000 / 0.000         0.000 / 0.000         0.000 / 0.000       ms
[70.125s][info][gc,stats    ]    Subphase: Pause Weak Roots Teardown                     0.001 / 0.001         0.001 / 0.001         0.001 / 0.001         0.001 / 0.001       ms
[70.125s][info][gc,stats    ]    Subphase: Pause Weak Roots VMWeakHandles                0.000 / 0.000         0.000 / 0.000         0.000 / 0.000         0.000 / 0.000       ms
[70.125s][info][gc,stats    ]      System: Java Threads                                     63 / 63               50 / 63               50 / 63               50 / 63          threads
[70.125s][info][gc,stats    ] =========================================================================================================================================================
[70.237s][info][gc,phases   ] GC(32) Concurrent Mark 1406.864ms
[70.239s][info][gc,phases   ] GC(32) Pause Mark End 0.247ms
[70.241s][info][gc,phases   ] GC(32) Concurrent Process Non-Strong References 1.612ms
[70.241s][info][gc,phases   ] GC(32) Concurrent Reset Relocation Set 0.034ms
[70.241s][info][gc,phases   ] GC(32) Concurrent Destroy Detached Pages 0.001ms
[70.242s][info][gc,phases   ] GC(32) Concurrent Select Relocation Set 1.517ms
[70.244s][info][gc,phases   ] GC(32) Concurrent Prepare Relocation Set 1.521ms
[70.246s][info][gc,phases   ] GC(32) Pause Relocate Start 2.382ms
[70.376s][info][gc,phases   ] GC(32) Concurrent Relocate 129.012ms
[70.377s][info][gc,load     ] GC(32) Load: 2.02/2.35/2.69
[70.377s][info][gc,mmu      ] GC(32) MMU: 2ms/0.0%, 5ms/0.0%, 10ms/0.0%, 20ms/0.0%, 50ms/24.1%, 100ms/62.1%
[70.377s][info][gc,marking  ] GC(32) Mark: 1 stripe(s), 2 proactive flush(es), 1 terminate flush(es), 0 completion(s), 0 continuation(s) 
[70.377s][info][gc,reloc    ] GC(32) Relocation: Successful, 60M relocated
[70.377s][info][gc,nmethod  ] GC(32) NMethods: 3295 registered, 0 unregistered
[70.377s][info][gc,metaspace] GC(32) Metaspace: 70M used, 74M capacity, 74M committed, 76M reserved
[70.377s][info][gc,ref      ] GC(32) Soft: 4688 encountered, 0 discovered, 0 enqueued
[70.377s][info][gc,ref      ] GC(32) Weak: 4615 encountered, 3580 discovered, 0 enqueued
[70.377s][info][gc,ref      ] GC(32) Final: 26 encountered, 0 discovered, 0 enqueued
[70.377s][info][gc,ref      ] GC(32) Phantom: 656 encountered, 652 discovered, 0 enqueued
[70.377s][info][gc,heap     ] GC(32)                Mark Start          Mark End        Relocate Start      Relocate End           High               Low         
[70.377s][info][gc,heap     ] GC(32)  Capacity:     1466M (98%)        1466M (98%)        1466M (98%)        1466M (98%)        1466M (98%)        1466M (98%)    
[70.377s][info][gc,heap     ] GC(32)   Reserve:       34M (2%)           34M (2%)           34M (2%)           34M (2%)           34M (2%)           34M (2%)     
[70.377s][info][gc,heap     ] GC(32)      Free:      784M (52%)         672M (45%)         678M (45%)        1014M (68%)        1014M (68%)         672M (45%)    
[70.377s][info][gc,heap     ] GC(32)      Used:      682M (45%)         794M (53%)         788M (53%)         452M (30%)         794M (53%)         452M (30%)    
[70.377s][info][gc,heap     ] GC(32)      Live:         -               294M (20%)         294M (20%)         294M (20%)            -                  -          
[70.377s][info][gc,heap     ] GC(32) Allocated:         -               112M (7%)          112M (7%)          132M (9%)             -                  -          
[70.377s][info][gc,heap     ] GC(32)   Garbage:         -               387M (26%)         381M (25%)          45M (3%)             -                  -          
[70.377s][info][gc,heap     ] GC(32) Reclaimed:         -                  -                 6M (0%)          342M (23%)            -                  -          
[70.377s][info][gc          ] GC(32) Garbage Collection (Allocation Rate) 682M(45%)->452M(30%)
[71.324s][info][gc,start    ] GC(33) Garbage Collection (Allocation Rate)
[71.331s][info][gc,phases   ] GC(33) Pause Mark Start 3.952ms
[72.375s][info][gc,phases   ] GC(33) Concurrent Mark 1043.898ms
[72.380s][info][gc,phases   ] GC(33) Pause Mark End 0.289ms
[72.385s][info][gc,phases   ] GC(33) Concurrent Process Non-Strong References 4.816ms
[72.386s][info][gc,phases   ] GC(33) Concurrent Reset Relocation Set 0.046ms
[72.386s][info][gc,phases   ] GC(33) Concurrent Destroy Detached Pages 0.001ms
[72.388s][info][gc,phases   ] GC(33) Concurrent Select Relocation Set 2.031ms
[72.389s][info][gc,phases   ] GC(33) Concurrent Prepare Relocation Set 0.755ms
[72.406s][info][gc,phases   ] GC(33) Pause Relocate Start 2.425ms
[72.567s][info][gc,phases   ] GC(33) Concurrent Relocate 161.548ms
[72.567s][info][gc,load     ] GC(33) Load: 2.02/2.35/2.69
[72.567s][info][gc,mmu      ] GC(33) MMU: 2ms/0.0%, 5ms/0.0%, 10ms/0.0%, 20ms/0.0%, 50ms/24.1%, 100ms/62.1%
[72.567s][info][gc,marking  ] GC(33) Mark: 1 stripe(s), 2 proactive flush(es), 1 terminate flush(es), 0 completion(s), 0 continuation(s) 
[72.567s][info][gc,reloc    ] GC(33) Relocation: Successful, 34M relocated
[72.568s][info][gc,nmethod  ] GC(33) NMethods: 3404 registered, 0 unregistered
[72.568s][info][gc,metaspace] GC(33) Metaspace: 71M used, 74M capacity, 74M committed, 76M reserved
[72.568s][info][gc,ref      ] GC(33) Soft: 4699 encountered, 0 discovered, 0 enqueued
[72.568s][info][gc,ref      ] GC(33) Weak: 4805 encountered, 3689 discovered, 13 enqueued
[72.568s][info][gc,ref      ] GC(33) Final: 26 encountered, 0 discovered, 0 enqueued
[72.568s][info][gc,ref      ] GC(33) Phantom: 661 encountered, 466 discovered, 5 enqueued
[72.568s][info][gc,heap     ] GC(33)                Mark Start          Mark End        Relocate Start      Relocate End           High               Low         
[72.568s][info][gc,heap     ] GC(33)  Capacity:     1466M (98%)        1476M (98%)        1476M (98%)        1476M (98%)        1476M (98%)        1466M (98%)    
[72.568s][info][gc,heap     ] GC(33)   Reserve:       34M (2%)           34M (2%)           34M (2%)           34M (2%)           34M (2%)           34M (2%)     
[72.568s][info][gc,heap     ] GC(33)      Free:      846M (56%)         668M (45%)         962M (64%)        1038M (69%)        1038M (69%)         666M (44%)    
[72.568s][info][gc,heap     ] GC(33)      Used:      620M (41%)         798M (53%)         504M (34%)         428M (29%)         800M (53%)         428M (29%)    
[72.568s][info][gc,heap     ] GC(33)      Live:         -               204M (14%)         204M (14%)         204M (14%)            -                  -          
[72.568s][info][gc,heap     ] GC(33) Allocated:         -               178M (12%)         182M (12%)         202M (13%)            -                  -          
[72.568s][info][gc,heap     ] GC(33)   Garbage:         -               415M (28%)         117M (8%)           33M (2%)             -                  -          
[72.568s][info][gc,heap     ] GC(33) Reclaimed:         -                  -               298M (20%)         382M (25%)            -                  -          
[72.568s][info][gc          ] GC(33) Garbage Collection (Allocation Rate) 620M(41%)->428M(29%)
[73.324s][info][gc,start    ] GC(34) Garbage Collection (Allocation Rate)
[73.331s][info][gc,phases   ] GC(34) Pause Mark Start 4.287ms
[74.295s][info][gc,phases   ] GC(34) Concurrent Mark 963.614ms
[74.296s][info][gc,phases   ] GC(34) Pause Mark End 0.650ms
[74.299s][info][gc,phases   ] GC(34) Concurrent Process Non-Strong References 2.090ms
[74.300s][info][gc,phases   ] GC(34) Concurrent Reset Relocation Set 0.017ms
[74.301s][info][gc,phases   ] GC(34) Concurrent Destroy Detached Pages 0.001ms
[74.305s][info][gc,phases   ] GC(34) Concurrent Select Relocation Set 4.430ms
[74.306s][info][gc,phases   ] GC(34) Concurrent Prepare Relocation Set 0.895ms
[74.314s][info][gc,phases   ] GC(34) Pause Relocate Start 3.091ms
[74.486s][info][gc,phases   ] GC(34) Concurrent Relocate 171.959ms
[74.486s][info][gc,load     ] GC(34) Load: 2.10/2.36/2.69
[74.486s][info][gc,mmu      ] GC(34) MMU: 2ms/0.0%, 5ms/0.0%, 10ms/0.0%, 20ms/0.0%, 50ms/24.1%, 100ms/62.1%
[74.486s][info][gc,marking  ] GC(34) Mark: 1 stripe(s), 5 proactive flush(es), 1 terminate flush(es), 0 completion(s), 0 continuation(s) 
[74.486s][info][gc,reloc    ] GC(34) Relocation: Successful, 35M relocated
[74.486s][info][gc,nmethod  ] GC(34) NMethods: 3559 registered, 0 unregistered
[74.486s][info][gc,metaspace] GC(34) Metaspace: 71M used, 75M capacity, 75M committed, 76M reserved
[74.486s][info][gc,ref      ] GC(34) Soft: 4811 encountered, 0 discovered, 0 enqueued
[74.486s][info][gc,ref      ] GC(34) Weak: 5032 encountered, 4039 discovered, 267 enqueued
[74.486s][info][gc,ref      ] GC(34) Final: 26 encountered, 0 discovered, 0 enqueued
[74.486s][info][gc,ref      ] GC(34) Phantom: 699 encountered, 695 discovered, 42 enqueued
[74.486s][info][gc,heap     ] GC(34)                Mark Start          Mark End        Relocate Start      Relocate End           High               Low         
[74.486s][info][gc,heap     ] GC(34)  Capacity:     1482M (99%)        1488M (99%)        1488M (99%)        1488M (99%)        1488M (99%)        1482M (99%)    
[74.486s][info][gc,heap     ] GC(34)   Reserve:       34M (2%)           34M (2%)           34M (2%)           34M (2%)           34M (2%)           34M (2%)     
[74.486s][info][gc,heap     ] GC(34)      Free:      852M (57%)         666M (44%)         956M (64%)        1008M (67%)        1008M (67%)         666M (44%)    
[74.486s][info][gc,heap     ] GC(34)      Used:      614M (41%)         800M (53%)         510M (34%)         458M (31%)         800M (53%)         458M (31%)    
[74.486s][info][gc,heap     ] GC(34)      Live:         -               209M (14%)         209M (14%)         209M (14%)            -                  -          
[74.486s][info][gc,heap     ] GC(34) Allocated:         -               186M (12%)         188M (13%)         226M (15%)            -                  -          
[74.486s][info][gc,heap     ] GC(34)   Garbage:         -               404M (27%)         112M (8%)           38M (3%)             -                  -          
[74.486s][info][gc,heap     ] GC(34) Reclaimed:         -                  -               292M (19%)         366M (24%)            -                  -          
[74.486s][info][gc          ] GC(34) Garbage Collection (Allocation Rate) 614M(41%)->458M(31%)
[78.224s][info][gc,start    ] GC(35) Garbage Collection (Allocation Rate)
[78.230s][info][gc,phases   ] GC(35) Pause Mark Start 3.014ms
[79.443s][info][gc,phases   ] GC(35) Concurrent Mark 1212.377ms
[79.446s][info][gc,phases   ] GC(35) Pause Mark End 0.329ms
[79.447s][info][gc,phases   ] GC(35) Concurrent Process Non-Strong References 1.767ms
[79.449s][info][gc,phases   ] GC(35) Concurrent Reset Relocation Set 0.015ms
[79.449s][info][gc,phases   ] GC(35) Concurrent Destroy Detached Pages 0.001ms
[79.450s][info][gc,phases   ] GC(35) Concurrent Select Relocation Set 1.602ms
[79.451s][info][gc,phases   ] GC(35) Concurrent Prepare Relocation Set 0.909ms
[79.461s][info][gc,phases   ] GC(35) Pause Relocate Start 2.649ms
[79.613s][info][gc,phases   ] GC(35) Concurrent Relocate 151.808ms
[79.613s][info][gc,load     ] GC(35) Load: 2.09/2.35/2.69
[79.613s][info][gc,mmu      ] GC(35) MMU: 2ms/0.0%, 5ms/0.0%, 10ms/0.0%, 20ms/0.0%, 50ms/24.1%, 100ms/62.1%
[79.613s][info][gc,marking  ] GC(35) Mark: 1 stripe(s), 2 proactive flush(es), 1 terminate flush(es), 0 completion(s), 0 continuation(s) 
[79.613s][info][gc,reloc    ] GC(35) Relocation: Successful, 36M relocated
[79.613s][info][gc,nmethod  ] GC(35) NMethods: 3707 registered, 0 unregistered
[79.613s][info][gc,metaspace] GC(35) Metaspace: 71M used, 75M capacity, 75M committed, 76M reserved
[79.613s][info][gc,ref      ] GC(35) Soft: 4839 encountered, 0 discovered, 0 enqueued
[79.613s][info][gc,ref      ] GC(35) Weak: 4867 encountered, 3871 discovered, 130 enqueued
[79.613s][info][gc,ref      ] GC(35) Final: 26 encountered, 0 discovered, 0 enqueued
[79.613s][info][gc,ref      ] GC(35) Phantom: 675 encountered, 480 discovered, 16 enqueued
[79.613s][info][gc,heap     ] GC(35)                Mark Start          Mark End        Relocate Start      Relocate End           High               Low         
[79.613s][info][gc,heap     ] GC(35)  Capacity:     1488M (99%)        1488M (99%)        1488M (99%)        1488M (99%)        1488M (99%)        1488M (99%)    
[79.613s][info][gc,heap     ] GC(35)   Reserve:       34M (2%)           34M (2%)           34M (2%)           34M (2%)           34M (2%)           34M (2%)     
[79.613s][info][gc,heap     ] GC(35)      Free:      534M (36%)         358M (24%)         950M (63%)        1028M (69%)        1028M (69%)         358M (24%)    
[79.613s][info][gc,heap     ] GC(35)      Used:      932M (62%)        1108M (74%)         516M (34%)         438M (29%)        1108M (74%)         438M (29%)    
[79.613s][info][gc,heap     ] GC(35)      Live:         -               210M (14%)         210M (14%)         210M (14%)            -                  -          
[79.613s][info][gc,heap     ] GC(35) Allocated:         -               176M (12%)         176M (12%)         208M (14%)            -                  -          
[79.613s][info][gc,heap     ] GC(35)   Garbage:         -               721M (48%)         129M (9%)           35M (2%)             -                  -          
[79.613s][info][gc,heap     ] GC(35) Reclaimed:         -                  -               592M (39%)         686M (46%)            -                  -          
[79.613s][info][gc          ] GC(35) Garbage Collection (Allocation Rate) 932M(62%)->438M(29%)
[80.125s][info][gc,stats    ] === Garbage Collection Statistics =======================================================================================================================
[80.125s][info][gc,stats    ]                                                              Last 10s              Last 10m              Last 10h                Total
[80.125s][info][gc,stats    ]                                                              Avg / Max             Avg / Max             Avg / Max             Avg / Max
[80.125s][info][gc,stats    ]   Collector: Garbage Collection Cycle                   1336.508 / 1551.782    857.783 / 3103.183    857.783 / 3103.183    857.783 / 3103.183    ms
[80.125s][info][gc,stats    ]  Contention: Mark Segment Reset Contention                     0 / 0                 0 / 0                 0 / 0                 0 / 0           ops/s
[80.125s][info][gc,stats    ]  Contention: Mark SeqNum Reset Contention                      0 / 0                 0 / 0                 0 / 0                 0 / 0           ops/s
[80.125s][info][gc,stats    ]  Contention: Relocation Contention                             0 / 1                 0 / 2                 0 / 2                 0 / 2           ops/s
[80.125s][info][gc,stats    ]    Critical: Allocation Stall                              0.000 / 0.000         0.000 / 0.000         0.000 / 0.000         0.000 / 0.000       ms
[80.125s][info][gc,stats    ]    Critical: Allocation Stall                                  0 / 0                 0 / 0                 0 / 0                 0 / 0           ops/s
[80.125s][info][gc,stats    ]    Critical: GC Locker Stall                               0.001 / 0.001         0.005 / 0.013         0.005 / 0.013         0.005 / 0.013       ms
[80.125s][info][gc,stats    ]    Critical: GC Locker Stall                                   0 / 1                 0 / 1                 0 / 1                 0 / 1           ops/s
[80.125s][info][gc,stats    ]      Memory: Allocation Rate                                 152 / 210             200 / 1250            200 / 1250            200 / 1250        MB/s
[80.125s][info][gc,stats    ]      Memory: Heap Used After Mark                            875 / 1108            766 / 1390            766 / 1390            766 / 1390        MB
[80.125s][info][gc,stats    ]      Memory: Heap Used After Relocation                      444 / 458             355 / 854             355 / 854             355 / 854         MB
[80.125s][info][gc,stats    ]      Memory: Heap Used Before Mark                           722 / 932             624 / 1222            624 / 1222            624 / 1222        MB
[80.125s][info][gc,stats    ]      Memory: Heap Used Before Relocation                     579 / 788             483 / 1280            483 / 1280            483 / 1280        MB
[80.125s][info][gc,stats    ]      Memory: Out Of Memory                                     0 / 0                 0 / 0                 0 / 0                 0 / 0           ops/s
[80.125s][info][gc,stats    ]      Memory: Page Cache Flush                                  0 / 0                 0 / 0                 0 / 0                 0 / 0           MB/s
[80.125s][info][gc,stats    ]      Memory: Page Cache Hit L1                                67 / 83               89 / 628              89 / 628              89 / 628         ops/s
[80.125s][info][gc,stats    ]      Memory: Page Cache Hit L2                                 0 / 0                 0 / 0                 0 / 0                 0 / 0           ops/s
[80.125s][info][gc,stats    ]      Memory: Page Cache Miss                                   0 / 2                 8 / 116               8 / 116               8 / 116         ops/s
[80.125s][info][gc,stats    ]      Memory: Undo Object Allocation Failed                     0 / 0                 0 / 0                 0 / 0                 0 / 0           ops/s
[80.125s][info][gc,stats    ]      Memory: Undo Object Allocation Succeeded                  0 / 1                 0 / 2                 0 / 2                 0 / 2           ops/s
[80.125s][info][gc,stats    ]      Memory: Undo Page Allocation                              0 / 0                 0 / 0                 0 / 0                 0 / 0           ops/s
[80.125s][info][gc,stats    ]       Phase: Concurrent Destroy Detached Pages             0.001 / 0.001         0.001 / 0.002         0.001 / 0.002         0.001 / 0.002       ms
[80.125s][info][gc,stats    ]       Phase: Concurrent Mark                            1156.688 / 1406.864    724.445 / 3088.489    724.445 / 3088.489    724.445 / 3088.489    ms
[80.125s][info][gc,stats    ]       Phase: Concurrent Mark Continue                      0.000 / 0.000         0.000 / 0.000         0.000 / 0.000         0.000 / 0.000       ms
[80.125s][info][gc,stats    ]       Phase: Concurrent Prepare Relocation Set             1.020 / 1.521         3.296 / 67.620        3.296 / 67.620        3.296 / 67.620      ms
[80.125s][info][gc,stats    ]       Phase: Concurrent Process Non-Strong References      2.571 / 4.816         2.256 / 6.268         2.256 / 6.268         2.256 / 6.268       ms
[80.125s][info][gc,stats    ]       Phase: Concurrent Relocate                         153.582 / 171.959     110.324 / 704.555     110.324 / 704.555     110.324 / 704.555     ms
[80.125s][info][gc,stats    ]       Phase: Concurrent Reset Relocation Set               0.028 / 0.046         0.025 / 0.107         0.025 / 0.107         0.025 / 0.107       ms
[80.125s][info][gc,stats    ]       Phase: Concurrent Select Relocation Set              2.395 / 4.430         2.326 / 9.873         2.326 / 9.873         2.326 / 9.873       ms
[80.125s][info][gc,stats    ]       Phase: Pause Mark End                                0.379 / 0.650         0.261 / 0.650         0.261 / 0.650         0.261 / 0.650       ms
[80.125s][info][gc,stats    ]       Phase: Pause Mark Start                              3.751 / 4.287         3.604 / 37.948        3.604 / 37.948        3.604 / 37.948      ms
[80.125s][info][gc,stats    ]       Phase: Pause Relocate Start                          2.637 / 3.091         2.595 / 8.565         2.595 / 8.565         2.595 / 8.565       ms
[80.125s][info][gc,stats    ]    Subphase: Concurrent Mark                            1152.954 / 1406.835    723.474 / 3088.467    723.474 / 3088.467    723.474 / 3088.467    ms
[80.125s][info][gc,stats    ]    Subphase: Concurrent Mark Idle                          0.000 / 0.000         0.000 / 0.000         0.000 / 0.000         0.000 / 0.000       ms
[80.125s][info][gc,stats    ]    Subphase: Concurrent Mark Try Flush                     1.540 / 5.796         1.531 / 8.602         1.531 / 8.602         1.531 / 8.602       ms
[80.125s][info][gc,stats    ]    Subphase: Concurrent Mark Try Terminate                 0.609 / 1.955         0.549 / 3.917         0.549 / 3.917         0.549 / 3.917       ms
[80.125s][info][gc,stats    ]    Subphase: Concurrent References Enqueue                 0.003 / 0.005         0.002 / 0.008         0.002 / 0.008         0.002 / 0.008       ms
[80.125s][info][gc,stats    ]    Subphase: Concurrent References Process                 1.661 / 4.050         0.980 / 4.050         0.980 / 4.050         0.980 / 4.050       ms
[80.125s][info][gc,stats    ]    Subphase: Concurrent Weak Roots                         0.894 / 1.120         0.979 / 4.441         0.979 / 4.441         0.979 / 4.441       ms
[80.125s][info][gc,stats    ]    Subphase: Concurrent Weak Roots JNIWeakHandles          0.000 / 0.000         0.000 / 0.001         0.000 / 0.001         0.000 / 0.001       ms
[80.125s][info][gc,stats    ]    Subphase: Concurrent Weak Roots StringTable             0.667 / 0.819         0.762 / 3.945         0.762 / 3.945         0.762 / 3.945       ms
[80.125s][info][gc,stats    ]    Subphase: Concurrent Weak Roots VMWeakHandles           0.225 / 0.298         0.215 / 0.576         0.215 / 0.576         0.215 / 0.576       ms
[80.125s][info][gc,stats    ]    Subphase: Pause Mark Try Complete                       0.000 / 0.000         0.000 / 0.000         0.000 / 0.000         0.000 / 0.000       ms
[80.125s][info][gc,stats    ]    Subphase: Pause Remap TLABS                             0.001 / 0.002         0.001 / 0.003         0.001 / 0.003         0.001 / 0.003       ms
[80.125s][info][gc,stats    ]    Subphase: Pause Retire TLABS                            0.026 / 0.029         0.014 / 0.036         0.014 / 0.036         0.014 / 0.036       ms
[80.125s][info][gc,stats    ]    Subphase: Pause Roots                                   1.874 / 3.903         1.909 / 35.245        1.909 / 35.245        1.909 / 35.245      ms
[80.125s][info][gc,stats    ]    Subphase: Pause Roots ClassLoaderDataGraph              0.826 / 1.153         0.705 / 1.644         0.705 / 1.644         0.705 / 1.644       ms
[80.125s][info][gc,stats    ]    Subphase: Pause Roots CodeCache                         1.523 / 2.138         1.254 / 6.618         1.254 / 6.618         1.254 / 6.618       ms
[80.125s][info][gc,stats    ]    Subphase: Pause Roots JNIHandles                        0.001 / 0.002         0.002 / 0.052         0.002 / 0.052         0.002 / 0.052       ms
[80.125s][info][gc,stats    ]    Subphase: Pause Roots JNIWeakHandles                    0.000 / 0.000         0.000 / 0.000         0.000 / 0.000         0.000 / 0.000       ms
[80.125s][info][gc,stats    ]    Subphase: Pause Roots JRFWeak                           0.000 / 0.000         0.000 / 0.000         0.000 / 0.000         0.000 / 0.000       ms
[80.125s][info][gc,stats    ]    Subphase: Pause Roots JVMTIExport                       0.001 / 0.001         0.001 / 0.002         0.001 / 0.002         0.001 / 0.002       ms
[80.125s][info][gc,stats    ]    Subphase: Pause Roots JVMTIWeakExport                   0.001 / 0.001         0.001 / 0.001         0.001 / 0.001         0.001 / 0.001       ms
[80.125s][info][gc,stats    ]    Subphase: Pause Roots Management                        0.002 / 0.003         0.001 / 0.005         0.001 / 0.005         0.001 / 0.005       ms
[80.125s][info][gc,stats    ]    Subphase: Pause Roots ObjectSynchronizer                0.000 / 0.001         0.000 / 0.001         0.000 / 0.001         0.000 / 0.001       ms
[80.125s][info][gc,stats    ]    Subphase: Pause Roots Setup                             0.190 / 0.311         0.169 / 0.417         0.169 / 0.417         0.169 / 0.417       ms
[80.125s][info][gc,stats    ]    Subphase: Pause Roots StringTable                       0.000 / 0.000         0.000 / 0.000         0.000 / 0.000         0.000 / 0.000       ms
[80.125s][info][gc,stats    ]    Subphase: Pause Roots SystemDictionary                  0.014 / 0.017         0.014 / 0.056         0.014 / 0.056         0.014 / 0.056       ms
[80.125s][info][gc,stats    ]    Subphase: Pause Roots Teardown                          0.001 / 0.003         0.001 / 0.008         0.001 / 0.008         0.001 / 0.008       ms
[80.125s][info][gc,stats    ]    Subphase: Pause Roots Threads                           0.362 / 0.640         0.582 / 33.380        0.582 / 33.380        0.582 / 33.380      ms
[80.125s][info][gc,stats    ]    Subphase: Pause Roots Universe                          0.002 / 0.004         0.008 / 0.396         0.008 / 0.396         0.008 / 0.396       ms
[80.125s][info][gc,stats    ]    Subphase: Pause Roots VMWeakHandles                     0.000 / 0.000         0.000 / 0.000         0.000 / 0.000         0.000 / 0.000       ms
[80.125s][info][gc,stats    ]    Subphase: Pause Weak Roots                              0.002 / 0.002         0.002 / 0.008         0.002 / 0.008         0.002 / 0.008       ms
[80.125s][info][gc,stats    ]    Subphase: Pause Weak Roots JFRWeak                      0.001 / 0.001         0.001 / 0.001         0.001 / 0.001         0.001 / 0.001       ms
[80.125s][info][gc,stats    ]    Subphase: Pause Weak Roots JNIWeakHandles               0.000 / 0.000         0.000 / 0.000         0.000 / 0.000         0.000 / 0.000       ms
[80.125s][info][gc,stats    ]    Subphase: Pause Weak Roots JVMTIWeakExport              0.001 / 0.001         0.001 / 0.007         0.001 / 0.007         0.001 / 0.007       ms
[80.125s][info][gc,stats    ]    Subphase: Pause Weak Roots Setup                        0.000 / 0.000         0.000 / 0.000         0.000 / 0.000         0.000 / 0.000       ms
[80.125s][info][gc,stats    ]    Subphase: Pause Weak Roots StringTable                  0.000 / 0.000         0.000 / 0.000         0.000 / 0.000         0.000 / 0.000       ms
[80.125s][info][gc,stats    ]    Subphase: Pause Weak Roots SymbolTable                  0.000 / 0.000         0.000 / 0.000         0.000 / 0.000         0.000 / 0.000       ms
[80.125s][info][gc,stats    ]    Subphase: Pause Weak Roots Teardown                     0.001 / 0.001         0.001 / 0.001         0.001 / 0.001         0.001 / 0.001       ms
[80.125s][info][gc,stats    ]    Subphase: Pause Weak Roots VMWeakHandles                0.000 / 0.000         0.000 / 0.000         0.000 / 0.000         0.000 / 0.000       ms
[80.125s][info][gc,stats    ]      System: Java Threads                                     67 / 74               52 / 74               52 / 74               52 / 74          threads
[80.125s][info][gc,stats    ] =========================================================================================================================================================
[82.624s][info][gc,start    ] GC(36) Garbage Collection (Allocation Rate)
[82.630s][info][gc,phases   ] GC(36) Pause Mark Start 3.309ms
[82.713s][info][gc,heap     ] Page Cache Flushed: 32M requested, 38M(698M->660M) flushed
[83.980s][info][gc,phases   ] GC(36) Concurrent Mark 1349.849ms
[83.985s][info][gc,phases   ] GC(36) Pause Mark End 0.319ms
[83.993s][info][gc,phases   ] GC(36) Concurrent Process Non-Strong References 7.675ms
[83.994s][info][gc,phases   ] GC(36) Concurrent Reset Relocation Set 0.017ms
[83.994s][info][gc,phases   ] GC(36) Concurrent Destroy Detached Pages 0.002ms
[83.996s][info][gc,phases   ] GC(36) Concurrent Select Relocation Set 2.062ms
[83.996s][info][gc,phases   ] GC(36) Concurrent Prepare Relocation Set 0.099ms
[84.008s][info][gc,phases   ] GC(36) Pause Relocate Start 6.095ms
[84.066s][info][gc,phases   ] GC(36) Concurrent Relocate 55.641ms
[84.066s][info][gc,load     ] GC(36) Load: 2.25/2.38/2.69
[84.066s][info][gc,mmu      ] GC(36) MMU: 2ms/0.0%, 5ms/0.0%, 10ms/0.0%, 20ms/0.0%, 50ms/24.1%, 100ms/62.1%
[84.066s][info][gc,marking  ] GC(36) Mark: 1 stripe(s), 3 proactive flush(es), 1 terminate flush(es), 0 completion(s), 0 continuation(s) 
[84.066s][info][gc,reloc    ] GC(36) Relocation: Successful, 29M relocated
[84.066s][info][gc,nmethod  ] GC(36) NMethods: 3841 registered, 4 unregistered
[84.066s][info][gc,metaspace] GC(36) Metaspace: 73M used, 77M capacity, 77M committed, 78M reserved
[84.066s][info][gc,ref      ] GC(36) Soft: 4898 encountered, 0 discovered, 0 enqueued
[84.066s][info][gc,ref      ] GC(36) Weak: 4957 encountered, 3890 discovered, 131 enqueued
[84.066s][info][gc,ref      ] GC(36) Final: 28 encountered, 0 discovered, 0 enqueued
[84.066s][info][gc,ref      ] GC(36) Phantom: 706 encountered, 631 discovered, 43 enqueued
[84.066s][info][gc,heap     ] GC(36)                Mark Start          Mark End        Relocate Start      Relocate End           High               Low         
[84.066s][info][gc,heap     ] GC(36)  Capacity:     1500M (100%)       1500M (100%)       1500M (100%)       1500M (100%)       1500M (100%)       1500M (100%)   
[84.066s][info][gc,heap     ] GC(36)   Reserve:       34M (2%)           34M (2%)           34M (2%)           34M (2%)           34M (2%)           34M (2%)     
[84.066s][info][gc,heap     ] GC(36)      Free:      704M (47%)         574M (38%)         988M (66%)        1106M (74%)        1106M (74%)         572M (38%)    
[84.066s][info][gc,heap     ] GC(36)      Used:      762M (51%)         892M (59%)         478M (32%)         360M (24%)         894M (60%)         360M (24%)    
[84.066s][info][gc,heap     ] GC(36)      Live:         -               216M (14%)         216M (14%)         216M (14%)            -                  -          
[84.066s][info][gc,heap     ] GC(36) Allocated:         -               130M (9%)          132M (9%)          146M (10%)            -                  -          
[84.066s][info][gc,heap     ] GC(36)   Garbage:         -               545M (36%)         129M (9%)            5M (0%)             -                  -          
[84.066s][info][gc,heap     ] GC(36) Reclaimed:         -                  -               416M (28%)         540M (36%)            -                  -          
[84.066s][info][gc          ] GC(36) Garbage Collection (Allocation Rate) 762M(51%)->360M(24%)
[86.859s][info][gc,heap     ] Page Cache Flushed: 2M requested, 32M(682M->650M) flushed
[86.924s][info][gc,start    ] GC(37) Garbage Collection (Allocation Rate)
[86.931s][info][gc,phases   ] GC(37) Pause Mark Start 3.161ms
[87.545s][info][gc,heap     ] Page Cache Flushed: 4M requested, 4M(320M->316M) flushed
[88.093s][info][gc,phases   ] GC(37) Concurrent Mark 1161.775ms
[88.095s][info][gc,phases   ] GC(37) Pause Mark End 0.350ms
[88.097s][info][gc,phases   ] GC(37) Concurrent Process Non-Strong References 1.751ms
[88.097s][info][gc,phases   ] GC(37) Concurrent Reset Relocation Set 0.008ms
[88.097s][info][gc,phases   ] GC(37) Concurrent Destroy Detached Pages 0.004ms
[88.099s][info][gc,phases   ] GC(37) Concurrent Select Relocation Set 1.527ms
[88.101s][info][gc,phases   ] GC(37) Concurrent Prepare Relocation Set 1.844ms
[88.104s][info][gc,phases   ] GC(37) Pause Relocate Start 2.960ms
[88.276s][info][gc,phases   ] GC(37) Concurrent Relocate 167.413ms
[88.276s][info][gc,load     ] GC(37) Load: 2.31/2.39/2.70
[88.276s][info][gc,mmu      ] GC(37) MMU: 2ms/0.0%, 5ms/0.0%, 10ms/0.0%, 20ms/0.0%, 50ms/24.1%, 100ms/62.1%
[88.276s][info][gc,marking  ] GC(37) Mark: 1 stripe(s), 2 proactive flush(es), 1 terminate flush(es), 0 completion(s), 0 continuation(s) 
[88.276s][info][gc,reloc    ] GC(37) Relocation: Successful, 49M relocated
[88.276s][info][gc,nmethod  ] GC(37) NMethods: 3997 registered, 4 unregistered
[88.276s][info][gc,metaspace] GC(37) Metaspace: 73M used, 77M capacity, 77M committed, 78M reserved
[88.276s][info][gc,ref      ] GC(37) Soft: 4898 encountered, 0 discovered, 0 enqueued
[88.276s][info][gc,ref      ] GC(37) Weak: 4837 encountered, 3785 discovered, 7 enqueued
[88.276s][info][gc,ref      ] GC(37) Final: 28 encountered, 0 discovered, 0 enqueued
[88.276s][info][gc,ref      ] GC(37) Phantom: 666 encountered, 471 discovered, 3 enqueued
[88.276s][info][gc,heap     ] GC(37)                Mark Start          Mark End        Relocate Start      Relocate End           High               Low         
[88.276s][info][gc,heap     ] GC(37)  Capacity:     1500M (100%)       1500M (100%)       1500M (100%)       1500M (100%)       1500M (100%)       1500M (100%)   
[88.276s][info][gc,heap     ] GC(37)   Reserve:       34M (2%)           34M (2%)           34M (2%)           34M (2%)           34M (2%)           34M (2%)     
[88.276s][info][gc,heap     ] GC(37)      Free:      634M (42%)         268M (18%)         512M (34%)         818M (55%)         820M (55%)         268M (18%)    
[88.276s][info][gc,heap     ] GC(37)      Used:      832M (55%)        1198M (80%)         954M (64%)         648M (43%)        1198M (80%)         646M (43%)    
[88.276s][info][gc,heap     ] GC(37)      Live:         -               240M (16%)         240M (16%)         240M (16%)            -                  -          
[88.276s][info][gc,heap     ] GC(37) Allocated:         -               366M (24%)         366M (24%)         436M (29%)            -                  -          
[88.276s][info][gc,heap     ] GC(37)   Garbage:         -               591M (39%)         347M (23%)           7M (1%)             -                  -          
[88.276s][info][gc,heap     ] GC(37) Reclaimed:         -                  -               244M (16%)         584M (39%)            -                  -          
[88.276s][info][gc          ] GC(37) Garbage Collection (Allocation Rate) 832M(55%)->648M(43%)
[88.324s][info][gc,start    ] GC(38) Garbage Collection (Allocation Rate)
[88.334s][info][gc,phases   ] GC(38) Pause Mark Start 7.158ms
[89.039s][info][gc,heap     ] Page Cache Flushed: 6M requested, 8M(588M->580M) flushed
[89.078s][info][gc,heap     ] Page Cache Flushed: 4M requested, 4M(578M->574M) flushed
[89.205s][info][gc,heap     ] Page Cache Flushed: 6M requested, 6M(548M->542M) flushed
[89.597s][info][gc,phases   ] GC(38) Concurrent Mark 1257.046ms
[89.601s][info][gc,phases   ] GC(38) Pause Mark End 0.375ms
[89.607s][info][gc,phases   ] GC(38) Concurrent Process Non-Strong References 5.617ms
[89.607s][info][gc,phases   ] GC(38) Concurrent Reset Relocation Set 0.059ms
[89.607s][info][gc,phases   ] GC(38) Concurrent Destroy Detached Pages 0.008ms
[89.611s][info][gc,phases   ] GC(38) Concurrent Select Relocation Set 4.034ms
[89.622s][info][gc,phases   ] GC(38) Concurrent Prepare Relocation Set 10.832ms
[89.633s][info][gc,phases   ] GC(38) Pause Relocate Start 8.473ms
[90.025s][info][gc,phases   ] GC(38) Concurrent Relocate 389.103ms
[90.025s][info][gc,load     ] GC(38) Load: 2.31/2.39/2.70
[90.025s][info][gc,mmu      ] GC(38) MMU: 2ms/0.0%, 5ms/0.0%, 10ms/0.0%, 20ms/0.0%, 50ms/24.1%, 100ms/62.1%
[90.025s][info][gc,marking  ] GC(38) Mark: 1 stripe(s), 2 proactive flush(es), 1 terminate flush(es), 0 completion(s), 0 continuation(s) 
[90.025s][info][gc,reloc    ] GC(38) Relocation: Successful, 57M relocated
[90.025s][info][gc,nmethod  ] GC(38) NMethods: 4067 registered, 4 unregistered
[90.025s][info][gc,metaspace] GC(38) Metaspace: 73M used, 77M capacity, 77M committed, 78M reserved
[90.025s][info][gc,ref      ] GC(38) Soft: 4898 encountered, 0 discovered, 0 enqueued
[90.025s][info][gc,ref      ] GC(38) Weak: 4835 encountered, 3789 discovered, 0 enqueued
[90.025s][info][gc,ref      ] GC(38) Final: 28 encountered, 0 discovered, 0 enqueued
[90.025s][info][gc,ref      ] GC(38) Phantom: 662 encountered, 658 discovered, 0 enqueued
[90.025s][info][gc,heap     ] GC(38)                Mark Start          Mark End        Relocate Start      Relocate End           High               Low         
[90.025s][info][gc,heap     ] GC(38)  Capacity:     1500M (100%)       1500M (100%)       1500M (100%)       1500M (100%)       1500M (100%)       1500M (100%)   
[90.025s][info][gc,heap     ] GC(38)   Reserve:       34M (2%)           34M (2%)           34M (2%)           34M (2%)           34M (2%)           34M (2%)     
[90.025s][info][gc,heap     ] GC(38)      Free:      810M (54%)         340M (23%)         388M (26%)         490M (33%)         810M (54%)         340M (23%)    
[90.025s][info][gc,heap     ] GC(38)      Used:      656M (44%)        1126M (75%)        1078M (72%)         976M (65%)        1126M (75%)         656M (44%)    
[90.025s][info][gc,heap     ] GC(38)      Live:         -               246M (16%)         246M (16%)         246M (16%)            -                  -          
[90.025s][info][gc,heap     ] GC(38) Allocated:         -               470M (31%)         474M (32%)         768M (51%)            -                  -          
[90.025s][info][gc,heap     ] GC(38)   Garbage:         -               409M (27%)         357M (24%)          23M (2%)             -                  -          
[90.025s][info][gc,heap     ] GC(38) Reclaimed:         -                  -                52M (3%)          386M (26%)            -                  -          
[90.025s][info][gc          ] GC(38) Garbage Collection (Allocation Rate) 656M(44%)->976M(65%)
[90.124s][info][gc,stats    ] === Garbage Collection Statistics =======================================================================================================================
[90.124s][info][gc,stats    ]                                                              Last 10s              Last 10m              Last 10h                Total
[90.124s][info][gc,stats    ]                                                              Avg / Max             Avg / Max             Avg / Max             Avg / Max
[90.124s][info][gc,stats    ]   Collector: Garbage Collection Cycle                   1498.170 / 1700.602    907.043 / 3103.183    907.043 / 3103.183    907.043 / 3103.183    ms
[90.124s][info][gc,stats    ]  Contention: Mark Segment Reset Contention                     0 / 0                 0 / 0                 0 / 0                 0 / 0           ops/s
[90.124s][info][gc,stats    ]  Contention: Mark SeqNum Reset Contention                      0 / 0                 0 / 0                 0 / 0                 0 / 0           ops/s
[90.124s][info][gc,stats    ]  Contention: Relocation Contention                             0 / 0                 0 / 2                 0 / 2                 0 / 2           ops/s
[90.124s][info][gc,stats    ]    Critical: Allocation Stall                              0.000 / 0.000         0.000 / 0.000         0.000 / 0.000         0.000 / 0.000       ms
[90.124s][info][gc,stats    ]    Critical: Allocation Stall                                  0 / 0                 0 / 0                 0 / 0                 0 / 0           ops/s
[90.124s][info][gc,stats    ]    Critical: GC Locker Stall                               0.000 / 0.000         0.005 / 0.013         0.005 / 0.013         0.005 / 0.013       ms
[90.124s][info][gc,stats    ]    Critical: GC Locker Stall                                   0 / 0                 0 / 1                 0 / 1                 0 / 1           ops/s
[90.124s][info][gc,stats    ]      Memory: Allocation Rate                                 204 / 550             200 / 1250            200 / 1250            200 / 1250        MB/s
[90.124s][info][gc,stats    ]      Memory: Heap Used After Mark                           1072 / 1198            790 / 1390            790 / 1390            790 / 1390        MB
[90.124s][info][gc,stats    ]      Memory: Heap Used After Relocation                      661 / 976             379 / 976             379 / 976             379 / 976         MB
[90.124s][info][gc,stats    ]      Memory: Heap Used Before Mark                           750 / 832             634 / 1222            634 / 1222            634 / 1222        MB
[90.124s][info][gc,stats    ]      Memory: Heap Used Before Relocation                     836 / 1078            510 / 1280            510 / 1280            510 / 1280        MB
[90.124s][info][gc,stats    ]      Memory: Out Of Memory                                     0 / 0                 0 / 0                 0 / 0                 0 / 0           ops/s
[90.124s][info][gc,stats    ]      Memory: Page Cache Flush                                  9 / 38                1 / 38                1 / 38                1 / 38          MB/s
[90.124s][info][gc,stats    ]      Memory: Page Cache Hit L1                                86 / 286              89 / 628              89 / 628              89 / 628         ops/s
[90.124s][info][gc,stats    ]      Memory: Page Cache Hit L2                                 0 / 0                 0 / 0                 0 / 0                 0 / 0           ops/s
[90.124s][info][gc,stats    ]      Memory: Page Cache Miss                                   1 / 3                 7 / 116               7 / 116               7 / 116         ops/s
[90.124s][info][gc,stats    ]      Memory: Undo Object Allocation Failed                     0 / 0                 0 / 0                 0 / 0                 0 / 0           ops/s
[90.124s][info][gc,stats    ]      Memory: Undo Object Allocation Succeeded                  0 / 0                 0 / 2                 0 / 2                 0 / 2           ops/s
[90.124s][info][gc,stats    ]      Memory: Undo Page Allocation                              0 / 0                 0 / 0                 0 / 0                 0 / 0           ops/s
[90.124s][info][gc,stats    ]       Phase: Concurrent Destroy Detached Pages             0.005 / 0.008         0.001 / 0.008         0.001 / 0.008         0.001 / 0.008       ms
[90.124s][info][gc,stats    ]       Phase: Concurrent Mark                            1256.223 / 1349.849    765.351 / 3088.489    765.351 / 3088.489    765.351 / 3088.489    ms
[90.124s][info][gc,stats    ]       Phase: Concurrent Mark Continue                      0.000 / 0.000         0.000 / 0.000         0.000 / 0.000         0.000 / 0.000       ms
[90.124s][info][gc,stats    ]       Phase: Concurrent Prepare Relocation Set             4.259 / 10.832        3.370 / 67.620        3.370 / 67.620        3.370 / 67.620      ms
[90.124s][info][gc,stats    ]       Phase: Concurrent Process Non-Strong References      5.015 / 7.675         2.468 / 7.675         2.468 / 7.675         2.468 / 7.675       ms
[90.124s][info][gc,stats    ]       Phase: Concurrent Relocate                         204.053 / 389.103     117.534 / 704.555     117.534 / 704.555     117.534 / 704.555     ms
[90.124s][info][gc,stats    ]       Phase: Concurrent Reset Relocation Set               0.028 / 0.059         0.025 / 0.107         0.025 / 0.107         0.025 / 0.107       ms
[90.124s][info][gc,stats    ]       Phase: Concurrent Select Relocation Set              2.541 / 4.034         2.343 / 9.873         2.343 / 9.873         2.343 / 9.873       ms
[90.124s][info][gc,stats    ]       Phase: Pause Mark End                                0.348 / 0.375         0.268 / 0.650         0.268 / 0.650         0.268 / 0.650       ms
[90.124s][info][gc,stats    ]       Phase: Pause Mark Start                              4.543 / 7.158         3.676 / 37.948        3.676 / 37.948        3.676 / 37.948      ms
[90.124s][info][gc,stats    ]       Phase: Pause Relocate Start                          5.843 / 8.473         2.845 / 8.565         2.845 / 8.565         2.845 / 8.565       ms
[90.124s][info][gc,stats    ]    Subphase: Concurrent Mark                            1249.791 / 1339.837    763.960 / 3088.467    763.960 / 3088.467    763.960 / 3088.467    ms
[90.124s][info][gc,stats    ]    Subphase: Concurrent Mark Idle                          0.000 / 0.000         0.000 / 0.000         0.000 / 0.000         0.000 / 0.000       ms
[90.124s][info][gc,stats    ]    Subphase: Concurrent Mark Try Flush                     3.630 / 8.767         1.699 / 8.767         1.699 / 8.767         1.699 / 8.767       ms
[90.124s][info][gc,stats    ]    Subphase: Concurrent Mark Try Terminate                 0.979 / 3.939         0.582 / 3.939         0.582 / 3.939         0.582 / 3.939       ms
[90.124s][info][gc,stats    ]    Subphase: Concurrent References Enqueue                 0.002 / 0.003         0.002 / 0.008         0.002 / 0.008         0.002 / 0.008       ms
[90.124s][info][gc,stats    ]    Subphase: Concurrent References Process                 1.508 / 2.830         1.020 / 4.050         1.020 / 4.050         1.020 / 4.050       ms
[90.124s][info][gc,stats    ]    Subphase: Concurrent Weak Roots                         1.732 / 3.234         1.037 / 4.441         1.037 / 4.441         1.037 / 4.441       ms
[90.124s][info][gc,stats    ]    Subphase: Concurrent Weak Roots JNIWeakHandles          0.000 / 0.000         0.000 / 0.001         0.000 / 0.001         0.000 / 0.001       ms
[90.124s][info][gc,stats    ]    Subphase: Concurrent Weak Roots StringTable             1.122 / 1.940         0.790 / 3.945         0.790 / 3.945         0.790 / 3.945       ms
[90.124s][info][gc,stats    ]    Subphase: Concurrent Weak Roots VMWeakHandles           0.607 / 1.288         0.245 / 1.288         0.245 / 1.288         0.245 / 1.288       ms
[90.124s][info][gc,stats    ]    Subphase: Pause Mark Try Complete                       0.000 / 0.000         0.000 / 0.000         0.000 / 0.000         0.000 / 0.000       ms
[90.124s][info][gc,stats    ]    Subphase: Pause Remap TLABS                             0.003 / 0.003         0.001 / 0.003         0.001 / 0.003         0.001 / 0.003       ms
[90.124s][info][gc,stats    ]    Subphase: Pause Retire TLABS                            0.024 / 0.026         0.015 / 0.036         0.015 / 0.036         0.015 / 0.036       ms
[90.124s][info][gc,stats    ]    Subphase: Pause Roots                                   3.294 / 8.035         2.015 / 35.245        2.015 / 35.245        2.015 / 35.245      ms
[90.124s][info][gc,stats    ]    Subphase: Pause Roots ClassLoaderDataGraph              1.084 / 1.675         0.735 / 1.675         0.735 / 1.675         0.735 / 1.675       ms
[90.124s][info][gc,stats    ]    Subphase: Pause Roots CodeCache                         2.766 / 6.383         1.370 / 6.618         1.370 / 6.618         1.370 / 6.618       ms
[90.124s][info][gc,stats    ]    Subphase: Pause Roots JNIHandles                        0.001 / 0.002         0.002 / 0.052         0.002 / 0.052         0.002 / 0.052       ms
[90.124s][info][gc,stats    ]    Subphase: Pause Roots JNIWeakHandles                    0.000 / 0.000         0.000 / 0.000         0.000 / 0.000         0.000 / 0.000       ms
[90.124s][info][gc,stats    ]    Subphase: Pause Roots JRFWeak                           0.000 / 0.000         0.000 / 0.000         0.000 / 0.000         0.000 / 0.000       ms
[90.124s][info][gc,stats    ]    Subphase: Pause Roots JVMTIExport                       0.001 / 0.001         0.001 / 0.002         0.001 / 0.002         0.001 / 0.002       ms
[90.124s][info][gc,stats    ]    Subphase: Pause Roots JVMTIWeakExport                   0.001 / 0.001         0.001 / 0.001         0.001 / 0.001         0.001 / 0.001       ms
[90.124s][info][gc,stats    ]    Subphase: Pause Roots Management                        0.002 / 0.003         0.001 / 0.005         0.001 / 0.005         0.001 / 0.005       ms
[90.124s][info][gc,stats    ]    Subphase: Pause Roots ObjectSynchronizer                0.000 / 0.001         0.000 / 0.001         0.000 / 0.001         0.000 / 0.001       ms
[90.124s][info][gc,stats    ]    Subphase: Pause Roots Setup                             0.234 / 0.448         0.174 / 0.448         0.174 / 0.448         0.174 / 0.448       ms
[90.124s][info][gc,stats    ]    Subphase: Pause Roots StringTable                       0.000 / 0.000         0.000 / 0.000         0.000 / 0.000         0.000 / 0.000       ms
[90.124s][info][gc,stats    ]    Subphase: Pause Roots SystemDictionary                  0.018 / 0.029         0.014 / 0.056         0.014 / 0.056         0.014 / 0.056       ms
[90.124s][info][gc,stats    ]    Subphase: Pause Roots Teardown                          0.001 / 0.003         0.001 / 0.008         0.001 / 0.008         0.001 / 0.008       ms
[90.124s][info][gc,stats    ]    Subphase: Pause Roots Threads                           0.706 / 1.710         0.591 / 33.380        0.591 / 33.380        0.591 / 33.380      ms
[90.124s][info][gc,stats    ]    Subphase: Pause Roots Universe                          0.003 / 0.004         0.008 / 0.396         0.008 / 0.396         0.008 / 0.396       ms
[90.124s][info][gc,stats    ]    Subphase: Pause Roots VMWeakHandles                     0.000 / 0.000         0.000 / 0.000         0.000 / 0.000         0.000 / 0.000       ms
[90.124s][info][gc,stats    ]    Subphase: Pause Weak Roots                              0.002 / 0.002         0.002 / 0.008         0.002 / 0.008         0.002 / 0.008       ms
[90.124s][info][gc,stats    ]    Subphase: Pause Weak Roots JFRWeak                      0.001 / 0.001         0.001 / 0.001         0.001 / 0.001         0.001 / 0.001       ms
[90.124s][info][gc,stats    ]    Subphase: Pause Weak Roots JNIWeakHandles               0.000 / 0.000         0.000 / 0.000         0.000 / 0.000         0.000 / 0.000       ms
[90.124s][info][gc,stats    ]    Subphase: Pause Weak Roots JVMTIWeakExport              0.001 / 0.001         0.001 / 0.007         0.001 / 0.007         0.001 / 0.007       ms
[90.124s][info][gc,stats    ]    Subphase: Pause Weak Roots Setup                        0.000 / 0.000         0.000 / 0.000         0.000 / 0.000         0.000 / 0.000       ms
[90.124s][info][gc,stats    ]    Subphase: Pause Weak Roots StringTable                  0.000 / 0.000         0.000 / 0.000         0.000 / 0.000         0.000 / 0.000       ms
[90.124s][info][gc,stats    ]    Subphase: Pause Weak Roots SymbolTable                  0.000 / 0.000         0.000 / 0.000         0.000 / 0.000         0.000 / 0.000       ms
[90.124s][info][gc,stats    ]    Subphase: Pause Weak Roots Teardown                     0.001 / 0.001         0.001 / 0.001         0.001 / 0.001         0.001 / 0.001       ms
[90.124s][info][gc,stats    ]    Subphase: Pause Weak Roots VMWeakHandles                0.000 / 0.000         0.000 / 0.000         0.000 / 0.000         0.000 / 0.000       ms
[90.124s][info][gc,stats    ]      System: Java Threads                                     89 / 96               55 / 96               55 / 96               55 / 96          threads
[90.124s][info][gc,stats    ] =========================================================================================================================================================
[90.124s][info][gc,start    ] GC(39) Garbage Collection (Allocation Rate)
[90.130s][info][gc,phases   ] GC(39) Pause Mark Start 3.251ms
[90.866s][info][gc,phases   ] GC(39) Concurrent Mark 735.808ms
[90.867s][info][gc,phases   ] GC(39) Pause Mark End 0.325ms
[90.869s][info][gc,phases   ] GC(39) Concurrent Process Non-Strong References 1.569ms
[90.870s][info][gc,phases   ] GC(39) Concurrent Reset Relocation Set 0.051ms
[90.870s][info][gc,phases   ] GC(39) Concurrent Destroy Detached Pages 0.001ms
[90.876s][info][gc,phases   ] GC(39) Concurrent Select Relocation Set 5.516ms
[90.877s][info][gc,phases   ] GC(39) Concurrent Prepare Relocation Set 1.226ms
[90.894s][info][gc,phases   ] GC(39) Pause Relocate Start 2.834ms
[90.996s][info][gc,phases   ] GC(39) Concurrent Relocate 101.630ms
[90.996s][info][gc,load     ] GC(39) Load: 2.31/2.39/2.70
[90.996s][info][gc,mmu      ] GC(39) MMU: 2ms/0.0%, 5ms/0.0%, 10ms/0.0%, 20ms/0.0%, 50ms/24.1%, 100ms/62.1%
[90.996s][info][gc,marking  ] GC(39) Mark: 1 stripe(s), 2 proactive flush(es), 1 terminate flush(es), 0 completion(s), 0 continuation(s) 
[90.996s][info][gc,reloc    ] GC(39) Relocation: Successful, 34M relocated
[90.996s][info][gc,nmethod  ] GC(39) NMethods: 4109 registered, 4 unregistered
[90.996s][info][gc,metaspace] GC(39) Metaspace: 73M used, 77M capacity, 77M committed, 78M reserved
[90.996s][info][gc,ref      ] GC(39) Soft: 4902 encountered, 0 discovered, 0 enqueued
[90.996s][info][gc,ref      ] GC(39) Weak: 4873 encountered, 3934 discovered, 123 enqueued
[90.996s][info][gc,ref      ] GC(39) Final: 28 encountered, 0 discovered, 0 enqueued
[90.996s][info][gc,ref      ] GC(39) Phantom: 665 encountered, 661 discovered, 3 enqueued
[90.996s][info][gc,heap     ] GC(39)                Mark Start          Mark End        Relocate Start      Relocate End           High               Low         
[90.996s][info][gc,heap     ] GC(39)  Capacity:     1500M (100%)       1500M (100%)       1500M (100%)       1500M (100%)       1500M (100%)       1500M (100%)   
[90.996s][info][gc,heap     ] GC(39)   Reserve:       34M (2%)           34M (2%)           34M (2%)           34M (2%)           34M (2%)           34M (2%)     
[90.996s][info][gc,heap     ] GC(39)      Free:      408M (27%)         164M (11%)         780M (52%)         872M (58%)         872M (58%)         164M (11%)    
[90.996s][info][gc,heap     ] GC(39)      Used:     1058M (71%)        1302M (87%)         686M (46%)         594M (40%)        1302M (87%)         594M (40%)    
[90.996s][info][gc,heap     ] GC(39)      Live:         -               310M (21%)         310M (21%)         310M (21%)            -                  -          
[90.996s][info][gc,heap     ] GC(39) Allocated:         -               244M (16%)         244M (16%)         266M (18%)            -                  -          
[90.996s][info][gc,heap     ] GC(39)   Garbage:         -               747M (50%)         131M (9%)           37M (2%)             -                  -          
[90.996s][info][gc,heap     ] GC(39) Reclaimed:         -                  -               616M (41%)         710M (47%)            -                  -          
[90.996s][info][gc          ] GC(39) Garbage Collection (Allocation Rate) 1058M(71%)->594M(40%)
[90.997s][info][gc,start    ] GC(40) Garbage Collection (System.gc())
[91.000s][info][gc,phases   ] GC(40) Pause Mark Start 3.269ms
[91.300s][info][gc,phases   ] GC(40) Concurrent Mark 300.428ms
[91.301s][info][gc,phases   ] GC(40) Pause Mark End 0.292ms
[91.303s][info][gc,phases   ] GC(40) Concurrent Process Non-Strong References 1.532ms
[91.303s][info][gc,phases   ] GC(40) Concurrent Reset Relocation Set 0.018ms
[91.303s][info][gc,phases   ] GC(40) Concurrent Destroy Detached Pages 0.000ms
[91.307s][info][gc,phases   ] GC(40) Concurrent Select Relocation Set 4.650ms
[91.307s][info][gc,phases   ] GC(40) Concurrent Prepare Relocation Set 0.125ms
[91.317s][info][gc,phases   ] GC(40) Pause Relocate Start 3.008ms
[91.327s][info][gc,phases   ] GC(40) Concurrent Relocate 9.751ms
[91.327s][info][gc,load     ] GC(40) Load: 2.31/2.39/2.70
[91.327s][info][gc,mmu      ] GC(40) MMU: 2ms/0.0%, 5ms/0.0%, 10ms/0.0%, 20ms/0.0%, 50ms/24.1%, 100ms/62.1%
[91.327s][info][gc,marking  ] GC(40) Mark: 1 stripe(s), 2 proactive flush(es), 1 terminate flush(es), 0 completion(s), 0 continuation(s) 
[91.327s][info][gc,reloc    ] GC(40) Relocation: Successful, 22M relocated
[91.327s][info][gc,nmethod  ] GC(40) NMethods: 4115 registered, 4 unregistered
[91.327s][info][gc,metaspace] GC(40) Metaspace: 73M used, 77M capacity, 77M committed, 78M reserved
[91.327s][info][gc,ref      ] GC(40) Soft: 4910 encountered, 0 discovered, 0 enqueued
[91.327s][info][gc,ref      ] GC(40) Weak: 4816 encountered, 3876 discovered, 17 enqueued
[91.327s][info][gc,ref      ] GC(40) Final: 28 encountered, 0 discovered, 0 enqueued
[91.327s][info][gc,ref      ] GC(40) Phantom: 680 encountered, 676 discovered, 18 enqueued
[91.327s][info][gc,heap     ] GC(40)                Mark Start          Mark End        Relocate Start      Relocate End           High               Low         
[91.327s][info][gc,heap     ] GC(40)  Capacity:     1500M (100%)       1500M (100%)       1500M (100%)       1500M (100%)       1500M (100%)       1500M (100%)   
[91.327s][info][gc,heap     ] GC(40)   Reserve:       34M (2%)           34M (2%)           34M (2%)           34M (2%)           34M (2%)           34M (2%)     
[91.327s][info][gc,heap     ] GC(40)      Free:      872M (58%)         870M (58%)        1204M (80%)        1240M (83%)        1240M (83%)         870M (58%)    
[91.327s][info][gc,heap     ] GC(40)      Used:      594M (40%)         596M (40%)         262M (17%)         226M (15%)         596M (40%)         226M (15%)    
[91.327s][info][gc,heap     ] GC(40)      Live:         -               191M (13%)         191M (13%)         191M (13%)            -                  -          
[91.327s][info][gc,heap     ] GC(40) Allocated:         -                 2M (0%)            2M (0%)            6M (0%)             -                  -          
[91.327s][info][gc,heap     ] GC(40)   Garbage:         -               402M (27%)          68M (5%)           32M (2%)             -                  -          
[91.327s][info][gc,heap     ] GC(40) Reclaimed:         -                  -               334M (22%)         370M (25%)            -                  -          
[91.327s][info][gc          ] GC(40) Garbage Collection (System.gc()) 594M(40%)->226M(15%)
[92.224s][info][gc,start    ] GC(41) Garbage Collection (Allocation Rate)
[92.230s][info][gc,phases   ] GC(41) Pause Mark Start 3.324ms
[93.213s][info][gc,phases   ] GC(41) Concurrent Mark 982.185ms
[93.216s][info][gc,phases   ] GC(41) Pause Mark End 0.332ms
[93.218s][info][gc,phases   ] GC(41) Concurrent Process Non-Strong References 1.689ms
[93.218s][info][gc,phases   ] GC(41) Concurrent Reset Relocation Set 0.005ms
[93.218s][info][gc,phases   ] GC(41) Concurrent Destroy Detached Pages 0.000ms
[93.219s][info][gc,phases   ] GC(41) Concurrent Select Relocation Set 1.536ms
[93.221s][info][gc,phases   ] GC(41) Concurrent Prepare Relocation Set 1.996ms
[93.224s][info][gc,phases   ] GC(41) Pause Relocate Start 2.921ms
[93.376s][info][gc,phases   ] GC(41) Concurrent Relocate 148.106ms
[93.376s][info][gc,load     ] GC(41) Load: 2.28/2.39/2.69
[93.376s][info][gc,mmu      ] GC(41) MMU: 2ms/0.0%, 5ms/0.0%, 10ms/0.0%, 20ms/0.0%, 50ms/24.1%, 100ms/62.1%
[93.376s][info][gc,marking  ] GC(41) Mark: 1 stripe(s), 2 proactive flush(es), 1 terminate flush(es), 0 completion(s), 0 continuation(s) 
[93.376s][info][gc,reloc    ] GC(41) Relocation: Successful, 66M relocated
[93.376s][info][gc,nmethod  ] GC(41) NMethods: 4180 registered, 4 unregistered
[93.376s][info][gc,metaspace] GC(41) Metaspace: 73M used, 77M capacity, 77M committed, 78M reserved
[93.376s][info][gc,ref      ] GC(41) Soft: 4913 encountered, 0 discovered, 0 enqueued
[93.376s][info][gc,ref      ] GC(41) Weak: 4886 encountered, 3882 discovered, 19 enqueued
[93.376s][info][gc,ref      ] GC(41) Final: 28 encountered, 0 discovered, 0 enqueued
[93.376s][info][gc,ref      ] GC(41) Phantom: 662 encountered, 658 discovered, 0 enqueued
[93.376s][info][gc,heap     ] GC(41)                Mark Start          Mark End        Relocate Start      Relocate End           High               Low         
[93.376s][info][gc,heap     ] GC(41)  Capacity:     1500M (100%)       1500M (100%)       1500M (100%)       1500M (100%)       1500M (100%)       1500M (100%)   
[93.376s][info][gc,heap     ] GC(41)   Reserve:       34M (2%)           34M (2%)           34M (2%)           34M (2%)           34M (2%)           34M (2%)     
[93.376s][info][gc,heap     ] GC(41)      Free:      958M (64%)         712M (47%)         756M (50%)         890M (59%)         958M (64%)         712M (47%)    
[93.376s][info][gc,heap     ] GC(41)      Used:      508M (34%)         754M (50%)         710M (47%)         576M (38%)         754M (50%)         508M (34%)    
[93.376s][info][gc,heap     ] GC(41)      Live:         -               253M (17%)         253M (17%)         253M (17%)            -                  -          
[93.376s][info][gc,heap     ] GC(41) Allocated:         -               246M (16%)         246M (16%)         314M (21%)            -                  -          
[93.376s][info][gc,heap     ] GC(41)   Garbage:         -               254M (17%)         210M (14%)          60M (4%)             -                  -          
[93.376s][info][gc,heap     ] GC(41) Reclaimed:         -                  -                44M (3%)          194M (13%)            -                  -          
[93.376s][info][gc          ] GC(41) Garbage Collection (Allocation Rate) 508M(34%)->576M(38%)
[93.424s][info][gc,start    ] GC(42) Garbage Collection (Allocation Rate)
[93.430s][info][gc,phases   ] GC(42) Pause Mark Start 3.273ms
[94.047s][info][gc,heap     ] Page Cache Flushed: 18M requested, 22M(720M->698M) flushed
[94.560s][info][gc,phases   ] GC(42) Concurrent Mark 1130.252ms
[94.563s][info][gc,phases   ] GC(42) Pause Mark End 0.355ms
[94.565s][info][gc,phases   ] GC(42) Concurrent Process Non-Strong References 1.617ms
[94.565s][info][gc,phases   ] GC(42) Concurrent Reset Relocation Set 0.030ms
[94.565s][info][gc,phases   ] GC(42) Concurrent Destroy Detached Pages 0.003ms
[94.566s][info][gc,phases   ] GC(42) Concurrent Select Relocation Set 1.531ms
[94.572s][info][gc,phases   ] GC(42) Concurrent Prepare Relocation Set 5.657ms
[94.577s][info][gc,phases   ] GC(42) Pause Relocate Start 2.765ms
[94.717s][info][gc,phases   ] GC(42) Concurrent Relocate 139.762ms
[94.717s][info][gc,load     ] GC(42) Load: 2.28/2.39/2.69
[94.717s][info][gc,mmu      ] GC(42) MMU: 2ms/0.0%, 5ms/0.0%, 10ms/0.0%, 20ms/0.0%, 50ms/24.1%, 100ms/62.1%
[94.717s][info][gc,marking  ] GC(42) Mark: 1 stripe(s), 2 proactive flush(es), 1 terminate flush(es), 0 completion(s), 0 continuation(s) 
[94.717s][info][gc,reloc    ] GC(42) Relocation: Successful, 52M relocated
[94.717s][info][gc,nmethod  ] GC(42) NMethods: 4185 registered, 4 unregistered
[94.717s][info][gc,metaspace] GC(42) Metaspace: 73M used, 77M capacity, 77M committed, 78M reserved
[94.717s][info][gc,ref      ] GC(42) Soft: 4913 encountered, 0 discovered, 0 enqueued
[94.717s][info][gc,ref      ] GC(42) Weak: 4867 encountered, 3864 discovered, 0 enqueued
[94.717s][info][gc,ref      ] GC(42) Final: 28 encountered, 0 discovered, 0 enqueued
[94.717s][info][gc,ref      ] GC(42) Phantom: 662 encountered, 658 discovered, 0 enqueued
[94.717s][info][gc,heap     ] GC(42)                Mark Start          Mark End        Relocate Start      Relocate End           High               Low         
[94.717s][info][gc,heap     ] GC(42)  Capacity:     1500M (100%)       1500M (100%)       1500M (100%)       1500M (100%)       1500M (100%)       1500M (100%)   
[94.717s][info][gc,heap     ] GC(42)   Reserve:       34M (2%)           34M (2%)           34M (2%)           34M (2%)           34M (2%)           34M (2%)     
[94.717s][info][gc,heap     ] GC(42)      Free:      866M (58%)         596M (40%)         600M (40%)         866M (58%)         866M (58%)         596M (40%)    
[94.717s][info][gc,heap     ] GC(42)      Used:      600M (40%)         870M (58%)         866M (58%)         600M (40%)         870M (58%)         600M (40%)    
[94.717s][info][gc,heap     ] GC(42)      Live:         -               272M (18%)         272M (18%)         272M (18%)            -                  -          
[94.717s][info][gc,heap     ] GC(42) Allocated:         -               270M (18%)         272M (18%)         308M (21%)            -                  -          
[94.717s][info][gc,heap     ] GC(42)   Garbage:         -               327M (22%)         321M (21%)          55M (4%)             -                  -          
[94.717s][info][gc,heap     ] GC(42) Reclaimed:         -                  -                 6M (0%)          272M (18%)            -                  -          
[94.717s][info][gc          ] GC(42) Garbage Collection (Allocation Rate) 600M(40%)->600M(40%)
[94.824s][info][gc,start    ] GC(43) Garbage Collection (Allocation Rate)
[94.830s][info][gc,phases   ] GC(43) Pause Mark Start 3.273ms
[96.005s][info][gc,phases   ] GC(43) Concurrent Mark 1175.226ms
[96.008s][info][gc,phases   ] GC(43) Pause Mark End 0.381ms
[96.009s][info][gc,phases   ] GC(43) Concurrent Process Non-Strong References 1.544ms
[96.009s][info][gc,phases   ] GC(43) Concurrent Reset Relocation Set 0.043ms
[96.009s][info][gc,phases   ] GC(43) Concurrent Destroy Detached Pages 0.001ms
[96.014s][info][gc,phases   ] GC(43) Concurrent Select Relocation Set 4.916ms
[96.020s][info][gc,phases   ] GC(43) Concurrent Prepare Relocation Set 5.472ms
[96.028s][info][gc,phases   ] GC(43) Pause Relocate Start 5.702ms
[96.196s][info][gc,phases   ] GC(43) Concurrent Relocate 167.747ms
[96.196s][info][gc,load     ] GC(43) Load: 2.28/2.39/2.69
[96.196s][info][gc,mmu      ] GC(43) MMU: 2ms/0.0%, 5ms/0.0%, 10ms/0.0%, 20ms/0.0%, 50ms/24.1%, 100ms/62.1%
[96.196s][info][gc,marking  ] GC(43) Mark: 1 stripe(s), 2 proactive flush(es), 1 terminate flush(es), 0 completion(s), 0 continuation(s) 
[96.196s][info][gc,reloc    ] GC(43) Relocation: Successful, 39M relocated
[96.196s][info][gc,nmethod  ] GC(43) NMethods: 4206 registered, 4 unregistered
[96.196s][info][gc,metaspace] GC(43) Metaspace: 73M used, 77M capacity, 77M committed, 78M reserved
[96.196s][info][gc,ref      ] GC(43) Soft: 4913 encountered, 0 discovered, 0 enqueued
[96.196s][info][gc,ref      ] GC(43) Weak: 4867 encountered, 3868 discovered, 0 enqueued
[96.196s][info][gc,ref      ] GC(43) Final: 28 encountered, 0 discovered, 0 enqueued
[96.196s][info][gc,ref      ] GC(43) Phantom: 662 encountered, 658 discovered, 0 enqueued
[96.196s][info][gc,heap     ] GC(43)                Mark Start          Mark End        Relocate Start      Relocate End           High               Low         
[96.196s][info][gc,heap     ] GC(43)  Capacity:     1500M (100%)       1500M (100%)       1500M (100%)       1500M (100%)       1500M (100%)       1500M (100%)   
[96.196s][info][gc,heap     ] GC(43)   Reserve:       34M (2%)           34M (2%)           34M (2%)           34M (2%)           34M (2%)           34M (2%)     
[96.196s][info][gc,heap     ] GC(43)      Free:      832M (55%)         766M (51%)         826M (55%)        1110M (74%)        1120M (75%)         766M (51%)    
[96.196s][info][gc,heap     ] GC(43)      Used:      634M (42%)         700M (47%)         640M (43%)         356M (24%)         700M (47%)         346M (23%)    
[96.196s][info][gc,heap     ] GC(43)      Live:         -               241M (16%)         241M (16%)         241M (16%)            -                  -          
[96.196s][info][gc,heap     ] GC(43) Allocated:         -                66M (4%)           68M (5%)          128M (9%)             -                  -          
[96.196s][info][gc,heap     ] GC(43)   Garbage:         -               392M (26%)         330M (22%)           4M (0%)             -                  -          
[96.196s][info][gc,heap     ] GC(43) Reclaimed:         -                  -                62M (4%)          388M (26%)            -                  -          
[96.196s][info][gc          ] GC(43) Garbage Collection (Allocation Rate) 634M(42%)->356M(24%)
[96.424s][info][gc,start    ] GC(44) Garbage Collection (Allocation Rate)
[96.430s][info][gc,phases   ] GC(44) Pause Mark Start 3.336ms
[97.262s][info][gc,phases   ] GC(44) Concurrent Mark 832.425ms
[97.265s][info][gc,phases   ] GC(44) Pause Mark End 0.351ms
[97.267s][info][gc,phases   ] GC(44) Concurrent Process Non-Strong References 1.552ms
[97.267s][info][gc,phases   ] GC(44) Concurrent Reset Relocation Set 0.030ms
[97.267s][info][gc,phases   ] GC(44) Concurrent Destroy Detached Pages 0.000ms
[97.269s][info][gc,phases   ] GC(44) Concurrent Select Relocation Set 1.858ms
[97.271s][info][gc,phases   ] GC(44) Concurrent Prepare Relocation Set 1.709ms
[97.274s][info][gc,phases   ] GC(44) Pause Relocate Start 2.935ms
[97.424s][info][gc,phases   ] GC(44) Concurrent Relocate 147.905ms
[97.424s][info][gc,load     ] GC(44) Load: 2.28/2.39/2.69
[97.424s][info][gc,mmu      ] GC(44) MMU: 2ms/0.0%, 5ms/0.0%, 10ms/0.0%, 20ms/0.0%, 50ms/24.1%, 100ms/62.1%
[97.424s][info][gc,marking  ] GC(44) Mark: 1 stripe(s), 2 proactive flush(es), 1 terminate flush(es), 0 completion(s), 0 continuation(s) 
[97.424s][info][gc,reloc    ] GC(44) Relocation: Successful, 66M relocated
[97.424s][info][gc,nmethod  ] GC(44) NMethods: 4207 registered, 4 unregistered
[97.424s][info][gc,metaspace] GC(44) Metaspace: 73M used, 77M capacity, 77M committed, 78M reserved
[97.424s][info][gc,ref      ] GC(44) Soft: 4914 encountered, 0 discovered, 0 enqueued
[97.424s][info][gc,ref      ] GC(44) Weak: 4837 encountered, 3835 discovered, 29 enqueued
[97.424s][info][gc,ref      ] GC(44) Final: 28 encountered, 0 discovered, 0 enqueued
[97.424s][info][gc,ref      ] GC(44) Phantom: 662 encountered, 658 discovered, 0 enqueued
[97.424s][info][gc,heap     ] GC(44)                Mark Start          Mark End        Relocate Start      Relocate End           High               Low         
[97.424s][info][gc,heap     ] GC(44)  Capacity:     1500M (100%)       1500M (100%)       1500M (100%)       1500M (100%)       1500M (100%)       1500M (100%)   
[97.424s][info][gc,heap     ] GC(44)   Reserve:       34M (2%)           34M (2%)           34M (2%)           34M (2%)           34M (2%)           34M (2%)     
[97.424s][info][gc,heap     ] GC(44)      Free:      974M (65%)         734M (49%)         800M (53%)         902M (60%)         974M (65%)         734M (49%)    
[97.424s][info][gc,heap     ] GC(44)      Used:      492M (33%)         732M (49%)         666M (44%)         564M (38%)         732M (49%)         492M (33%)    
[97.424s][info][gc,heap     ] GC(44)      Live:         -               247M (17%)         247M (17%)         247M (17%)            -                  -          
[97.424s][info][gc,heap     ] GC(44) Allocated:         -               240M (16%)         240M (16%)         302M (20%)            -                  -          
[97.424s][info][gc,heap     ] GC(44)   Garbage:         -               244M (16%)         178M (12%)          60M (4%)             -                  -          
[97.424s][info][gc,heap     ] GC(44) Reclaimed:         -                  -                66M (4%)          184M (12%)            -                  -          
[97.424s][info][gc          ] GC(44) Garbage Collection (Allocation Rate) 492M(33%)->564M(38%)
[97.425s][info][gc,start    ] GC(45) Garbage Collection (Allocation Rate)
[97.430s][info][gc,phases   ] GC(45) Pause Mark Start 3.308ms
[98.549s][info][gc,phases   ] GC(45) Concurrent Mark 1119.013ms
[98.552s][info][gc,phases   ] GC(45) Pause Mark End 0.349ms
[98.554s][info][gc,phases   ] GC(45) Concurrent Process Non-Strong References 1.565ms
[98.554s][info][gc,phases   ] GC(45) Concurrent Reset Relocation Set 0.025ms
[98.554s][info][gc,phases   ] GC(45) Concurrent Destroy Detached Pages 0.001ms
[98.556s][info][gc,phases   ] GC(45) Concurrent Select Relocation Set 1.524ms
[98.564s][info][gc,phases   ] GC(45) Concurrent Prepare Relocation Set 8.381ms
[98.569s][info][gc,phases   ] GC(45) Pause Relocate Start 2.824ms
[98.690s][info][gc,phases   ] GC(45) Concurrent Relocate 120.137ms
[98.690s][info][gc,load     ] GC(45) Load: 2.26/2.38/2.69
[98.690s][info][gc,mmu      ] GC(45) MMU: 2ms/0.0%, 5ms/0.0%, 10ms/0.0%, 20ms/0.0%, 50ms/24.1%, 100ms/62.1%
[98.690s][info][gc,marking  ] GC(45) Mark: 1 stripe(s), 2 proactive flush(es), 1 terminate flush(es), 0 completion(s), 0 continuation(s) 
[98.690s][info][gc,reloc    ] GC(45) Relocation: Successful, 56M relocated
[98.690s][info][gc,nmethod  ] GC(45) NMethods: 4207 registered, 4 unregistered
[98.690s][info][gc,metaspace] GC(45) Metaspace: 73M used, 77M capacity, 77M committed, 78M reserved
[98.690s][info][gc,ref      ] GC(45) Soft: 4914 encountered, 0 discovered, 0 enqueued
[98.690s][info][gc,ref      ] GC(45) Weak: 4808 encountered, 3806 discovered, 0 enqueued
[98.690s][info][gc,ref      ] GC(45) Final: 28 encountered, 0 discovered, 0 enqueued
[98.690s][info][gc,ref      ] GC(45) Phantom: 662 encountered, 658 discovered, 0 enqueued
[98.690s][info][gc,heap     ] GC(45)                Mark Start          Mark End        Relocate Start      Relocate End           High               Low         
[98.690s][info][gc,heap     ] GC(45)  Capacity:     1500M (100%)       1500M (100%)       1500M (100%)       1500M (100%)       1500M (100%)       1500M (100%)   
[98.690s][info][gc,heap     ] GC(45)   Reserve:       34M (2%)           34M (2%)           34M (2%)           34M (2%)           34M (2%)           34M (2%)     
[98.690s][info][gc,heap     ] GC(45)      Free:      902M (60%)         638M (43%)         640M (43%)         854M (57%)         902M (60%)         638M (43%)    
[98.690s][info][gc,heap     ] GC(45)      Used:      564M (38%)         828M (55%)         826M (55%)         612M (41%)         828M (55%)         564M (38%)    
[98.690s][info][gc,heap     ] GC(45)      Live:         -               270M (18%)         270M (18%)         270M (18%)            -                  -          
[98.690s][info][gc,heap     ] GC(45) Allocated:         -               264M (18%)         268M (18%)         318M (21%)            -                  -          
[98.690s][info][gc,heap     ] GC(45)   Garbage:         -               293M (20%)         287M (19%)          73M (5%)             -                  -          
[98.690s][info][gc,heap     ] GC(45) Reclaimed:         -                  -                 6M (0%)          220M (15%)            -                  -          
[98.690s][info][gc          ] GC(45) Garbage Collection (Allocation Rate) 564M(38%)->612M(41%)
[98.824s][info][gc,start    ] GC(46) Garbage Collection (Allocation Rate)
[98.833s][info][gc,phases   ] GC(46) Pause Mark Start 6.398ms
[100.087s][info][gc,phases   ] GC(46) Concurrent Mark 1253.477ms
[100.090s][info][gc,phases   ] GC(46) Pause Mark End 0.366ms
[100.092s][info][gc,phases   ] GC(46) Concurrent Process Non-Strong References 1.574ms
[100.092s][info][gc,phases   ] GC(46) Concurrent Reset Relocation Set 0.041ms
[100.092s][info][gc,phases   ] GC(46) Concurrent Destroy Detached Pages 0.001ms
[100.093s][info][gc,phases   ] GC(46) Concurrent Select Relocation Set 1.567ms
[100.094s][info][gc,phases   ] GC(46) Concurrent Prepare Relocation Set 1.227ms
[100.098s][info][gc,phases   ] GC(46) Pause Relocate Start 2.920ms
[100.124s][info][gc,stats    ] === Garbage Collection Statistics =======================================================================================================================
[100.124s][info][gc,stats    ]                                                              Last 10s              Last 10m              Last 10h                Total
[100.124s][info][gc,stats    ]                                                              Avg / Max             Avg / Max             Avg / Max             Avg / Max
[100.124s][info][gc,stats    ]   Collector: Garbage Collection Cycle                   1040.668 / 1372.428    927.377 / 3103.183    927.377 / 3103.183    927.377 / 3103.183    ms
[100.124s][info][gc,stats    ]  Contention: Mark Segment Reset Contention                     0 / 0                 0 / 0                 0 / 0                 0 / 0           ops/s
[100.124s][info][gc,stats    ]  Contention: Mark SeqNum Reset Contention                      0 / 0                 0 / 0                 0 / 0                 0 / 0           ops/s
[100.124s][info][gc,stats    ]  Contention: Relocation Contention                             0 / 1                 0 / 2                 0 / 2                 0 / 2           ops/s
[100.124s][info][gc,stats    ]    Critical: Allocation Stall                              0.000 / 0.000         0.000 / 0.000         0.000 / 0.000         0.000 / 0.000       ms
[100.124s][info][gc,stats    ]    Critical: Allocation Stall                                  0 / 0                 0 / 0                 0 / 0                 0 / 0           ops/s
[100.124s][info][gc,stats    ]    Critical: GC Locker Stall                               0.000 / 0.000         0.005 / 0.013         0.005 / 0.013         0.005 / 0.013       ms
[100.124s][info][gc,stats    ]    Critical: GC Locker Stall                                   0 / 0                 0 / 1                 0 / 1                 0 / 1           ops/s
[100.124s][info][gc,stats    ]      Memory: Allocation Rate                                 212 / 358             201 / 1250            201 / 1250            201 / 1250        MB/s
[100.124s][info][gc,stats    ]      Memory: Heap Used After Mark                            816 / 1302            794 / 1390            794 / 1390            794 / 1390        MB
[100.124s][info][gc,stats    ]      Memory: Heap Used After Relocation                      504 / 612             398 / 976             398 / 976             398 / 976         MB
[100.124s][info][gc,stats    ]      Memory: Heap Used Before Mark                           642 / 1058            635 / 1222            635 / 1222            635 / 1222        MB
[100.124s][info][gc,stats    ]      Memory: Heap Used Before Relocation                     667 / 866             537 / 1280            537 / 1280            537 / 1280        MB
[100.124s][info][gc,stats    ]      Memory: Out Of Memory                                     0 / 0                 0 / 0                 0 / 0                 0 / 0           ops/s
[100.124s][info][gc,stats    ]      Memory: Page Cache Flush                                  2 / 22                1 / 38                1 / 38                1 / 38          MB/s
[100.124s][info][gc,stats    ]      Memory: Page Cache Hit L1                               101 / 172              90 / 628              90 / 628              90 / 628         ops/s
[100.124s][info][gc,stats    ]      Memory: Page Cache Hit L2                                 0 / 0                 0 / 0                 0 / 0                 0 / 0           ops/s
[100.124s][info][gc,stats    ]      Memory: Page Cache Miss                                   0 / 1                 6 / 116               6 / 116               6 / 116         ops/s
[100.124s][info][gc,stats    ]      Memory: Undo Object Allocation Failed                     0 / 0                 0 / 0                 0 / 0                 0 / 0           ops/s
[100.124s][info][gc,stats    ]      Memory: Undo Object Allocation Succeeded                  0 / 1                 0 / 2                 0 / 2                 0 / 2           ops/s
[100.124s][info][gc,stats    ]      Memory: Undo Page Allocation                              0 / 0                 0 / 0                 0 / 0                 0 / 0           ops/s
[100.124s][info][gc,stats    ]       Phase: Concurrent Destroy Detached Pages             0.001 / 0.003         0.001 / 0.008         0.001 / 0.008         0.001 / 0.008       ms
[100.124s][info][gc,stats    ]       Phase: Concurrent Mark                             941.102 / 1253.477    795.266 / 3088.489    795.266 / 3088.489    795.266 / 3088.489    ms
[100.124s][info][gc,stats    ]       Phase: Concurrent Mark Continue                      0.000 / 0.000         0.000 / 0.000         0.000 / 0.000         0.000 / 0.000       ms
[100.124s][info][gc,stats    ]       Phase: Concurrent Prepare Relocation Set             3.224 / 8.381         3.345 / 67.620        3.345 / 67.620        3.345 / 67.620      ms
[100.124s][info][gc,stats    ]       Phase: Concurrent Process Non-Strong References      1.580 / 1.689         2.317 / 7.675         2.317 / 7.675         2.317 / 7.675       ms
[100.124s][info][gc,stats    ]       Phase: Concurrent Relocate                         119.291 / 167.747     117.801 / 704.555     117.801 / 704.555     117.801 / 704.555     ms
[100.124s][info][gc,stats    ]       Phase: Concurrent Reset Relocation Set               0.030 / 0.051         0.026 / 0.107         0.026 / 0.107         0.026 / 0.107       ms
[100.124s][info][gc,stats    ]       Phase: Concurrent Select Relocation Set              2.887 / 5.516         2.435 / 9.873         2.435 / 9.873         2.435 / 9.873       ms
[100.124s][info][gc,stats    ]       Phase: Pause Mark End                                0.344 / 0.381         0.281 / 0.650         0.281 / 0.650         0.281 / 0.650       ms
[100.124s][info][gc,stats    ]       Phase: Pause Mark Start                              3.679 / 6.398         3.676 / 37.948        3.676 / 37.948        3.676 / 37.948      ms
[100.124s][info][gc,stats    ]       Phase: Pause Relocate Start                          3.239 / 5.702         2.912 / 8.565         2.912 / 8.565         2.912 / 8.565       ms
[100.124s][info][gc,stats    ]    Subphase: Concurrent Mark                             938.943 / 1247.059    793.744 / 3088.467    793.744 / 3088.467    793.744 / 3088.467    ms
[100.124s][info][gc,stats    ]    Subphase: Concurrent Mark Idle                          0.000 / 0.000         0.000 / 0.000         0.000 / 0.000         0.000 / 0.000       ms
[100.124s][info][gc,stats    ]    Subphase: Concurrent Mark Try Flush                     1.540 / 15.958        1.672 / 15.958        1.672 / 15.958        1.672 / 15.958      ms
[100.124s][info][gc,stats    ]    Subphase: Concurrent Mark Try Terminate                 0.430 / 1.973         0.557 / 3.939         0.557 / 3.939         0.557 / 3.939       ms
[100.124s][info][gc,stats    ]    Subphase: Concurrent References Enqueue                 0.002 / 0.003         0.002 / 0.008         0.002 / 0.008         0.002 / 0.008       ms
[100.124s][info][gc,stats    ]    Subphase: Concurrent References Process                 0.762 / 0.795         0.976 / 4.050         0.976 / 4.050         0.976 / 4.050       ms
[100.124s][info][gc,stats    ]    Subphase: Concurrent Weak Roots                         0.807 / 0.894         0.998 / 4.441         0.998 / 4.441         0.998 / 4.441       ms
[100.124s][info][gc,stats    ]    Subphase: Concurrent Weak Roots JNIWeakHandles          0.000 / 0.000         0.000 / 0.001         0.000 / 0.001         0.000 / 0.001       ms
[100.124s][info][gc,stats    ]    Subphase: Concurrent Weak Roots StringTable             0.591 / 0.638         0.756 / 3.945         0.756 / 3.945         0.756 / 3.945       ms
[100.124s][info][gc,stats    ]    Subphase: Concurrent Weak Roots VMWeakHandles           0.215 / 0.257         0.240 / 1.288         0.240 / 1.288         0.240 / 1.288       ms
[100.124s][info][gc,stats    ]    Subphase: Pause Mark Try Complete                       0.000 / 0.000         0.000 / 0.000         0.000 / 0.000         0.000 / 0.000       ms
[100.124s][info][gc,stats    ]    Subphase: Pause Remap TLABS                             0.003 / 0.005         0.001 / 0.005         0.001 / 0.005         0.001 / 0.005       ms
[100.124s][info][gc,stats    ]    Subphase: Pause Retire TLABS                            0.023 / 0.038         0.016 / 0.038         0.016 / 0.038         0.016 / 0.038       ms
[100.124s][info][gc,stats    ]    Subphase: Pause Roots                                   2.153 / 5.846         2.039 / 35.245        2.039 / 35.245        2.039 / 35.245      ms
[100.124s][info][gc,stats    ]    Subphase: Pause Roots ClassLoaderDataGraph              0.785 / 1.750         0.743 / 1.750         0.743 / 1.750         0.743 / 1.750       ms
[100.124s][info][gc,stats    ]    Subphase: Pause Roots CodeCache                         1.794 / 3.087         1.442 / 6.618         1.442 / 6.618         1.442 / 6.618       ms
[100.124s][info][gc,stats    ]    Subphase: Pause Roots JNIHandles                        0.001 / 0.002         0.002 / 0.052         0.002 / 0.052         0.002 / 0.052       ms
[100.124s][info][gc,stats    ]    Subphase: Pause Roots JNIWeakHandles                    0.000 / 0.000         0.000 / 0.000         0.000 / 0.000         0.000 / 0.000       ms
[100.124s][info][gc,stats    ]    Subphase: Pause Roots JRFWeak                           0.000 / 0.000         0.000 / 0.000         0.000 / 0.000         0.000 / 0.000       ms
[100.124s][info][gc,stats    ]    Subphase: Pause Roots JVMTIExport                       0.001 / 0.001         0.001 / 0.002         0.001 / 0.002         0.001 / 0.002       ms
[100.124s][info][gc,stats    ]    Subphase: Pause Roots JVMTIWeakExport                   0.001 / 0.002         0.001 / 0.002         0.001 / 0.002         0.001 / 0.002       ms
[100.124s][info][gc,stats    ]    Subphase: Pause Roots Management                        0.001 / 0.003         0.001 / 0.005         0.001 / 0.005         0.001 / 0.005       ms
[100.124s][info][gc,stats    ]    Subphase: Pause Roots ObjectSynchronizer                0.000 / 0.001         0.000 / 0.001         0.000 / 0.001         0.000 / 0.001       ms
[100.124s][info][gc,stats    ]    Subphase: Pause Roots Setup                             0.221 / 0.456         0.182 / 0.456         0.182 / 0.456         0.182 / 0.456       ms
[100.124s][info][gc,stats    ]    Subphase: Pause Roots StringTable                       0.000 / 0.000         0.000 / 0.000         0.000 / 0.000         0.000 / 0.000       ms
[100.124s][info][gc,stats    ]    Subphase: Pause Roots SystemDictionary                  0.014 / 0.024         0.014 / 0.056         0.014 / 0.056         0.014 / 0.056       ms
[100.124s][info][gc,stats    ]    Subphase: Pause Roots Teardown                          0.001 / 0.003         0.001 / 0.008         0.001 / 0.008         0.001 / 0.008       ms
[100.124s][info][gc,stats    ]    Subphase: Pause Roots Threads                           0.417 / 0.977         0.562 / 33.380        0.562 / 33.380        0.562 / 33.380      ms
[100.124s][info][gc,stats    ]    Subphase: Pause Roots Universe                          0.002 / 0.005         0.007 / 0.396         0.007 / 0.396         0.007 / 0.396       ms
[100.124s][info][gc,stats    ]    Subphase: Pause Roots VMWeakHandles                     0.000 / 0.000         0.000 / 0.000         0.000 / 0.000         0.000 / 0.000       ms
[100.124s][info][gc,stats    ]    Subphase: Pause Weak Roots                              0.002 / 0.002         0.002 / 0.008         0.002 / 0.008         0.002 / 0.008       ms
[100.124s][info][gc,stats    ]    Subphase: Pause Weak Roots JFRWeak                      0.001 / 0.001         0.001 / 0.001         0.001 / 0.001         0.001 / 0.001       ms
[100.124s][info][gc,stats    ]    Subphase: Pause Weak Roots JNIWeakHandles               0.000 / 0.000         0.000 / 0.000         0.000 / 0.000         0.000 / 0.000       ms
[100.124s][info][gc,stats    ]    Subphase: Pause Weak Roots JVMTIWeakExport              0.001 / 0.001         0.001 / 0.007         0.001 / 0.007         0.001 / 0.007       ms
[100.124s][info][gc,stats    ]    Subphase: Pause Weak Roots Setup                        0.000 / 0.000         0.000 / 0.000         0.000 / 0.000         0.000 / 0.000       ms
[100.124s][info][gc,stats    ]    Subphase: Pause Weak Roots StringTable                  0.000 / 0.000         0.000 / 0.000         0.000 / 0.000         0.000 / 0.000       ms
[100.124s][info][gc,stats    ]    Subphase: Pause Weak Roots SymbolTable                  0.000 / 0.000         0.000 / 0.000         0.000 / 0.000         0.000 / 0.000       ms
[100.124s][info][gc,stats    ]    Subphase: Pause Weak Roots Teardown                     0.001 / 0.001         0.001 / 0.001         0.001 / 0.001         0.001 / 0.001       ms
[100.124s][info][gc,stats    ]    Subphase: Pause Weak Roots VMWeakHandles                0.000 / 0.000         0.000 / 0.000         0.000 / 0.000         0.000 / 0.000       ms
[100.124s][info][gc,stats    ]      System: Java Threads                                    112 / 116              64 / 116              64 / 116              64 / 116         threads
[100.124s][info][gc,stats    ] =========================================================================================================================================================
[100.257s][info][gc,phases   ] GC(46) Concurrent Relocate 157.437ms
[100.257s][info][gc,load     ] GC(46) Load: 2.26/2.38/2.69
[100.257s][info][gc,mmu      ] GC(46) MMU: 2ms/0.0%, 5ms/0.0%, 10ms/0.0%, 20ms/0.0%, 50ms/24.1%, 100ms/62.1%
[100.257s][info][gc,marking  ] GC(46) Mark: 1 stripe(s), 3 proactive flush(es), 1 terminate flush(es), 0 completion(s), 0 continuation(s) 
[100.257s][info][gc,reloc    ] GC(46) Relocation: Successful, 40M relocated
[100.257s][info][gc,nmethod  ] GC(46) NMethods: 4241 registered, 4 unregistered
[100.257s][info][gc,metaspace] GC(46) Metaspace: 73M used, 77M capacity, 77M committed, 78M reserved
[100.257s][info][gc,ref      ] GC(46) Soft: 4914 encountered, 0 discovered, 0 enqueued
[100.257s][info][gc,ref      ] GC(46) Weak: 4808 encountered, 3823 discovered, 0 enqueued
[100.257s][info][gc,ref      ] GC(46) Final: 28 encountered, 0 discovered, 0 enqueued
[100.257s][info][gc,ref      ] GC(46) Phantom: 662 encountered, 658 discovered, 0 enqueued
[100.257s][info][gc,heap     ] GC(46)                Mark Start          Mark End        Relocate Start      Relocate End           High               Low         
[100.257s][info][gc,heap     ] GC(46)  Capacity:     1500M (100%)       1500M (100%)       1500M (100%)       1500M (100%)       1500M (100%)       1500M (100%)   
[100.257s][info][gc,heap     ] GC(46)   Reserve:       34M (2%)           34M (2%)           34M (2%)           34M (2%)           34M (2%)           34M (2%)     
[100.257s][info][gc,heap     ] GC(46)      Free:      776M (52%)         718M (48%)         782M (52%)        1100M (73%)        1106M (74%)         718M (48%)    
[100.257s][info][gc,heap     ] GC(46)      Used:      690M (46%)         748M (50%)         684M (46%)         366M (24%)         748M (50%)         360M (24%)    
[100.257s][info][gc,heap     ] GC(46)      Live:         -               241M (16%)         241M (16%)         241M (16%)            -                  -          
[100.257s][info][gc,heap     ] GC(46) Allocated:         -                58M (4%)           58M (4%)          138M (9%)             -                  -          
[100.257s][info][gc,heap     ] GC(46)   Garbage:         -               448M (30%)         384M (26%)           4M (0%)             -                  -          
[100.257s][info][gc,heap     ] GC(46) Reclaimed:         -                  -                64M (4%)          444M (30%)            -                  -          
[100.257s][info][gc          ] GC(46) Garbage Collection (Allocation Rate) 690M(46%)->366M(24%)
[100.525s][info][gc,start    ] GC(47) Garbage Collection (Allocation Rate)
[100.532s][info][gc,phases   ] GC(47) Pause Mark Start 4.399ms
[101.427s][info][gc,phases   ] GC(47) Concurrent Mark 894.591ms
[101.429s][info][gc,phases   ] GC(47) Pause Mark End 0.364ms
[101.431s][info][gc,phases   ] GC(47) Concurrent Process Non-Strong References 1.570ms
[101.431s][info][gc,phases   ] GC(47) Concurrent Reset Relocation Set 0.034ms
[101.431s][info][gc,phases   ] GC(47) Concurrent Destroy Detached Pages 0.000ms
[101.433s][info][gc,phases   ] GC(47) Concurrent Select Relocation Set 1.561ms
[101.435s][info][gc,phases   ] GC(47) Concurrent Prepare Relocation Set 1.823ms
[101.438s][info][gc,phases   ] GC(47) Pause Relocate Start 2.957ms
[101.597s][info][gc,phases   ] GC(47) Concurrent Relocate 156.952ms
[101.597s][info][gc,load     ] GC(47) Load: 2.26/2.38/2.69
[101.597s][info][gc,mmu      ] GC(47) MMU: 2ms/0.0%, 5ms/0.0%, 10ms/0.0%, 20ms/0.0%, 50ms/24.1%, 100ms/62.1%
[101.597s][info][gc,marking  ] GC(47) Mark: 1 stripe(s), 2 proactive flush(es), 1 terminate flush(es), 0 completion(s), 0 continuation(s) 
[101.597s][info][gc,reloc    ] GC(47) Relocation: Successful, 66M relocated
[101.597s][info][gc,nmethod  ] GC(47) NMethods: 4258 registered, 4 unregistered
[101.597s][info][gc,metaspace] GC(47) Metaspace: 73M used, 77M capacity, 77M committed, 78M reserved
[101.597s][info][gc,ref      ] GC(47) Soft: 4914 encountered, 0 discovered, 0 enqueued
[101.597s][info][gc,ref      ] GC(47) Weak: 5007 encountered, 4003 discovered, 141 enqueued
[101.597s][info][gc,ref      ] GC(47) Final: 28 encountered, 0 discovered, 0 enqueued
[101.597s][info][gc,ref      ] GC(47) Phantom: 662 encountered, 658 discovered, 0 enqueued
[101.597s][info][gc,heap     ] GC(47)                Mark Start          Mark End        Relocate Start      Relocate End           High               Low         
[101.597s][info][gc,heap     ] GC(47)  Capacity:     1500M (100%)       1500M (100%)       1500M (100%)       1500M (100%)       1500M (100%)       1500M (100%)   
[101.597s][info][gc,heap     ] GC(47)   Reserve:       34M (2%)           34M (2%)           34M (2%)           34M (2%)           34M (2%)           34M (2%)     
[101.597s][info][gc,heap     ] GC(47)      Free:      936M (62%)         694M (46%)         760M (51%)         892M (59%)         936M (62%)         694M (46%)    
[101.597s][info][gc,heap     ] GC(47)      Used:      530M (35%)         772M (51%)         706M (47%)         574M (38%)         772M (51%)         530M (35%)    
[101.597s][info][gc,heap     ] GC(47)      Live:         -               253M (17%)         253M (17%)         253M (17%)            -                  -          
[101.597s][info][gc,heap     ] GC(47) Allocated:         -               242M (16%)         242M (16%)         308M (21%)            -                  -          
[101.597s][info][gc,heap     ] GC(47)   Garbage:         -               276M (18%)         210M (14%)          64M (4%)             -                  -          
[101.597s][info][gc,heap     ] GC(47) Reclaimed:         -                  -                66M (4%)          212M (14%)            -                  -          
[101.597s][info][gc          ] GC(47) Garbage Collection (Allocation Rate) 530M(35%)->574M(38%)
[101.624s][info][gc,start    ] GC(48) Garbage Collection (Allocation Rate)
[101.630s][info][gc,phases   ] GC(48) Pause Mark Start 3.275ms
[102.775s][info][gc,phases   ] GC(48) Concurrent Mark 1145.307ms
[102.778s][info][gc,phases   ] GC(48) Pause Mark End 0.361ms
[102.780s][info][gc,phases   ] GC(48) Concurrent Process Non-Strong References 1.572ms
[102.780s][info][gc,phases   ] GC(48) Concurrent Reset Relocation Set 0.028ms
[102.780s][info][gc,phases   ] GC(48) Concurrent Destroy Detached Pages 0.001ms
[102.781s][info][gc,phases   ] GC(48) Concurrent Select Relocation Set 1.505ms
[102.783s][info][gc,phases   ] GC(48) Concurrent Prepare Relocation Set 1.613ms
[102.786s][info][gc,phases   ] GC(48) Pause Relocate Start 2.912ms
[102.911s][info][gc,phases   ] GC(48) Concurrent Relocate 118.809ms
[102.911s][info][gc,load     ] GC(48) Load: 2.24/2.37/2.68
[102.911s][info][gc,mmu      ] GC(48) MMU: 2ms/0.0%, 5ms/0.0%, 10ms/0.0%, 20ms/0.0%, 50ms/24.1%, 100ms/62.1%
[102.911s][info][gc,marking  ] GC(48) Mark: 1 stripe(s), 2 proactive flush(es), 1 terminate flush(es), 0 completion(s), 0 continuation(s) 
[102.911s][info][gc,reloc    ] GC(48) Relocation: Successful, 54M relocated
[102.911s][info][gc,nmethod  ] GC(48) NMethods: 4258 registered, 4 unregistered
[102.911s][info][gc,metaspace] GC(48) Metaspace: 73M used, 77M capacity, 77M committed, 78M reserved
[102.911s][info][gc,ref      ] GC(48) Soft: 4914 encountered, 0 discovered, 0 enqueued
[102.911s][info][gc,ref      ] GC(48) Weak: 4865 encountered, 3865 discovered, 5 enqueued
[102.911s][info][gc,ref      ] GC(48) Final: 28 encountered, 0 discovered, 0 enqueued
[102.911s][info][gc,ref      ] GC(48) Phantom: 662 encountered, 658 discovered, 0 enqueued
[102.911s][info][gc,heap     ] GC(48)                Mark Start          Mark End        Relocate Start      Relocate End           High               Low         
[102.911s][info][gc,heap     ] GC(48)  Capacity:     1500M (100%)       1500M (100%)       1500M (100%)       1500M (100%)       1500M (100%)       1500M (100%)   
[102.911s][info][gc,heap     ] GC(48)   Reserve:       34M (2%)           34M (2%)           34M (2%)           34M (2%)           34M (2%)           34M (2%)     
[102.911s][info][gc,heap     ] GC(48)      Free:      878M (59%)         622M (41%)         628M (42%)         862M (57%)         878M (59%)         622M (41%)    
[102.911s][info][gc,heap     ] GC(48)      Used:      588M (39%)         844M (56%)         838M (56%)         604M (40%)         844M (56%)         588M (39%)    
[102.911s][info][gc,heap     ] GC(48)      Live:         -               272M (18%)         272M (18%)         272M (18%)            -                  -          
[102.911s][info][gc,heap     ] GC(48) Allocated:         -               256M (17%)         256M (17%)         308M (21%)            -                  -          
[102.911s][info][gc,heap     ] GC(48)   Garbage:         -               315M (21%)         309M (21%)          73M (5%)             -                  -          
[102.911s][info][gc,heap     ] GC(48) Reclaimed:         -                  -                 6M (0%)          242M (16%)            -                  -          
[102.911s][info][gc          ] GC(48) Garbage Collection (Allocation Rate) 588M(39%)->604M(40%)
[103.692s][info][gc,heap     ] Page Cache Flushed: 6M requested, 8M(744M->736M) flushed
[103.824s][info][gc,start    ] GC(49) Garbage Collection (Allocation Rate)
[103.830s][info][gc,phases   ] GC(49) Pause Mark Start 3.294ms
[103.932s][info][gc,heap     ] Page Cache Flushed: 8M requested, 8M(646M->638M) flushed
[104.718s][info][gc,phases   ] GC(49) Concurrent Mark 888.058ms
[104.721s][info][gc,phases   ] GC(49) Pause Mark End 0.343ms
[104.723s][info][gc,phases   ] GC(49) Concurrent Process Non-Strong References 1.573ms
[104.724s][info][gc,phases   ] GC(49) Concurrent Reset Relocation Set 0.043ms
[104.724s][info][gc,phases   ] GC(49) Concurrent Destroy Detached Pages 0.003ms
[104.726s][info][gc,phases   ] GC(49) Concurrent Select Relocation Set 2.118ms
[104.727s][info][gc,phases   ] GC(49) Concurrent Prepare Relocation Set 1.364ms
[104.736s][info][gc,phases   ] GC(49) Pause Relocate Start 5.079ms
[104.854s][info][gc,phases   ] GC(49) Concurrent Relocate 117.275ms
[104.854s][info][gc,load     ] GC(49) Load: 2.24/2.37/2.68
[104.854s][info][gc,mmu      ] GC(49) MMU: 2ms/0.0%, 5ms/0.0%, 10ms/0.0%, 20ms/0.0%, 50ms/24.1%, 100ms/62.1%
[104.854s][info][gc,marking  ] GC(49) Mark: 1 stripe(s), 2 proactive flush(es), 1 terminate flush(es), 0 completion(s), 0 continuation(s) 
[104.854s][info][gc,reloc    ] GC(49) Relocation: Successful, 45M relocated
[104.854s][info][gc,nmethod  ] GC(49) NMethods: 4314 registered, 4 unregistered
[104.854s][info][gc,metaspace] GC(49) Metaspace: 73M used, 77M capacity, 77M committed, 78M reserved
[104.854s][info][gc,ref      ] GC(49) Soft: 4917 encountered, 0 discovered, 0 enqueued
[104.854s][info][gc,ref      ] GC(49) Weak: 5086 encountered, 4028 discovered, 84 enqueued
[104.854s][info][gc,ref      ] GC(49) Final: 28 encountered, 0 discovered, 0 enqueued
[104.854s][info][gc,ref      ] GC(49) Phantom: 662 encountered, 658 discovered, 0 enqueued
[104.854s][info][gc,heap     ] GC(49)                Mark Start          Mark End        Relocate Start      Relocate End           High               Low         
[104.854s][info][gc,heap     ] GC(49)  Capacity:     1500M (100%)       1500M (100%)       1500M (100%)       1500M (100%)       1500M (100%)       1500M (100%)   
[104.855s][info][gc,heap     ] GC(49)   Reserve:       34M (2%)           34M (2%)           34M (2%)           34M (2%)           34M (2%)           34M (2%)     
[104.855s][info][gc,heap     ] GC(49)      Free:      672M (45%)         418M (28%)         812M (54%)         950M (63%)         950M (63%)         416M (28%)    
[104.855s][info][gc,heap     ] GC(49)      Used:      794M (53%)        1048M (70%)         654M (44%)         516M (34%)        1050M (70%)         516M (34%)    
[104.855s][info][gc,heap     ] GC(49)      Live:         -               232M (15%)         232M (15%)         232M (15%)            -                  -          
[104.855s][info][gc,heap     ] GC(49) Allocated:         -               254M (17%)         256M (17%)         310M (21%)            -                  -          
[104.855s][info][gc,heap     ] GC(49)   Garbage:         -               561M (37%)         165M (11%)          23M (2%)             -                  -          
[104.855s][info][gc,heap     ] GC(49) Reclaimed:         -                  -               396M (26%)         538M (36%)            -                  -          
[104.855s][info][gc          ] GC(49) Garbage Collection (Allocation Rate) 794M(53%)->516M(34%)
[104.924s][info][gc,start    ] GC(50) Garbage Collection (Allocation Rate)
[104.930s][info][gc,phases   ] GC(50) Pause Mark Start 3.211ms
[105.950s][info][gc,phases   ] GC(50) Concurrent Mark 1020.201ms
[105.953s][info][gc,phases   ] GC(50) Pause Mark End 0.346ms
[105.955s][info][gc,phases   ] GC(50) Concurrent Process Non-Strong References 1.574ms
[105.955s][info][gc,phases   ] GC(50) Concurrent Reset Relocation Set 0.019ms
[105.955s][info][gc,phases   ] GC(50) Concurrent Destroy Detached Pages 0.000ms
[105.956s][info][gc,phases   ] GC(50) Concurrent Select Relocation Set 1.565ms
[105.958s][info][gc,phases   ] GC(50) Concurrent Prepare Relocation Set 1.941ms
[105.962s][info][gc,phases   ] GC(50) Pause Relocate Start 2.935ms
[106.150s][info][gc,phases   ] GC(50) Concurrent Relocate 185.989ms
[106.150s][info][gc,load     ] GC(50) Load: 2.24/2.37/2.68
[106.150s][info][gc,mmu      ] GC(50) MMU: 2ms/0.0%, 5ms/0.0%, 10ms/0.0%, 20ms/0.0%, 50ms/24.1%, 100ms/62.1%
[106.150s][info][gc,marking  ] GC(50) Mark: 1 stripe(s), 2 proactive flush(es), 1 terminate flush(es), 0 completion(s), 0 continuation(s) 
[106.150s][info][gc,reloc    ] GC(50) Relocation: Successful, 64M relocated
[106.150s][info][gc,nmethod  ] GC(50) NMethods: 4314 registered, 4 unregistered
[106.150s][info][gc,metaspace] GC(50) Metaspace: 73M used, 77M capacity, 77M committed, 78M reserved
[106.150s][info][gc,ref      ] GC(50) Soft: 4917 encountered, 0 discovered, 0 enqueued
[106.150s][info][gc,ref      ] GC(50) Weak: 5001 encountered, 3948 discovered, 81 enqueued
[106.150s][info][gc,ref      ] GC(50) Final: 28 encountered, 0 discovered, 0 enqueued
[106.150s][info][gc,ref      ] GC(50) Phantom: 662 encountered, 658 discovered, 0 enqueued
[106.150s][info][gc,heap     ] GC(50)                Mark Start          Mark End        Relocate Start      Relocate End           High               Low         
[106.150s][info][gc,heap     ] GC(50)  Capacity:     1500M (100%)       1500M (100%)       1500M (100%)       1500M (100%)       1500M (100%)       1500M (100%)   
[106.150s][info][gc,heap     ] GC(50)   Reserve:       34M (2%)           34M (2%)           34M (2%)           34M (2%)           34M (2%)           34M (2%)     
[106.150s][info][gc,heap     ] GC(50)      Free:      918M (61%)         652M (43%)         674M (45%)         864M (58%)         918M (61%)         652M (43%)    
[106.150s][info][gc,heap     ] GC(50)      Used:      548M (37%)         814M (54%)         792M (53%)         602M (40%)         814M (54%)         548M (37%)    
[106.150s][info][gc,heap     ] GC(50)      Live:         -               263M (18%)         263M (18%)         263M (18%)            -                  -          
[106.150s][info][gc,heap     ] GC(50) Allocated:         -               266M (18%)         266M (18%)         336M (22%)            -                  -          
[106.150s][info][gc,heap     ] GC(50)   Garbage:         -               284M (19%)         262M (18%)          64M (4%)             -                  -          
[106.150s][info][gc,heap     ] GC(50) Reclaimed:         -                  -                22M (1%)          220M (15%)            -                  -          
[106.150s][info][gc          ] GC(50) Garbage Collection (Allocation Rate) 548M(37%)->602M(40%)
[106.224s][info][gc,start    ] GC(51) Garbage Collection (Allocation Rate)
[106.230s][info][gc,phases   ] GC(51) Pause Mark Start 3.372ms
[107.495s][info][gc,phases   ] GC(51) Concurrent Mark 1265.378ms
[107.498s][info][gc,phases   ] GC(51) Pause Mark End 0.385ms
[107.500s][info][gc,phases   ] GC(51) Concurrent Process Non-Strong References 1.696ms
[107.500s][info][gc,phases   ] GC(51) Concurrent Reset Relocation Set 0.039ms
[107.500s][info][gc,phases   ] GC(51) Concurrent Destroy Detached Pages 0.000ms
[107.502s][info][gc,phases   ] GC(51) Concurrent Select Relocation Set 1.506ms
[107.503s][info][gc,phases   ] GC(51) Concurrent Prepare Relocation Set 1.343ms
[107.506s][info][gc,phases   ] GC(51) Pause Relocate Start 2.958ms
[107.647s][info][gc,phases   ] GC(51) Concurrent Relocate 135.163ms
[107.647s][info][gc,load     ] GC(51) Load: 2.24/2.37/2.68
[107.647s][info][gc,mmu      ] GC(51) MMU: 2ms/0.0%, 5ms/0.0%, 10ms/0.0%, 20ms/0.0%, 50ms/24.1%, 100ms/62.1%
[107.647s][info][gc,marking  ] GC(51) Mark: 1 stripe(s), 2 proactive flush(es), 1 terminate flush(es), 0 completion(s), 0 continuation(s) 
[107.647s][info][gc,reloc    ] GC(51) Relocation: Successful, 48M relocated
[107.647s][info][gc,nmethod  ] GC(51) NMethods: 4314 registered, 4 unregistered
[107.647s][info][gc,metaspace] GC(51) Metaspace: 73M used, 77M capacity, 77M committed, 78M reserved
[107.647s][info][gc,ref      ] GC(51) Soft: 4917 encountered, 0 discovered, 0 enqueued
[107.647s][info][gc,ref      ] GC(51) Weak: 4920 encountered, 3866 discovered, 0 enqueued
[107.647s][info][gc,ref      ] GC(51) Final: 28 encountered, 0 discovered, 0 enqueued
[107.647s][info][gc,ref      ] GC(51) Phantom: 662 encountered, 658 discovered, 0 enqueued
[107.647s][info][gc,heap     ] GC(51)                Mark Start          Mark End        Relocate Start      Relocate End           High               Low         
[107.647s][info][gc,heap     ] GC(51)  Capacity:     1500M (100%)       1500M (100%)       1500M (100%)       1500M (100%)       1500M (100%)       1500M (100%)   
[107.647s][info][gc,heap     ] GC(51)   Reserve:       34M (2%)           34M (2%)           34M (2%)           34M (2%)           34M (2%)           34M (2%)     
[107.647s][info][gc,heap     ] GC(51)      Free:      818M (55%)         708M (47%)         708M (47%)        1022M (68%)        1022M (68%)         706M (47%)    
[107.647s][info][gc,heap     ] GC(51)      Used:      648M (43%)         758M (51%)         758M (51%)         444M (30%)         760M (51%)         444M (30%)    
[107.647s][info][gc,heap     ] GC(51)      Live:         -               295M (20%)         295M (20%)         295M (20%)            -                  -          
[107.647s][info][gc,heap     ] GC(51) Allocated:         -               110M (7%)          110M (7%)          130M (9%)             -                  -          
[107.647s][info][gc,heap     ] GC(51)   Garbage:         -               352M (24%)         352M (24%)          38M (3%)             -                  -          
[107.647s][info][gc,heap     ] GC(51) Reclaimed:         -                  -                 0M (0%)          314M (21%)            -                  -          
[107.647s][info][gc          ] GC(51) Garbage Collection (Allocation Rate) 648M(43%)->444M(30%)
[108.224s][info][gc,start    ] GC(52) Garbage Collection (Allocation Rate)
[108.230s][info][gc,phases   ] GC(52) Pause Mark Start 3.382ms
[109.106s][info][gc,heap     ] Page Cache Flushed: 10M requested, 12M(580M->568M) flushed
[109.224s][info][gc,phases   ] GC(52) Concurrent Mark 994.568ms
[109.227s][info][gc,phases   ] GC(52) Pause Mark End 0.363ms
[109.229s][info][gc,phases   ] GC(52) Concurrent Process Non-Strong References 1.645ms
[109.229s][info][gc,phases   ] GC(52) Concurrent Reset Relocation Set 0.037ms
[109.229s][info][gc,phases   ] GC(52) Concurrent Destroy Detached Pages 0.003ms
[109.231s][info][gc,phases   ] GC(52) Concurrent Select Relocation Set 1.517ms
[109.232s][info][gc,phases   ] GC(52) Concurrent Prepare Relocation Set 1.639ms
[109.236s][info][gc,phases   ] GC(52) Pause Relocate Start 2.995ms
[109.387s][info][gc,phases   ] GC(52) Concurrent Relocate 147.246ms
[109.387s][info][gc,load     ] GC(52) Load: 2.14/2.35/2.68
[109.387s][info][gc,mmu      ] GC(52) MMU: 2ms/0.0%, 5ms/0.0%, 10ms/0.0%, 20ms/0.0%, 50ms/24.1%, 100ms/62.1%
[109.387s][info][gc,marking  ] GC(52) Mark: 1 stripe(s), 2 proactive flush(es), 1 terminate flush(es), 0 completion(s), 0 continuation(s) 
[109.387s][info][gc,reloc    ] GC(52) Relocation: Successful, 63M relocated
[109.387s][info][gc,nmethod  ] GC(52) NMethods: 4335 registered, 4 unregistered
[109.387s][info][gc,metaspace] GC(52) Metaspace: 73M used, 77M capacity, 77M committed, 78M reserved
[109.387s][info][gc,ref      ] GC(52) Soft: 4918 encountered, 0 discovered, 0 enqueued
[109.387s][info][gc,ref      ] GC(52) Weak: 4883 encountered, 3830 discovered, 24 enqueued
[109.387s][info][gc,ref      ] GC(52) Final: 28 encountered, 0 discovered, 0 enqueued
[109.387s][info][gc,ref      ] GC(52) Phantom: 662 encountered, 658 discovered, 0 enqueued
[109.387s][info][gc,heap     ] GC(52)                Mark Start          Mark End        Relocate Start      Relocate End           High               Low         
[109.387s][info][gc,heap     ] GC(52)  Capacity:     1500M (100%)       1500M (100%)       1500M (100%)       1500M (100%)       1500M (100%)       1500M (100%)   
[109.387s][info][gc,heap     ] GC(52)   Reserve:       34M (2%)           34M (2%)           34M (2%)           34M (2%)           34M (2%)           34M (2%)     
[109.387s][info][gc,heap     ] GC(52)      Free:      832M (55%)         554M (37%)         776M (52%)         856M (57%)         858M (57%)         554M (37%)    
[109.387s][info][gc,heap     ] GC(52)      Used:      634M (42%)         912M (61%)         690M (46%)         610M (41%)         912M (61%)         608M (41%)    
[109.387s][info][gc,heap     ] GC(52)      Live:         -               254M (17%)         254M (17%)         254M (17%)            -                  -          
[109.387s][info][gc,heap     ] GC(52) Allocated:         -               278M (19%)         278M (19%)         346M (23%)            -                  -          
[109.387s][info][gc,heap     ] GC(52)   Garbage:         -               379M (25%)         157M (11%)          45M (3%)             -                  -          
[109.387s][info][gc,heap     ] GC(52) Reclaimed:         -                  -               222M (15%)         334M (22%)            -                  -          
[109.387s][info][gc          ] GC(52) Garbage Collection (Allocation Rate) 634M(42%)->610M(41%)
[109.424s][info][gc,start    ] GC(53) Garbage Collection (Allocation Rate)
[109.430s][info][gc,phases   ] GC(53) Pause Mark Start 3.502ms
[110.124s][info][gc,stats    ] === Garbage Collection Statistics =======================================================================================================================
[110.124s][info][gc,stats    ]                                                              Last 10s              Last 10m              Last 10h                Total
[110.125s][info][gc,stats    ]                                                              Avg / Max             Avg / Max             Avg / Max             Avg / Max
[110.125s][info][gc,stats    ]   Collector: Garbage Collection Cycle                   1233.576 / 1432.984    967.819 / 3103.183    967.819 / 3103.183    967.819 / 3103.183    ms
[110.125s][info][gc,stats    ]  Contention: Mark Segment Reset Contention                     0 / 0                 0 / 0                 0 / 0                 0 / 0           ops/s
[110.125s][info][gc,stats    ]  Contention: Mark SeqNum Reset Contention                      0 / 0                 0 / 0                 0 / 0                 0 / 0           ops/s
[110.125s][info][gc,stats    ]  Contention: Relocation Contention                             0 / 1                 0 / 2                 0 / 2                 0 / 2           ops/s
[110.125s][info][gc,stats    ]    Critical: Allocation Stall                              0.000 / 0.000         0.000 / 0.000         0.000 / 0.000         0.000 / 0.000       ms
[110.125s][info][gc,stats    ]    Critical: Allocation Stall                                  0 / 0                 0 / 0                 0 / 0                 0 / 0           ops/s
[110.125s][info][gc,stats    ]    Critical: GC Locker Stall                               0.000 / 0.000         0.005 / 0.013         0.005 / 0.013         0.005 / 0.013       ms
[110.125s][info][gc,stats    ]    Critical: GC Locker Stall                                   0 / 0                 0 / 1                 0 / 1                 0 / 1           ops/s
[110.125s][info][gc,stats    ]      Memory: Allocation Rate                                 245 / 368             205 / 1250            205 / 1250            205 / 1250        MB/s
[110.125s][info][gc,stats    ]      Memory: Heap Used After Mark                            858 / 1048            801 / 1390            801 / 1390            801 / 1390        MB
[110.125s][info][gc,stats    ]      Memory: Heap Used After Relocation                      530 / 610             415 / 976             415 / 976             415 / 976         MB
[110.125s][info][gc,stats    ]      Memory: Heap Used Before Mark                           624 / 794             634 / 1222            634 / 1222            634 / 1222        MB
[110.125s][info][gc,stats    ]      Memory: Heap Used Before Relocation                     739 / 838             560 / 1280            560 / 1280            560 / 1280        MB
[110.125s][info][gc,stats    ]      Memory: Out Of Memory                                     0 / 0                 0 / 0                 0 / 0                 0 / 0           ops/s
[110.125s][info][gc,stats    ]      Memory: Page Cache Flush                                  2 / 16                1 / 38                1 / 38                1 / 38          MB/s
[110.125s][info][gc,stats    ]      Memory: Page Cache Hit L1                               118 / 180              93 / 628              93 / 628              93 / 628         ops/s
[110.125s][info][gc,stats    ]      Memory: Page Cache Hit L2                                 0 / 0                 0 / 0                 0 / 0                 0 / 0           ops/s
[110.125s][info][gc,stats    ]      Memory: Page Cache Miss                                   0 / 2                 5 / 116               5 / 116               5 / 116         ops/s
[110.125s][info][gc,stats    ]      Memory: Undo Object Allocation Failed                     0 / 0                 0 / 0                 0 / 0                 0 / 0           ops/s
[110.125s][info][gc,stats    ]      Memory: Undo Object Allocation Succeeded                  0 / 1                 0 / 2                 0 / 2                 0 / 2           ops/s
[110.125s][info][gc,stats    ]      Memory: Undo Page Allocation                              0 / 0                 0 / 0                 0 / 0                 0 / 0           ops/s
[110.125s][info][gc,stats    ]       Phase: Concurrent Destroy Detached Pages             0.001 / 0.003         0.001 / 0.008         0.001 / 0.008         0.001 / 0.008       ms
[110.125s][info][gc,stats    ]       Phase: Concurrent Mark                            1034.684 / 1265.378    822.370 / 3088.489    822.370 / 3088.489    822.370 / 3088.489    ms
[110.125s][info][gc,stats    ]       Phase: Concurrent Mark Continue                      0.000 / 0.000         0.000 / 0.000         0.000 / 0.000         0.000 / 0.000       ms
[110.125s][info][gc,stats    ]       Phase: Concurrent Prepare Relocation Set             1.621 / 1.941         3.150 / 67.620        3.150 / 67.620        3.150 / 67.620      ms
[110.125s][info][gc,stats    ]       Phase: Concurrent Process Non-Strong References      1.605 / 1.696         2.236 / 7.675         2.236 / 7.675         2.236 / 7.675       ms
[110.125s][info][gc,stats    ]       Phase: Concurrent Relocate                         145.553 / 185.989     121.466 / 704.555     121.466 / 704.555     121.466 / 704.555     ms
[110.125s][info][gc,stats    ]       Phase: Concurrent Reset Relocation Set               0.033 / 0.043         0.027 / 0.107         0.027 / 0.107         0.027 / 0.107       ms
[110.125s][info][gc,stats    ]       Phase: Concurrent Select Relocation Set              1.629 / 2.118         2.344 / 9.873         2.344 / 9.873         2.344 / 9.873       ms
[110.125s][info][gc,stats    ]       Phase: Pause Mark End                                0.360 / 0.385         0.290 / 0.650         0.290 / 0.650         0.290 / 0.650       ms
[110.125s][info][gc,stats    ]       Phase: Pause Mark Start                              3.491 / 4.399         3.652 / 37.948        3.652 / 37.948        3.652 / 37.948      ms
[110.125s][info][gc,stats    ]       Phase: Pause Relocate Start                          3.306 / 5.079         2.957 / 8.565         2.957 / 8.565         2.957 / 8.565       ms
[110.125s][info][gc,stats    ]    Subphase: Concurrent Mark                            1032.105 / 1259.513    820.729 / 3088.467    820.729 / 3088.467    820.729 / 3088.467    ms
[110.125s][info][gc,stats    ]    Subphase: Concurrent Mark Idle                          0.000 / 0.000         0.000 / 0.000         0.000 / 0.000         0.000 / 0.000       ms
[110.125s][info][gc,stats    ]    Subphase: Concurrent Mark Try Flush                     1.062 / 4.400         1.607 / 15.958        1.607 / 15.958        1.607 / 15.958      ms
[110.125s][info][gc,stats    ]    Subphase: Concurrent Mark Try Terminate                 0.493 / 1.025         0.549 / 3.939         0.549 / 3.939         0.549 / 3.939       ms
[110.125s][info][gc,stats    ]    Subphase: Concurrent References Enqueue                 0.002 / 0.003         0.002 / 0.008         0.002 / 0.008         0.002 / 0.008       ms
[110.125s][info][gc,stats    ]    Subphase: Concurrent References Process                 0.794 / 0.849         0.956 / 4.050         0.956 / 4.050         0.956 / 4.050       ms
[110.125s][info][gc,stats    ]    Subphase: Concurrent Weak Roots                         0.799 / 0.876         0.975 / 4.441         0.975 / 4.441         0.975 / 4.441       ms
[110.125s][info][gc,stats    ]    Subphase: Concurrent Weak Roots JNIWeakHandles          0.000 / 0.000         0.000 / 0.001         0.000 / 0.001         0.000 / 0.001       ms
[110.125s][info][gc,stats    ]    Subphase: Concurrent Weak Roots StringTable             0.601 / 0.681         0.738 / 3.945         0.738 / 3.945         0.738 / 3.945       ms
[110.125s][info][gc,stats    ]    Subphase: Concurrent Weak Roots VMWeakHandles           0.196 / 0.209         0.235 / 1.288         0.235 / 1.288         0.235 / 1.288       ms
[110.125s][info][gc,stats    ]    Subphase: Pause Mark Try Complete                       0.000 / 0.000         0.000 / 0.000         0.000 / 0.000         0.000 / 0.000       ms
[110.125s][info][gc,stats    ]    Subphase: Pause Remap TLABS                             0.002 / 0.004         0.002 / 0.005         0.002 / 0.005         0.002 / 0.005       ms
[110.125s][info][gc,stats    ]    Subphase: Pause Retire TLABS                            0.021 / 0.037         0.017 / 0.038         0.017 / 0.038         0.017 / 0.038       ms
[110.125s][info][gc,stats    ]    Subphase: Pause Roots                                   2.161 / 4.557         2.053 / 35.245        2.053 / 35.245        2.053 / 35.245      ms
[110.125s][info][gc,stats    ]    Subphase: Pause Roots ClassLoaderDataGraph              0.813 / 1.618         0.752 / 1.750         0.752 / 1.750         0.752 / 1.750       ms
[110.125s][info][gc,stats    ]    Subphase: Pause Roots CodeCache                         1.711 / 2.472         1.475 / 6.618         1.475 / 6.618         1.475 / 6.618       ms
[110.125s][info][gc,stats    ]    Subphase: Pause Roots JNIHandles                        0.003 / 0.008         0.002 / 0.052         0.002 / 0.052         0.002 / 0.052       ms
[110.125s][info][gc,stats    ]    Subphase: Pause Roots JNIWeakHandles                    0.000 / 0.000         0.000 / 0.000         0.000 / 0.000         0.000 / 0.000       ms
[110.125s][info][gc,stats    ]    Subphase: Pause Roots JRFWeak                           0.000 / 0.000         0.000 / 0.000         0.000 / 0.000         0.000 / 0.000       ms
[110.125s][info][gc,stats    ]    Subphase: Pause Roots JVMTIExport                       0.001 / 0.001         0.001 / 0.002         0.001 / 0.002         0.001 / 0.002       ms
[110.125s][info][gc,stats    ]    Subphase: Pause Roots JVMTIWeakExport                   0.001 / 0.002         0.001 / 0.002         0.001 / 0.002         0.001 / 0.002       ms
[110.125s][info][gc,stats    ]    Subphase: Pause Roots Management                        0.002 / 0.003         0.001 / 0.005         0.001 / 0.005         0.001 / 0.005       ms
[110.125s][info][gc,stats    ]    Subphase: Pause Roots ObjectSynchronizer                0.000 / 0.001         0.000 / 0.001         0.000 / 0.001         0.000 / 0.001       ms
[110.125s][info][gc,stats    ]    Subphase: Pause Roots Setup                             0.229 / 0.454         0.187 / 0.456         0.187 / 0.456         0.187 / 0.456       ms
[110.125s][info][gc,stats    ]    Subphase: Pause Roots StringTable                       0.000 / 0.000         0.000 / 0.000         0.000 / 0.000         0.000 / 0.000       ms
[110.125s][info][gc,stats    ]    Subphase: Pause Roots SystemDictionary                  0.014 / 0.022         0.014 / 0.056         0.014 / 0.056         0.014 / 0.056       ms
[110.125s][info][gc,stats    ]    Subphase: Pause Roots Teardown                          0.001 / 0.002         0.001 / 0.008         0.001 / 0.008         0.001 / 0.008       ms
[110.125s][info][gc,stats    ]    Subphase: Pause Roots Threads                           0.415 / 0.867         0.544 / 33.380        0.544 / 33.380        0.544 / 33.380      ms
[110.125s][info][gc,stats    ]    Subphase: Pause Roots Universe                          0.002 / 0.005         0.006 / 0.396         0.006 / 0.396         0.006 / 0.396       ms
[110.125s][info][gc,stats    ]    Subphase: Pause Roots VMWeakHandles                     0.000 / 0.000         0.000 / 0.000         0.000 / 0.000         0.000 / 0.000       ms
[110.125s][info][gc,stats    ]    Subphase: Pause Weak Roots                              0.002 / 0.002         0.002 / 0.008         0.002 / 0.008         0.002 / 0.008       ms
[110.125s][info][gc,stats    ]    Subphase: Pause Weak Roots JFRWeak                      0.001 / 0.001         0.001 / 0.001         0.001 / 0.001         0.001 / 0.001       ms
[110.125s][info][gc,stats    ]    Subphase: Pause Weak Roots JNIWeakHandles               0.000 / 0.000         0.000 / 0.000         0.000 / 0.000         0.000 / 0.000       ms
[110.125s][info][gc,stats    ]    Subphase: Pause Weak Roots JVMTIWeakExport              0.001 / 0.001         0.001 / 0.007         0.001 / 0.007         0.001 / 0.007       ms
[110.125s][info][gc,stats    ]    Subphase: Pause Weak Roots Setup                        0.000 / 0.000         0.000 / 0.000         0.000 / 0.000         0.000 / 0.000       ms
[110.125s][info][gc,stats    ]    Subphase: Pause Weak Roots StringTable                  0.000 / 0.000         0.000 / 0.000         0.000 / 0.000         0.000 / 0.000       ms
[110.125s][info][gc,stats    ]    Subphase: Pause Weak Roots SymbolTable                  0.000 / 0.000         0.000 / 0.000         0.000 / 0.000         0.000 / 0.000       ms
[110.125s][info][gc,stats    ]    Subphase: Pause Weak Roots Teardown                     0.001 / 0.001         0.001 / 0.001         0.001 / 0.001         0.001 / 0.001       ms
[110.125s][info][gc,stats    ]    Subphase: Pause Weak Roots VMWeakHandles                0.000 / 0.000         0.000 / 0.000         0.000 / 0.000         0.000 / 0.000       ms
[110.125s][info][gc,stats    ]      System: Java Threads                                    116 / 117              70 / 117              70 / 117              70 / 117         threads
[110.125s][info][gc,stats    ] =========================================================================================================================================================
[110.614s][info][gc,phases   ] GC(53) Concurrent Mark 1183.153ms
[110.616s][info][gc,phases   ] GC(53) Pause Mark End 0.334ms
[110.618s][info][gc,phases   ] GC(53) Concurrent Process Non-Strong References 1.551ms
[110.618s][info][gc,phases   ] GC(53) Concurrent Reset Relocation Set 0.021ms
[110.618s][info][gc,phases   ] GC(53) Concurrent Destroy Detached Pages 0.000ms
[110.620s][info][gc,phases   ] GC(53) Concurrent Select Relocation Set 1.723ms
[110.622s][info][gc,phases   ] GC(53) Concurrent Prepare Relocation Set 2.002ms
[110.625s][info][gc,phases   ] GC(53) Pause Relocate Start 3.015ms
[110.805s][info][gc,phases   ] GC(53) Concurrent Relocate 176.303ms
[110.805s][info][gc,load     ] GC(53) Load: 2.14/2.35/2.68
[110.805s][info][gc,mmu      ] GC(53) MMU: 2ms/0.0%, 5ms/0.0%, 10ms/0.0%, 20ms/0.0%, 50ms/24.1%, 100ms/62.1%
[110.805s][info][gc,marking  ] GC(53) Mark: 1 stripe(s), 2 proactive flush(es), 1 terminate flush(es), 0 completion(s), 0 continuation(s) 
[110.805s][info][gc,reloc    ] GC(53) Relocation: Successful, 60M relocated
[110.805s][info][gc,nmethod  ] GC(53) NMethods: 4335 registered, 4 unregistered
[110.805s][info][gc,metaspace] GC(53) Metaspace: 73M used, 77M capacity, 77M committed, 78M reserved
[110.805s][info][gc,ref      ] GC(53) Soft: 4918 encountered, 0 discovered, 0 enqueued
[110.805s][info][gc,ref      ] GC(53) Weak: 4860 encountered, 3805 discovered, 1 enqueued
[110.805s][info][gc,ref      ] GC(53) Final: 28 encountered, 0 discovered, 0 enqueued
[110.805s][info][gc,ref      ] GC(53) Phantom: 662 encountered, 658 discovered, 0 enqueued
[110.805s][info][gc,heap     ] GC(53)                Mark Start          Mark End        Relocate Start      Relocate End           High               Low         
[110.805s][info][gc,heap     ] GC(53)  Capacity:     1500M (100%)       1500M (100%)       1500M (100%)       1500M (100%)       1500M (100%)       1500M (100%)   
[110.805s][info][gc,heap     ] GC(53)   Reserve:       34M (2%)           34M (2%)           34M (2%)           34M (2%)           34M (2%)           34M (2%)     
[110.805s][info][gc,heap     ] GC(53)      Free:      838M (56%)         558M (37%)         606M (40%)         878M (59%)         878M (59%)         558M (37%)    
[110.805s][info][gc,heap     ] GC(53)      Used:      628M (42%)         908M (61%)         860M (57%)         588M (39%)         908M (61%)         588M (39%)    
[110.805s][info][gc,heap     ] GC(53)      Live:         -               267M (18%)         267M (18%)         267M (18%)            -                  -          
[110.805s][info][gc,heap     ] GC(53) Allocated:         -               280M (19%)         280M (19%)         312M (21%)            -                  -          
[110.805s][info][gc,heap     ] GC(53)   Garbage:         -               360M (24%)         312M (21%)          40M (3%)             -                  -          
[110.805s][info][gc,heap     ] GC(53) Reclaimed:         -                  -                48M (3%)          320M (21%)            -                  -          
[110.805s][info][gc          ] GC(53) Garbage Collection (Allocation Rate) 628M(42%)->588M(39%)
[111.024s][info][gc,start    ] GC(54) Garbage Collection (Allocation Rate)
[111.033s][info][gc,phases   ] GC(54) Pause Mark Start 6.186ms
[112.164s][info][gc,phases   ] GC(54) Concurrent Mark 1130.548ms
[112.171s][info][gc,phases   ] GC(54) Pause Mark End 0.405ms
[112.178s][info][gc,phases   ] GC(54) Concurrent Process Non-Strong References 6.801ms
[112.178s][info][gc,phases   ] GC(54) Concurrent Reset Relocation Set 0.045ms
[112.178s][info][gc,phases   ] GC(54) Concurrent Destroy Detached Pages 0.001ms
[112.180s][info][gc,phases   ] GC(54) Concurrent Select Relocation Set 1.601ms
[112.181s][info][gc,phases   ] GC(54) Concurrent Prepare Relocation Set 1.305ms
[112.191s][info][gc,phases   ] GC(54) Pause Relocate Start 2.847ms
[112.344s][info][gc,phases   ] GC(54) Concurrent Relocate 152.974ms
[112.344s][info][gc,load     ] GC(54) Load: 2.14/2.35/2.68
[112.344s][info][gc,mmu      ] GC(54) MMU: 2ms/0.0%, 5ms/0.0%, 10ms/0.0%, 20ms/0.0%, 50ms/24.1%, 100ms/62.1%
[112.344s][info][gc,marking  ] GC(54) Mark: 1 stripe(s), 2 proactive flush(es), 1 terminate flush(es), 0 completion(s), 0 continuation(s) 
[112.344s][info][gc,reloc    ] GC(54) Relocation: Successful, 39M relocated
[112.344s][info][gc,nmethod  ] GC(54) NMethods: 4366 registered, 4 unregistered
[112.344s][info][gc,metaspace] GC(54) Metaspace: 73M used, 77M capacity, 77M committed, 78M reserved
[112.344s][info][gc,ref      ] GC(54) Soft: 4918 encountered, 0 discovered, 0 enqueued
[112.344s][info][gc,ref      ] GC(54) Weak: 4856 encountered, 3825 discovered, 0 enqueued
[112.344s][info][gc,ref      ] GC(54) Final: 28 encountered, 0 discovered, 0 enqueued
[112.344s][info][gc,ref      ] GC(54) Phantom: 662 encountered, 658 discovered, 0 enqueued
[112.344s][info][gc,heap     ] GC(54)                Mark Start          Mark End        Relocate Start      Relocate End           High               Low         
[112.344s][info][gc,heap     ] GC(54)  Capacity:     1500M (100%)       1500M (100%)       1500M (100%)       1500M (100%)       1500M (100%)       1500M (100%)   
[112.344s][info][gc,heap     ] GC(54)   Reserve:       34M (2%)           34M (2%)           34M (2%)           34M (2%)           34M (2%)           34M (2%)     
[112.344s][info][gc,heap     ] GC(54)      Free:      774M (52%)         700M (47%)         758M (51%)        1126M (75%)        1126M (75%)         700M (47%)    
[112.344s][info][gc,heap     ] GC(54)      Used:      692M (46%)         766M (51%)         708M (47%)         340M (23%)         766M (51%)         340M (23%)    
[112.344s][info][gc,heap     ] GC(54)      Live:         -               240M (16%)         240M (16%)         240M (16%)            -                  -          
[112.344s][info][gc,heap     ] GC(54) Allocated:         -                74M (5%)           74M (5%)          116M (8%)             -                  -          
[112.344s][info][gc,heap     ] GC(54)   Garbage:         -               451M (30%)         393M (26%)           3M (0%)             -                  -          
[112.344s][info][gc,heap     ] GC(54) Reclaimed:         -                  -                58M (4%)          448M (30%)            -                  -          
[112.344s][info][gc          ] GC(54) Garbage Collection (Allocation Rate) 692M(46%)->340M(23%)
[112.624s][info][gc,start    ] GC(55) Garbage Collection (Allocation Rate)
[112.630s][info][gc,phases   ] GC(55) Pause Mark Start 3.419ms
[113.595s][info][gc,phases   ] GC(55) Concurrent Mark 965.169ms
[113.598s][info][gc,phases   ] GC(55) Pause Mark End 0.352ms
[113.600s][info][gc,phases   ] GC(55) Concurrent Process Non-Strong References 1.582ms
[113.600s][info][gc,phases   ] GC(55) Concurrent Reset Relocation Set 0.034ms
[113.600s][info][gc,phases   ] GC(55) Concurrent Destroy Detached Pages 0.000ms
[113.601s][info][gc,phases   ] GC(55) Concurrent Select Relocation Set 1.568ms
[113.603s][info][gc,phases   ] GC(55) Concurrent Prepare Relocation Set 1.902ms
[113.607s][info][gc,phases   ] GC(55) Pause Relocate Start 3.045ms
[113.760s][info][gc,phases   ] GC(55) Concurrent Relocate 152.136ms
[113.760s][info][gc,load     ] GC(55) Load: 2.13/2.34/2.67
[113.760s][info][gc,mmu      ] GC(55) MMU: 2ms/0.0%, 5ms/0.0%, 10ms/0.0%, 20ms/0.0%, 50ms/24.1%, 100ms/62.1%
[113.760s][info][gc,marking  ] GC(55) Mark: 1 stripe(s), 2 proactive flush(es), 1 terminate flush(es), 0 completion(s), 0 continuation(s) 
[113.760s][info][gc,reloc    ] GC(55) Relocation: Successful, 67M relocated
[113.760s][info][gc,nmethod  ] GC(55) NMethods: 4366 registered, 4 unregistered
[113.760s][info][gc,metaspace] GC(55) Metaspace: 73M used, 77M capacity, 77M committed, 78M reserved
[113.760s][info][gc,ref      ] GC(55) Soft: 4918 encountered, 0 discovered, 0 enqueued
[113.760s][info][gc,ref      ] GC(55) Weak: 5076 encountered, 4021 discovered, 109 enqueued
[113.760s][info][gc,ref      ] GC(55) Final: 28 encountered, 0 discovered, 0 enqueued
[113.760s][info][gc,ref      ] GC(55) Phantom: 662 encountered, 658 discovered, 0 enqueued
[113.760s][info][gc,heap     ] GC(55)                Mark Start          Mark End        Relocate Start      Relocate End           High               Low         
[113.760s][info][gc,heap     ] GC(55)  Capacity:     1500M (100%)       1500M (100%)       1500M (100%)       1500M (100%)       1500M (100%)       1500M (100%)   
[113.760s][info][gc,heap     ] GC(55)   Reserve:       34M (2%)           34M (2%)           34M (2%)           34M (2%)           34M (2%)           34M (2%)     
[113.760s][info][gc,heap     ] GC(55)      Free:      966M (64%)         664M (44%)         734M (49%)         826M (55%)         966M (64%)         664M (44%)    
[113.760s][info][gc,heap     ] GC(55)      Used:      500M (33%)         802M (53%)         732M (49%)         640M (43%)         802M (53%)         500M (33%)    
[113.760s][info][gc,heap     ] GC(55)      Live:         -               258M (17%)         258M (17%)         258M (17%)            -                  -          
[113.760s][info][gc,heap     ] GC(55) Allocated:         -               302M (20%)         302M (20%)         372M (25%)            -                  -          
[113.760s][info][gc,heap     ] GC(55)   Garbage:         -               241M (16%)         171M (11%)          69M (5%)             -                  -          
[113.760s][info][gc,heap     ] GC(55) Reclaimed:         -                  -                70M (5%)          172M (11%)            -                  -          
[113.760s][info][gc          ] GC(55) Garbage Collection (Allocation Rate) 500M(33%)->640M(43%)
[113.824s][info][gc,start    ] GC(56) Garbage Collection (Allocation Rate)
[113.830s][info][gc,phases   ] GC(56) Pause Mark Start 3.293ms
[114.937s][info][gc,phases   ] GC(56) Concurrent Mark 1107.067ms
[114.940s][info][gc,phases   ] GC(56) Pause Mark End 0.386ms
[114.941s][info][gc,phases   ] GC(56) Concurrent Process Non-Strong References 1.578ms
[114.941s][info][gc,phases   ] GC(56) Concurrent Reset Relocation Set 0.023ms
[114.941s][info][gc,phases   ] GC(56) Concurrent Destroy Detached Pages 0.001ms
[114.943s][info][gc,phases   ] GC(56) Concurrent Select Relocation Set 1.520ms
[114.945s][info][gc,phases   ] GC(56) Concurrent Prepare Relocation Set 2.051ms
[114.948s][info][gc,phases   ] GC(56) Pause Relocate Start 2.874ms
[115.117s][info][gc,phases   ] GC(56) Concurrent Relocate 165.889ms
[115.117s][info][gc,load     ] GC(56) Load: 2.13/2.34/2.67
[115.117s][info][gc,mmu      ] GC(56) MMU: 2ms/0.0%, 5ms/0.0%, 10ms/0.0%, 20ms/0.0%, 50ms/24.1%, 100ms/62.1%
[115.117s][info][gc,marking  ] GC(56) Mark: 1 stripe(s), 2 proactive flush(es), 1 terminate flush(es), 0 completion(s), 0 continuation(s) 
[115.117s][info][gc,reloc    ] GC(56) Relocation: Successful, 63M relocated
[115.117s][info][gc,nmethod  ] GC(56) NMethods: 4366 registered, 4 unregistered
[115.117s][info][gc,metaspace] GC(56) Metaspace: 73M used, 77M capacity, 77M committed, 78M reserved
[115.117s][info][gc,ref      ] GC(56) Soft: 4918 encountered, 0 discovered, 0 enqueued
[115.117s][info][gc,ref      ] GC(56) Weak: 4967 encountered, 3913 discovered, 0 enqueued
[115.117s][info][gc,ref      ] GC(56) Final: 28 encountered, 0 discovered, 0 enqueued
[115.117s][info][gc,ref      ] GC(56) Phantom: 662 encountered, 658 discovered, 0 enqueued
[115.117s][info][gc,heap     ] GC(56)                Mark Start          Mark End        Relocate Start      Relocate End           High               Low         
[115.117s][info][gc,heap     ] GC(56)  Capacity:     1500M (100%)       1500M (100%)       1500M (100%)       1500M (100%)       1500M (100%)       1500M (100%)   
[115.117s][info][gc,heap     ] GC(56)   Reserve:       34M (2%)           34M (2%)           34M (2%)           34M (2%)           34M (2%)           34M (2%)     
[115.117s][info][gc,heap     ] GC(56)      Free:      790M (53%)         542M (36%)         590M (39%)         872M (58%)         872M (58%)         542M (36%)    
[115.117s][info][gc,heap     ] GC(56)      Used:      676M (45%)         924M (62%)         876M (58%)         594M (40%)         924M (62%)         594M (40%)    
[115.117s][info][gc,heap     ] GC(56)      Live:         -               270M (18%)         270M (18%)         270M (18%)            -                  -          
[115.117s][info][gc,heap     ] GC(56) Allocated:         -               248M (17%)         248M (17%)         310M (21%)            -                  -          
[115.117s][info][gc,heap     ] GC(56)   Garbage:         -               405M (27%)         357M (24%)          75M (5%)             -                  -          
[115.117s][info][gc,heap     ] GC(56) Reclaimed:         -                  -                48M (3%)          330M (22%)            -                  -          
[115.117s][info][gc          ] GC(56) Garbage Collection (Allocation Rate) 676M(45%)->594M(40%)
[116.024s][info][gc,start    ] GC(57) Garbage Collection (Allocation Rate)
[116.030s][info][gc,phases   ] GC(57) Pause Mark Start 3.402ms
[116.719s][info][gc,phases   ] GC(57) Concurrent Mark 688.611ms
[116.722s][info][gc,phases   ] GC(57) Pause Mark End 0.356ms
[116.724s][info][gc,phases   ] GC(57) Concurrent Process Non-Strong References 1.571ms
[116.724s][info][gc,phases   ] GC(57) Concurrent Reset Relocation Set 0.050ms
[116.724s][info][gc,phases   ] GC(57) Concurrent Destroy Detached Pages 0.000ms
[116.726s][info][gc,phases   ] GC(57) Concurrent Select Relocation Set 1.512ms
[116.726s][info][gc,phases   ] GC(57) Concurrent Prepare Relocation Set 0.164ms
[116.734s][info][gc,phases   ] GC(57) Pause Relocate Start 5.135ms
[116.763s][info][gc,phases   ] GC(57) Concurrent Relocate 28.785ms
[116.763s][info][gc,load     ] GC(57) Load: 2.13/2.34/2.67
[116.763s][info][gc,mmu      ] GC(57) MMU: 2ms/0.0%, 5ms/0.0%, 10ms/0.0%, 20ms/0.0%, 50ms/24.1%, 100ms/62.1%
[116.763s][info][gc,marking  ] GC(57) Mark: 1 stripe(s), 2 proactive flush(es), 1 terminate flush(es), 0 completion(s), 0 continuation(s) 
[116.763s][info][gc,reloc    ] GC(57) Relocation: Successful, 25M relocated
[116.763s][info][gc,nmethod  ] GC(57) NMethods: 4421 registered, 4 unregistered
[116.763s][info][gc,metaspace] GC(57) Metaspace: 73M used, 77M capacity, 77M committed, 78M reserved
[116.763s][info][gc,ref      ] GC(57) Soft: 4917 encountered, 0 discovered, 0 enqueued
[116.763s][info][gc,ref      ] GC(57) Weak: 5125 encountered, 4022 discovered, 4 enqueued
[116.763s][info][gc,ref      ] GC(57) Final: 28 encountered, 0 discovered, 0 enqueued
[116.763s][info][gc,ref      ] GC(57) Phantom: 663 encountered, 468 discovered, 0 enqueued
[116.763s][info][gc,heap     ] GC(57)                Mark Start          Mark End        Relocate Start      Relocate End           High               Low         
[116.763s][info][gc,heap     ] GC(57)  Capacity:     1500M (100%)       1500M (100%)       1500M (100%)       1500M (100%)       1500M (100%)       1500M (100%)   
[116.763s][info][gc,heap     ] GC(57)   Reserve:       34M (2%)           34M (2%)           34M (2%)           34M (2%)           34M (2%)           34M (2%)     
[116.763s][info][gc,heap     ] GC(57)      Free:      698M (47%)         540M (36%)        1012M (67%)        1108M (74%)        1108M (74%)         538M (36%)    
[116.763s][info][gc,heap     ] GC(57)      Used:      768M (51%)         926M (62%)         454M (30%)         358M (24%)         928M (62%)         358M (24%)    
[116.763s][info][gc,heap     ] GC(57)      Live:         -               196M (13%)         196M (13%)         196M (13%)            -                  -          
[116.763s][info][gc,heap     ] GC(57) Allocated:         -               158M (11%)         160M (11%)         166M (11%)            -                  -          
[116.763s][info][gc,heap     ] GC(57)   Garbage:         -               571M (38%)          97M (7%)            1M (0%)             -                  -          
[116.764s][info][gc,heap     ] GC(57) Reclaimed:         -                  -               474M (32%)         570M (38%)            -                  -          
[116.764s][info][gc          ] GC(57) Garbage Collection (Allocation Rate) 768M(51%)->358M(24%)
[118.224s][info][gc,start    ] GC(58) Garbage Collection (Allocation Rate)
[118.230s][info][gc,phases   ] GC(58) Pause Mark Start 3.440ms
[118.766s][info][gc,heap     ] Page Cache Flushed: 8M requested, 12M(622M->610M) flushed
[119.374s][info][gc,phases   ] GC(58) Concurrent Mark 1143.748ms
[119.380s][info][gc,phases   ] GC(58) Pause Mark End 0.369ms
[119.386s][info][gc,phases   ] GC(58) Concurrent Process Non-Strong References 5.694ms
[119.388s][info][gc,phases   ] GC(58) Concurrent Reset Relocation Set 0.009ms
[119.388s][info][gc,phases   ] GC(58) Concurrent Destroy Detached Pages 0.003ms
[119.390s][info][gc,phases   ] GC(58) Concurrent Select Relocation Set 1.585ms
[119.390s][info][gc,phases   ] GC(58) Concurrent Prepare Relocation Set 0.921ms
[119.398s][info][gc,phases   ] GC(58) Pause Relocate Start 2.929ms
[119.534s][info][gc,phases   ] GC(58) Concurrent Relocate 135.832ms
[119.534s][info][gc,load     ] GC(58) Load: 2.04/2.32/2.66
[119.534s][info][gc,mmu      ] GC(58) MMU: 2ms/0.0%, 5ms/0.0%, 10ms/0.0%, 20ms/0.0%, 50ms/24.1%, 100ms/62.1%
[119.534s][info][gc,marking  ] GC(58) Mark: 1 stripe(s), 2 proactive flush(es), 1 terminate flush(es), 0 completion(s), 0 continuation(s) 
[119.534s][info][gc,reloc    ] GC(58) Relocation: Successful, 29M relocated
[119.534s][info][gc,nmethod  ] GC(58) NMethods: 4552 registered, 4 unregistered
[119.534s][info][gc,metaspace] GC(58) Metaspace: 73M used, 77M capacity, 77M committed, 78M reserved
[119.534s][info][gc,ref      ] GC(58) Soft: 4920 encountered, 0 discovered, 0 enqueued
[119.534s][info][gc,ref      ] GC(58) Weak: 5116 encountered, 4093 discovered, 155 enqueued
[119.534s][info][gc,ref      ] GC(58) Final: 28 encountered, 0 discovered, 0 enqueued
[119.534s][info][gc,ref      ] GC(58) Phantom: 662 encountered, 467 discovered, 0 enqueued
[119.534s][info][gc,heap     ] GC(58)                Mark Start          Mark End        Relocate Start      Relocate End           High               Low         
[119.534s][info][gc,heap     ] GC(58)  Capacity:     1500M (100%)       1500M (100%)       1500M (100%)       1500M (100%)       1500M (100%)       1500M (100%)   
[119.534s][info][gc,heap     ] GC(58)   Reserve:       34M (2%)           34M (2%)           34M (2%)           34M (2%)           34M (2%)           34M (2%)     
[119.534s][info][gc,heap     ] GC(58)      Free:      728M (49%)         542M (36%)         956M (64%)        1016M (68%)        1018M (68%)         540M (36%)    
[119.534s][info][gc,heap     ] GC(58)      Used:      738M (49%)         924M (62%)         510M (34%)         450M (30%)         926M (62%)         448M (30%)    
[119.534s][info][gc,heap     ] GC(58)      Live:         -               210M (14%)         210M (14%)         210M (14%)            -                  -          
[119.534s][info][gc,heap     ] GC(58) Allocated:         -               186M (12%)         188M (13%)         220M (15%)            -                  -          
[119.534s][info][gc,heap     ] GC(58)   Garbage:         -               527M (35%)         111M (7%)           35M (2%)             -                  -          
[119.534s][info][gc,heap     ] GC(58) Reclaimed:         -                  -               416M (28%)         492M (33%)            -                  -          
[119.534s][info][gc          ] GC(58) Garbage Collection (Allocation Rate) 738M(49%)->450M(30%)
[120.123s][info][gc,stats    ] === Garbage Collection Statistics =======================================================================================================================
[120.124s][info][gc,stats    ]                                                              Last 10s              Last 10m              Last 10h                Total
[120.124s][info][gc,stats    ]                                                              Avg / Max             Avg / Max             Avg / Max             Avg / Max
[120.124s][info][gc,stats    ]   Collector: Garbage Collection Cycle                   1196.492 / 1380.265    991.074 / 3103.183    991.074 / 3103.183    991.074 / 3103.183    ms
[120.124s][info][gc,stats    ]  Contention: Mark Segment Reset Contention                     0 / 0                 0 / 0                 0 / 0                 0 / 0           ops/s
[120.124s][info][gc,stats    ]  Contention: Mark SeqNum Reset Contention                      0 / 0                 0 / 0                 0 / 0                 0 / 0           ops/s
[120.124s][info][gc,stats    ]  Contention: Relocation Contention                             0 / 0                 0 / 2                 0 / 2                 0 / 2           ops/s
[120.124s][info][gc,stats    ]    Critical: Allocation Stall                              0.000 / 0.000         0.000 / 0.000         0.000 / 0.000         0.000 / 0.000       ms
[120.124s][info][gc,stats    ]    Critical: Allocation Stall                                  0 / 0                 0 / 0                 0 / 0                 0 / 0           ops/s
[120.124s][info][gc,stats    ]    Critical: GC Locker Stall                               0.000 / 0.000         0.005 / 0.013         0.005 / 0.013         0.005 / 0.013       ms
[120.124s][info][gc,stats    ]    Critical: GC Locker Stall                                   0 / 0                 0 / 1                 0 / 1                 0 / 1           ops/s
[120.124s][info][gc,stats    ]      Memory: Allocation Rate                                 222 / 364             207 / 1250            207 / 1250            207 / 1250        MB/s
[120.124s][info][gc,stats    ]      Memory: Heap Used After Mark                            875 / 926             809 / 1390            809 / 1390            809 / 1390        MB
[120.124s][info][gc,stats    ]      Memory: Heap Used After Relocation                      495 / 640             423 / 976             423 / 976             423 / 976         MB
[120.124s][info][gc,stats    ]      Memory: Heap Used Before Mark                           674 / 768             637 / 1222            637 / 1222            637 / 1222        MB
[120.124s][info][gc,stats    ]      Memory: Heap Used Before Relocation                     690 / 876             573 / 1280            573 / 1280            573 / 1280        MB
[120.124s][info][gc,stats    ]      Memory: Out Of Memory                                     0 / 0                 0 / 0                 0 / 0                 0 / 0           ops/s
[120.124s][info][gc,stats    ]      Memory: Page Cache Flush                                  1 / 12                1 / 38                1 / 38                1 / 38          MB/s
[120.124s][info][gc,stats    ]      Memory: Page Cache Hit L1                                99 / 163              93 / 628              93 / 628              93 / 628         ops/s
[120.124s][info][gc,stats    ]      Memory: Page Cache Hit L2                                 0 / 0                 0 / 0                 0 / 0                 0 / 0           ops/s
[120.124s][info][gc,stats    ]      Memory: Page Cache Miss                                   0 / 1                 5 / 116               5 / 116               5 / 116         ops/s
[120.124s][info][gc,stats    ]      Memory: Undo Object Allocation Failed                     0 / 0                 0 / 0                 0 / 0                 0 / 0           ops/s
[120.124s][info][gc,stats    ]      Memory: Undo Object Allocation Succeeded                  0 / 0                 0 / 2                 0 / 2                 0 / 2           ops/s
[120.124s][info][gc,stats    ]      Memory: Undo Page Allocation                              0 / 0                 0 / 0                 0 / 0                 0 / 0           ops/s
[120.124s][info][gc,stats    ]       Phase: Concurrent Destroy Detached Pages             0.001 / 0.003         0.001 / 0.008         0.001 / 0.008         0.001 / 0.008       ms
[120.124s][info][gc,stats    ]       Phase: Concurrent Mark                            1036.383 / 1183.153    844.134 / 3088.489    844.134 / 3088.489    844.134 / 3088.489    ms
[120.124s][info][gc,stats    ]       Phase: Concurrent Mark Continue                      0.000 / 0.000         0.000 / 0.000         0.000 / 0.000         0.000 / 0.000       ms
[120.124s][info][gc,stats    ]       Phase: Concurrent Prepare Relocation Set             1.391 / 2.051         2.971 / 67.620        2.971 / 67.620        2.971 / 67.620      ms
[120.124s][info][gc,stats    ]       Phase: Concurrent Process Non-Strong References      3.129 / 6.801         2.327 / 7.675         2.327 / 7.675         2.327 / 7.675       ms
[120.124s][info][gc,stats    ]       Phase: Concurrent Relocate                         135.320 / 176.303     122.875 / 704.555     122.875 / 704.555     122.875 / 704.555     ms
[120.124s][info][gc,stats    ]       Phase: Concurrent Reset Relocation Set               0.031 / 0.050         0.027 / 0.107         0.027 / 0.107         0.027 / 0.107       ms
[120.124s][info][gc,stats    ]       Phase: Concurrent Select Relocation Set              1.585 / 1.723         2.267 / 9.873         2.267 / 9.873         2.267 / 9.873       ms
[120.124s][info][gc,stats    ]       Phase: Pause Mark End                                0.367 / 0.405         0.297 / 0.650         0.297 / 0.650         0.297 / 0.650       ms
[120.124s][info][gc,stats    ]       Phase: Pause Mark Start                              3.948 / 6.186         3.677 / 37.948        3.677 / 37.948        3.677 / 37.948      ms
[120.124s][info][gc,stats    ]       Phase: Pause Relocate Start                          3.308 / 5.135         2.992 / 8.565         2.992 / 8.565         2.992 / 8.565       ms
[120.124s][info][gc,stats    ]    Subphase: Concurrent Mark                            1032.697 / 1177.425    842.285 / 3088.467    842.285 / 3088.467    842.285 / 3088.467    ms
[120.124s][info][gc,stats    ]    Subphase: Concurrent Mark Idle                          0.000 / 0.000         0.000 / 0.000         0.000 / 0.000         0.000 / 0.000       ms
[120.124s][info][gc,stats    ]    Subphase: Concurrent Mark Try Flush                     1.770 / 4.723         1.623 / 15.958        1.623 / 15.958        1.623 / 15.958      ms
[120.124s][info][gc,stats    ]    Subphase: Concurrent Mark Try Terminate                 0.733 / 3.925         0.568 / 3.939         0.568 / 3.939         0.568 / 3.939       ms
[120.124s][info][gc,stats    ]    Subphase: Concurrent References Enqueue                 0.002 / 0.003         0.002 / 0.008         0.002 / 0.008         0.002 / 0.008       ms
[120.124s][info][gc,stats    ]    Subphase: Concurrent References Process                 2.318 / 5.896         1.094 / 5.896         1.094 / 5.896         1.094 / 5.896       ms
[120.124s][info][gc,stats    ]    Subphase: Concurrent Weak Roots                         0.798 / 0.885         0.957 / 4.441         0.957 / 4.441         0.957 / 4.441       ms
[120.124s][info][gc,stats    ]    Subphase: Concurrent Weak Roots JNIWeakHandles          0.000 / 0.000         0.000 / 0.001         0.000 / 0.001         0.000 / 0.001       ms
[120.124s][info][gc,stats    ]    Subphase: Concurrent Weak Roots StringTable             0.591 / 0.661         0.723 / 3.945         0.723 / 3.945         0.723 / 3.945       ms
[120.124s][info][gc,stats    ]    Subphase: Concurrent Weak Roots VMWeakHandles           0.206 / 0.221         0.232 / 1.288         0.232 / 1.288         0.232 / 1.288       ms
[120.124s][info][gc,stats    ]    Subphase: Pause Mark Try Complete                       0.000 / 0.000         0.000 / 0.000         0.000 / 0.000         0.000 / 0.000       ms
[120.124s][info][gc,stats    ]    Subphase: Pause Remap TLABS                             0.003 / 0.004         0.002 / 0.005         0.002 / 0.005         0.002 / 0.005       ms
[120.124s][info][gc,stats    ]    Subphase: Pause Retire TLABS                            0.024 / 0.035         0.018 / 0.038         0.018 / 0.038         0.018 / 0.038       ms
[120.124s][info][gc,stats    ]    Subphase: Pause Roots                                   2.176 / 5.573         2.065 / 35.245        2.065 / 35.245        2.065 / 35.245      ms
[120.124s][info][gc,stats    ]    Subphase: Pause Roots ClassLoaderDataGraph              0.772 / 1.456         0.754 / 1.750         0.754 / 1.750         0.754 / 1.750       ms
[120.124s][info][gc,stats    ]    Subphase: Pause Roots CodeCache                         1.867 / 3.225         1.512 / 6.618         1.512 / 6.618         1.512 / 6.618       ms
[120.124s][info][gc,stats    ]    Subphase: Pause Roots JNIHandles                        0.004 / 0.009         0.002 / 0.052         0.002 / 0.052         0.002 / 0.052       ms
[120.124s][info][gc,stats    ]    Subphase: Pause Roots JNIWeakHandles                    0.000 / 0.000         0.000 / 0.000         0.000 / 0.000         0.000 / 0.000       ms
[120.124s][info][gc,stats    ]    Subphase: Pause Roots JRFWeak                           0.000 / 0.000         0.000 / 0.000         0.000 / 0.000         0.000 / 0.000       ms
[120.124s][info][gc,stats    ]    Subphase: Pause Roots JVMTIExport                       0.001 / 0.001         0.001 / 0.002         0.001 / 0.002         0.001 / 0.002       ms
[120.124s][info][gc,stats    ]    Subphase: Pause Roots JVMTIWeakExport                   0.001 / 0.001         0.001 / 0.002         0.001 / 0.002         0.001 / 0.002       ms
[120.124s][info][gc,stats    ]    Subphase: Pause Roots Management                        0.002 / 0.004         0.001 / 0.005         0.001 / 0.005         0.001 / 0.005       ms
[120.124s][info][gc,stats    ]    Subphase: Pause Roots ObjectSynchronizer                0.000 / 0.001         0.000 / 0.001         0.000 / 0.001         0.000 / 0.001       ms
[120.124s][info][gc,stats    ]    Subphase: Pause Roots Setup                             0.234 / 0.505         0.192 / 0.505         0.192 / 0.505         0.192 / 0.505       ms
[120.124s][info][gc,stats    ]    Subphase: Pause Roots StringTable                       0.000 / 0.000         0.000 / 0.000         0.000 / 0.000         0.000 / 0.000       ms
[120.124s][info][gc,stats    ]    Subphase: Pause Roots SystemDictionary                  0.014 / 0.024         0.014 / 0.056         0.014 / 0.056         0.014 / 0.056       ms
[120.124s][info][gc,stats    ]    Subphase: Pause Roots Teardown                          0.001 / 0.004         0.001 / 0.008         0.001 / 0.008         0.001 / 0.008       ms
[120.124s][info][gc,stats    ]    Subphase: Pause Roots Threads                           0.448 / 0.927         0.535 / 33.380        0.535 / 33.380        0.535 / 33.380      ms
[120.124s][info][gc,stats    ]    Subphase: Pause Roots Universe                          0.003 / 0.006         0.006 / 0.396         0.006 / 0.396         0.006 / 0.396       ms
[120.124s][info][gc,stats    ]    Subphase: Pause Roots VMWeakHandles                     0.000 / 0.000         0.000 / 0.000         0.000 / 0.000         0.000 / 0.000       ms
[120.124s][info][gc,stats    ]    Subphase: Pause Weak Roots                              0.002 / 0.002         0.002 / 0.008         0.002 / 0.008         0.002 / 0.008       ms
[120.124s][info][gc,stats    ]    Subphase: Pause Weak Roots JFRWeak                      0.001 / 0.001         0.001 / 0.001         0.001 / 0.001         0.001 / 0.001       ms
[120.124s][info][gc,stats    ]    Subphase: Pause Weak Roots JNIWeakHandles               0.000 / 0.000         0.000 / 0.000         0.000 / 0.000         0.000 / 0.000       ms
[120.124s][info][gc,stats    ]    Subphase: Pause Weak Roots JVMTIWeakExport              0.001 / 0.001         0.001 / 0.007         0.001 / 0.007         0.001 / 0.007       ms
[120.124s][info][gc,stats    ]    Subphase: Pause Weak Roots Setup                        0.000 / 0.000         0.000 / 0.000         0.000 / 0.000         0.000 / 0.000       ms
[120.124s][info][gc,stats    ]    Subphase: Pause Weak Roots StringTable                  0.000 / 0.000         0.000 / 0.000         0.000 / 0.000         0.000 / 0.000       ms
[120.124s][info][gc,stats    ]    Subphase: Pause Weak Roots SymbolTable                  0.000 / 0.000         0.000 / 0.000         0.000 / 0.000         0.000 / 0.000       ms
[120.124s][info][gc,stats    ]    Subphase: Pause Weak Roots Teardown                     0.001 / 0.001         0.001 / 0.001         0.001 / 0.001         0.001 / 0.001       ms
[120.124s][info][gc,stats    ]    Subphase: Pause Weak Roots VMWeakHandles                0.000 / 0.000         0.000 / 0.000         0.000 / 0.000         0.000 / 0.000       ms
[120.124s][info][gc,stats    ]      System: Java Threads                                    117 / 122              75 / 122              75 / 122              75 / 122         threads
[120.124s][info][gc,stats    ] =========================================================================================================================================================
[120.124s][info][gc,start    ] GC(59) Garbage Collection (Allocation Rate)
[120.130s][info][gc,phases   ] GC(59) Pause Mark Start 3.517ms
[120.892s][info][gc,phases   ] GC(59) Concurrent Mark 761.107ms
[120.895s][info][gc,phases   ] GC(59) Pause Mark End 0.376ms
[120.896s][info][gc,phases   ] GC(59) Concurrent Process Non-Strong References 1.597ms
[120.899s][info][gc,phases   ] GC(59) Concurrent Reset Relocation Set 0.015ms
[120.899s][info][gc,phases   ] GC(59) Concurrent Destroy Detached Pages 0.000ms
[120.900s][info][gc,phases   ] GC(59) Concurrent Select Relocation Set 1.618ms
[120.901s][info][gc,phases   ] GC(59) Concurrent Prepare Relocation Set 0.791ms
[120.910s][info][gc,phases   ] GC(59) Pause Relocate Start 5.345ms
[121.011s][info][gc,phases   ] GC(59) Concurrent Relocate 98.797ms
[121.011s][info][gc,load     ] GC(59) Load: 2.04/2.32/2.66
[121.011s][info][gc,mmu      ] GC(59) MMU: 2ms/0.0%, 5ms/0.0%, 10ms/0.0%, 20ms/0.0%, 50ms/24.1%, 100ms/62.1%
[121.011s][info][gc,marking  ] GC(59) Mark: 1 stripe(s), 2 proactive flush(es), 1 terminate flush(es), 0 completion(s), 0 continuation(s) 
[121.011s][info][gc,reloc    ] GC(59) Relocation: Successful, 28M relocated
[121.011s][info][gc,nmethod  ] GC(59) NMethods: 4579 registered, 4 unregistered
[121.011s][info][gc,metaspace] GC(59) Metaspace: 73M used, 77M capacity, 77M committed, 78M reserved
[121.011s][info][gc,ref      ] GC(59) Soft: 4922 encountered, 0 discovered, 0 enqueued
[121.011s][info][gc,ref      ] GC(59) Weak: 5095 encountered, 4086 discovered, 64 enqueued
[121.011s][info][gc,ref      ] GC(59) Final: 28 encountered, 0 discovered, 0 enqueued
[121.011s][info][gc,ref      ] GC(59) Phantom: 665 encountered, 470 discovered, 0 enqueued
[121.011s][info][gc,heap     ] GC(59)                Mark Start          Mark End        Relocate Start      Relocate End           High               Low         
[121.011s][info][gc,heap     ] GC(59)  Capacity:     1500M (100%)       1500M (100%)       1500M (100%)       1500M (100%)       1500M (100%)       1500M (100%)   
[121.011s][info][gc,heap     ] GC(59)   Reserve:       34M (2%)           34M (2%)           34M (2%)           34M (2%)           34M (2%)           34M (2%)     
[121.011s][info][gc,heap     ] GC(59)      Free:      854M (57%)         674M (45%)         956M (64%)        1024M (68%)        1026M (68%)         672M (45%)    
[121.011s][info][gc,heap     ] GC(59)      Used:      612M (41%)         792M (53%)         510M (34%)         442M (29%)         794M (53%)         440M (29%)    
[121.011s][info][gc,heap     ] GC(59)      Live:         -               211M (14%)         211M (14%)         211M (14%)            -                  -          
[121.011s][info][gc,heap     ] GC(59) Allocated:         -               180M (12%)         182M (12%)         212M (14%)            -                  -          
[121.011s][info][gc,heap     ] GC(59)   Garbage:         -               400M (27%)         116M (8%)           30M (2%)             -                  -          
[121.011s][info][gc,heap     ] GC(59) Reclaimed:         -                  -               284M (19%)         370M (25%)            -                  -          
[121.011s][info][gc          ] GC(59) Garbage Collection (Allocation Rate) 612M(41%)->442M(29%)
[121.224s][info][gc,start    ] GC(60) Garbage Collection (Allocation Rate)
[121.231s][info][gc,phases   ] GC(60) Pause Mark Start 3.451ms
[121.936s][info][gc,phases   ] GC(60) Concurrent Mark 705.211ms
[121.939s][info][gc,phases   ] GC(60) Pause Mark End 0.374ms
[121.940s][info][gc,phases   ] GC(60) Concurrent Process Non-Strong References 1.595ms
[121.941s][info][gc,phases   ] GC(60) Concurrent Reset Relocation Set 0.015ms
[121.941s][info][gc,phases   ] GC(60) Concurrent Destroy Detached Pages 0.000ms
[121.945s][info][gc,phases   ] GC(60) Concurrent Select Relocation Set 3.581ms
[121.945s][info][gc,phases   ] GC(60) Concurrent Prepare Relocation Set 0.514ms
[121.951s][info][gc,phases   ] GC(60) Pause Relocate Start 2.885ms
[122.015s][info][gc,phases   ] GC(60) Concurrent Relocate 58.722ms
[122.015s][info][gc,load     ] GC(60) Load: 2.04/2.32/2.66
[122.015s][info][gc,mmu      ] GC(60) MMU: 2ms/0.0%, 5ms/0.0%, 10ms/0.0%, 20ms/0.0%, 50ms/24.1%, 100ms/62.1%
[122.015s][info][gc,marking  ] GC(60) Mark: 1 stripe(s), 2 proactive flush(es), 1 terminate flush(es), 0 completion(s), 0 continuation(s) 
[122.015s][info][gc,reloc    ] GC(60) Relocation: Successful, 25M relocated
[122.015s][info][gc,nmethod  ] GC(60) NMethods: 4604 registered, 4 unregistered
[122.015s][info][gc,metaspace] GC(60) Metaspace: 73M used, 77M capacity, 77M committed, 78M reserved
[122.015s][info][gc,ref      ] GC(60) Soft: 4921 encountered, 0 discovered, 0 enqueued
[122.015s][info][gc,ref      ] GC(60) Weak: 5099 encountered, 4062 discovered, 154 enqueued
[122.015s][info][gc,ref      ] GC(60) Final: 28 encountered, 0 discovered, 0 enqueued
[122.015s][info][gc,ref      ] GC(60) Phantom: 663 encountered, 659 discovered, 0 enqueued
[122.015s][info][gc,heap     ] GC(60)                Mark Start          Mark End        Relocate Start      Relocate End           High               Low         
[122.015s][info][gc,heap     ] GC(60)  Capacity:     1500M (100%)       1500M (100%)       1500M (100%)       1500M (100%)       1500M (100%)       1500M (100%)   
[122.015s][info][gc,heap     ] GC(60)   Reserve:       34M (2%)           34M (2%)           34M (2%)           34M (2%)           34M (2%)           34M (2%)     
[122.015s][info][gc,heap     ] GC(60)      Free:      902M (60%)         688M (46%)         900M (60%)        1050M (70%)        1050M (70%)         688M (46%)    
[122.015s][info][gc,heap     ] GC(60)      Used:      564M (38%)         778M (52%)         566M (38%)         416M (28%)         778M (52%)         416M (28%)    
[122.015s][info][gc,heap     ] GC(60)      Live:         -               198M (13%)         198M (13%)         198M (13%)            -                  -          
[122.015s][info][gc,heap     ] GC(60) Allocated:         -               214M (14%)         214M (14%)         228M (15%)            -                  -          
[122.015s][info][gc,heap     ] GC(60)   Garbage:         -               365M (24%)         153M (10%)           3M (0%)             -                  -          
[122.015s][info][gc,heap     ] GC(60) Reclaimed:         -                  -               212M (14%)         362M (24%)            -                  -          
[122.015s][info][gc          ] GC(60) Garbage Collection (Allocation Rate) 564M(38%)->416M(28%)
[122.524s][info][gc,start    ] GC(61) Garbage Collection (Allocation Rate)
[122.531s][info][gc,phases   ] GC(61) Pause Mark Start 3.601ms
[122.585s][info][gc,heap     ] Page Cache Flushed: 2M requested, 18M(734M->716M) flushed
[123.352s][info][gc,phases   ] GC(61) Concurrent Mark 820.515ms
[123.355s][info][gc,phases   ] GC(61) Pause Mark End 0.449ms
[123.356s][info][gc,phases   ] GC(61) Concurrent Process Non-Strong References 1.661ms
[123.356s][info][gc,phases   ] GC(61) Concurrent Reset Relocation Set 0.015ms
[123.356s][info][gc,phases   ] GC(61) Concurrent Destroy Detached Pages 0.002ms
[123.358s][info][gc,phases   ] GC(61) Concurrent Select Relocation Set 1.517ms
[123.359s][info][gc,phases   ] GC(61) Concurrent Prepare Relocation Set 0.751ms
[123.362s][info][gc,phases   ] GC(61) Pause Relocate Start 3.110ms
[123.450s][info][gc,phases   ] GC(61) Concurrent Relocate 87.394ms
[123.450s][info][gc,load     ] GC(61) Load: 2.03/2.32/2.66
[123.450s][info][gc,mmu      ] GC(61) MMU: 2ms/0.0%, 5ms/0.0%, 10ms/0.0%, 20ms/0.0%, 50ms/24.1%, 100ms/62.1%
[123.450s][info][gc,marking  ] GC(61) Mark: 1 stripe(s), 2 proactive flush(es), 1 terminate flush(es), 0 completion(s), 0 continuation(s) 
[123.450s][info][gc,reloc    ] GC(61) Relocation: Successful, 34M relocated
[123.450s][info][gc,nmethod  ] GC(61) NMethods: 4639 registered, 4 unregistered
[123.450s][info][gc,metaspace] GC(61) Metaspace: 73M used, 77M capacity, 77M committed, 78M reserved
[123.450s][info][gc,ref      ] GC(61) Soft: 4921 encountered, 0 discovered, 0 enqueued
[123.450s][info][gc,ref      ] GC(61) Weak: 4950 encountered, 3897 discovered, 9 enqueued
[123.450s][info][gc,ref      ] GC(61) Final: 28 encountered, 0 discovered, 0 enqueued
[123.450s][info][gc,ref      ] GC(61) Phantom: 663 encountered, 659 discovered, 0 enqueued
[123.450s][info][gc,heap     ] GC(61)                Mark Start          Mark End        Relocate Start      Relocate End           High               Low         
[123.450s][info][gc,heap     ] GC(61)  Capacity:     1500M (100%)       1500M (100%)       1500M (100%)       1500M (100%)       1500M (100%)       1500M (100%)   
[123.450s][info][gc,heap     ] GC(61)   Reserve:       34M (2%)           34M (2%)           34M (2%)           34M (2%)           34M (2%)           34M (2%)     
[123.450s][info][gc,heap     ] GC(61)      Free:      816M (54%)         508M (34%)         768M (51%)         930M (62%)         930M (62%)         508M (34%)    
[123.450s][info][gc,heap     ] GC(61)      Used:      650M (43%)         958M (64%)         698M (47%)         536M (36%)         958M (64%)         536M (36%)    
[123.450s][info][gc,heap     ] GC(61)      Live:         -               231M (15%)         231M (15%)         231M (15%)            -                  -          
[123.450s][info][gc,heap     ] GC(61) Allocated:         -               308M (21%)         308M (21%)         324M (22%)            -                  -          
[123.450s][info][gc,heap     ] GC(61)   Garbage:         -               418M (28%)         158M (11%)    17592186044408M (1         -                  -          
[123.450s][info][gc,heap     ] GC(61) Reclaimed:         -                  -               260M (17%)         426M (28%)            -                  -          
[123.450s][info][gc          ] GC(61) Garbage Collection (Allocation Rate) 650M(43%)->536M(36%)
[123.524s][info][gc,start    ] GC(62) Garbage Collection (Allocation Rate)
[123.531s][info][gc,phases   ] GC(62) Pause Mark Start 3.446ms
[124.369s][info][gc,heap     ] Page Cache Flushed: 28M requested, 30M(636M->606M) flushed
[124.396s][info][gc,heap     ] Page Cache Flushed: 4M requested, 4M(590M->586M) flushed
[124.397s][info][gc,heap     ] Page Cache Flushed: 6M requested, 6M(586M->580M) flushed
[124.558s][info][gc,phases   ] GC(62) Concurrent Mark 1027.666ms
[124.561s][info][gc,phases   ] GC(62) Pause Mark End 0.719ms
[124.565s][info][gc,phases   ] GC(62) Concurrent Process Non-Strong References 3.414ms
[124.565s][info][gc,phases   ] GC(62) Concurrent Reset Relocation Set 0.027ms
[124.565s][info][gc,phases   ] GC(62) Concurrent Destroy Detached Pages 0.010ms
[124.572s][info][gc,phases   ] GC(62) Concurrent Select Relocation Set 7.480ms
[124.574s][info][gc,phases   ] GC(62) Concurrent Prepare Relocation Set 1.950ms
[124.580s][info][gc,phases   ] GC(62) Pause Relocate Start 2.989ms
[124.800s][info][gc,phases   ] GC(62) Concurrent Relocate 219.339ms
[124.800s][info][gc,load     ] GC(62) Load: 2.03/2.32/2.66
[124.800s][info][gc,mmu      ] GC(62) MMU: 2ms/0.0%, 5ms/0.0%, 10ms/0.0%, 20ms/0.0%, 50ms/24.1%, 100ms/62.1%
[124.800s][info][gc,marking  ] GC(62) Mark: 1 stripe(s), 2 proactive flush(es), 1 terminate flush(es), 0 completion(s), 0 continuation(s) 
[124.800s][info][gc,reloc    ] GC(62) Relocation: Successful, 43M relocated
[124.800s][info][gc,nmethod  ] GC(62) NMethods: 4675 registered, 4 unregistered
[124.800s][info][gc,metaspace] GC(62) Metaspace: 73M used, 77M capacity, 77M committed, 78M reserved
[124.800s][info][gc,ref      ] GC(62) Soft: 4921 encountered, 0 discovered, 0 enqueued
[124.800s][info][gc,ref      ] GC(62) Weak: 4945 encountered, 3899 discovered, 0 enqueued
[124.800s][info][gc,ref      ] GC(62) Final: 28 encountered, 0 discovered, 0 enqueued
[124.800s][info][gc,ref      ] GC(62) Phantom: 662 encountered, 658 discovered, 0 enqueued
[124.800s][info][gc,heap     ] GC(62)                Mark Start          Mark End        Relocate Start      Relocate End           High               Low         
[124.800s][info][gc,heap     ] GC(62)  Capacity:     1500M (100%)       1500M (100%)       1500M (100%)       1500M (100%)       1500M (100%)       1500M (100%)   
[124.800s][info][gc,heap     ] GC(62)   Reserve:       34M (2%)           34M (2%)           34M (2%)           34M (2%)           34M (2%)           34M (2%)     
[124.800s][info][gc,heap     ] GC(62)      Free:      886M (59%)         498M (33%)         546M (36%)         734M (49%)         886M (59%)         498M (33%)    
[124.800s][info][gc,heap     ] GC(62)      Used:      580M (39%)         968M (65%)         920M (61%)         732M (49%)         968M (65%)         580M (39%)    
[124.800s][info][gc,heap     ] GC(62)      Live:         -               225M (15%)         225M (15%)         225M (15%)            -                  -          
[124.800s][info][gc,heap     ] GC(62) Allocated:         -               390M (26%)         392M (26%)         538M (36%)            -                  -          
[124.800s][info][gc,heap     ] GC(62)   Garbage:         -               354M (24%)         304M (20%)    17592186044414M (1         -                  -          
[124.800s][info][gc,heap     ] GC(62) Reclaimed:         -                  -                50M (3%)          356M (24%)            -                  -          
[124.800s][info][gc          ] GC(62) Garbage Collection (Allocation Rate) 580M(39%)->732M(49%)
[124.824s][info][gc,start    ] GC(63) Garbage Collection (Allocation Rate)
[124.831s][info][gc,phases   ] GC(63) Pause Mark Start 4.010ms
[125.896s][info][gc,phases   ] GC(63) Concurrent Mark 1064.994ms
[125.899s][info][gc,phases   ] GC(63) Pause Mark End 0.388ms
[125.901s][info][gc,phases   ] GC(63) Concurrent Process Non-Strong References 1.659ms
[125.901s][info][gc,phases   ] GC(63) Concurrent Reset Relocation Set 0.040ms
[125.901s][info][gc,phases   ] GC(63) Concurrent Destroy Detached Pages 0.000ms
[125.903s][info][gc,phases   ] GC(63) Concurrent Select Relocation Set 1.628ms
[125.913s][info][gc,phases   ] GC(63) Concurrent Prepare Relocation Set 9.627ms
[125.918s][info][gc,phases   ] GC(63) Pause Relocate Start 3.001ms
[126.259s][info][gc,phases   ] GC(63) Concurrent Relocate 340.884ms
[126.259s][info][gc,load     ] GC(63) Load: 2.03/2.32/2.66
[126.259s][info][gc,mmu      ] GC(63) MMU: 2ms/0.0%, 5ms/0.0%, 10ms/0.0%, 20ms/0.0%, 50ms/24.1%, 100ms/62.1%
[126.260s][info][gc,marking  ] GC(63) Mark: 1 stripe(s), 2 proactive flush(es), 1 terminate flush(es), 0 completion(s), 0 continuation(s) 
[126.260s][info][gc,reloc    ] GC(63) Relocation: Successful, 59M relocated
[126.260s][info][gc,nmethod  ] GC(63) NMethods: 4680 registered, 4 unregistered
[126.260s][info][gc,metaspace] GC(63) Metaspace: 73M used, 77M capacity, 77M committed, 78M reserved
[126.260s][info][gc,ref      ] GC(63) Soft: 4921 encountered, 0 discovered, 0 enqueued
[126.260s][info][gc,ref      ] GC(63) Weak: 4977 encountered, 3920 discovered, 15 enqueued
[126.260s][info][gc,ref      ] GC(63) Final: 28 encountered, 0 discovered, 0 enqueued
[126.260s][info][gc,ref      ] GC(63) Phantom: 663 encountered, 659 discovered, 0 enqueued
[126.260s][info][gc,heap     ] GC(63)                Mark Start          Mark End        Relocate Start      Relocate End           High               Low         
[126.260s][info][gc,heap     ] GC(63)  Capacity:     1500M (100%)       1500M (100%)       1500M (100%)       1500M (100%)       1500M (100%)       1500M (100%)   
[126.260s][info][gc,heap     ] GC(63)   Reserve:       34M (2%)           34M (2%)           34M (2%)           34M (2%)           34M (2%)           34M (2%)     
[126.260s][info][gc,heap     ] GC(63)      Free:      708M (47%)         604M (40%)         714M (48%)        1058M (71%)        1058M (71%)         604M (40%)    
[126.260s][info][gc,heap     ] GC(63)      Used:      758M (51%)         862M (57%)         752M (50%)         408M (27%)         862M (57%)         408M (27%)    
[126.260s][info][gc,heap     ] GC(63)      Live:         -               255M (17%)         255M (17%)         255M (17%)            -                  -          
[126.260s][info][gc,heap     ] GC(63) Allocated:         -               104M (7%)          104M (7%)          200M (13%)            -                  -          
[126.260s][info][gc,heap     ] GC(63)   Garbage:         -               502M (33%)         392M (26%)          38M (3%)             -                  -          
[126.260s][info][gc,heap     ] GC(63) Reclaimed:         -                  -               110M (7%)          464M (31%)            -                  -          
[126.260s][info][gc          ] GC(63) Garbage Collection (Allocation Rate) 758M(51%)->408M(27%)
[126.361s][info][gc,heap     ] Page Cache Flushed: 8M requested, 12M(1032M->1020M) flushed
[126.363s][info][gc,heap     ] Page Cache Flushed: 4M requested, 10M(1020M->1010M) flushed
[126.371s][info][gc,heap     ] Page Cache Flushed: 2M requested, 6M(1010M->1004M) flushed
[126.524s][info][gc,start    ] GC(64) Garbage Collection (Allocation Rate)
[126.531s][info][gc,phases   ] GC(64) Pause Mark Start 3.543ms
[127.733s][info][gc,phases   ] GC(64) Concurrent Mark 1202.279ms
[127.737s][info][gc,phases   ] GC(64) Pause Mark End 0.420ms
[127.739s][info][gc,phases   ] GC(64) Concurrent Process Non-Strong References 1.633ms
[127.740s][info][gc,phases   ] GC(64) Concurrent Reset Relocation Set 0.061ms
[127.740s][info][gc,phases   ] GC(64) Concurrent Destroy Detached Pages 0.005ms
[127.742s][info][gc,phases   ] GC(64) Concurrent Select Relocation Set 1.532ms
[127.743s][info][gc,phases   ] GC(64) Concurrent Prepare Relocation Set 1.656ms
[127.754s][info][gc,phases   ] GC(64) Pause Relocate Start 3.065ms
[128.010s][info][gc,phases   ] GC(64) Concurrent Relocate 254.445ms
[128.011s][info][gc,load     ] GC(64) Load: 2.11/2.33/2.66
[128.011s][info][gc,mmu      ] GC(64) MMU: 2ms/0.0%, 5ms/0.0%, 10ms/0.0%, 20ms/0.0%, 50ms/24.1%, 100ms/62.1%
[128.011s][info][gc,marking  ] GC(64) Mark: 1 stripe(s), 2 proactive flush(es), 1 terminate flush(es), 0 completion(s), 0 continuation(s) 
[128.011s][info][gc,reloc    ] GC(64) Relocation: Successful, 34M relocated
[128.011s][info][gc,nmethod  ] GC(64) NMethods: 4761 registered, 4 unregistered
[128.011s][info][gc,metaspace] GC(64) Metaspace: 74M used, 78M capacity, 78M committed, 80M reserved
[128.011s][info][gc,ref      ] GC(64) Soft: 4920 encountered, 0 discovered, 0 enqueued
[128.011s][info][gc,ref      ] GC(64) Weak: 4968 encountered, 4031 discovered, 105 enqueued
[128.011s][info][gc,ref      ] GC(64) Final: 28 encountered, 0 discovered, 0 enqueued
[128.011s][info][gc,ref      ] GC(64) Phantom: 662 encountered, 658 discovered, 0 enqueued
[128.011s][info][gc,heap     ] GC(64)                Mark Start          Mark End        Relocate Start      Relocate End           High               Low         
[128.011s][info][gc,heap     ] GC(64)  Capacity:     1500M (100%)       1500M (100%)       1500M (100%)       1500M (100%)       1500M (100%)       1500M (100%)   
[128.011s][info][gc,heap     ] GC(64)   Reserve:       34M (2%)           34M (2%)           34M (2%)           34M (2%)           34M (2%)           34M (2%)     
[128.011s][info][gc,heap     ] GC(64)      Free:      856M (57%)         242M (16%)         400M (27%)         362M (24%)         856M (57%)         242M (16%)    
[128.011s][info][gc,heap     ] GC(64)      Used:      610M (41%)        1224M (82%)        1066M (71%)        1104M (74%)        1224M (82%)         610M (41%)    
[128.011s][info][gc,heap     ] GC(64)      Live:         -               257M (17%)         257M (17%)         257M (17%)            -                  -          
[128.011s][info][gc,heap     ] GC(64) Allocated:         -               614M (41%)         618M (41%)         870M (58%)            -                  -          
[128.011s][info][gc,heap     ] GC(64)   Garbage:         -               352M (24%)         190M (13%)          40M (3%)             -                  -          
[128.011s][info][gc,heap     ] GC(64) Reclaimed:         -                  -               162M (11%)         312M (21%)            -                  -          
[128.011s][info][gc          ] GC(64) Garbage Collection (Allocation Rate) 610M(41%)->1104M(74%)
[128.024s][info][gc,start    ] GC(65) Garbage Collection (Allocation Rate)
[128.037s][info][gc,phases   ] GC(65) Pause Mark Start 6.657ms
[128.645s][info][gc,phases   ] GC(65) Concurrent Mark 605.666ms
[128.645s][info][gc,phases   ] GC(65) Pause Mark End 0.058ms
[128.647s][info][gc,phases   ] GC(65) Concurrent Process Non-Strong References 1.619ms
[128.647s][info][gc,phases   ] GC(65) Concurrent Reset Relocation Set 0.031ms
[128.647s][info][gc,phases   ] GC(65) Concurrent Destroy Detached Pages 0.000ms
[128.649s][info][gc,phases   ] GC(65) Concurrent Select Relocation Set 1.806ms
[128.649s][info][gc,phases   ] GC(65) Concurrent Prepare Relocation Set 0.058ms
[128.652s][info][gc,phases   ] GC(65) Pause Relocate Start 2.738ms
[128.656s][info][gc,phases   ] GC(65) Concurrent Relocate 3.445ms
[128.656s][info][gc,load     ] GC(65) Load: 2.11/2.33/2.66
[128.656s][info][gc,mmu      ] GC(65) MMU: 2ms/0.0%, 5ms/0.0%, 10ms/0.0%, 20ms/0.0%, 50ms/24.1%, 100ms/62.1%
[128.656s][info][gc,marking  ] GC(65) Mark: 1 stripe(s), 2 proactive flush(es), 1 terminate flush(es), 0 completion(s), 0 continuation(s) 
[128.656s][info][gc,reloc    ] GC(65) Relocation: Successful, 12M relocated
[128.656s][info][gc,nmethod  ] GC(65) NMethods: 4781 registered, 4 unregistered
[128.656s][info][gc,metaspace] GC(65) Metaspace: 74M used, 78M capacity, 78M committed, 80M reserved
[128.656s][info][gc,ref      ] GC(65) Soft: 4930 encountered, 0 discovered, 0 enqueued
[128.656s][info][gc,ref      ] GC(65) Weak: 4643 encountered, 3610 discovered, 13 enqueued
[128.656s][info][gc,ref      ] GC(65) Final: 28 encountered, 2 discovered, 1 enqueued
[128.656s][info][gc,ref      ] GC(65) Phantom: 699 encountered, 505 discovered, 43 enqueued
[128.656s][info][gc,heap     ] GC(65)                Mark Start          Mark End        Relocate Start      Relocate End           High               Low         
[128.656s][info][gc,heap     ] GC(65)  Capacity:     1500M (100%)       1500M (100%)       1500M (100%)       1500M (100%)       1500M (100%)       1500M (100%)   
[128.656s][info][gc,heap     ] GC(65)   Reserve:       34M (2%)           34M (2%)           34M (2%)           34M (2%)           34M (2%)           34M (2%)     
[128.656s][info][gc,heap     ] GC(65)      Free:      362M (24%)         346M (23%)        1188M (79%)        1228M (82%)        1228M (82%)         346M (23%)    
[128.656s][info][gc,heap     ] GC(65)      Used:     1104M (74%)        1120M (75%)         278M (19%)         238M (16%)        1120M (75%)         238M (16%)    
[128.656s][info][gc,heap     ] GC(65)      Live:         -               191M (13%)         191M (13%)         191M (13%)            -                  -          
[128.656s][info][gc,heap     ] GC(65) Allocated:         -                16M (1%)           16M (1%)           18M (1%)             -                  -          
[128.656s][info][gc,heap     ] GC(65)   Garbage:         -               912M (61%)          70M (5%)           30M (2%)             -                  -          
[128.656s][info][gc,heap     ] GC(65) Reclaimed:         -                  -               842M (56%)         882M (59%)            -                  -          
[128.656s][info][gc          ] GC(65) Garbage Collection (Allocation Rate) 1104M(74%)->238M(16%)
[128.656s][info][gc,heap,exit] Heap
[128.656s][info][gc,heap,exit]  ZHeap           used 238M, capacity 1500M, max capacity 1500M
[128.656s][info][gc,heap,exit]  Metaspace       used 76264K, capacity 80394K, committed 80556K, reserved 81920K
