[0.003s][info][gc,init] Initializing The Z Garbage Collector
[0.003s][info][gc,init] Version: 11.0.15+10-Ubuntu-0ubuntu0.20.04.1 (release)
[0.003s][info][gc,init] NUMA Support: Disabled
[0.003s][info][gc,init] CPUs: 1 total, 1 available
[0.003s][info][gc,init] Memory: 7952M
[0.003s][info][gc,init] Large Page Support: Disabled
[0.003s][info][gc,init] Workers: 1 parallel, 1 concurrent
[0.003s][info][gc,init] Heap backed by file: /memfd:java_heap
[0.003s][info][gc,init] Available space on backing filesystem: N/A
[0.035s][info][gc,init] Pre-touching: Disabled
[0.035s][info][gc,init] Pre-mapping: 126M
[0.043s][info][gc,init] Runtime Workers: 1 parallel
[0.043s][info][gc     ] Using The Z Garbage Collector
[3.248s][info][gc,start] GC(0) Garbage Collection (Metadata GC Threshold)
[3.250s][info][gc,phases] GC(0) Pause Mark Start 0.641ms
[3.295s][info][gc,phases] GC(0) Concurrent Mark 45.120ms
[3.297s][info][gc,phases] GC(0) Pause Mark End 0.117ms
[3.298s][info][gc,phases] GC(0) Concurrent Process Non-Strong References 0.511ms
[3.298s][info][gc,phases] GC(0) Concurrent Reset Relocation Set 0.000ms
[3.298s][info][gc,phases] GC(0) Concurrent Destroy Detached Pages 0.000ms
[3.301s][info][gc,phases] GC(0) Concurrent Select Relocation Set 2.872ms
[3.301s][info][gc,phases] GC(0) Concurrent Prepare Relocation Set 0.399ms
[3.302s][info][gc,phases] GC(0) Pause Relocate Start 1.110ms
[3.324s][info][gc,phases] GC(0) Concurrent Relocate 15.880ms
[3.325s][info][gc,load  ] GC(0) Load: 2.21/2.22/2.54
[3.325s][info][gc,mmu   ] GC(0) MMU: 2ms/44.5%, 5ms/77.8%, 10ms/87.7%, 20ms/93.9%, 50ms/97.5%, 100ms/98.1%
[3.325s][info][gc,marking] GC(0) Mark: 1 stripe(s), 3 proactive flush(es), 1 terminate flush(es), 0 completion(s), 0 continuation(s) 
[3.325s][info][gc,reloc  ] GC(0) Relocation: Successful, 16M relocated
[3.325s][info][gc,nmethod] GC(0) NMethods: 340 registered, 0 unregistered
[3.325s][info][gc,metaspace] GC(0) Metaspace: 20M used, 21M capacity, 21M committed, 22M reserved
[3.325s][info][gc,ref      ] GC(0) Soft: 356 encountered, 0 discovered, 0 enqueued
[3.325s][info][gc,ref      ] GC(0) Weak: 711 encountered, 652 discovered, 188 enqueued
[3.325s][info][gc,ref      ] GC(0) Final: 2 encountered, 0 discovered, 0 enqueued
[3.325s][info][gc,ref      ] GC(0) Phantom: 839 encountered, 644 discovered, 245 enqueued
[3.325s][info][gc,heap     ] GC(0)                Mark Start          Mark End        Relocate Start      Relocate End           High               Low         
[3.325s][info][gc,heap     ] GC(0)  Capacity:      160M (9%)          160M (9%)          160M (9%)          160M (9%)          160M (9%)          160M (9%)     
[3.325s][info][gc,heap     ] GC(0)   Reserve:       34M (2%)           34M (2%)           34M (2%)           34M (2%)           34M (2%)           34M (2%)     
[3.325s][info][gc,heap     ] GC(0)      Free:     1626M (93%)        1624M (93%)        1624M (93%)        1666M (95%)        1666M (95%)        1622M (93%)    
[3.325s][info][gc,heap     ] GC(0)      Used:       90M (5%)           92M (5%)           92M (5%)           50M (3%)           94M (5%)           50M (3%)     
[3.325s][info][gc,heap     ] GC(0)      Live:         -                17M (1%)           17M (1%)           17M (1%)             -                  -          
[3.325s][info][gc,heap     ] GC(0) Allocated:         -                 2M (0%)            2M (0%)           12M (1%)             -                  -          
[3.325s][info][gc,heap     ] GC(0)   Garbage:         -                72M (4%)           72M (4%)           30M (2%)             -                  -          
[3.325s][info][gc,heap     ] GC(0) Reclaimed:         -                  -                 0M (0%)           42M (2%)             -                  -          
[3.325s][info][gc          ] GC(0) Garbage Collection (Metadata GC Threshold) 90M(5%)->50M(3%)
[6.381s][info][gc,start    ] GC(1) Garbage Collection (Metadata GC Threshold)
[6.383s][info][gc,phases   ] GC(1) Pause Mark Start 1.367ms
[6.578s][info][gc,phases   ] GC(1) Concurrent Mark 191.478ms
[6.587s][info][gc,phases   ] GC(1) Pause Mark End 0.224ms
[6.595s][info][gc,phases   ] GC(1) Concurrent Process Non-Strong References 8.250ms
[6.595s][info][gc,phases   ] GC(1) Concurrent Reset Relocation Set 0.107ms
[6.595s][info][gc,phases   ] GC(1) Concurrent Destroy Detached Pages 0.000ms
[6.597s][info][gc,phases   ] GC(1) Concurrent Select Relocation Set 1.864ms
[6.598s][info][gc,phases   ] GC(1) Concurrent Prepare Relocation Set 0.371ms
[6.608s][info][gc,phases   ] GC(1) Pause Relocate Start 1.580ms
[6.654s][info][gc,phases   ] GC(1) Concurrent Relocate 39.351ms
[6.654s][info][gc,load     ] GC(1) Load: 2.21/2.22/2.54
[6.654s][info][gc,mmu      ] GC(1) MMU: 2ms/21.0%, 5ms/68.4%, 10ms/84.2%, 20ms/92.1%, 50ms/96.4%, 100ms/98.1%
[6.654s][info][gc,marking  ] GC(1) Mark: 1 stripe(s), 2 proactive flush(es), 2 terminate flush(es), 0 completion(s), 0 continuation(s) 
[6.654s][info][gc,reloc    ] GC(1) Relocation: Successful, 12M relocated
[6.654s][info][gc,nmethod  ] GC(1) NMethods: 693 registered, 0 unregistered
[6.654s][info][gc,metaspace] GC(1) Metaspace: 35M used, 36M capacity, 36M committed, 38M reserved
[6.654s][info][gc,ref      ] GC(1) Soft: 2902 encountered, 0 discovered, 0 enqueued
[6.654s][info][gc,ref      ] GC(1) Weak: 1464 encountered, 1126 discovered, 227 enqueued
[6.654s][info][gc,ref      ] GC(1) Final: 26 encountered, 13 discovered, 13 enqueued
[6.654s][info][gc,ref      ] GC(1) Phantom: 907 encountered, 768 discovered, 295 enqueued
[6.654s][info][gc,heap     ] GC(1)                Mark Start          Mark End        Relocate Start      Relocate End           High               Low         
[6.654s][info][gc,heap     ] GC(1)  Capacity:      160M (9%)          160M (9%)          160M (9%)          160M (9%)          160M (9%)          160M (9%)     
[6.654s][info][gc,heap     ] GC(1)   Reserve:       34M (2%)           34M (2%)           34M (2%)           34M (2%)           34M (2%)           34M (2%)     
[6.654s][info][gc,heap     ] GC(1)      Free:     1608M (92%)        1604M (92%)        1604M (92%)        1658M (95%)        1660M (95%)        1602M (92%)    
[6.654s][info][gc,heap     ] GC(1)      Used:      108M (6%)          112M (6%)          112M (6%)           58M (3%)          114M (7%)           56M (3%)     
[6.654s][info][gc,heap     ] GC(1)      Live:         -                21M (1%)           21M (1%)           21M (1%)             -                  -          
[6.654s][info][gc,heap     ] GC(1) Allocated:         -                 4M (0%)            4M (0%)           12M (1%)             -                  -          
[6.654s][info][gc,heap     ] GC(1)   Garbage:         -                86M (5%)           86M (5%)           30M (2%)             -                  -          
[6.654s][info][gc,heap     ] GC(1) Reclaimed:         -                  -                 0M (0%)           56M (3%)             -                  -          
[6.654s][info][gc          ] GC(1) Garbage Collection (Metadata GC Threshold) 108M(6%)->58M(3%)
[10.065s][info][gc,stats    ] === Garbage Collection Statistics =======================================================================================================================
[10.065s][info][gc,stats    ]                                                              Last 10s              Last 10m              Last 10h                Total
[10.065s][info][gc,stats    ]                                                              Avg / Max             Avg / Max             Avg / Max             Avg / Max
[10.065s][info][gc,stats    ]   Collector: Garbage Collection Cycle                    174.756 / 273.430     174.756 / 273.430     174.756 / 273.430     174.756 / 273.430     ms
[10.065s][info][gc,stats    ]  Contention: Mark Segment Reset Contention                     0 / 0                 0 / 0                 0 / 0                 0 / 0           ops/s
[10.065s][info][gc,stats    ]  Contention: Mark SeqNum Reset Contention                      0 / 0                 0 / 0                 0 / 0                 0 / 0           ops/s
[10.065s][info][gc,stats    ]  Contention: Relocation Contention                             0 / 0                 0 / 0                 0 / 0                 0 / 0           ops/s
[10.065s][info][gc,stats    ]    Critical: Allocation Stall                              0.000 / 0.000         0.000 / 0.000         0.000 / 0.000         0.000 / 0.000       ms
[10.065s][info][gc,stats    ]    Critical: Allocation Stall                                  0 / 0                 0 / 0                 0 / 0                 0 / 0           ops/s
[10.065s][info][gc,stats    ]    Critical: GC Locker Stall                               0.000 / 0.000         0.000 / 0.000         0.000 / 0.000         0.000 / 0.000       ms
[10.065s][info][gc,stats    ]    Critical: GC Locker Stall                                   0 / 0                 0 / 0                 0 / 0                 0 / 0           ops/s
[10.065s][info][gc,stats    ]      Memory: Allocation Rate                                  22 / 50               22 / 50               22 / 50               22 / 50          MB/s
[10.065s][info][gc,stats    ]      Memory: Heap Used After Mark                            102 / 112             102 / 112             102 / 112             102 / 112         MB
[10.065s][info][gc,stats    ]      Memory: Heap Used After Relocation                       54 / 58               54 / 58               54 / 58               54 / 58          MB
[10.065s][info][gc,stats    ]      Memory: Heap Used Before Mark                            99 / 108              99 / 108              99 / 108              99 / 108         MB
[10.065s][info][gc,stats    ]      Memory: Heap Used Before Relocation                     102 / 112             102 / 112             102 / 112             102 / 112         MB
[10.065s][info][gc,stats    ]      Memory: Out Of Memory                                     0 / 0                 0 / 0                 0 / 0                 0 / 0           ops/s
[10.065s][info][gc,stats    ]      Memory: Page Cache Flush                                  0 / 0                 0 / 0                 0 / 0                 0 / 0           MB/s
[10.065s][info][gc,stats    ]      Memory: Page Cache Hit L1                                 5 / 13                5 / 13                5 / 13                5 / 13          ops/s
[10.065s][info][gc,stats    ]      Memory: Page Cache Hit L2                                 0 / 0                 0 / 0                 0 / 0                 0 / 0           ops/s
[10.065s][info][gc,stats    ]      Memory: Page Cache Miss                                   4 / 10                4 / 10                4 / 10                4 / 10          ops/s
[10.065s][info][gc,stats    ]      Memory: Undo Object Allocation Failed                     0 / 0                 0 / 0                 0 / 0                 0 / 0           ops/s
[10.065s][info][gc,stats    ]      Memory: Undo Object Allocation Succeeded                  0 / 0                 0 / 0                 0 / 0                 0 / 0           ops/s
[10.065s][info][gc,stats    ]      Memory: Undo Page Allocation                              0 / 0                 0 / 0                 0 / 0                 0 / 0           ops/s
[10.065s][info][gc,stats    ]       Phase: Concurrent Destroy Detached Pages             0.000 / 0.000         0.000 / 0.000         0.000 / 0.000         0.000 / 0.000       ms
[10.065s][info][gc,stats    ]       Phase: Concurrent Mark                             118.299 / 191.478     118.299 / 191.478     118.299 / 191.478     118.299 / 191.478     ms
[10.065s][info][gc,stats    ]       Phase: Concurrent Mark Continue                      0.000 / 0.000         0.000 / 0.000         0.000 / 0.000         0.000 / 0.000       ms
[10.065s][info][gc,stats    ]       Phase: Concurrent Prepare Relocation Set             0.385 / 0.399         0.385 / 0.399         0.385 / 0.399         0.385 / 0.399       ms
[10.065s][info][gc,stats    ]       Phase: Concurrent Process Non-Strong References      4.381 / 8.250         4.381 / 8.250         4.381 / 8.250         4.381 / 8.250       ms
[10.065s][info][gc,stats    ]       Phase: Concurrent Relocate                          27.616 / 39.351       27.616 / 39.351       27.616 / 39.351       27.616 / 39.351      ms
[10.065s][info][gc,stats    ]       Phase: Concurrent Reset Relocation Set               0.053 / 0.107         0.053 / 0.107         0.053 / 0.107         0.053 / 0.107       ms
[10.065s][info][gc,stats    ]       Phase: Concurrent Select Relocation Set              2.368 / 2.872         2.368 / 2.872         2.368 / 2.872         2.368 / 2.872       ms
[10.065s][info][gc,stats    ]       Phase: Pause Mark End                                0.171 / 0.224         0.171 / 0.224         0.171 / 0.224         0.171 / 0.224       ms
[10.065s][info][gc,stats    ]       Phase: Pause Mark Start                              1.004 / 1.367         1.004 / 1.367         1.004 / 1.367         1.004 / 1.367       ms
[10.065s][info][gc,stats    ]       Phase: Pause Relocate Start                          1.345 / 1.580         1.345 / 1.580         1.345 / 1.580         1.345 / 1.580       ms
[10.065s][info][gc,stats    ]    Subphase: Concurrent Mark                             118.277 / 191.456     118.277 / 191.456     118.277 / 191.456     118.277 / 191.456     ms
[10.065s][info][gc,stats    ]    Subphase: Concurrent Mark Idle                          0.000 / 0.000         0.000 / 0.000         0.000 / 0.000         0.000 / 0.000       ms
[10.065s][info][gc,stats    ]    Subphase: Concurrent Mark Try Flush                     4.976 / 11.667        4.976 / 11.667        4.976 / 11.667        4.976 / 11.667      ms
[10.065s][info][gc,stats    ]    Subphase: Concurrent Mark Try Terminate                 4.097 / 11.670        4.097 / 11.670        4.097 / 11.670        4.097 / 11.670      ms
[10.065s][info][gc,stats    ]    Subphase: Concurrent References Enqueue                 0.005 / 0.007         0.005 / 0.007         0.005 / 0.007         0.005 / 0.007       ms
[10.065s][info][gc,stats    ]    Subphase: Concurrent References Process                 0.426 / 0.520         0.426 / 0.520         0.426 / 0.520         0.426 / 0.520       ms
[10.065s][info][gc,stats    ]    Subphase: Concurrent Weak Roots                         0.503 / 0.838         0.503 / 0.838         0.503 / 0.838         0.503 / 0.838       ms
[10.065s][info][gc,stats    ]    Subphase: Concurrent Weak Roots JNIWeakHandles          0.000 / 0.001         0.000 / 0.001         0.000 / 0.001         0.000 / 0.001       ms
[10.065s][info][gc,stats    ]    Subphase: Concurrent Weak Roots StringTable             0.384 / 0.628         0.384 / 0.628         0.384 / 0.628         0.384 / 0.628       ms
[10.065s][info][gc,stats    ]    Subphase: Concurrent Weak Roots VMWeakHandles           0.117 / 0.205         0.117 / 0.205         0.117 / 0.205         0.117 / 0.205       ms
[10.065s][info][gc,stats    ]    Subphase: Pause Mark Try Complete                       0.000 / 0.000         0.000 / 0.000         0.000 / 0.000         0.000 / 0.000       ms
[10.065s][info][gc,stats    ]    Subphase: Pause Remap TLABS                             0.001 / 0.001         0.001 / 0.001         0.001 / 0.001         0.001 / 0.001       ms
[10.065s][info][gc,stats    ]    Subphase: Pause Retire TLABS                            0.005 / 0.005         0.005 / 0.005         0.005 / 0.005         0.005 / 0.005       ms
[10.065s][info][gc,stats    ]    Subphase: Pause Roots                                   0.778 / 1.479         0.778 / 1.479         0.778 / 1.479         0.778 / 1.479       ms
[10.065s][info][gc,stats    ]    Subphase: Pause Roots ClassLoaderDataGraph              0.504 / 1.002         0.504 / 1.002         0.504 / 1.002         0.504 / 1.002       ms
[10.065s][info][gc,stats    ]    Subphase: Pause Roots CodeCache                         0.276 / 0.322         0.276 / 0.322         0.276 / 0.322         0.276 / 0.322       ms
[10.065s][info][gc,stats    ]    Subphase: Pause Roots JNIHandles                        0.002 / 0.005         0.002 / 0.005         0.002 / 0.005         0.002 / 0.005       ms
[10.065s][info][gc,stats    ]    Subphase: Pause Roots JNIWeakHandles                    0.000 / 0.000         0.000 / 0.000         0.000 / 0.000         0.000 / 0.000       ms
[10.065s][info][gc,stats    ]    Subphase: Pause Roots JRFWeak                           0.000 / 0.000         0.000 / 0.000         0.000 / 0.000         0.000 / 0.000       ms
[10.065s][info][gc,stats    ]    Subphase: Pause Roots JVMTIExport                       0.000 / 0.001         0.000 / 0.001         0.000 / 0.001         0.000 / 0.001       ms
[10.065s][info][gc,stats    ]    Subphase: Pause Roots JVMTIWeakExport                   0.001 / 0.001         0.001 / 0.001         0.001 / 0.001         0.001 / 0.001       ms
[10.065s][info][gc,stats    ]    Subphase: Pause Roots Management                        0.001 / 0.001         0.001 / 0.001         0.001 / 0.001         0.001 / 0.001       ms
[10.065s][info][gc,stats    ]    Subphase: Pause Roots ObjectSynchronizer                0.000 / 0.000         0.000 / 0.000         0.000 / 0.000         0.000 / 0.000       ms
[10.065s][info][gc,stats    ]    Subphase: Pause Roots Setup                             0.033 / 0.073         0.033 / 0.073         0.033 / 0.073         0.033 / 0.073       ms
[10.065s][info][gc,stats    ]    Subphase: Pause Roots StringTable                       0.000 / 0.000         0.000 / 0.000         0.000 / 0.000         0.000 / 0.000       ms
[10.065s][info][gc,stats    ]    Subphase: Pause Roots SystemDictionary                  0.009 / 0.015         0.009 / 0.015         0.009 / 0.015         0.009 / 0.015       ms
[10.065s][info][gc,stats    ]    Subphase: Pause Roots Teardown                          0.001 / 0.001         0.001 / 0.001         0.001 / 0.001         0.001 / 0.001       ms
[10.065s][info][gc,stats    ]    Subphase: Pause Roots Threads                           0.241 / 0.698         0.241 / 0.698         0.241 / 0.698         0.241 / 0.698       ms
[10.065s][info][gc,stats    ]    Subphase: Pause Roots Universe                          0.011 / 0.023         0.011 / 0.023         0.011 / 0.023         0.011 / 0.023       ms
[10.065s][info][gc,stats    ]    Subphase: Pause Roots VMWeakHandles                     0.000 / 0.000         0.000 / 0.000         0.000 / 0.000         0.000 / 0.000       ms
[10.065s][info][gc,stats    ]    Subphase: Pause Weak Roots                              0.006 / 0.009         0.006 / 0.009         0.006 / 0.009         0.006 / 0.009       ms
[10.065s][info][gc,stats    ]    Subphase: Pause Weak Roots JFRWeak                      0.001 / 0.001         0.001 / 0.001         0.001 / 0.001         0.001 / 0.001       ms
[10.065s][info][gc,stats    ]    Subphase: Pause Weak Roots JNIWeakHandles               0.000 / 0.000         0.000 / 0.000         0.000 / 0.000         0.000 / 0.000       ms
[10.065s][info][gc,stats    ]    Subphase: Pause Weak Roots JVMTIWeakExport              0.004 / 0.008         0.004 / 0.008         0.004 / 0.008         0.004 / 0.008       ms
[10.065s][info][gc,stats    ]    Subphase: Pause Weak Roots Setup                        0.000 / 0.000         0.000 / 0.000         0.000 / 0.000         0.000 / 0.000       ms
[10.065s][info][gc,stats    ]    Subphase: Pause Weak Roots StringTable                  0.000 / 0.000         0.000 / 0.000         0.000 / 0.000         0.000 / 0.000       ms
[10.065s][info][gc,stats    ]    Subphase: Pause Weak Roots SymbolTable                  0.000 / 0.000         0.000 / 0.000         0.000 / 0.000         0.000 / 0.000       ms
[10.065s][info][gc,stats    ]    Subphase: Pause Weak Roots Teardown                     0.001 / 0.001         0.001 / 0.001         0.001 / 0.001         0.001 / 0.001       ms
[10.065s][info][gc,stats    ]    Subphase: Pause Weak Roots VMWeakHandles                0.000 / 0.000         0.000 / 0.000         0.000 / 0.000         0.000 / 0.000       ms
[10.065s][info][gc,stats    ]      System: Java Threads                                      9 / 10                9 / 10                9 / 10                9 / 10          threads
[10.065s][info][gc,stats    ] =========================================================================================================================================================
[11.965s][info][gc,start    ] GC(2) Garbage Collection (Warmup)
[11.971s][info][gc,phases   ] GC(2) Pause Mark Start 2.817ms
[13.842s][info][gc,phases   ] GC(2) Concurrent Mark 1870.897ms
[13.851s][info][gc,phases   ] GC(2) Pause Mark End 0.205ms
[13.853s][info][gc,phases   ] GC(2) Concurrent Process Non-Strong References 1.772ms
[13.853s][info][gc,phases   ] GC(2) Concurrent Reset Relocation Set 0.006ms
[13.853s][info][gc,phases   ] GC(2) Concurrent Destroy Detached Pages 0.001ms
[13.865s][info][gc,phases   ] GC(2) Concurrent Select Relocation Set 11.318ms
[13.865s][info][gc,phases   ] GC(2) Concurrent Prepare Relocation Set 0.406ms
[13.879s][info][gc,phases   ] GC(2) Pause Relocate Start 3.113ms
[13.940s][info][gc,phases   ] GC(2) Concurrent Relocate 61.129ms
[13.940s][info][gc,load     ] GC(2) Load: 2.25/2.23/2.54
[13.940s][info][gc,mmu      ] GC(2) MMU: 2ms/0.0%, 5ms/37.7%, 10ms/68.9%, 20ms/84.4%, 50ms/93.4%, 100ms/96.7%
[13.940s][info][gc,marking  ] GC(2) Mark: 1 stripe(s), 2 proactive flush(es), 1 terminate flush(es), 0 completion(s), 0 continuation(s) 
[13.940s][info][gc,reloc    ] GC(2) Relocation: Successful, 14M relocated
[13.940s][info][gc,nmethod  ] GC(2) NMethods: 1087 registered, 0 unregistered
[13.940s][info][gc,metaspace] GC(2) Metaspace: 50M used, 52M capacity, 52M committed, 54M reserved
[13.940s][info][gc,ref      ] GC(2) Soft: 3457 encountered, 0 discovered, 0 enqueued
[13.940s][info][gc,ref      ] GC(2) Weak: 2456 encountered, 1912 discovered, 284 enqueued
[13.940s][info][gc,ref      ] GC(2) Final: 30 encountered, 6 discovered, 6 enqueued
[13.940s][info][gc,ref      ] GC(2) Phantom: 1110 encountered, 917 discovered, 476 enqueued
[13.940s][info][gc,heap     ] GC(2)                Mark Start          Mark End        Relocate Start      Relocate End           High               Low         
[13.940s][info][gc,heap     ] GC(2)  Capacity:      618M (35%)         940M (54%)         940M (54%)         942M (54%)         942M (54%)         618M (35%)    
[13.940s][info][gc,heap     ] GC(2)   Reserve:       34M (2%)           34M (2%)           34M (2%)           34M (2%)           34M (2%)           34M (2%)     
[13.940s][info][gc,heap     ] GC(2)      Free:     1132M (65%)         810M (46%)         810M (46%)         892M (51%)        1132M (65%)         808M (46%)    
[13.940s][info][gc,heap     ] GC(2)      Used:      584M (33%)         906M (52%)         906M (52%)         824M (47%)         908M (52%)         584M (33%)    
[13.940s][info][gc,heap     ] GC(2)      Live:         -               464M (27%)         464M (27%)         464M (27%)            -                  -          
[13.940s][info][gc,heap     ] GC(2) Allocated:         -               322M (18%)         322M (18%)         332M (19%)            -                  -          
[13.940s][info][gc,heap     ] GC(2)   Garbage:         -               119M (7%)          119M (7%)           37M (2%)             -                  -          
[13.940s][info][gc,heap     ] GC(2) Reclaimed:         -                  -                 0M (0%)           82M (5%)             -                  -          
[13.940s][info][gc          ] GC(2) Garbage Collection (Warmup) 584M(33%)->824M(47%)
[13.965s][info][gc,start    ] GC(3) Garbage Collection (Allocation Rate)
[13.968s][info][gc,phases   ] GC(3) Pause Mark Start 1.265ms
[17.062s][info][gc,phases   ] GC(3) Concurrent Mark 3094.271ms
[17.064s][info][gc,phases   ] GC(3) Pause Mark End 1.566ms
[17.066s][info][gc,phases   ] GC(3) Concurrent Process Non-Strong References 1.519ms
[17.066s][info][gc,phases   ] GC(3) Concurrent Reset Relocation Set 0.007ms
[17.066s][info][gc,phases   ] GC(3) Concurrent Destroy Detached Pages 0.001ms
[17.068s][info][gc,phases   ] GC(3) Concurrent Select Relocation Set 1.551ms
[17.068s][info][gc,phases   ] GC(3) Concurrent Prepare Relocation Set 0.013ms
[17.075s][info][gc,phases   ] GC(3) Pause Relocate Start 7.586ms
[17.076s][info][gc,phases   ] GC(3) Concurrent Relocate 0.940ms
[17.076s][info][gc,load     ] GC(3) Load: 2.25/2.23/2.54
[17.076s][info][gc,mmu      ] GC(3) MMU: 2ms/0.0%, 5ms/0.0%, 10ms/24.1%, 20ms/54.2%, 50ms/81.7%, 100ms/90.8%
[17.076s][info][gc,marking  ] GC(3) Mark: 1 stripe(s), 2 proactive flush(es), 1 terminate flush(es), 0 completion(s), 0 continuation(s) 
[17.076s][info][gc,reloc    ] GC(3) Relocation: Successful, 7M relocated
[17.076s][info][gc,nmethod  ] GC(3) NMethods: 1406 registered, 0 unregistered
[17.076s][info][gc,metaspace] GC(3) Metaspace: 58M used, 61M capacity, 61M committed, 62M reserved
[17.076s][info][gc,ref      ] GC(3) Soft: 3457 encountered, 0 discovered, 0 enqueued
[17.076s][info][gc,ref      ] GC(3) Weak: 2172 encountered, 1625 discovered, 0 enqueued
[17.076s][info][gc,ref      ] GC(3) Final: 24 encountered, 0 discovered, 0 enqueued
[17.076s][info][gc,ref      ] GC(3) Phantom: 635 encountered, 442 discovered, 0 enqueued
[17.076s][info][gc,heap     ] GC(3)                Mark Start          Mark End        Relocate Start      Relocate End           High               Low         
[17.076s][info][gc,heap     ] GC(3)  Capacity:      942M (54%)         980M (56%)         980M (56%)         980M (56%)         980M (56%)         942M (54%)    
[17.076s][info][gc,heap     ] GC(3)   Reserve:       34M (2%)           34M (2%)           34M (2%)           34M (2%)           34M (2%)           34M (2%)     
[17.076s][info][gc,heap     ] GC(3)      Free:      892M (51%)         800M (46%)         800M (46%)         802M (46%)         892M (51%)         798M (46%)    
[17.076s][info][gc,heap     ] GC(3)      Used:      824M (47%)         916M (52%)         916M (52%)         914M (52%)         918M (52%)         824M (47%)    
[17.076s][info][gc,heap     ] GC(3)      Live:         -               779M (45%)         779M (45%)         779M (45%)            -                  -          
[17.076s][info][gc,heap     ] GC(3) Allocated:         -                92M (5%)           92M (5%)           94M (5%)             -                  -          
[17.076s][info][gc,heap     ] GC(3)   Garbage:         -                44M (3%)           44M (3%)           42M (2%)             -                  -          
[17.076s][info][gc,heap     ] GC(3) Reclaimed:         -                  -                 0M (0%)            2M (0%)             -                  -          
[17.076s][info][gc          ] GC(3) Garbage Collection (Allocation Rate) 824M(47%)->914M(52%)
[17.076s][info][gc,start    ] GC(4) Garbage Collection (System.gc())
[17.078s][info][gc,phases   ] GC(4) Pause Mark Start 1.575ms
[17.146s][info][gc,phases   ] GC(4) Concurrent Mark 68.200ms
[17.147s][info][gc,phases   ] GC(4) Pause Mark End 0.174ms
[17.148s][info][gc,phases   ] GC(4) Concurrent Process Non-Strong References 1.854ms
[17.149s][info][gc,phases   ] GC(4) Concurrent Reset Relocation Set 0.002ms
[17.149s][info][gc,phases   ] GC(4) Concurrent Destroy Detached Pages 0.000ms
[17.151s][info][gc,phases   ] GC(4) Concurrent Select Relocation Set 2.204ms
[17.151s][info][gc,phases   ] GC(4) Concurrent Prepare Relocation Set 0.067ms
[17.153s][info][gc,phases   ] GC(4) Pause Relocate Start 1.959ms
[17.165s][info][gc,phases   ] GC(4) Concurrent Relocate 11.774ms
[17.165s][info][gc,load     ] GC(4) Load: 2.25/2.23/2.54
[17.165s][info][gc,mmu      ] GC(4) MMU: 2ms/0.0%, 5ms/0.0%, 10ms/12.6%, 20ms/46.4%, 50ms/78.5%, 100ms/87.1%
[17.165s][info][gc,marking  ] GC(4) Mark: 1 stripe(s), 2 proactive flush(es), 1 terminate flush(es), 0 completion(s), 0 continuation(s) 
[17.165s][info][gc,reloc    ] GC(4) Relocation: Successful, 10M relocated
[17.165s][info][gc,nmethod  ] GC(4) NMethods: 1406 registered, 0 unregistered
[17.165s][info][gc,metaspace] GC(4) Metaspace: 58M used, 61M capacity, 61M committed, 62M reserved
[17.165s][info][gc,ref      ] GC(4) Soft: 3878 encountered, 0 discovered, 0 enqueued
[17.165s][info][gc,ref      ] GC(4) Weak: 2932 encountered, 2250 discovered, 198 enqueued
[17.165s][info][gc,ref      ] GC(4) Final: 34 encountered, 8 discovered, 8 enqueued
[17.165s][info][gc,ref      ] GC(4) Phantom: 912 encountered, 780 discovered, 271 enqueued
[17.165s][info][gc,heap     ] GC(4)                Mark Start          Mark End        Relocate Start      Relocate End           High               Low         
[17.165s][info][gc,heap     ] GC(4)  Capacity:      980M (56%)         980M (56%)         980M (56%)         980M (56%)         980M (56%)         980M (56%)    
[17.165s][info][gc,heap     ] GC(4)   Reserve:       34M (2%)           34M (2%)           34M (2%)           34M (2%)           34M (2%)           34M (2%)     
[17.165s][info][gc,heap     ] GC(4)      Free:      802M (46%)         800M (46%)        1590M (91%)        1654M (95%)        1654M (95%)         800M (46%)    
[17.165s][info][gc,heap     ] GC(4)      Used:      914M (52%)         916M (52%)         126M (7%)           62M (4%)          916M (52%)          62M (4%)     
[17.165s][info][gc,heap     ] GC(4)      Live:         -                29M (2%)           29M (2%)           29M (2%)             -                  -          
[17.165s][info][gc,heap     ] GC(4) Allocated:         -                 2M (0%)            2M (0%)            6M (0%)             -                  -          
[17.165s][info][gc,heap     ] GC(4)   Garbage:         -               884M (51%)          94M (5%)           30M (2%)             -                  -          
[17.165s][info][gc,heap     ] GC(4) Reclaimed:         -                  -               790M (45%)         854M (49%)            -                  -          
[17.165s][info][gc          ] GC(4) Garbage Collection (System.gc()) 914M(52%)->62M(4%)
[19.464s][info][gc,start    ] GC(5) Garbage Collection (Allocation Rate)
[19.472s][info][gc,phases   ] GC(5) Pause Mark Start 5.079ms
[19.613s][info][gc,phases   ] GC(5) Concurrent Mark 141.302ms
[19.616s][info][gc,phases   ] GC(5) Pause Mark End 0.189ms
[19.618s][info][gc,phases   ] GC(5) Concurrent Process Non-Strong References 1.954ms
[19.618s][info][gc,phases   ] GC(5) Concurrent Reset Relocation Set 0.004ms
[19.618s][info][gc,phases   ] GC(5) Concurrent Destroy Detached Pages 0.001ms
[19.620s][info][gc,phases   ] GC(5) Concurrent Select Relocation Set 2.166ms
[19.620s][info][gc,phases   ] GC(5) Concurrent Prepare Relocation Set 0.074ms
[19.622s][info][gc,phases   ] GC(5) Pause Relocate Start 2.200ms
[19.640s][info][gc,phases   ] GC(5) Concurrent Relocate 16.978ms
[19.640s][info][gc,load     ] GC(5) Load: 2.31/2.24/2.55
[19.640s][info][gc,mmu      ] GC(5) MMU: 2ms/0.0%, 5ms/0.0%, 10ms/12.6%, 20ms/46.4%, 50ms/78.5%, 100ms/87.1%
[19.640s][info][gc,marking  ] GC(5) Mark: 1 stripe(s), 2 proactive flush(es), 1 terminate flush(es), 0 completion(s), 0 continuation(s) 
[19.640s][info][gc,reloc    ] GC(5) Relocation: Successful, 12M relocated
[19.640s][info][gc,nmethod  ] GC(5) NMethods: 1879 registered, 0 unregistered
[19.640s][info][gc,metaspace] GC(5) Metaspace: 67M used, 70M capacity, 70M committed, 72M reserved
[19.640s][info][gc,ref      ] GC(5) Soft: 4438 encountered, 0 discovered, 0 enqueued
[19.640s][info][gc,ref      ] GC(5) Weak: 4206 encountered, 3306 discovered, 324 enqueued
[19.640s][info][gc,ref      ] GC(5) Final: 29 encountered, 3 discovered, 3 enqueued
[19.640s][info][gc,ref      ] GC(5) Phantom: 1058 encountered, 1005 discovered, 402 enqueued
[19.640s][info][gc,heap     ] GC(5)                Mark Start          Mark End        Relocate Start      Relocate End           High               Low         
[19.640s][info][gc,heap     ] GC(5)  Capacity:      980M (56%)         980M (56%)         980M (56%)         980M (56%)         980M (56%)         980M (56%)    
[19.640s][info][gc,heap     ] GC(5)   Reserve:       34M (2%)           34M (2%)           34M (2%)           34M (2%)           34M (2%)           34M (2%)     
[19.640s][info][gc,heap     ] GC(5)      Free:     1376M (79%)        1314M (75%)        1502M (86%)        1574M (90%)        1578M (90%)        1314M (75%)    
[19.640s][info][gc,heap     ] GC(5)      Used:      340M (19%)         402M (23%)         214M (12%)         142M (8%)          402M (23%)         138M (8%)     
[19.640s][info][gc,heap     ] GC(5)      Live:         -                32M (2%)           32M (2%)           32M (2%)             -                  -          
[19.640s][info][gc,heap     ] GC(5) Allocated:         -                62M (4%)           64M (4%)           84M (5%)             -                  -          
[19.640s][info][gc,heap     ] GC(5)   Garbage:         -               307M (18%)         117M (7%)           31M (2%)             -                  -          
[19.640s][info][gc,heap     ] GC(5) Reclaimed:         -                  -               190M (11%)         276M (16%)            -                  -          
[19.640s][info][gc          ] GC(5) Garbage Collection (Allocation Rate) 340M(19%)->142M(8%)
[19.764s][info][gc,start    ] GC(6) Garbage Collection (Allocation Rate)
[19.768s][info][gc,phases   ] GC(6) Pause Mark Start 1.951ms
[19.852s][info][gc,phases   ] GC(6) Concurrent Mark 83.783ms
[19.854s][info][gc,phases   ] GC(6) Pause Mark End 0.191ms
[19.856s][info][gc,phases   ] GC(6) Concurrent Process Non-Strong References 1.727ms
[19.856s][info][gc,phases   ] GC(6) Concurrent Reset Relocation Set 0.005ms
[19.856s][info][gc,phases   ] GC(6) Concurrent Destroy Detached Pages 0.000ms
[19.857s][info][gc,phases   ] GC(6) Concurrent Select Relocation Set 1.500ms
[19.857s][info][gc,phases   ] GC(6) Concurrent Prepare Relocation Set 0.029ms
[19.859s][info][gc,phases   ] GC(6) Pause Relocate Start 1.607ms
[19.865s][info][gc,phases   ] GC(6) Concurrent Relocate 5.665ms
[19.865s][info][gc,load     ] GC(6) Load: 2.31/2.24/2.55
[19.865s][info][gc,mmu      ] GC(6) MMU: 2ms/0.0%, 5ms/0.0%, 10ms/12.6%, 20ms/46.4%, 50ms/78.5%, 100ms/87.1%
[19.865s][info][gc,marking  ] GC(6) Mark: 1 stripe(s), 2 proactive flush(es), 1 terminate flush(es), 0 completion(s), 0 continuation(s) 
[19.865s][info][gc,reloc    ] GC(6) Relocation: Successful, 8M relocated
[19.865s][info][gc,nmethod  ] GC(6) NMethods: 1889 registered, 0 unregistered
[19.865s][info][gc,metaspace] GC(6) Metaspace: 67M used, 70M capacity, 70M committed, 72M reserved
[19.865s][info][gc,ref      ] GC(6) Soft: 4438 encountered, 0 discovered, 0 enqueued
[19.865s][info][gc,ref      ] GC(6) Weak: 3882 encountered, 2982 discovered, 0 enqueued
[19.865s][info][gc,ref      ] GC(6) Final: 26 encountered, 0 discovered, 0 enqueued
[19.865s][info][gc,ref      ] GC(6) Phantom: 656 encountered, 653 discovered, 0 enqueued
[19.865s][info][gc,heap     ] GC(6)                Mark Start          Mark End        Relocate Start      Relocate End           High               Low         
[19.865s][info][gc,heap     ] GC(6)  Capacity:      980M (56%)         980M (56%)         980M (56%)         980M (56%)         980M (56%)         980M (56%)    
[19.865s][info][gc,heap     ] GC(6)   Reserve:       34M (2%)           34M (2%)           34M (2%)           34M (2%)           34M (2%)           34M (2%)     
[19.865s][info][gc,heap     ] GC(6)      Free:     1386M (79%)        1318M (75%)        1576M (90%)        1582M (90%)        1582M (90%)        1318M (75%)    
[19.865s][info][gc,heap     ] GC(6)      Used:      330M (19%)         398M (23%)         140M (8%)          134M (8%)          398M (23%)         134M (8%)     
[19.865s][info][gc,heap     ] GC(6)      Live:         -                32M (2%)           32M (2%)           32M (2%)             -                  -          
[19.865s][info][gc,heap     ] GC(6) Allocated:         -                68M (4%)           68M (4%)           76M (4%)             -                  -          
[19.865s][info][gc,heap     ] GC(6)   Garbage:         -               297M (17%)          39M (2%)           31M (2%)             -                  -          
[19.865s][info][gc,heap     ] GC(6) Reclaimed:         -                  -               258M (15%)         266M (15%)            -                  -          
[19.865s][info][gc          ] GC(6) Garbage Collection (Allocation Rate) 330M(19%)->134M(8%)
[19.964s][info][gc,start    ] GC(7) Garbage Collection (Allocation Rate)
[19.968s][info][gc,phases   ] GC(7) Pause Mark Start 1.967ms
[20.040s][info][gc,phases   ] GC(7) Concurrent Mark 72.044ms
[20.043s][info][gc,phases   ] GC(7) Pause Mark End 0.190ms
[20.044s][info][gc,phases   ] GC(7) Concurrent Process Non-Strong References 1.470ms
[20.044s][info][gc,phases   ] GC(7) Concurrent Reset Relocation Set 0.002ms
[20.044s][info][gc,phases   ] GC(7) Concurrent Destroy Detached Pages 0.000ms
[20.046s][info][gc,phases   ] GC(7) Concurrent Select Relocation Set 1.508ms
[20.046s][info][gc,phases   ] GC(7) Concurrent Prepare Relocation Set 0.002ms
[20.048s][info][gc,phases   ] GC(7) Pause Relocate Start 1.638ms
[20.054s][info][gc,phases   ] GC(7) Concurrent Relocate 6.793ms
[20.054s][info][gc,load     ] GC(7) Load: 2.31/2.24/2.55
[20.054s][info][gc,mmu      ] GC(7) MMU: 2ms/0.0%, 5ms/0.0%, 10ms/12.6%, 20ms/46.4%, 50ms/78.5%, 100ms/87.1%
[20.054s][info][gc,marking  ] GC(7) Mark: 1 stripe(s), 2 proactive flush(es), 2 terminate flush(es), 0 completion(s), 0 continuation(s) 
[20.054s][info][gc,reloc    ] GC(7) Relocation: Successful, 6M relocated
[20.054s][info][gc,nmethod  ] GC(7) NMethods: 1895 registered, 0 unregistered
[20.054s][info][gc,metaspace] GC(7) Metaspace: 67M used, 70M capacity, 70M committed, 72M reserved
[20.054s][info][gc,ref      ] GC(7) Soft: 4438 encountered, 0 discovered, 0 enqueued
[20.054s][info][gc,ref      ] GC(7) Weak: 3882 encountered, 2982 discovered, 0 enqueued
[20.054s][info][gc,ref      ] GC(7) Final: 26 encountered, 0 discovered, 0 enqueued
[20.054s][info][gc,ref      ] GC(7) Phantom: 656 encountered, 653 discovered, 0 enqueued
[20.054s][info][gc,heap     ] GC(7)                Mark Start          Mark End        Relocate Start      Relocate End           High               Low         
[20.054s][info][gc,heap     ] GC(7)  Capacity:      980M (56%)         980M (56%)         980M (56%)         980M (56%)         980M (56%)         980M (56%)    
[20.055s][info][gc,heap     ] GC(7)   Reserve:       34M (2%)           34M (2%)           34M (2%)           34M (2%)           34M (2%)           34M (2%)     
[20.055s][info][gc,heap     ] GC(7)      Free:     1432M (82%)        1374M (79%)        1588M (91%)        1584M (91%)        1588M (91%)        1374M (79%)    
[20.055s][info][gc,heap     ] GC(7)      Used:      284M (16%)         342M (20%)         128M (7%)          132M (8%)          342M (20%)         128M (7%)     
[20.055s][info][gc,heap     ] GC(7)      Live:         -                32M (2%)           32M (2%)           32M (2%)             -                  -          
[20.055s][info][gc,heap     ] GC(7) Allocated:         -                58M (3%)           58M (3%)           72M (4%)             -                  -          
[20.055s][info][gc,heap     ] GC(7)   Garbage:         -               251M (14%)          37M (2%)           33M (2%)             -                  -          
[20.055s][info][gc,heap     ] GC(7) Reclaimed:         -                  -               214M (12%)         218M (12%)            -                  -          
[20.055s][info][gc          ] GC(7) Garbage Collection (Allocation Rate) 284M(16%)->132M(8%)
[20.064s][info][gc,stats    ] === Garbage Collection Statistics =======================================================================================================================
[20.064s][info][gc,stats    ]                                                              Last 10s              Last 10m              Last 10h                Total
[20.064s][info][gc,stats    ]                                                              Avg / Max             Avg / Max             Avg / Max             Avg / Max
[20.064s][info][gc,stats    ]   Collector: Garbage Collection Cycle                    923.681 / 3111.730    736.449 / 3111.730    736.449 / 3111.730    736.449 / 3111.730    ms
[20.064s][info][gc,stats    ]  Contention: Mark Segment Reset Contention                     0 / 0                 0 / 0                 0 / 0                 0 / 0           ops/s
[20.064s][info][gc,stats    ]  Contention: Mark SeqNum Reset Contention                      0 / 0                 0 / 0                 0 / 0                 0 / 0           ops/s
[20.064s][info][gc,stats    ]  Contention: Relocation Contention                             0 / 0                 0 / 0                 0 / 0                 0 / 0           ops/s
[20.064s][info][gc,stats    ]    Critical: Allocation Stall                              0.000 / 0.000         0.000 / 0.000         0.000 / 0.000         0.000 / 0.000       ms
[20.064s][info][gc,stats    ]    Critical: Allocation Stall                                  0 / 0                 0 / 0                 0 / 0                 0 / 0           ops/s
[20.064s][info][gc,stats    ]    Critical: GC Locker Stall                               0.000 / 0.000         0.000 / 0.000         0.000 / 0.000         0.000 / 0.000       ms
[20.064s][info][gc,stats    ]    Critical: GC Locker Stall                                   0 / 0                 0 / 0                 0 / 0                 0 / 0           ops/s
[20.064s][info][gc,stats    ]      Memory: Allocation Rate                                 172 / 686              97 / 686              97 / 686              97 / 686         MB/s
[20.064s][info][gc,stats    ]      Memory: Heap Used After Mark                            646 / 916             510 / 916             510 / 916             510 / 916         MB
[20.064s][info][gc,stats    ]      Memory: Heap Used After Relocation                      368 / 914             289 / 914             289 / 914             289 / 914         MB
[20.064s][info][gc,stats    ]      Memory: Heap Used Before Mark                           546 / 914             434 / 914             434 / 914             434 / 914         MB
[20.064s][info][gc,stats    ]      Memory: Heap Used Before Relocation                     405 / 916             329 / 916             329 / 916             329 / 916         MB
[20.064s][info][gc,stats    ]      Memory: Out Of Memory                                     0 / 0                 0 / 0                 0 / 0                 0 / 0           ops/s
[20.064s][info][gc,stats    ]      Memory: Page Cache Flush                                  0 / 0                 0 / 0                 0 / 0                 0 / 0           MB/s
[20.064s][info][gc,stats    ]      Memory: Page Cache Hit L1                                44 / 349              25 / 349              25 / 349              25 / 349         ops/s
[20.064s][info][gc,stats    ]      Memory: Page Cache Hit L2                                 0 / 0                 0 / 0                 0 / 0                 0 / 0           ops/s
[20.064s][info][gc,stats    ]      Memory: Page Cache Miss                                  39 / 216              22 / 216              22 / 216              22 / 216         ops/s
[20.064s][info][gc,stats    ]      Memory: Undo Object Allocation Failed                     0 / 0                 0 / 0                 0 / 0                 0 / 0           ops/s
[20.064s][info][gc,stats    ]      Memory: Undo Object Allocation Succeeded                  0 / 0                 0 / 0                 0 / 0                 0 / 0           ops/s
[20.064s][info][gc,stats    ]      Memory: Undo Page Allocation                              0 / 0                 0 / 0                 0 / 0                 0 / 0           ops/s
[20.064s][info][gc,stats    ]       Phase: Concurrent Destroy Detached Pages             0.001 / 0.001         0.001 / 0.001         0.001 / 0.001         0.001 / 0.001       ms
[20.064s][info][gc,stats    ]       Phase: Concurrent Mark                             888.416 / 3094.271    695.887 / 3094.271    695.887 / 3094.271    695.887 / 3094.271    ms
[20.064s][info][gc,stats    ]       Phase: Concurrent Mark Continue                      0.000 / 0.000         0.000 / 0.000         0.000 / 0.000         0.000 / 0.000       ms
[20.064s][info][gc,stats    ]       Phase: Concurrent Prepare Relocation Set             0.099 / 0.406         0.170 / 0.406         0.170 / 0.406         0.170 / 0.406       ms
[20.064s][info][gc,stats    ]       Phase: Concurrent Process Non-Strong References      1.716 / 1.954         2.382 / 8.250         2.382 / 8.250         2.382 / 8.250       ms
[20.064s][info][gc,stats    ]       Phase: Concurrent Relocate                          17.213 / 61.129       19.814 / 61.129       19.814 / 61.129       19.814 / 61.129      ms
[20.064s][info][gc,stats    ]       Phase: Concurrent Reset Relocation Set               0.004 / 0.007         0.017 / 0.107         0.017 / 0.107         0.017 / 0.107       ms
[20.064s][info][gc,stats    ]       Phase: Concurrent Select Relocation Set              3.374 / 11.318        3.123 / 11.318        3.123 / 11.318        3.123 / 11.318      ms
[20.064s][info][gc,stats    ]       Phase: Pause Mark End                                0.419 / 1.566         0.357 / 1.566         0.357 / 1.566         0.357 / 1.566       ms
[20.064s][info][gc,stats    ]       Phase: Pause Mark Start                              2.442 / 5.079         2.083 / 5.079         2.083 / 5.079         2.083 / 5.079       ms
[20.064s][info][gc,stats    ]       Phase: Pause Relocate Start                          3.017 / 7.586         2.599 / 7.586         2.599 / 7.586         2.599 / 7.586       ms
[20.064s][info][gc,stats    ]    Subphase: Concurrent Mark                             887.312 / 3094.254    695.053 / 3094.254    695.053 / 3094.254    695.053 / 3094.254    ms
[20.064s][info][gc,stats    ]    Subphase: Concurrent Mark Idle                          0.000 / 0.000         0.000 / 0.000         0.000 / 0.000         0.000 / 0.000       ms
[20.064s][info][gc,stats    ]    Subphase: Concurrent Mark Try Flush                     3.812 / 26.466        4.157 / 26.466        4.157 / 26.466        4.157 / 26.466      ms
[20.064s][info][gc,stats    ]    Subphase: Concurrent Mark Try Terminate                 0.748 / 5.872         1.678 / 11.670        1.678 / 11.670        1.678 / 11.670      ms
[20.064s][info][gc,stats    ]    Subphase: Concurrent References Enqueue                 0.002 / 0.005         0.003 / 0.007         0.003 / 0.007         0.003 / 0.007       ms
[20.064s][info][gc,stats    ]    Subphase: Concurrent References Process                 0.682 / 0.908         0.618 / 0.908         0.618 / 0.908         0.618 / 0.908       ms
[20.064s][info][gc,stats    ]    Subphase: Concurrent Weak Roots                         1.022 / 1.129         0.892 / 1.129         0.892 / 1.129         0.892 / 1.129       ms
[20.064s][info][gc,stats    ]    Subphase: Concurrent Weak Roots JNIWeakHandles          0.000 / 0.000         0.000 / 0.001         0.000 / 0.001         0.000 / 0.001       ms
[20.064s][info][gc,stats    ]    Subphase: Concurrent Weak Roots StringTable             0.799 / 0.885         0.695 / 0.885         0.695 / 0.885         0.695 / 0.885       ms
[20.064s][info][gc,stats    ]    Subphase: Concurrent Weak Roots VMWeakHandles           0.221 / 0.299         0.195 / 0.299         0.195 / 0.299         0.195 / 0.299       ms
[20.064s][info][gc,stats    ]    Subphase: Pause Mark Try Complete                       0.000 / 0.000         0.000 / 0.000         0.000 / 0.000         0.000 / 0.000       ms
[20.064s][info][gc,stats    ]    Subphase: Pause Remap TLABS                             0.001 / 0.001         0.001 / 0.001         0.001 / 0.001         0.001 / 0.001       ms
[20.064s][info][gc,stats    ]    Subphase: Pause Retire TLABS                            0.014 / 0.022         0.012 / 0.022         0.012 / 0.022         0.012 / 0.022       ms
[20.064s][info][gc,stats    ]    Subphase: Pause Roots                                   1.376 / 4.625         1.226 / 4.625         1.226 / 4.625         1.226 / 4.625       ms
[20.064s][info][gc,stats    ]    Subphase: Pause Roots ClassLoaderDataGraph              0.742 / 1.646         0.682 / 1.646         0.682 / 1.646         0.682 / 1.646       ms
[20.064s][info][gc,stats    ]    Subphase: Pause Roots CodeCache                         0.719 / 1.298         0.608 / 1.298         0.608 / 1.298         0.608 / 1.298       ms
[20.064s][info][gc,stats    ]    Subphase: Pause Roots JNIHandles                        0.001 / 0.003         0.001 / 0.005         0.001 / 0.005         0.001 / 0.005       ms
[20.064s][info][gc,stats    ]    Subphase: Pause Roots JNIWeakHandles                    0.000 / 0.000         0.000 / 0.000         0.000 / 0.000         0.000 / 0.000       ms
[20.064s][info][gc,stats    ]    Subphase: Pause Roots JRFWeak                           0.000 / 0.000         0.000 / 0.000         0.000 / 0.000         0.000 / 0.000       ms
[20.064s][info][gc,stats    ]    Subphase: Pause Roots JVMTIExport                       0.001 / 0.001         0.001 / 0.001         0.001 / 0.001         0.001 / 0.001       ms
[20.064s][info][gc,stats    ]    Subphase: Pause Roots JVMTIWeakExport                   0.001 / 0.001         0.001 / 0.001         0.001 / 0.001         0.001 / 0.001       ms
[20.064s][info][gc,stats    ]    Subphase: Pause Roots Management                        0.002 / 0.005         0.001 / 0.005         0.001 / 0.005         0.001 / 0.005       ms
[20.064s][info][gc,stats    ]    Subphase: Pause Roots ObjectSynchronizer                0.000 / 0.001         0.000 / 0.001         0.000 / 0.001         0.000 / 0.001       ms
[20.064s][info][gc,stats    ]    Subphase: Pause Roots Setup                             0.135 / 0.370         0.109 / 0.370         0.109 / 0.370         0.109 / 0.370       ms
[20.064s][info][gc,stats    ]    Subphase: Pause Roots StringTable                       0.000 / 0.000         0.000 / 0.000         0.000 / 0.000         0.000 / 0.000       ms
[20.064s][info][gc,stats    ]    Subphase: Pause Roots SystemDictionary                  0.014 / 0.035         0.013 / 0.035         0.013 / 0.035         0.013 / 0.035       ms
[20.064s][info][gc,stats    ]    Subphase: Pause Roots Teardown                          0.001 / 0.002         0.001 / 0.002         0.001 / 0.002         0.001 / 0.002       ms
[20.064s][info][gc,stats    ]    Subphase: Pause Roots Threads                           0.365 / 1.904         0.334 / 1.904         0.334 / 1.904         0.334 / 1.904       ms
[20.064s][info][gc,stats    ]    Subphase: Pause Roots Universe                          0.034 / 0.382         0.028 / 0.382         0.028 / 0.382         0.028 / 0.382       ms
[20.064s][info][gc,stats    ]    Subphase: Pause Roots VMWeakHandles                     0.000 / 0.000         0.000 / 0.000         0.000 / 0.000         0.000 / 0.000       ms
[20.064s][info][gc,stats    ]    Subphase: Pause Weak Roots                              0.002 / 0.003         0.003 / 0.009         0.003 / 0.009         0.003 / 0.009       ms
[20.064s][info][gc,stats    ]    Subphase: Pause Weak Roots JFRWeak                      0.001 / 0.001         0.001 / 0.001         0.001 / 0.001         0.001 / 0.001       ms
[20.064s][info][gc,stats    ]    Subphase: Pause Weak Roots JNIWeakHandles               0.000 / 0.000         0.000 / 0.000         0.000 / 0.000         0.000 / 0.000       ms
[20.064s][info][gc,stats    ]    Subphase: Pause Weak Roots JVMTIWeakExport              0.001 / 0.001         0.002 / 0.008         0.002 / 0.008         0.002 / 0.008       ms
[20.064s][info][gc,stats    ]    Subphase: Pause Weak Roots Setup                        0.000 / 0.000         0.000 / 0.000         0.000 / 0.000         0.000 / 0.000       ms
[20.064s][info][gc,stats    ]    Subphase: Pause Weak Roots StringTable                  0.000 / 0.000         0.000 / 0.000         0.000 / 0.000         0.000 / 0.000       ms
[20.064s][info][gc,stats    ]    Subphase: Pause Weak Roots SymbolTable                  0.000 / 0.000         0.000 / 0.000         0.000 / 0.000         0.000 / 0.000       ms
[20.064s][info][gc,stats    ]    Subphase: Pause Weak Roots Teardown                     0.001 / 0.001         0.001 / 0.001         0.001 / 0.001         0.001 / 0.001       ms
[20.064s][info][gc,stats    ]    Subphase: Pause Weak Roots VMWeakHandles                0.000 / 0.000         0.000 / 0.000         0.000 / 0.000         0.000 / 0.000       ms
[20.064s][info][gc,stats    ]      System: Java Threads                                     47 / 48               37 / 48               37 / 48               37 / 48          threads
[20.064s][info][gc,stats    ] =========================================================================================================================================================
[20.165s][info][gc,start    ] GC(8) Garbage Collection (Allocation Rate)
[20.169s][info][gc,phases   ] GC(8) Pause Mark Start 1.944ms
[20.241s][info][gc,phases   ] GC(8) Concurrent Mark 72.119ms
[20.243s][info][gc,phases   ] GC(8) Pause Mark End 0.202ms
[20.245s][info][gc,phases   ] GC(8) Concurrent Process Non-Strong References 1.561ms
[20.245s][info][gc,phases   ] GC(8) Concurrent Reset Relocation Set 0.003ms
[20.245s][info][gc,phases   ] GC(8) Concurrent Destroy Detached Pages 0.001ms
[20.247s][info][gc,phases   ] GC(8) Concurrent Select Relocation Set 2.130ms
[20.247s][info][gc,phases   ] GC(8) Concurrent Prepare Relocation Set 0.005ms
[20.249s][info][gc,phases   ] GC(8) Pause Relocate Start 1.629ms
[20.251s][info][gc,phases   ] GC(8) Concurrent Relocate 2.085ms
[20.251s][info][gc,load     ] GC(8) Load: 2.31/2.24/2.55
[20.251s][info][gc,mmu      ] GC(8) MMU: 2ms/0.0%, 5ms/0.0%, 10ms/12.6%, 20ms/46.4%, 50ms/78.5%, 100ms/87.1%
[20.251s][info][gc,marking  ] GC(8) Mark: 1 stripe(s), 2 proactive flush(es), 1 terminate flush(es), 0 completion(s), 0 continuation(s) 
[20.251s][info][gc,reloc    ] GC(8) Relocation: Successful, 6M relocated
[20.251s][info][gc,nmethod  ] GC(8) NMethods: 1900 registered, 0 unregistered
[20.251s][info][gc,metaspace] GC(8) Metaspace: 67M used, 70M capacity, 70M committed, 72M reserved
[20.251s][info][gc,ref      ] GC(8) Soft: 4438 encountered, 0 discovered, 0 enqueued
[20.251s][info][gc,ref      ] GC(8) Weak: 3882 encountered, 2982 discovered, 0 enqueued
[20.251s][info][gc,ref      ] GC(8) Final: 26 encountered, 0 discovered, 0 enqueued
[20.251s][info][gc,ref      ] GC(8) Phantom: 656 encountered, 653 discovered, 0 enqueued
[20.251s][info][gc,heap     ] GC(8)                Mark Start          Mark End        Relocate Start      Relocate End           High               Low         
[20.251s][info][gc,heap     ] GC(8)  Capacity:      980M (56%)         980M (56%)         980M (56%)         980M (56%)         980M (56%)         980M (56%)    
[20.251s][info][gc,heap     ] GC(8)   Reserve:       34M (2%)           34M (2%)           34M (2%)           34M (2%)           34M (2%)           34M (2%)     
[20.251s][info][gc,heap     ] GC(8)      Free:     1448M (83%)        1390M (79%)        1584M (91%)        1594M (91%)        1594M (91%)        1390M (79%)    
[20.251s][info][gc,heap     ] GC(8)      Used:      268M (15%)         326M (19%)         132M (8%)          122M (7%)          326M (19%)         122M (7%)     
[20.251s][info][gc,heap     ] GC(8)      Live:         -                32M (2%)           32M (2%)           32M (2%)             -                  -          
[20.251s][info][gc,heap     ] GC(8) Allocated:         -                58M (3%)           58M (3%)           62M (4%)             -                  -          
[20.251s][info][gc,heap     ] GC(8)   Garbage:         -               235M (13%)          41M (2%)           31M (2%)             -                  -          
[20.251s][info][gc,heap     ] GC(8) Reclaimed:         -                  -               194M (11%)         204M (12%)            -                  -          
[20.251s][info][gc          ] GC(8) Garbage Collection (Allocation Rate) 268M(15%)->122M(7%)
[21.064s][info][gc,start    ] GC(9) Garbage Collection (Allocation Rate)
[21.069s][info][gc,phases   ] GC(9) Pause Mark Start 2.116ms
[21.145s][info][gc,phases   ] GC(9) Concurrent Mark 75.753ms
[21.147s][info][gc,phases   ] GC(9) Pause Mark End 0.196ms
[21.148s][info][gc,phases   ] GC(9) Concurrent Process Non-Strong References 1.364ms
[21.148s][info][gc,phases   ] GC(9) Concurrent Reset Relocation Set 0.002ms
[21.148s][info][gc,phases   ] GC(9) Concurrent Destroy Detached Pages 0.000ms
[21.150s][info][gc,phases   ] GC(9) Concurrent Select Relocation Set 1.529ms
[21.150s][info][gc,phases   ] GC(9) Concurrent Prepare Relocation Set 0.003ms
[21.152s][info][gc,phases   ] GC(9) Pause Relocate Start 1.630ms
[21.152s][info][gc,phases   ] GC(9) Concurrent Relocate 0.287ms
[21.152s][info][gc,load     ] GC(9) Load: 2.31/2.24/2.55
[21.152s][info][gc,mmu      ] GC(9) MMU: 2ms/0.0%, 5ms/0.0%, 10ms/12.6%, 20ms/46.4%, 50ms/78.5%, 100ms/87.1%
[21.152s][info][gc,marking  ] GC(9) Mark: 1 stripe(s), 2 proactive flush(es), 1 terminate flush(es), 0 completion(s), 0 continuation(s) 
[21.152s][info][gc,reloc    ] GC(9) Relocation: Successful, 6M relocated
[21.152s][info][gc,nmethod  ] GC(9) NMethods: 1932 registered, 0 unregistered
[21.152s][info][gc,metaspace] GC(9) Metaspace: 67M used, 70M capacity, 70M committed, 72M reserved
[21.152s][info][gc,ref      ] GC(9) Soft: 4438 encountered, 0 discovered, 0 enqueued
[21.152s][info][gc,ref      ] GC(9) Weak: 3882 encountered, 2982 discovered, 0 enqueued
[21.152s][info][gc,ref      ] GC(9) Final: 26 encountered, 0 discovered, 0 enqueued
[21.152s][info][gc,ref      ] GC(9) Phantom: 656 encountered, 653 discovered, 0 enqueued
[21.152s][info][gc,heap     ] GC(9)                Mark Start          Mark End        Relocate Start      Relocate End           High               Low         
[21.152s][info][gc,heap     ] GC(9)  Capacity:      980M (56%)        1010M (58%)        1010M (58%)        1010M (58%)        1010M (58%)         980M (56%)    
[21.152s][info][gc,heap     ] GC(9)   Reserve:       34M (2%)           34M (2%)           34M (2%)           34M (2%)           34M (2%)           34M (2%)     
[21.152s][info][gc,heap     ] GC(9)      Free:      816M (47%)         778M (44%)        1598M (91%)        1616M (92%)        1616M (92%)         778M (44%)    
[21.152s][info][gc,heap     ] GC(9)      Used:      900M (51%)         938M (54%)         118M (7%)          100M (6%)          938M (54%)         100M (6%)     
[21.152s][info][gc,heap     ] GC(9)      Live:         -                32M (2%)           32M (2%)           32M (2%)             -                  -          
[21.152s][info][gc,heap     ] GC(9) Allocated:         -                38M (2%)           38M (2%)           40M (2%)             -                  -          
[21.152s][info][gc,heap     ] GC(9)   Garbage:         -               867M (50%)          47M (3%)           29M (2%)             -                  -          
[21.152s][info][gc,heap     ] GC(9) Reclaimed:         -                  -               820M (47%)         838M (48%)            -                  -          
[21.152s][info][gc          ] GC(9) Garbage Collection (Allocation Rate) 900M(51%)->100M(6%)
[23.564s][info][gc,start    ] GC(10) Garbage Collection (Allocation Rate)
[23.571s][info][gc,phases   ] GC(10) Pause Mark Start 3.972ms
[23.700s][info][gc,phases   ] GC(10) Concurrent Mark 128.812ms
[23.703s][info][gc,phases   ] GC(10) Pause Mark End 0.204ms
[23.707s][info][gc,phases   ] GC(10) Concurrent Process Non-Strong References 4.079ms
[23.707s][info][gc,phases   ] GC(10) Concurrent Reset Relocation Set 0.003ms
[23.707s][info][gc,phases   ] GC(10) Concurrent Destroy Detached Pages 0.000ms
[23.709s][info][gc,phases   ] GC(10) Concurrent Select Relocation Set 1.747ms
[23.709s][info][gc,phases   ] GC(10) Concurrent Prepare Relocation Set 0.018ms
[23.714s][info][gc,phases   ] GC(10) Pause Relocate Start 1.769ms
[23.720s][info][gc,phases   ] GC(10) Concurrent Relocate 5.904ms
[23.720s][info][gc,load     ] GC(10) Load: 2.29/2.24/2.54
[23.720s][info][gc,mmu      ] GC(10) MMU: 2ms/0.0%, 5ms/0.0%, 10ms/12.6%, 20ms/46.4%, 50ms/78.5%, 100ms/87.1%
[23.720s][info][gc,marking  ] GC(10) Mark: 1 stripe(s), 2 proactive flush(es), 1 terminate flush(es), 0 completion(s), 0 continuation(s) 
[23.720s][info][gc,reloc    ] GC(10) Relocation: Successful, 7M relocated
[23.720s][info][gc,nmethod  ] GC(10) NMethods: 2030 registered, 0 unregistered
[23.720s][info][gc,metaspace] GC(10) Metaspace: 67M used, 71M capacity, 71M committed, 72M reserved
[23.720s][info][gc,ref      ] GC(10) Soft: 4485 encountered, 0 discovered, 0 enqueued
[23.720s][info][gc,ref      ] GC(10) Weak: 4190 encountered, 3288 discovered, 135 enqueued
[23.720s][info][gc,ref      ] GC(10) Final: 26 encountered, 0 discovered, 0 enqueued
[23.720s][info][gc,ref      ] GC(10) Phantom: 732 encountered, 728 discovered, 76 enqueued
[23.720s][info][gc,heap     ] GC(10)                Mark Start          Mark End        Relocate Start      Relocate End           High               Low         
[23.720s][info][gc,heap     ] GC(10)  Capacity:     1536M (88%)        1566M (89%)        1568M (90%)        1568M (90%)        1568M (90%)        1536M (88%)    
[23.720s][info][gc,heap     ] GC(10)   Reserve:       34M (2%)           34M (2%)           34M (2%)           34M (2%)           34M (2%)           34M (2%)     
[23.720s][info][gc,heap     ] GC(10)      Free:      252M (14%)         222M (13%)        1598M (91%)        1614M (92%)        1614M (92%)         220M (13%)    
[23.720s][info][gc,heap     ] GC(10)      Used:     1464M (84%)        1494M (85%)         118M (7%)          102M (6%)         1496M (85%)         102M (6%)     
[23.720s][info][gc,heap     ] GC(10)      Live:         -                33M (2%)           33M (2%)           33M (2%)             -                  -          
[23.720s][info][gc,heap     ] GC(10) Allocated:         -                30M (2%)           32M (2%)           40M (2%)             -                  -          
[23.720s][info][gc,heap     ] GC(10)   Garbage:         -              1430M (82%)          52M (3%)           30M (2%)             -                  -          
[23.720s][info][gc,heap     ] GC(10) Reclaimed:         -                  -              1378M (79%)        1400M (80%)            -                  -          
[23.720s][info][gc          ] GC(10) Garbage Collection (Allocation Rate) 1464M(84%)->102M(6%)
[24.564s][info][gc,start    ] GC(11) Garbage Collection (Allocation Rate)
[24.569s][info][gc,phases   ] GC(11) Pause Mark Start 2.061ms
[24.637s][info][gc,phases   ] GC(11) Concurrent Mark 67.854ms
[24.639s][info][gc,phases   ] GC(11) Pause Mark End 0.202ms
[24.640s][info][gc,phases   ] GC(11) Concurrent Process Non-Strong References 1.364ms
[24.640s][info][gc,phases   ] GC(11) Concurrent Reset Relocation Set 0.002ms
[24.640s][info][gc,phases   ] GC(11) Concurrent Destroy Detached Pages 0.000ms
[24.642s][info][gc,phases   ] GC(11) Concurrent Select Relocation Set 1.532ms
[24.642s][info][gc,phases   ] GC(11) Concurrent Prepare Relocation Set 0.014ms
[24.644s][info][gc,phases   ] GC(11) Pause Relocate Start 1.741ms
[24.651s][info][gc,phases   ] GC(11) Concurrent Relocate 7.454ms
[24.651s][info][gc,load     ] GC(11) Load: 2.29/2.24/2.54
[24.651s][info][gc,mmu      ] GC(11) MMU: 2ms/0.0%, 5ms/0.0%, 10ms/12.6%, 20ms/46.4%, 50ms/78.5%, 100ms/87.1%
[24.651s][info][gc,marking  ] GC(11) Mark: 1 stripe(s), 2 proactive flush(es), 1 terminate flush(es), 0 completion(s), 0 continuation(s) 
[24.651s][info][gc,reloc    ] GC(11) Relocation: Successful, 7M relocated
[24.651s][info][gc,nmethod  ] GC(11) NMethods: 2049 registered, 0 unregistered
[24.651s][info][gc,metaspace] GC(11) Metaspace: 67M used, 71M capacity, 71M committed, 72M reserved
[24.651s][info][gc,ref      ] GC(11) Soft: 4485 encountered, 0 discovered, 0 enqueued
[24.651s][info][gc,ref      ] GC(11) Weak: 4055 encountered, 3153 discovered, 0 enqueued
[24.651s][info][gc,ref      ] GC(11) Final: 26 encountered, 0 discovered, 0 enqueued
[24.651s][info][gc,ref      ] GC(11) Phantom: 656 encountered, 652 discovered, 0 enqueued
[24.651s][info][gc,heap     ] GC(11)                Mark Start          Mark End        Relocate Start      Relocate End           High               Low         
[24.651s][info][gc,heap     ] GC(11)  Capacity:     1568M (90%)        1568M (90%)        1568M (90%)        1568M (90%)        1568M (90%)        1568M (90%)    
[24.651s][info][gc,heap     ] GC(11)   Reserve:       34M (2%)           34M (2%)           34M (2%)           34M (2%)           34M (2%)           34M (2%)     
[24.651s][info][gc,heap     ] GC(11)      Free:      722M (41%)         676M (39%)        1594M (91%)        1598M (91%)        1598M (91%)         676M (39%)    
[24.651s][info][gc,heap     ] GC(11)      Used:      994M (57%)        1040M (59%)         122M (7%)          118M (7%)         1040M (59%)         118M (7%)     
[24.651s][info][gc,heap     ] GC(11)      Live:         -                33M (2%)           33M (2%)           33M (2%)             -                  -          
[24.651s][info][gc,heap     ] GC(11) Allocated:         -                46M (3%)           46M (3%)           56M (3%)             -                  -          
[24.651s][info][gc,heap     ] GC(11)   Garbage:         -               960M (55%)          42M (2%)           32M (2%)             -                  -          
[24.651s][info][gc,heap     ] GC(11) Reclaimed:         -                  -               918M (52%)         928M (53%)            -                  -          
[24.651s][info][gc          ] GC(11) Garbage Collection (Allocation Rate) 994M(57%)->118M(7%)
[25.664s][info][gc,start    ] GC(12) Garbage Collection (Allocation Rate)
[25.668s][info][gc,phases   ] GC(12) Pause Mark Start 2.061ms
[25.736s][info][gc,phases   ] GC(12) Concurrent Mark 67.855ms
[25.738s][info][gc,phases   ] GC(12) Pause Mark End 0.192ms
[25.740s][info][gc,phases   ] GC(12) Concurrent Process Non-Strong References 1.391ms
[25.740s][info][gc,phases   ] GC(12) Concurrent Reset Relocation Set 0.002ms
[25.740s][info][gc,phases   ] GC(12) Concurrent Destroy Detached Pages 0.000ms
[25.741s][info][gc,phases   ] GC(12) Concurrent Select Relocation Set 1.542ms
[25.741s][info][gc,phases   ] GC(12) Concurrent Prepare Relocation Set 0.014ms
[25.744s][info][gc,phases   ] GC(12) Pause Relocate Start 2.092ms
[25.751s][info][gc,phases   ] GC(12) Concurrent Relocate 6.878ms
[25.751s][info][gc,load     ] GC(12) Load: 2.29/2.24/2.54
[25.751s][info][gc,mmu      ] GC(12) MMU: 2ms/0.0%, 5ms/0.0%, 10ms/12.6%, 20ms/46.4%, 50ms/78.5%, 100ms/87.1%
[25.751s][info][gc,marking  ] GC(12) Mark: 1 stripe(s), 2 proactive flush(es), 1 terminate flush(es), 0 completion(s), 0 continuation(s) 
[25.751s][info][gc,reloc    ] GC(12) Relocation: Successful, 7M relocated
[25.751s][info][gc,nmethod  ] GC(12) NMethods: 2101 registered, 0 unregistered
[25.751s][info][gc,metaspace] GC(12) Metaspace: 67M used, 71M capacity, 71M committed, 72M reserved
[25.751s][info][gc,ref      ] GC(12) Soft: 4485 encountered, 0 discovered, 0 enqueued
[25.751s][info][gc,ref      ] GC(12) Weak: 4131 encountered, 3230 discovered, 74 enqueued
[25.751s][info][gc,ref      ] GC(12) Final: 26 encountered, 0 discovered, 0 enqueued
[25.751s][info][gc,ref      ] GC(12) Phantom: 656 encountered, 652 discovered, 0 enqueued
[25.751s][info][gc,heap     ] GC(12)                Mark Start          Mark End        Relocate Start      Relocate End           High               Low         
[25.751s][info][gc,heap     ] GC(12)  Capacity:     1568M (90%)        1568M (90%)        1568M (90%)        1568M (90%)        1568M (90%)        1568M (90%)    
[25.751s][info][gc,heap     ] GC(12)   Reserve:       34M (2%)           34M (2%)           34M (2%)           34M (2%)           34M (2%)           34M (2%)     
[25.751s][info][gc,heap     ] GC(12)      Free:      466M (27%)         420M (24%)        1586M (91%)        1598M (91%)        1598M (91%)         420M (24%)    
[25.751s][info][gc,heap     ] GC(12)      Used:     1250M (71%)        1296M (74%)         130M (7%)          118M (7%)         1296M (74%)         118M (7%)     
[25.751s][info][gc,heap     ] GC(12)      Live:         -                33M (2%)           33M (2%)           33M (2%)             -                  -          
[25.751s][info][gc,heap     ] GC(12) Allocated:         -                46M (3%)           46M (3%)           56M (3%)             -                  -          
[25.751s][info][gc,heap     ] GC(12)   Garbage:         -              1216M (70%)          50M (3%)           30M (2%)             -                  -          
[25.751s][info][gc,heap     ] GC(12) Reclaimed:         -                  -              1166M (67%)        1186M (68%)            -                  -          
[25.751s][info][gc          ] GC(12) Garbage Collection (Allocation Rate) 1250M(71%)->118M(7%)
[26.664s][info][gc,start    ] GC(13) Garbage Collection (Allocation Rate)
[26.669s][info][gc,phases   ] GC(13) Pause Mark Start 2.079ms
[26.737s][info][gc,phases   ] GC(13) Concurrent Mark 67.874ms
[26.739s][info][gc,phases   ] GC(13) Pause Mark End 0.195ms
[26.740s][info][gc,phases   ] GC(13) Concurrent Process Non-Strong References 1.358ms
[26.740s][info][gc,phases   ] GC(13) Concurrent Reset Relocation Set 0.002ms
[26.740s][info][gc,phases   ] GC(13) Concurrent Destroy Detached Pages 0.000ms
[26.742s][info][gc,phases   ] GC(13) Concurrent Select Relocation Set 1.536ms
[26.742s][info][gc,phases   ] GC(13) Concurrent Prepare Relocation Set 0.017ms
[26.744s][info][gc,phases   ] GC(13) Pause Relocate Start 1.774ms
[26.747s][info][gc,phases   ] GC(13) Concurrent Relocate 3.361ms
[26.747s][info][gc,load     ] GC(13) Load: 2.29/2.24/2.54
[26.747s][info][gc,mmu      ] GC(13) MMU: 2ms/0.0%, 5ms/0.0%, 10ms/12.6%, 20ms/46.4%, 50ms/78.5%, 100ms/87.1%
[26.747s][info][gc,marking  ] GC(13) Mark: 1 stripe(s), 2 proactive flush(es), 1 terminate flush(es), 0 completion(s), 0 continuation(s) 
[26.747s][info][gc,reloc    ] GC(13) Relocation: Successful, 7M relocated
[26.747s][info][gc,nmethod  ] GC(13) NMethods: 2101 registered, 0 unregistered
[26.747s][info][gc,metaspace] GC(13) Metaspace: 67M used, 71M capacity, 71M committed, 72M reserved
[26.747s][info][gc,ref      ] GC(13) Soft: 4485 encountered, 0 discovered, 0 enqueued
[26.747s][info][gc,ref      ] GC(13) Weak: 4057 encountered, 3156 discovered, 0 enqueued
[26.747s][info][gc,ref      ] GC(13) Final: 26 encountered, 0 discovered, 0 enqueued
[26.747s][info][gc,ref      ] GC(13) Phantom: 656 encountered, 652 discovered, 0 enqueued
[26.747s][info][gc,heap     ] GC(13)                Mark Start          Mark End        Relocate Start      Relocate End           High               Low         
[26.747s][info][gc,heap     ] GC(13)  Capacity:     1568M (90%)        1568M (90%)        1568M (90%)        1568M (90%)        1568M (90%)        1568M (90%)    
[26.747s][info][gc,heap     ] GC(13)   Reserve:       34M (2%)           34M (2%)           34M (2%)           34M (2%)           34M (2%)           34M (2%)     
[26.747s][info][gc,heap     ] GC(13)      Free:      484M (28%)         436M (25%)        1594M (91%)        1602M (92%)        1602M (92%)         436M (25%)    
[26.747s][info][gc,heap     ] GC(13)      Used:     1232M (70%)        1280M (73%)         122M (7%)          114M (7%)         1280M (73%)         114M (7%)     
[26.747s][info][gc,heap     ] GC(13)      Live:         -                33M (2%)           33M (2%)           33M (2%)             -                  -          
[26.747s][info][gc,heap     ] GC(13) Allocated:         -                48M (3%)           48M (3%)           52M (3%)             -                  -          
[26.747s][info][gc,heap     ] GC(13)   Garbage:         -              1198M (69%)          40M (2%)           30M (2%)             -                  -          
[26.747s][info][gc,heap     ] GC(13) Reclaimed:         -                  -              1158M (66%)        1168M (67%)            -                  -          
[26.747s][info][gc          ] GC(13) Garbage Collection (Allocation Rate) 1232M(70%)->114M(7%)
[30.064s][info][gc,stats    ] === Garbage Collection Statistics =======================================================================================================================
[30.064s][info][gc,stats    ]                                                              Last 10s              Last 10m              Last 10h                Total
[30.064s][info][gc,stats    ]                                                              Avg / Max             Avg / Max             Avg / Max             Avg / Max
[30.064s][info][gc,stats    ]   Collector: Garbage Collection Cycle                     97.650 / 155.281     462.678 / 3111.730    462.678 / 3111.730    462.678 / 3111.730    ms
[30.064s][info][gc,stats    ]  Contention: Mark Segment Reset Contention                     0 / 0                 0 / 0                 0 / 0                 0 / 0           ops/s
[30.064s][info][gc,stats    ]  Contention: Mark SeqNum Reset Contention                      0 / 0                 0 / 0                 0 / 0                 0 / 0           ops/s
[30.064s][info][gc,stats    ]  Contention: Relocation Contention                             0 / 0                 0 / 0                 0 / 0                 0 / 0           ops/s
[30.064s][info][gc,stats    ]    Critical: Allocation Stall                              0.000 / 0.000         0.000 / 0.000         0.000 / 0.000         0.000 / 0.000       ms
[30.064s][info][gc,stats    ]    Critical: Allocation Stall                                  0 / 0                 0 / 0                 0 / 0                 0 / 0           ops/s
[30.064s][info][gc,stats    ]    Critical: GC Locker Stall                               0.000 / 0.000         0.000 / 0.000         0.000 / 0.000         0.000 / 0.000       ms
[30.064s][info][gc,stats    ]    Critical: GC Locker Stall                                   0 / 0                 0 / 0                 0 / 0                 0 / 0           ops/s
[30.064s][info][gc,stats    ]      Memory: Allocation Rate                                 621 / 1130            272 / 1130            272 / 1130            272 / 1130        MB/s
[30.064s][info][gc,stats    ]      Memory: Heap Used After Mark                           1062 / 1494            747 / 1494            747 / 1494            747 / 1494        MB
[30.064s][info][gc,stats    ]      Memory: Heap Used After Relocation                      112 / 122             213 / 914             213 / 914             213 / 914         MB
[30.064s][info][gc,stats    ]      Memory: Heap Used Before Mark                          1018 / 1464            684 / 1464            684 / 1464            684 / 1464        MB
[30.064s][info][gc,stats    ]      Memory: Heap Used Before Relocation                     123 / 132             241 / 916             241 / 916             241 / 916         MB
[30.064s][info][gc,stats    ]      Memory: Out Of Memory                                     0 / 0                 0 / 0                 0 / 0                 0 / 0           ops/s
[30.064s][info][gc,stats    ]      Memory: Page Cache Flush                                  0 / 0                 0 / 0                 0 / 0                 0 / 0           MB/s
[30.064s][info][gc,stats    ]      Memory: Page Cache Hit L1                               279 / 566             110 / 566             110 / 566             110 / 566         ops/s
[30.064s][info][gc,stats    ]      Memory: Page Cache Hit L2                                 0 / 0                 0 / 0                 0 / 0                 0 / 0           ops/s
[30.064s][info][gc,stats    ]      Memory: Page Cache Miss                                  29 / 162              24 / 216              24 / 216              24 / 216         ops/s
[30.064s][info][gc,stats    ]      Memory: Undo Object Allocation Failed                     0 / 0                 0 / 0                 0 / 0                 0 / 0           ops/s
[30.064s][info][gc,stats    ]      Memory: Undo Object Allocation Succeeded                  0 / 0                 0 / 0                 0 / 0                 0 / 0           ops/s
[30.064s][info][gc,stats    ]      Memory: Undo Page Allocation                              0 / 0                 0 / 0                 0 / 0                 0 / 0           ops/s
[30.064s][info][gc,stats    ]       Phase: Concurrent Destroy Detached Pages             0.000 / 0.001         0.001 / 0.001         0.001 / 0.001         0.001 / 0.001       ms
[30.064s][info][gc,stats    ]       Phase: Concurrent Mark                              80.044 / 128.812     431.954 / 3094.271    431.954 / 3094.271    431.954 / 3094.271    ms
[30.064s][info][gc,stats    ]       Phase: Concurrent Mark Continue                      0.000 / 0.000         0.000 / 0.000         0.000 / 0.000         0.000 / 0.000       ms
[30.064s][info][gc,stats    ]       Phase: Concurrent Prepare Relocation Set             0.012 / 0.018         0.102 / 0.406         0.102 / 0.406         0.102 / 0.406       ms
[30.064s][info][gc,stats    ]       Phase: Concurrent Process Non-Strong References      1.853 / 4.079         2.155 / 8.250         2.155 / 8.250         2.155 / 8.250       ms
[30.064s][info][gc,stats    ]       Phase: Concurrent Relocate                           4.328 / 7.454        13.177 / 61.129       13.177 / 61.129       13.177 / 61.129      ms
[30.064s][info][gc,stats    ]       Phase: Concurrent Reset Relocation Set               0.002 / 0.003         0.011 / 0.107         0.011 / 0.107         0.011 / 0.107       ms
[30.064s][info][gc,stats    ]       Phase: Concurrent Select Relocation Set              1.669 / 2.130         2.500 / 11.318        2.500 / 11.318        2.500 / 11.318      ms
[30.064s][info][gc,stats    ]       Phase: Pause Mark End                                0.199 / 0.204         0.289 / 1.566         0.289 / 1.566         0.289 / 1.566       ms
[30.064s][info][gc,stats    ]       Phase: Pause Mark Start                              2.372 / 3.972         2.207 / 5.079         2.207 / 5.079         2.207 / 5.079       ms
[30.064s][info][gc,stats    ]       Phase: Pause Relocate Start                          1.773 / 2.092         2.245 / 7.586         2.245 / 7.586         2.245 / 7.586       ms
[30.064s][info][gc,stats    ]    Subphase: Concurrent Mark                              78.901 / 122.062     430.988 / 3094.254    430.988 / 3094.254    430.988 / 3094.254    ms
[30.064s][info][gc,stats    ]    Subphase: Concurrent Mark Idle                          0.000 / 0.000         0.000 / 0.000         0.000 / 0.000         0.000 / 0.000       ms
[30.064s][info][gc,stats    ]    Subphase: Concurrent Mark Try Flush                     1.530 / 6.306         3.106 / 26.466        3.106 / 26.466        3.106 / 26.466      ms
[30.064s][info][gc,stats    ]    Subphase: Concurrent Mark Try Terminate                 0.492 / 1.054         1.204 / 11.670        1.204 / 11.670        1.204 / 11.670      ms
[30.064s][info][gc,stats    ]    Subphase: Concurrent References Enqueue                 0.001 / 0.004         0.002 / 0.007         0.002 / 0.007         0.002 / 0.007       ms
[30.064s][info][gc,stats    ]    Subphase: Concurrent References Process                 1.103 / 3.296         0.826 / 3.296         0.826 / 3.296         0.826 / 3.296       ms
[30.064s][info][gc,stats    ]    Subphase: Concurrent Weak Roots                         0.735 / 0.813         0.825 / 1.129         0.825 / 1.129         0.825 / 1.129       ms
[30.064s][info][gc,stats    ]    Subphase: Concurrent Weak Roots JNIWeakHandles          0.000 / 0.000         0.000 / 0.001         0.000 / 0.001         0.000 / 0.001       ms
[30.064s][info][gc,stats    ]    Subphase: Concurrent Weak Roots StringTable             0.559 / 0.615         0.637 / 0.885         0.637 / 0.885         0.637 / 0.885       ms
[30.064s][info][gc,stats    ]    Subphase: Concurrent Weak Roots VMWeakHandles           0.174 / 0.193         0.186 / 0.299         0.186 / 0.299         0.186 / 0.299       ms
[30.064s][info][gc,stats    ]    Subphase: Pause Mark Try Complete                       0.000 / 0.000         0.000 / 0.000         0.000 / 0.000         0.000 / 0.000       ms
[30.064s][info][gc,stats    ]    Subphase: Pause Remap TLABS                             0.001 / 0.001         0.001 / 0.001         0.001 / 0.001         0.001 / 0.001       ms
[30.064s][info][gc,stats    ]    Subphase: Pause Retire TLABS                            0.011 / 0.021         0.012 / 0.022         0.012 / 0.022         0.012 / 0.022       ms
[30.064s][info][gc,stats    ]    Subphase: Pause Roots                                   1.251 / 3.533         1.237 / 4.625         1.237 / 4.625         1.237 / 4.625       ms
[30.064s][info][gc,stats    ]    Subphase: Pause Roots ClassLoaderDataGraph              0.658 / 1.430         0.672 / 1.646         0.672 / 1.646         0.672 / 1.646       ms
[30.065s][info][gc,stats    ]    Subphase: Pause Roots CodeCache                         0.887 / 1.584         0.728 / 1.584         0.728 / 1.584         0.728 / 1.584       ms
[30.065s][info][gc,stats    ]    Subphase: Pause Roots JNIHandles                        0.001 / 0.002         0.001 / 0.005         0.001 / 0.005         0.001 / 0.005       ms
[30.065s][info][gc,stats    ]    Subphase: Pause Roots JNIWeakHandles                    0.000 / 0.000         0.000 / 0.000         0.000 / 0.000         0.000 / 0.000       ms
[30.065s][info][gc,stats    ]    Subphase: Pause Roots JRFWeak                           0.000 / 0.000         0.000 / 0.000         0.000 / 0.000         0.000 / 0.000       ms
[30.065s][info][gc,stats    ]    Subphase: Pause Roots JVMTIExport                       0.001 / 0.001         0.001 / 0.001         0.001 / 0.001         0.001 / 0.001       ms
[30.065s][info][gc,stats    ]    Subphase: Pause Roots JVMTIWeakExport                   0.001 / 0.001         0.001 / 0.001         0.001 / 0.001         0.001 / 0.001       ms
[30.065s][info][gc,stats    ]    Subphase: Pause Roots Management                        0.001 / 0.003         0.001 / 0.005         0.001 / 0.005         0.001 / 0.005       ms
[30.065s][info][gc,stats    ]    Subphase: Pause Roots ObjectSynchronizer                0.000 / 0.000         0.000 / 0.001         0.000 / 0.001         0.000 / 0.001       ms
[30.065s][info][gc,stats    ]    Subphase: Pause Roots Setup                             0.164 / 0.370         0.133 / 0.370         0.133 / 0.370         0.133 / 0.370       ms
[30.065s][info][gc,stats    ]    Subphase: Pause Roots StringTable                       0.000 / 0.000         0.000 / 0.000         0.000 / 0.000         0.000 / 0.000       ms
[30.065s][info][gc,stats    ]    Subphase: Pause Roots SystemDictionary                  0.013 / 0.026         0.013 / 0.035         0.013 / 0.035         0.013 / 0.035       ms
[30.065s][info][gc,stats    ]    Subphase: Pause Roots Teardown                          0.001 / 0.002         0.001 / 0.002         0.001 / 0.002         0.001 / 0.002       ms
[30.065s][info][gc,stats    ]    Subphase: Pause Roots Threads                           0.207 / 0.482         0.280 / 1.904         0.280 / 1.904         0.280 / 1.904       ms
[30.065s][info][gc,stats    ]    Subphase: Pause Roots Universe                          0.003 / 0.006         0.017 / 0.382         0.017 / 0.382         0.017 / 0.382       ms
[30.065s][info][gc,stats    ]    Subphase: Pause Roots VMWeakHandles                     0.000 / 0.000         0.000 / 0.000         0.000 / 0.000         0.000 / 0.000       ms
[30.065s][info][gc,stats    ]    Subphase: Pause Weak Roots                              0.002 / 0.002         0.002 / 0.009         0.002 / 0.009         0.002 / 0.009       ms
[30.065s][info][gc,stats    ]    Subphase: Pause Weak Roots JFRWeak                      0.001 / 0.001         0.001 / 0.001         0.001 / 0.001         0.001 / 0.001       ms
[30.065s][info][gc,stats    ]    Subphase: Pause Weak Roots JNIWeakHandles               0.000 / 0.000         0.000 / 0.000         0.000 / 0.000         0.000 / 0.000       ms
[30.065s][info][gc,stats    ]    Subphase: Pause Weak Roots JVMTIWeakExport              0.001 / 0.001         0.001 / 0.008         0.001 / 0.008         0.001 / 0.008       ms
[30.065s][info][gc,stats    ]    Subphase: Pause Weak Roots Setup                        0.000 / 0.000         0.000 / 0.000         0.000 / 0.000         0.000 / 0.000       ms
[30.065s][info][gc,stats    ]    Subphase: Pause Weak Roots StringTable                  0.000 / 0.000         0.000 / 0.000         0.000 / 0.000         0.000 / 0.000       ms
[30.065s][info][gc,stats    ]    Subphase: Pause Weak Roots SymbolTable                  0.000 / 0.000         0.000 / 0.000         0.000 / 0.000         0.000 / 0.000       ms
[30.065s][info][gc,stats    ]    Subphase: Pause Weak Roots Teardown                     0.001 / 0.001         0.001 / 0.001         0.001 / 0.001         0.001 / 0.001       ms
[30.065s][info][gc,stats    ]    Subphase: Pause Weak Roots VMWeakHandles                0.000 / 0.000         0.000 / 0.000         0.000 / 0.000         0.000 / 0.000       ms
[30.065s][info][gc,stats    ]      System: Java Threads                                     49 / 50               42 / 50               42 / 50               42 / 50          threads
[30.065s][info][gc,stats    ] =========================================================================================================================================================
[32.064s][info][gc,start    ] GC(14) Garbage Collection (Proactive)
[32.069s][info][gc,phases   ] GC(14) Pause Mark Start 2.488ms
[32.757s][info][gc,phases   ] GC(14) Concurrent Mark 687.714ms
[32.760s][info][gc,phases   ] GC(14) Pause Mark End 0.201ms
[32.761s][info][gc,phases   ] GC(14) Concurrent Process Non-Strong References 1.589ms
[32.761s][info][gc,phases   ] GC(14) Concurrent Reset Relocation Set 0.003ms
[32.761s][info][gc,phases   ] GC(14) Concurrent Destroy Detached Pages 0.000ms
[32.779s][info][gc,phases   ] GC(14) Concurrent Select Relocation Set 18.220ms
[32.836s][info][gc,phases   ] GC(14) Concurrent Prepare Relocation Set 56.131ms
[32.843s][info][gc,phases   ] GC(14) Pause Relocate Start 2.659ms
[33.425s][info][gc,phases   ] GC(14) Concurrent Relocate 581.905ms
[33.428s][info][gc,load     ] GC(14) Load: 2.24/2.23/2.54
[33.428s][info][gc,mmu      ] GC(14) MMU: 2ms/0.0%, 5ms/0.0%, 10ms/12.6%, 20ms/46.4%, 50ms/78.5%, 100ms/87.1%
[33.428s][info][gc,marking  ] GC(14) Mark: 1 stripe(s), 2 proactive flush(es), 1 terminate flush(es), 0 completion(s), 0 continuation(s) 
[33.428s][info][gc,reloc    ] GC(14) Relocation: Successful, 109M relocated
[33.428s][info][gc,nmethod  ] GC(14) NMethods: 2760 registered, 0 unregistered
[33.428s][info][gc,metaspace] GC(14) Metaspace: 70M used, 73M capacity, 73M committed, 74M reserved
[33.429s][info][gc,ref      ] GC(14) Soft: 4643 encountered, 0 discovered, 0 enqueued
[33.429s][info][gc,ref      ] GC(14) Weak: 4549 encountered, 3549 discovered, 186 enqueued
[33.429s][info][gc,ref      ] GC(14) Final: 26 encountered, 0 discovered, 0 enqueued
[33.429s][info][gc,ref      ] GC(14) Phantom: 834 encountered, 830 discovered, 180 enqueued
[33.429s][info][gc,heap     ] GC(14)                Mark Start          Mark End        Relocate Start      Relocate End           High               Low         
[33.429s][info][gc,heap     ] GC(14)  Capacity:     1606M (92%)        1616M (92%)        1616M (92%)        1680M (96%)        1680M (96%)        1606M (92%)    
[33.429s][info][gc,heap     ] GC(14)   Reserve:       34M (2%)           34M (2%)           34M (2%)           34M (2%)           34M (2%)           34M (2%)     
[33.429s][info][gc,heap     ] GC(14)      Free:      620M (35%)         442M (25%)         738M (42%)        1252M (72%)        1254M (72%)         442M (25%)    
[33.429s][info][gc,heap     ] GC(14)      Used:     1096M (63%)        1274M (73%)         978M (56%)         464M (27%)        1274M (73%)         462M (26%)    
[33.429s][info][gc,heap     ] GC(14)      Live:         -               151M (9%)          151M (9%)          151M (9%)             -                  -          
[33.429s][info][gc,heap     ] GC(14) Allocated:         -               178M (10%)         188M (11%)         438M (25%)            -                  -          
[33.429s][info][gc,heap     ] GC(14)   Garbage:         -               944M (54%)         638M (36%)         138M (8%)             -                  -          
[33.429s][info][gc,heap     ] GC(14) Reclaimed:         -                  -               306M (17%)         806M (46%)            -                  -          
[33.429s][info][gc          ] GC(14) Garbage Collection (Proactive) 1096M(63%)->464M(27%)
[33.564s][info][gc,start    ] GC(15) Garbage Collection (Allocation Rate)
[33.569s][info][gc,phases   ] GC(15) Pause Mark Start 2.496ms
[34.785s][info][gc,phases   ] GC(15) Concurrent Mark 1215.809ms
[34.790s][info][gc,phases   ] GC(15) Pause Mark End 0.310ms
[34.796s][info][gc,phases   ] GC(15) Concurrent Process Non-Strong References 5.758ms
[34.798s][info][gc,phases   ] GC(15) Concurrent Reset Relocation Set 1.407ms
[34.798s][info][gc,phases   ] GC(15) Concurrent Destroy Detached Pages 0.001ms
[34.799s][info][gc,phases   ] GC(15) Concurrent Select Relocation Set 1.542ms
[34.813s][info][gc,phases   ] GC(15) Concurrent Prepare Relocation Set 13.321ms
[34.818s][info][gc,phases   ] GC(15) Pause Relocate Start 3.063ms
[35.101s][info][gc,phases   ] GC(15) Concurrent Relocate 279.342ms
[35.102s][info][gc,load     ] GC(15) Load: 2.24/2.23/2.54
[35.102s][info][gc,mmu      ] GC(15) MMU: 2ms/0.0%, 5ms/0.0%, 10ms/12.6%, 20ms/46.4%, 50ms/78.5%, 100ms/87.1%
[35.102s][info][gc,marking  ] GC(15) Mark: 1 stripe(s), 2 proactive flush(es), 1 terminate flush(es), 0 completion(s), 0 continuation(s) 
[35.102s][info][gc,reloc    ] GC(15) Relocation: Successful, 39M relocated
[35.102s][info][gc,nmethod  ] GC(15) NMethods: 2798 registered, 0 unregistered
[35.102s][info][gc,metaspace] GC(15) Metaspace: 70M used, 73M capacity, 74M committed, 76M reserved
[35.102s][info][gc,ref      ] GC(15) Soft: 4651 encountered, 0 discovered, 0 enqueued
[35.102s][info][gc,ref      ] GC(15) Weak: 4452 encountered, 3451 discovered, 26 enqueued
[35.102s][info][gc,ref      ] GC(15) Final: 26 encountered, 0 discovered, 0 enqueued
[35.102s][info][gc,ref      ] GC(15) Phantom: 683 encountered, 679 discovered, 29 enqueued
[35.102s][info][gc,heap     ] GC(15)                Mark Start          Mark End        Relocate Start      Relocate End           High               Low         
[35.102s][info][gc,heap     ] GC(15)  Capacity:     1680M (96%)        1698M (97%)        1698M (97%)        1698M (97%)        1698M (97%)        1680M (96%)    
[35.102s][info][gc,heap     ] GC(15)   Reserve:       34M (2%)           34M (2%)           34M (2%)           34M (2%)           34M (2%)           34M (2%)     
[35.102s][info][gc,heap     ] GC(15)      Free:     1188M (68%)         966M (55%)         972M (56%)        1288M (74%)        1288M (74%)         966M (55%)    
[35.102s][info][gc,heap     ] GC(15)      Used:      528M (30%)         750M (43%)         744M (43%)         428M (24%)         750M (43%)         428M (24%)    
[35.102s][info][gc,heap     ] GC(15)      Live:         -               170M (10%)         170M (10%)         170M (10%)            -                  -          
[35.102s][info][gc,heap     ] GC(15) Allocated:         -               224M (13%)         224M (13%)         250M (14%)            -                  -          
[35.102s][info][gc,heap     ] GC(15)   Garbage:         -               357M (20%)         351M (20%)          35M (2%)             -                  -          
[35.102s][info][gc,heap     ] GC(15) Reclaimed:         -                  -                 6M (0%)          322M (18%)            -                  -          
[35.102s][info][gc          ] GC(15) Garbage Collection (Allocation Rate) 528M(30%)->428M(24%)
[37.264s][info][gc,start    ] GC(16) Garbage Collection (Allocation Rate)
[37.270s][info][gc,phases   ] GC(16) Pause Mark Start 3.391ms
[37.685s][info][gc,phases   ] GC(16) Concurrent Mark 414.950ms
[37.687s][info][gc,phases   ] GC(16) Pause Mark End 0.261ms
[37.689s][info][gc,phases   ] GC(16) Concurrent Process Non-Strong References 1.518ms
[37.690s][info][gc,phases   ] GC(16) Concurrent Reset Relocation Set 0.485ms
[37.690s][info][gc,phases   ] GC(16) Concurrent Destroy Detached Pages 0.000ms
[37.691s][info][gc,phases   ] GC(16) Concurrent Select Relocation Set 1.636ms
[37.702s][info][gc,phases   ] GC(16) Concurrent Prepare Relocation Set 10.387ms
[37.708s][info][gc,phases   ] GC(16) Pause Relocate Start 4.082ms
[38.020s][info][gc,phases   ] GC(16) Concurrent Relocate 311.946ms
[38.020s][info][gc,load     ] GC(16) Load: 2.22/2.22/2.53
[38.020s][info][gc,mmu      ] GC(16) MMU: 2ms/0.0%, 5ms/0.0%, 10ms/12.6%, 20ms/46.4%, 50ms/78.5%, 100ms/87.1%
[38.020s][info][gc,marking  ] GC(16) Mark: 1 stripe(s), 2 proactive flush(es), 1 terminate flush(es), 0 completion(s), 0 continuation(s) 
[38.020s][info][gc,reloc    ] GC(16) Relocation: Successful, 62M relocated
[38.020s][info][gc,nmethod  ] GC(16) NMethods: 2910 registered, 0 unregistered
[38.020s][info][gc,metaspace] GC(16) Metaspace: 70M used, 74M capacity, 74M committed, 76M reserved
[38.020s][info][gc,ref      ] GC(16) Soft: 4659 encountered, 0 discovered, 0 enqueued
[38.020s][info][gc,ref      ] GC(16) Weak: 4646 encountered, 3651 discovered, 107 enqueued
[38.020s][info][gc,ref      ] GC(16) Final: 26 encountered, 0 discovered, 0 enqueued
[38.020s][info][gc,ref      ] GC(16) Phantom: 670 encountered, 666 discovered, 15 enqueued
[38.020s][info][gc,heap     ] GC(16)                Mark Start          Mark End        Relocate Start      Relocate End           High               Low         
[38.020s][info][gc,heap     ] GC(16)  Capacity:     1698M (97%)        1698M (97%)        1698M (97%)        1698M (97%)        1698M (97%)        1698M (97%)    
[38.020s][info][gc,heap     ] GC(16)   Reserve:       34M (2%)           34M (2%)           34M (2%)           34M (2%)           34M (2%)           34M (2%)     
[38.020s][info][gc,heap     ] GC(16)      Free:     1050M (60%)         988M (56%)        1266M (72%)        1388M (79%)        1426M (81%)         988M (56%)    
[38.020s][info][gc,heap     ] GC(16)      Used:      666M (38%)         728M (42%)         450M (26%)         328M (19%)         728M (42%)         290M (17%)    
[38.020s][info][gc,heap     ] GC(16)      Live:         -               124M (7%)          124M (7%)          124M (7%)             -                  -          
[38.020s][info][gc,heap     ] GC(16) Allocated:         -                62M (4%)           62M (4%)          222M (13%)            -                  -          
[38.020s][info][gc,heap     ] GC(16)   Garbage:         -               541M (31%)         263M (15%)          89M (5%)             -                  -          
[38.020s][info][gc,heap     ] GC(16) Reclaimed:         -                  -               278M (16%)         452M (26%)            -                  -          
[38.020s][info][gc          ] GC(16) Garbage Collection (Allocation Rate) 666M(38%)->328M(19%)
[38.364s][info][gc,start    ] GC(17) Garbage Collection (Allocation Rate)
[38.370s][info][gc,phases   ] GC(17) Pause Mark Start 2.583ms
[39.424s][info][gc,phases   ] GC(17) Concurrent Mark 1054.605ms
[39.433s][info][gc,phases   ] GC(17) Pause Mark End 0.222ms
[39.434s][info][gc,phases   ] GC(17) Concurrent Process Non-Strong References 1.682ms
[39.435s][info][gc,phases   ] GC(17) Concurrent Reset Relocation Set 0.666ms
[39.435s][info][gc,phases   ] GC(17) Concurrent Destroy Detached Pages 0.000ms
[39.437s][info][gc,phases   ] GC(17) Concurrent Select Relocation Set 2.147ms
[39.461s][info][gc,phases   ] GC(17) Concurrent Prepare Relocation Set 23.767ms
[39.476s][info][gc,phases   ] GC(17) Pause Relocate Start 2.332ms
[40.058s][info][gc,phases   ] GC(17) Concurrent Relocate 576.774ms
[40.058s][info][gc,load     ] GC(17) Load: 2.22/2.22/2.53
[40.059s][info][gc,mmu      ] GC(17) MMU: 2ms/0.0%, 5ms/0.0%, 10ms/12.6%, 20ms/46.4%, 50ms/78.5%, 100ms/87.1%
[40.059s][info][gc,marking  ] GC(17) Mark: 1 stripe(s), 2 proactive flush(es), 1 terminate flush(es), 0 completion(s), 0 continuation(s) 
[40.059s][info][gc,reloc    ] GC(17) Relocation: Successful, 69M relocated
[40.059s][info][gc,nmethod  ] GC(17) NMethods: 2933 registered, 0 unregistered
[40.059s][info][gc,metaspace] GC(17) Metaspace: 70M used, 74M capacity, 74M committed, 76M reserved
[40.059s][info][gc,ref      ] GC(17) Soft: 4660 encountered, 0 discovered, 0 enqueued
[40.059s][info][gc,ref      ] GC(17) Weak: 4541 encountered, 3555 discovered, 44 enqueued
[40.059s][info][gc,ref      ] GC(17) Final: 26 encountered, 0 discovered, 0 enqueued
[40.059s][info][gc,ref      ] GC(17) Phantom: 654 encountered, 650 discovered, 0 enqueued
[40.059s][info][gc,heap     ] GC(17)                Mark Start          Mark End        Relocate Start      Relocate End           High               Low         
[40.059s][info][gc,heap     ] GC(17)  Capacity:     1698M (97%)        1698M (97%)        1698M (97%)        1698M (97%)        1698M (97%)        1698M (97%)    
[40.059s][info][gc,heap     ] GC(17)   Reserve:       34M (2%)           34M (2%)           34M (2%)           34M (2%)           34M (2%)           34M (2%)     
[40.059s][info][gc,heap     ] GC(17)      Free:     1242M (71%)         992M (57%)        1012M (58%)        1228M (70%)        1242M (71%)         992M (57%)    
[40.059s][info][gc,heap     ] GC(17)      Used:      474M (27%)         724M (41%)         704M (40%)         488M (28%)         724M (41%)         474M (27%)    
[40.059s][info][gc,heap     ] GC(17)      Live:         -               185M (11%)         185M (11%)         185M (11%)            -                  -          
[40.059s][info][gc,heap     ] GC(17) Allocated:         -               250M (14%)         252M (14%)         350M (20%)            -                  -          
[40.059s][info][gc,heap     ] GC(17)   Garbage:         -               288M (16%)         266M (15%)          44M (3%)             -                  -          
[40.059s][info][gc,heap     ] GC(17) Reclaimed:         -                  -                22M (1%)          244M (14%)            -                  -          
[40.059s][info][gc          ] GC(17) Garbage Collection (Allocation Rate) 474M(27%)->488M(28%)
[40.070s][info][gc,stats    ] === Garbage Collection Statistics =======================================================================================================================
[40.070s][info][gc,stats    ]                                                              Last 10s              Last 10m              Last 10h                Total
[40.070s][info][gc,stats    ]                                                              Avg / Max             Avg / Max             Avg / Max             Avg / Max
[40.070s][info][gc,stats    ]   Collector: Garbage Collection Cycle                   1338.030 / 1694.169    657.201 / 3111.730    657.201 / 3111.730    657.201 / 3111.730    ms
[40.070s][info][gc,stats    ]  Contention: Mark Segment Reset Contention                     0 / 0                 0 / 0                 0 / 0                 0 / 0           ops/s
[40.070s][info][gc,stats    ]  Contention: Mark SeqNum Reset Contention                      0 / 0                 0 / 0                 0 / 0                 0 / 0           ops/s
[40.070s][info][gc,stats    ]  Contention: Relocation Contention                             0 / 1                 0 / 1                 0 / 1                 0 / 1           ops/s
[40.070s][info][gc,stats    ]    Critical: Allocation Stall                              0.000 / 0.000         0.000 / 0.000         0.000 / 0.000         0.000 / 0.000       ms
[40.070s][info][gc,stats    ]    Critical: Allocation Stall                                  0 / 0                 0 / 0                 0 / 0                 0 / 0           ops/s
[40.070s][info][gc,stats    ]    Critical: GC Locker Stall                               0.000 / 0.000         0.000 / 0.000         0.000 / 0.000         0.000 / 0.000       ms
[40.070s][info][gc,stats    ]    Critical: GC Locker Stall                                   0 / 0                 0 / 0                 0 / 0                 0 / 0           ops/s
[40.071s][info][gc,stats    ]      Memory: Allocation Rate                                 193 / 320             252 / 1130            252 / 1130            252 / 1130        MB/s
[40.071s][info][gc,stats    ]      Memory: Heap Used After Mark                            869 / 1274            774 / 1494            774 / 1494            774 / 1494        MB
[40.071s][info][gc,stats    ]      Memory: Heap Used After Relocation                      427 / 488             261 / 914             261 / 914             261 / 914         MB
[40.071s][info][gc,stats    ]      Memory: Heap Used Before Mark                           691 / 1096            685 / 1464            685 / 1464            685 / 1464        MB
[40.071s][info][gc,stats    ]      Memory: Heap Used Before Relocation                     719 / 978             347 / 978             347 / 978             347 / 978         MB
[40.071s][info][gc,stats    ]      Memory: Out Of Memory                                     0 / 0                 0 / 0                 0 / 0                 0 / 0           ops/s
[40.071s][info][gc,stats    ]      Memory: Page Cache Flush                                  0 / 0                 0 / 0                 0 / 0                 0 / 0           MB/s
[40.071s][info][gc,stats    ]      Memory: Page Cache Hit L1                                96 / 137             106 / 566             106 / 566             106 / 566         ops/s
[40.071s][info][gc,stats    ]      Memory: Page Cache Hit L2                                 0 / 0                 0 / 0                 0 / 0                 0 / 0           ops/s
[40.071s][info][gc,stats    ]      Memory: Page Cache Miss                                   0 / 3                18 / 216              18 / 216              18 / 216         ops/s
[40.071s][info][gc,stats    ]      Memory: Undo Object Allocation Failed                     0 / 0                 0 / 0                 0 / 0                 0 / 0           ops/s
[40.071s][info][gc,stats    ]      Memory: Undo Object Allocation Succeeded                  0 / 1                 0 / 1                 0 / 1                 0 / 1           ops/s
[40.071s][info][gc,stats    ]      Memory: Undo Page Allocation                              0 / 2                 0 / 2                 0 / 2                 0 / 2           ops/s
[40.071s][info][gc,stats    ]       Phase: Concurrent Destroy Detached Pages             0.001 / 0.001         0.001 / 0.001         0.001 / 0.001         0.001 / 0.001       ms
[40.071s][info][gc,stats    ]       Phase: Concurrent Mark                             843.269 / 1215.809    523.358 / 3094.271    523.358 / 3094.271    523.358 / 3094.271    ms
[40.071s][info][gc,stats    ]       Phase: Concurrent Mark Continue                      0.000 / 0.000         0.000 / 0.000         0.000 / 0.000         0.000 / 0.000       ms
[40.071s][info][gc,stats    ]       Phase: Concurrent Prepare Relocation Set            25.901 / 56.131        5.835 / 56.131        5.835 / 56.131        5.835 / 56.131      ms
[40.071s][info][gc,stats    ]       Phase: Concurrent Process Non-Strong References      2.637 / 5.758         2.262 / 8.250         2.262 / 8.250         2.262 / 8.250       ms
[40.071s][info][gc,stats    ]       Phase: Concurrent Relocate                         437.492 / 581.905     107.469 / 581.905     107.469 / 581.905     107.469 / 581.905     ms
[40.071s][info][gc,stats    ]       Phase: Concurrent Reset Relocation Set               0.640 / 1.407         0.150 / 1.407         0.150 / 1.407         0.150 / 1.407       ms
[40.071s][info][gc,stats    ]       Phase: Concurrent Select Relocation Set              5.886 / 18.220        3.252 / 18.220        3.252 / 18.220        3.252 / 18.220      ms
[40.071s][info][gc,stats    ]       Phase: Pause Mark End                                0.248 / 0.310         0.280 / 1.566         0.280 / 1.566         0.280 / 1.566       ms
[40.071s][info][gc,stats    ]       Phase: Pause Mark Start                              2.739 / 3.391         2.325 / 5.079         2.325 / 5.079         2.325 / 5.079       ms
[40.071s][info][gc,stats    ]       Phase: Pause Relocate Start                          3.034 / 4.082         2.420 / 7.586         2.420 / 7.586         2.420 / 7.586       ms
[40.071s][info][gc,stats    ]    Subphase: Concurrent Mark                             842.105 / 1215.781    522.347 / 3094.254    522.347 / 3094.254    522.347 / 3094.254    ms
[40.071s][info][gc,stats    ]    Subphase: Concurrent Mark Idle                          0.000 / 0.000         0.000 / 0.000         0.000 / 0.000         0.000 / 0.000       ms
[40.071s][info][gc,stats    ]    Subphase: Concurrent Mark Try Flush                     2.211 / 7.626         2.918 / 26.466        2.918 / 26.466        2.918 / 26.466      ms
[40.071s][info][gc,stats    ]    Subphase: Concurrent Mark Try Terminate                 0.854 / 3.918         1.130 / 11.670        1.130 / 11.670        1.130 / 11.670      ms
[40.071s][info][gc,stats    ]    Subphase: Concurrent References Enqueue                 0.003 / 0.003         0.002 / 0.007         0.002 / 0.007         0.002 / 0.007       ms
[40.071s][info][gc,stats    ]    Subphase: Concurrent References Process                 1.802 / 4.858         1.043 / 4.858         1.043 / 4.858         1.043 / 4.858       ms
[40.071s][info][gc,stats    ]    Subphase: Concurrent Weak Roots                         0.820 / 0.883         0.824 / 1.129         0.824 / 1.129         0.824 / 1.129       ms
[40.071s][info][gc,stats    ]    Subphase: Concurrent Weak Roots JNIWeakHandles          0.000 / 0.000         0.000 / 0.001         0.000 / 0.001         0.000 / 0.001       ms
[40.071s][info][gc,stats    ]    Subphase: Concurrent Weak Roots StringTable             0.599 / 0.643         0.629 / 0.885         0.629 / 0.885         0.629 / 0.885       ms
[40.071s][info][gc,stats    ]    Subphase: Concurrent Weak Roots VMWeakHandles           0.219 / 0.270         0.193 / 0.299         0.193 / 0.299         0.193 / 0.299       ms
[40.071s][info][gc,stats    ]    Subphase: Pause Mark Try Complete                       0.000 / 0.000         0.000 / 0.000         0.000 / 0.000         0.000 / 0.000       ms
[40.071s][info][gc,stats    ]    Subphase: Pause Remap TLABS                             0.002 / 0.002         0.001 / 0.002         0.001 / 0.002         0.001 / 0.002       ms
[40.071s][info][gc,stats    ]    Subphase: Pause Retire TLABS                            0.013 / 0.015         0.012 / 0.022         0.012 / 0.022         0.012 / 0.022       ms
[40.071s][info][gc,stats    ]    Subphase: Pause Roots                                   1.769 / 3.630         1.355 / 4.625         1.355 / 4.625         1.355 / 4.625       ms
[40.071s][info][gc,stats    ]    Subphase: Pause Roots ClassLoaderDataGraph              0.793 / 1.102         0.699 / 1.646         0.699 / 1.646         0.699 / 1.646       ms
[40.071s][info][gc,stats    ]    Subphase: Pause Roots CodeCache                         1.331 / 1.883         0.862 / 1.883         0.862 / 1.883         0.862 / 1.883       ms
[40.071s][info][gc,stats    ]    Subphase: Pause Roots JNIHandles                        0.001 / 0.001         0.001 / 0.005         0.001 / 0.005         0.001 / 0.005       ms
[40.071s][info][gc,stats    ]    Subphase: Pause Roots JNIWeakHandles                    0.000 / 0.000         0.000 / 0.000         0.000 / 0.000         0.000 / 0.000       ms
[40.071s][info][gc,stats    ]    Subphase: Pause Roots JRFWeak                           0.000 / 0.000         0.000 / 0.000         0.000 / 0.000         0.000 / 0.000       ms
[40.071s][info][gc,stats    ]    Subphase: Pause Roots JVMTIExport                       0.001 / 0.001         0.001 / 0.001         0.001 / 0.001         0.001 / 0.001       ms
[40.071s][info][gc,stats    ]    Subphase: Pause Roots JVMTIWeakExport                   0.001 / 0.001         0.001 / 0.001         0.001 / 0.001         0.001 / 0.001       ms
[40.071s][info][gc,stats    ]    Subphase: Pause Roots Management                        0.001 / 0.002         0.001 / 0.005         0.001 / 0.005         0.001 / 0.005       ms
[40.071s][info][gc,stats    ]    Subphase: Pause Roots ObjectSynchronizer                0.000 / 0.001         0.000 / 0.001         0.000 / 0.001         0.000 / 0.001       ms
[40.071s][info][gc,stats    ]    Subphase: Pause Roots Setup                             0.198 / 0.400         0.147 / 0.400         0.147 / 0.400         0.147 / 0.400       ms
[40.071s][info][gc,stats    ]    Subphase: Pause Roots StringTable                       0.000 / 0.000         0.000 / 0.000         0.000 / 0.000         0.000 / 0.000       ms
[40.071s][info][gc,stats    ]    Subphase: Pause Roots SystemDictionary                  0.015 / 0.026         0.013 / 0.035         0.013 / 0.035         0.013 / 0.035       ms
[40.071s][info][gc,stats    ]    Subphase: Pause Roots Teardown                          0.001 / 0.003         0.001 / 0.003         0.001 / 0.003         0.001 / 0.003       ms
[40.071s][info][gc,stats    ]    Subphase: Pause Roots Threads                           0.336 / 0.675         0.292 / 1.904         0.292 / 1.904         0.292 / 1.904       ms
[40.071s][info][gc,stats    ]    Subphase: Pause Roots Universe                          0.002 / 0.003         0.014 / 0.382         0.014 / 0.382         0.014 / 0.382       ms
[40.071s][info][gc,stats    ]    Subphase: Pause Roots VMWeakHandles                     0.000 / 0.000         0.000 / 0.000         0.000 / 0.000         0.000 / 0.000       ms
[40.071s][info][gc,stats    ]    Subphase: Pause Weak Roots                              0.002 / 0.002         0.002 / 0.009         0.002 / 0.009         0.002 / 0.009       ms
[40.071s][info][gc,stats    ]    Subphase: Pause Weak Roots JFRWeak                      0.001 / 0.001         0.001 / 0.001         0.001 / 0.001         0.001 / 0.001       ms
[40.071s][info][gc,stats    ]    Subphase: Pause Weak Roots JNIWeakHandles               0.000 / 0.000         0.000 / 0.000         0.000 / 0.000         0.000 / 0.000       ms
[40.071s][info][gc,stats    ]    Subphase: Pause Weak Roots JVMTIWeakExport              0.001 / 0.001         0.001 / 0.008         0.001 / 0.008         0.001 / 0.008       ms
[40.071s][info][gc,stats    ]    Subphase: Pause Weak Roots Setup                        0.000 / 0.000         0.000 / 0.000         0.000 / 0.000         0.000 / 0.000       ms
[40.071s][info][gc,stats    ]    Subphase: Pause Weak Roots StringTable                  0.000 / 0.000         0.000 / 0.000         0.000 / 0.000         0.000 / 0.000       ms
[40.071s][info][gc,stats    ]    Subphase: Pause Weak Roots SymbolTable                  0.000 / 0.000         0.000 / 0.000         0.000 / 0.000         0.000 / 0.000       ms
[40.071s][info][gc,stats    ]    Subphase: Pause Weak Roots Teardown                     0.001 / 0.001         0.001 / 0.001         0.001 / 0.001         0.001 / 0.001       ms
[40.071s][info][gc,stats    ]    Subphase: Pause Weak Roots VMWeakHandles                0.000 / 0.000         0.000 / 0.000         0.000 / 0.000         0.000 / 0.000       ms
[40.071s][info][gc,stats    ]      System: Java Threads                                     55 / 57               45 / 57               45 / 57               45 / 57          threads
[40.071s][info][gc,stats    ] =========================================================================================================================================================
[41.064s][info][gc,start    ] GC(18) Garbage Collection (Allocation Rate)
[41.075s][info][gc,phases   ] GC(18) Pause Mark Start 2.600ms
[42.616s][info][gc,phases   ] GC(18) Concurrent Mark 1540.955ms
[42.618s][info][gc,phases   ] GC(18) Pause Mark End 0.213ms
[42.620s][info][gc,phases   ] GC(18) Concurrent Process Non-Strong References 2.055ms
[42.621s][info][gc,phases   ] GC(18) Concurrent Reset Relocation Set 0.721ms
[42.621s][info][gc,phases   ] GC(18) Concurrent Destroy Detached Pages 0.001ms
[42.623s][info][gc,phases   ] GC(18) Concurrent Select Relocation Set 1.579ms
[42.636s][info][gc,phases   ] GC(18) Concurrent Prepare Relocation Set 12.884ms
[42.640s][info][gc,phases   ] GC(18) Pause Relocate Start 2.139ms
[42.859s][info][gc,phases   ] GC(18) Concurrent Relocate 219.137ms
[42.859s][info][gc,load     ] GC(18) Load: 2.20/2.22/2.53
[42.859s][info][gc,mmu      ] GC(18) MMU: 2ms/0.0%, 5ms/0.0%, 10ms/12.6%, 20ms/46.4%, 50ms/78.5%, 100ms/87.1%
[42.859s][info][gc,marking  ] GC(18) Mark: 1 stripe(s), 2 proactive flush(es), 1 terminate flush(es), 0 completion(s), 0 continuation(s) 
[42.859s][info][gc,reloc    ] GC(18) Relocation: Successful, 48M relocated
[42.859s][info][gc,nmethod  ] GC(18) NMethods: 2937 registered, 0 unregistered
[42.860s][info][gc,metaspace] GC(18) Metaspace: 70M used, 74M capacity, 74M committed, 76M reserved
[42.860s][info][gc,ref      ] GC(18) Soft: 4661 encountered, 0 discovered, 0 enqueued
[42.860s][info][gc,ref      ] GC(18) Weak: 4497 encountered, 3509 discovered, 1 enqueued
[42.860s][info][gc,ref      ] GC(18) Final: 26 encountered, 0 discovered, 0 enqueued
[42.860s][info][gc,ref      ] GC(18) Phantom: 654 encountered, 650 discovered, 0 enqueued
[42.860s][info][gc,heap     ] GC(18)                Mark Start          Mark End        Relocate Start      Relocate End           High               Low         
[42.860s][info][gc,heap     ] GC(18)  Capacity:     1698M (97%)        1698M (97%)        1698M (97%)        1698M (97%)        1698M (97%)        1698M (97%)    
[42.860s][info][gc,heap     ] GC(18)   Reserve:       34M (2%)           34M (2%)           34M (2%)           34M (2%)           34M (2%)           34M (2%)     
[42.860s][info][gc,heap     ] GC(18)      Free:     1038M (59%)         826M (47%)         828M (47%)        1224M (70%)        1224M (70%)         826M (47%)    
[42.860s][info][gc,heap     ] GC(18)      Used:      678M (39%)         890M (51%)         888M (51%)         492M (28%)         890M (51%)         492M (28%)    
[42.860s][info][gc,heap     ] GC(18)      Live:         -               220M (13%)         220M (13%)         220M (13%)            -                  -          
[42.860s][info][gc,heap     ] GC(18) Allocated:         -               212M (12%)         216M (12%)         268M (15%)            -                  -          
[42.860s][info][gc,heap     ] GC(18)   Garbage:         -               457M (26%)         451M (26%)          55M (3%)             -                  -          
[42.860s][info][gc,heap     ] GC(18) Reclaimed:         -                  -                 6M (0%)          402M (23%)            -                  -          
[42.860s][info][gc          ] GC(18) Garbage Collection (Allocation Rate) 678M(39%)->492M(28%)
[44.064s][info][gc,start    ] GC(19) Garbage Collection (Allocation Rate)
[44.069s][info][gc,phases   ] GC(19) Pause Mark Start 2.602ms
[44.650s][info][gc,phases   ] GC(19) Concurrent Mark 580.303ms
[44.652s][info][gc,phases   ] GC(19) Pause Mark End 0.310ms
[44.654s][info][gc,phases   ] GC(19) Concurrent Process Non-Strong References 1.472ms
[44.655s][info][gc,phases   ] GC(19) Concurrent Reset Relocation Set 0.809ms
[44.655s][info][gc,phases   ] GC(19) Concurrent Destroy Detached Pages 0.000ms
[44.656s][info][gc,phases   ] GC(19) Concurrent Select Relocation Set 1.596ms
[44.664s][info][gc,phases   ] GC(19) Concurrent Prepare Relocation Set 7.223ms
[44.669s][info][gc,phases   ] GC(19) Pause Relocate Start 2.578ms
[44.793s][info][gc,phases   ] GC(19) Concurrent Relocate 124.068ms
[44.793s][info][gc,load     ] GC(19) Load: 2.20/2.22/2.53
[44.793s][info][gc,mmu      ] GC(19) MMU: 2ms/0.0%, 5ms/0.0%, 10ms/12.6%, 20ms/46.4%, 50ms/78.5%, 100ms/87.1%
[44.793s][info][gc,marking  ] GC(19) Mark: 1 stripe(s), 2 proactive flush(es), 1 terminate flush(es), 0 completion(s), 0 continuation(s) 
[44.793s][info][gc,reloc    ] GC(19) Relocation: Successful, 45M relocated
[44.793s][info][gc,nmethod  ] GC(19) NMethods: 2984 registered, 0 unregistered
[44.793s][info][gc,metaspace] GC(19) Metaspace: 70M used, 74M capacity, 74M committed, 76M reserved
[44.793s][info][gc,ref      ] GC(19) Soft: 4663 encountered, 0 discovered, 0 enqueued
[44.793s][info][gc,ref      ] GC(19) Weak: 4487 encountered, 3483 discovered, 35 enqueued
[44.793s][info][gc,ref      ] GC(19) Final: 26 encountered, 0 discovered, 0 enqueued
[44.793s][info][gc,ref      ] GC(19) Phantom: 657 encountered, 653 discovered, 0 enqueued
[44.793s][info][gc,heap     ] GC(19)                Mark Start          Mark End        Relocate Start      Relocate End           High               Low         
[44.793s][info][gc,heap     ] GC(19)  Capacity:     1698M (97%)        1698M (97%)        1698M (97%)        1698M (97%)        1698M (97%)        1698M (97%)    
[44.793s][info][gc,heap     ] GC(19)   Reserve:       34M (2%)           34M (2%)           34M (2%)           34M (2%)           34M (2%)           34M (2%)     
[44.793s][info][gc,heap     ] GC(19)      Free:     1004M (57%)         922M (53%)        1264M (72%)        1426M (81%)        1426M (81%)         922M (53%)    
[44.793s][info][gc,heap     ] GC(19)      Used:      712M (41%)         794M (45%)         452M (26%)         290M (17%)         794M (45%)         290M (17%)    
[44.793s][info][gc,heap     ] GC(19)      Live:         -               167M (10%)         167M (10%)         167M (10%)            -                  -          
[44.793s][info][gc,heap     ] GC(19) Allocated:         -                82M (5%)           82M (5%)          120M (7%)             -                  -          
[44.793s][info][gc,heap     ] GC(19)   Garbage:         -               544M (31%)         202M (12%)          36M (2%)             -                  -          
[44.793s][info][gc,heap     ] GC(19) Reclaimed:         -                  -               342M (20%)         508M (29%)            -                  -          
[44.793s][info][gc          ] GC(19) Garbage Collection (Allocation Rate) 712M(41%)->290M(17%)
[45.164s][info][gc,start    ] GC(20) Garbage Collection (Allocation Rate)
[45.169s][info][gc,phases   ] GC(20) Pause Mark Start 2.596ms
[46.071s][info][gc,phases   ] GC(20) Concurrent Mark 901.281ms
[46.073s][info][gc,phases   ] GC(20) Pause Mark End 0.217ms
[46.075s][info][gc,phases   ] GC(20) Concurrent Process Non-Strong References 1.562ms
[46.075s][info][gc,phases   ] GC(20) Concurrent Reset Relocation Set 0.404ms
[46.075s][info][gc,phases   ] GC(20) Concurrent Destroy Detached Pages 0.000ms
[46.077s][info][gc,phases   ] GC(20) Concurrent Select Relocation Set 1.533ms
[46.086s][info][gc,phases   ] GC(20) Concurrent Prepare Relocation Set 8.928ms
[46.090s][info][gc,phases   ] GC(20) Pause Relocate Start 2.350ms
[46.277s][info][gc,phases   ] GC(20) Concurrent Relocate 182.401ms
[46.277s][info][gc,load     ] GC(20) Load: 2.20/2.22/2.53
[46.277s][info][gc,mmu      ] GC(20) MMU: 2ms/0.0%, 5ms/0.0%, 10ms/12.6%, 20ms/46.4%, 50ms/78.5%, 100ms/87.1%
[46.277s][info][gc,marking  ] GC(20) Mark: 1 stripe(s), 2 proactive flush(es), 1 terminate flush(es), 0 completion(s), 0 continuation(s) 
[46.277s][info][gc,reloc    ] GC(20) Relocation: Successful, 67M relocated
[46.277s][info][gc,nmethod  ] GC(20) NMethods: 3009 registered, 0 unregistered
[46.277s][info][gc,metaspace] GC(20) Metaspace: 70M used, 74M capacity, 74M committed, 76M reserved
[46.277s][info][gc,ref      ] GC(20) Soft: 4664 encountered, 0 discovered, 0 enqueued
[46.277s][info][gc,ref      ] GC(20) Weak: 4454 encountered, 3453 discovered, 1 enqueued
[46.277s][info][gc,ref      ] GC(20) Final: 26 encountered, 0 discovered, 0 enqueued
[46.277s][info][gc,ref      ] GC(20) Phantom: 656 encountered, 652 discovered, 0 enqueued
[46.277s][info][gc,heap     ] GC(20)                Mark Start          Mark End        Relocate Start      Relocate End           High               Low         
[46.277s][info][gc,heap     ] GC(20)  Capacity:     1698M (97%)        1698M (97%)        1698M (97%)        1698M (97%)        1698M (97%)        1698M (97%)    
[46.277s][info][gc,heap     ] GC(20)   Reserve:       34M (2%)           34M (2%)           34M (2%)           34M (2%)           34M (2%)           34M (2%)     
[46.277s][info][gc,heap     ] GC(20)      Free:     1202M (69%)         934M (53%)         948M (54%)        1188M (68%)        1202M (69%)         934M (53%)    
[46.277s][info][gc,heap     ] GC(20)      Used:      514M (29%)         782M (45%)         768M (44%)         528M (30%)         782M (45%)         514M (29%)    
[46.277s][info][gc,heap     ] GC(20)      Live:         -               219M (13%)         219M (13%)         219M (13%)            -                  -          
[46.277s][info][gc,heap     ] GC(20) Allocated:         -               268M (15%)         270M (15%)         350M (20%)            -                  -          
[46.277s][info][gc,heap     ] GC(20)   Garbage:         -               294M (17%)         278M (16%)          26M (2%)             -                  -          
[46.277s][info][gc,heap     ] GC(20) Reclaimed:         -                  -                16M (1%)          268M (15%)            -                  -          
[46.277s][info][gc          ] GC(20) Garbage Collection (Allocation Rate) 514M(29%)->528M(30%)
[46.371s][info][gc,start    ] GC(21) Garbage Collection (Allocation Rate)
[46.376s][info][gc,phases   ] GC(21) Pause Mark Start 2.612ms
[47.627s][info][gc,phases   ] GC(21) Concurrent Mark 1250.884ms
[47.630s][info][gc,phases   ] GC(21) Pause Mark End 0.212ms
[47.632s][info][gc,phases   ] GC(21) Concurrent Process Non-Strong References 1.457ms
[47.632s][info][gc,phases   ] GC(21) Concurrent Reset Relocation Set 0.623ms
[47.632s][info][gc,phases   ] GC(21) Concurrent Destroy Detached Pages 0.001ms
[47.634s][info][gc,phases   ] GC(21) Concurrent Select Relocation Set 1.722ms
[47.650s][info][gc,phases   ] GC(21) Concurrent Prepare Relocation Set 15.854ms
[47.654s][info][gc,phases   ] GC(21) Pause Relocate Start 2.138ms
[47.871s][info][gc,phases   ] GC(21) Concurrent Relocate 216.663ms
[47.871s][info][gc,load     ] GC(21) Load: 2.19/2.22/2.53
[47.871s][info][gc,mmu      ] GC(21) MMU: 2ms/0.0%, 5ms/0.0%, 10ms/12.6%, 20ms/46.4%, 50ms/78.5%, 100ms/87.1%
[47.871s][info][gc,marking  ] GC(21) Mark: 1 stripe(s), 2 proactive flush(es), 1 terminate flush(es), 0 completion(s), 0 continuation(s) 
[47.871s][info][gc,reloc    ] GC(21) Relocation: Successful, 57M relocated
[47.871s][info][gc,nmethod  ] GC(21) NMethods: 3018 registered, 0 unregistered
[47.871s][info][gc,metaspace] GC(21) Metaspace: 70M used, 74M capacity, 74M committed, 76M reserved
[47.871s][info][gc,ref      ] GC(21) Soft: 4664 encountered, 0 discovered, 0 enqueued
[47.871s][info][gc,ref      ] GC(21) Weak: 4453 encountered, 3453 discovered, 0 enqueued
[47.871s][info][gc,ref      ] GC(21) Final: 26 encountered, 0 discovered, 0 enqueued
[47.871s][info][gc,ref      ] GC(21) Phantom: 656 encountered, 652 discovered, 0 enqueued
[47.871s][info][gc,heap     ] GC(21)                Mark Start          Mark End        Relocate Start      Relocate End           High               Low         
[47.871s][info][gc,heap     ] GC(21)  Capacity:     1698M (97%)        1698M (97%)        1698M (97%)        1698M (97%)        1698M (97%)        1698M (97%)    
[47.871s][info][gc,heap     ] GC(21)   Reserve:       34M (2%)           34M (2%)           34M (2%)           34M (2%)           34M (2%)           34M (2%)     
[47.871s][info][gc,heap     ] GC(21)      Free:     1150M (66%)         882M (50%)         890M (51%)        1100M (63%)        1150M (66%)         882M (50%)    
[47.871s][info][gc,heap     ] GC(21)      Used:      566M (32%)         834M (48%)         826M (47%)         616M (35%)         834M (48%)         566M (32%)    
[47.871s][info][gc,heap     ] GC(21)      Live:         -               264M (15%)         264M (15%)         264M (15%)            -                  -          
[47.871s][info][gc,heap     ] GC(21) Allocated:         -               268M (15%)         272M (16%)         344M (20%)            -                  -          
[47.871s][info][gc,heap     ] GC(21)   Garbage:         -               301M (17%)         289M (17%)          59M (3%)             -                  -          
[47.871s][info][gc,heap     ] GC(21) Reclaimed:         -                  -                12M (1%)          242M (14%)            -                  -          
[47.871s][info][gc          ] GC(21) Garbage Collection (Allocation Rate) 566M(32%)->616M(35%)
[48.164s][info][gc,start    ] GC(22) Garbage Collection (Allocation Rate)
[48.169s][info][gc,phases   ] GC(22) Pause Mark Start 2.606ms
[49.515s][info][gc,phases   ] GC(22) Concurrent Mark 1346.076ms
[49.516s][info][gc,phases   ] GC(22) Pause Mark End 0.259ms
[49.517s][info][gc,phases   ] GC(22) Concurrent Process Non-Strong References 1.471ms
[49.518s][info][gc,phases   ] GC(22) Concurrent Reset Relocation Set 0.613ms
[49.518s][info][gc,phases   ] GC(22) Concurrent Destroy Detached Pages 0.001ms
[49.519s][info][gc,phases   ] GC(22) Concurrent Select Relocation Set 1.604ms
[49.527s][info][gc,phases   ] GC(22) Concurrent Prepare Relocation Set 7.176ms
[49.531s][info][gc,phases   ] GC(22) Pause Relocate Start 2.243ms
[49.677s][info][gc,phases   ] GC(22) Concurrent Relocate 145.792ms
[49.677s][info][gc,load     ] GC(22) Load: 2.19/2.22/2.53
[49.677s][info][gc,mmu      ] GC(22) MMU: 2ms/0.0%, 5ms/0.0%, 10ms/12.6%, 20ms/46.4%, 50ms/78.5%, 100ms/87.1%
[49.677s][info][gc,marking  ] GC(22) Mark: 1 stripe(s), 2 proactive flush(es), 1 terminate flush(es), 0 completion(s), 0 continuation(s) 
[49.677s][info][gc,reloc    ] GC(22) Relocation: Successful, 48M relocated
[49.677s][info][gc,nmethod  ] GC(22) NMethods: 3021 registered, 0 unregistered
[49.677s][info][gc,metaspace] GC(22) Metaspace: 70M used, 74M capacity, 74M committed, 76M reserved
[49.677s][info][gc,ref      ] GC(22) Soft: 4665 encountered, 0 discovered, 0 enqueued
[49.677s][info][gc,ref      ] GC(22) Weak: 4461 encountered, 3457 discovered, 2 enqueued
[49.677s][info][gc,ref      ] GC(22) Final: 26 encountered, 0 discovered, 0 enqueued
[49.677s][info][gc,ref      ] GC(22) Phantom: 656 encountered, 652 discovered, 0 enqueued
[49.677s][info][gc,heap     ] GC(22)                Mark Start          Mark End        Relocate Start      Relocate End           High               Low         
[49.677s][info][gc,heap     ] GC(22)  Capacity:     1698M (97%)        1698M (97%)        1698M (97%)        1698M (97%)        1698M (97%)        1698M (97%)    
[49.677s][info][gc,heap     ] GC(22)   Reserve:       34M (2%)           34M (2%)           34M (2%)           34M (2%)           34M (2%)           34M (2%)     
[49.677s][info][gc,heap     ] GC(22)      Free:      990M (57%)         932M (53%)         942M (54%)        1324M (76%)        1324M (76%)         932M (53%)    
[49.677s][info][gc,heap     ] GC(22)      Used:      726M (41%)         784M (45%)         774M (44%)         392M (22%)         784M (45%)         392M (22%)    
[49.677s][info][gc,heap     ] GC(22)      Live:         -               287M (16%)         287M (16%)         287M (16%)            -                  -          
[49.677s][info][gc,heap     ] GC(22) Allocated:         -                58M (3%)           58M (3%)           86M (5%)             -                  -          
[49.677s][info][gc,heap     ] GC(22)   Garbage:         -               438M (25%)         428M (24%)          46M (3%)             -                  -          
[49.677s][info][gc,heap     ] GC(22) Reclaimed:         -                  -                10M (1%)          392M (22%)            -                  -          
[49.677s][info][gc          ] GC(22) Garbage Collection (Allocation Rate) 726M(41%)->392M(22%)
[50.064s][info][gc,stats    ] === Garbage Collection Statistics =======================================================================================================================
[50.064s][info][gc,stats    ]                                                              Last 10s              Last 10m              Last 10h                Total
[50.064s][info][gc,stats    ]                                                              Avg / Max             Avg / Max             Avg / Max             Avg / Max
[50.065s][info][gc,stats    ]   Collector: Garbage Collection Cycle                   1329.990 / 1795.321    803.459 / 3111.730    803.459 / 3111.730    803.459 / 3111.730    ms
[50.065s][info][gc,stats    ]  Contention: Mark Segment Reset Contention                     0 / 0                 0 / 0                 0 / 0                 0 / 0           ops/s
[50.065s][info][gc,stats    ]  Contention: Mark SeqNum Reset Contention                      0 / 0                 0 / 0                 0 / 0                 0 / 0           ops/s
[50.065s][info][gc,stats    ]  Contention: Relocation Contention                             0 / 2                 0 / 2                 0 / 2                 0 / 2           ops/s
[50.065s][info][gc,stats    ]    Critical: Allocation Stall                              0.000 / 0.000         0.000 / 0.000         0.000 / 0.000         0.000 / 0.000       ms
[50.065s][info][gc,stats    ]    Critical: Allocation Stall                                  0 / 0                 0 / 0                 0 / 0                 0 / 0           ops/s
[50.065s][info][gc,stats    ]    Critical: GC Locker Stall                               0.000 / 0.000         0.000 / 0.000         0.000 / 0.000         0.000 / 0.000       ms
[50.065s][info][gc,stats    ]    Critical: GC Locker Stall                                   0 / 0                 0 / 0                 0 / 0                 0 / 0           ops/s
[50.065s][info][gc,stats    ]      Memory: Allocation Rate                                 185 / 316             238 / 1130            238 / 1130            238 / 1130        MB/s
[50.065s][info][gc,stats    ]      Memory: Heap Used After Mark                            816 / 890             783 / 1494            783 / 1494            783 / 1494        MB
[50.065s][info][gc,stats    ]      Memory: Heap Used After Relocation                      463 / 616             305 / 914             305 / 914             305 / 914         MB
[50.065s][info][gc,stats    ]      Memory: Heap Used Before Mark                           639 / 726             675 / 1464            675 / 1464            675 / 1464        MB
[50.065s][info][gc,stats    ]      Memory: Heap Used Before Relocation                     741 / 888             433 / 978             433 / 978             433 / 978         MB
[50.065s][info][gc,stats    ]      Memory: Out Of Memory                                     0 / 0                 0 / 0                 0 / 0                 0 / 0           ops/s
[50.065s][info][gc,stats    ]      Memory: Page Cache Flush                                  0 / 0                 0 / 0                 0 / 0                 0 / 0           MB/s
[50.065s][info][gc,stats    ]      Memory: Page Cache Hit L1                                90 / 135             103 / 566             103 / 566             103 / 566         ops/s
[50.065s][info][gc,stats    ]      Memory: Page Cache Hit L2                                 0 / 0                 0 / 0                 0 / 0                 0 / 0           ops/s
[50.065s][info][gc,stats    ]      Memory: Page Cache Miss                                   0 / 0                14 / 216              14 / 216              14 / 216         ops/s
[50.065s][info][gc,stats    ]      Memory: Undo Object Allocation Failed                     0 / 0                 0 / 0                 0 / 0                 0 / 0           ops/s
[50.065s][info][gc,stats    ]      Memory: Undo Object Allocation Succeeded                  0 / 2                 0 / 2                 0 / 2                 0 / 2           ops/s
[50.065s][info][gc,stats    ]      Memory: Undo Page Allocation                              0 / 0                 0 / 2                 0 / 2                 0 / 2           ops/s
[50.065s][info][gc,stats    ]       Phase: Concurrent Destroy Detached Pages             0.001 / 0.001         0.001 / 0.001         0.001 / 0.001         0.001 / 0.001       ms
[50.065s][info][gc,stats    ]       Phase: Concurrent Mark                            1123.900 / 1540.955    653.910 / 3094.271    653.910 / 3094.271    653.910 / 3094.271    ms
[50.065s][info][gc,stats    ]       Phase: Concurrent Mark Continue                      0.000 / 0.000         0.000 / 0.000         0.000 / 0.000         0.000 / 0.000       ms
[50.065s][info][gc,stats    ]       Phase: Concurrent Prepare Relocation Set            10.413 / 15.854        6.831 / 56.131        6.831 / 56.131        6.831 / 56.131      ms
[50.065s][info][gc,stats    ]       Phase: Concurrent Process Non-Strong References      1.603 / 2.055         2.119 / 8.250         2.119 / 8.250         2.119 / 8.250       ms
[50.065s][info][gc,stats    ]       Phase: Concurrent Relocate                         177.612 / 219.137     122.718 / 581.905     122.718 / 581.905     122.718 / 581.905     ms
[50.065s][info][gc,stats    ]       Phase: Concurrent Reset Relocation Set               0.634 / 0.809         0.256 / 1.407         0.256 / 1.407         0.256 / 1.407       ms
[50.065s][info][gc,stats    ]       Phase: Concurrent Select Relocation Set              1.607 / 1.722         2.895 / 18.220        2.895 / 18.220        2.895 / 18.220      ms
[50.065s][info][gc,stats    ]       Phase: Pause Mark End                                0.242 / 0.310         0.272 / 1.566         0.272 / 1.566         0.272 / 1.566       ms
[50.065s][info][gc,stats    ]       Phase: Pause Mark Start                              2.603 / 2.612         2.386 / 5.079         2.386 / 5.079         2.386 / 5.079       ms
[50.065s][info][gc,stats    ]       Phase: Pause Relocate Start                          2.289 / 2.578         2.392 / 7.586         2.392 / 7.586         2.392 / 7.586       ms
[50.065s][info][gc,stats    ]    Subphase: Concurrent Mark                            1122.925 / 1540.924    652.908 / 3094.254    652.908 / 3094.254    652.908 / 3094.254    ms
[50.065s][info][gc,stats    ]    Subphase: Concurrent Mark Idle                          0.000 / 0.000         0.000 / 0.000         0.000 / 0.000         0.000 / 0.000       ms
[50.065s][info][gc,stats    ]    Subphase: Concurrent Mark Try Flush                     1.239 / 4.683         2.568 / 26.466        2.568 / 26.466        2.568 / 26.466      ms
[50.065s][info][gc,stats    ]    Subphase: Concurrent Mark Try Terminate                 0.383 / 0.975         0.974 / 11.670        0.974 / 11.670        0.974 / 11.670      ms
[50.065s][info][gc,stats    ]    Subphase: Concurrent References Enqueue                 0.003 / 0.004         0.002 / 0.007         0.002 / 0.007         0.002 / 0.007       ms
[50.065s][info][gc,stats    ]    Subphase: Concurrent References Process                 0.714 / 0.734         0.972 / 4.858         0.972 / 4.858         0.972 / 4.858       ms
[50.065s][info][gc,stats    ]    Subphase: Concurrent Weak Roots                         0.876 / 1.336         0.835 / 1.336         0.835 / 1.336         0.835 / 1.336       ms
[50.065s][info][gc,stats    ]    Subphase: Concurrent Weak Roots JNIWeakHandles          0.000 / 0.000         0.000 / 0.001         0.000 / 0.001         0.000 / 0.001       ms
[50.065s][info][gc,stats    ]    Subphase: Concurrent Weak Roots StringTable             0.680 / 1.108         0.640 / 1.108         0.640 / 1.108         0.640 / 1.108       ms
[50.065s][info][gc,stats    ]    Subphase: Concurrent Weak Roots VMWeakHandles           0.194 / 0.227         0.193 / 0.299         0.193 / 0.299         0.193 / 0.299       ms
[50.065s][info][gc,stats    ]    Subphase: Pause Mark Try Complete                       0.000 / 0.000         0.000 / 0.000         0.000 / 0.000         0.000 / 0.000       ms
[50.065s][info][gc,stats    ]    Subphase: Pause Remap TLABS                             0.001 / 0.002         0.001 / 0.002         0.001 / 0.002         0.001 / 0.002       ms
[50.065s][info][gc,stats    ]    Subphase: Pause Retire TLABS                            0.013 / 0.015         0.012 / 0.022         0.012 / 0.022         0.012 / 0.022       ms
[50.065s][info][gc,stats    ]    Subphase: Pause Roots                                   1.482 / 2.276         1.383 / 4.625         1.383 / 4.625         1.383 / 4.625       ms
[50.065s][info][gc,stats    ]    Subphase: Pause Roots ClassLoaderDataGraph              0.631 / 0.759         0.684 / 1.646         0.684 / 1.646         0.684 / 1.646       ms
[50.065s][info][gc,stats    ]    Subphase: Pause Roots CodeCache                         1.228 / 1.318         0.941 / 1.883         0.941 / 1.883         0.941 / 1.883       ms
[50.065s][info][gc,stats    ]    Subphase: Pause Roots JNIHandles                        0.002 / 0.008         0.001 / 0.008         0.001 / 0.008         0.001 / 0.008       ms
[50.065s][info][gc,stats    ]    Subphase: Pause Roots JNIWeakHandles                    0.000 / 0.000         0.000 / 0.000         0.000 / 0.000         0.000 / 0.000       ms
[50.065s][info][gc,stats    ]    Subphase: Pause Roots JRFWeak                           0.000 / 0.000         0.000 / 0.000         0.000 / 0.000         0.000 / 0.000       ms
[50.065s][info][gc,stats    ]    Subphase: Pause Roots JVMTIExport                       0.001 / 0.001         0.001 / 0.001         0.001 / 0.001         0.001 / 0.001       ms
[50.065s][info][gc,stats    ]    Subphase: Pause Roots JVMTIWeakExport                   0.001 / 0.001         0.001 / 0.001         0.001 / 0.001         0.001 / 0.001       ms
[50.065s][info][gc,stats    ]    Subphase: Pause Roots Management                        0.001 / 0.002         0.001 / 0.005         0.001 / 0.005         0.001 / 0.005       ms
[50.065s][info][gc,stats    ]    Subphase: Pause Roots ObjectSynchronizer                0.000 / 0.001         0.000 / 0.001         0.000 / 0.001         0.000 / 0.001       ms
[50.065s][info][gc,stats    ]    Subphase: Pause Roots Setup                             0.190 / 0.301         0.157 / 0.400         0.157 / 0.400         0.157 / 0.400       ms
[50.065s][info][gc,stats    ]    Subphase: Pause Roots StringTable                       0.000 / 0.000         0.000 / 0.000         0.000 / 0.000         0.000 / 0.000       ms
[50.065s][info][gc,stats    ]    Subphase: Pause Roots SystemDictionary                  0.012 / 0.015         0.013 / 0.035         0.013 / 0.035         0.013 / 0.035       ms
[50.065s][info][gc,stats    ]    Subphase: Pause Roots Teardown                          0.001 / 0.002         0.001 / 0.003         0.001 / 0.003         0.001 / 0.003       ms
[50.065s][info][gc,stats    ]    Subphase: Pause Roots Threads                           0.228 / 0.314         0.278 / 1.904         0.278 / 1.904         0.278 / 1.904       ms
[50.065s][info][gc,stats    ]    Subphase: Pause Roots Universe                          0.002 / 0.003         0.011 / 0.382         0.011 / 0.382         0.011 / 0.382       ms
[50.065s][info][gc,stats    ]    Subphase: Pause Roots VMWeakHandles                     0.000 / 0.000         0.000 / 0.000         0.000 / 0.000         0.000 / 0.000       ms
[50.065s][info][gc,stats    ]    Subphase: Pause Weak Roots                              0.003 / 0.011         0.002 / 0.011         0.002 / 0.011         0.002 / 0.011       ms
[50.065s][info][gc,stats    ]    Subphase: Pause Weak Roots JFRWeak                      0.001 / 0.001         0.001 / 0.001         0.001 / 0.001         0.001 / 0.001       ms
[50.065s][info][gc,stats    ]    Subphase: Pause Weak Roots JNIWeakHandles               0.000 / 0.000         0.000 / 0.000         0.000 / 0.000         0.000 / 0.000       ms
[50.065s][info][gc,stats    ]    Subphase: Pause Weak Roots JVMTIWeakExport              0.001 / 0.001         0.001 / 0.008         0.001 / 0.008         0.001 / 0.008       ms
[50.065s][info][gc,stats    ]    Subphase: Pause Weak Roots Setup                        0.000 / 0.000         0.000 / 0.000         0.000 / 0.000         0.000 / 0.000       ms
[50.065s][info][gc,stats    ]    Subphase: Pause Weak Roots StringTable                  0.000 / 0.000         0.000 / 0.000         0.000 / 0.000         0.000 / 0.000       ms
[50.065s][info][gc,stats    ]    Subphase: Pause Weak Roots SymbolTable                  0.000 / 0.000         0.000 / 0.000         0.000 / 0.000         0.000 / 0.000       ms
[50.065s][info][gc,stats    ]    Subphase: Pause Weak Roots Teardown                     0.001 / 0.001         0.001 / 0.001         0.001 / 0.001         0.001 / 0.001       ms
[50.065s][info][gc,stats    ]    Subphase: Pause Weak Roots VMWeakHandles                0.000 / 0.000         0.000 / 0.000         0.000 / 0.000         0.000 / 0.000       ms
[50.065s][info][gc,stats    ]      System: Java Threads                                     57 / 58               48 / 58               48 / 58               48 / 58          threads
[50.065s][info][gc,stats    ] =========================================================================================================================================================
[50.464s][info][gc,start    ] GC(23) Garbage Collection (Allocation Rate)
[50.469s][info][gc,phases   ] GC(23) Pause Mark Start 2.617ms
[51.760s][info][gc,phases   ] GC(23) Concurrent Mark 1291.325ms
[51.767s][info][gc,phases   ] GC(23) Pause Mark End 0.233ms
[51.768s][info][gc,phases   ] GC(23) Concurrent Process Non-Strong References 1.527ms
[51.772s][info][gc,phases   ] GC(23) Concurrent Reset Relocation Set 0.460ms
[51.772s][info][gc,phases   ] GC(23) Concurrent Destroy Detached Pages 0.000ms
[51.773s][info][gc,phases   ] GC(23) Concurrent Select Relocation Set 1.629ms
[51.782s][info][gc,phases   ] GC(23) Concurrent Prepare Relocation Set 8.168ms
[51.795s][info][gc,phases   ] GC(23) Pause Relocate Start 2.863ms
[52.189s][info][gc,phases   ] GC(23) Concurrent Relocate 381.527ms
[52.189s][info][gc,load     ] GC(23) Load: 2.19/2.22/2.53
[52.189s][info][gc,mmu      ] GC(23) MMU: 2ms/0.0%, 5ms/0.0%, 10ms/12.6%, 20ms/46.4%, 50ms/78.5%, 100ms/87.1%
[52.189s][info][gc,marking  ] GC(23) Mark: 1 stripe(s), 2 proactive flush(es), 1 terminate flush(es), 0 completion(s), 0 continuation(s) 
[52.189s][info][gc,reloc    ] GC(23) Relocation: Successful, 68M relocated
[52.189s][info][gc,nmethod  ] GC(23) NMethods: 3117 registered, 0 unregistered
[52.189s][info][gc,metaspace] GC(23) Metaspace: 70M used, 74M capacity, 74M committed, 76M reserved
[52.189s][info][gc,ref      ] GC(23) Soft: 4676 encountered, 0 discovered, 0 enqueued
[52.189s][info][gc,ref      ] GC(23) Weak: 4729 encountered, 3671 discovered, 120 enqueued
[52.189s][info][gc,ref      ] GC(23) Final: 26 encountered, 0 discovered, 0 enqueued
[52.189s][info][gc,ref      ] GC(23) Phantom: 662 encountered, 658 discovered, 6 enqueued
[52.189s][info][gc,heap     ] GC(23)                Mark Start          Mark End        Relocate Start      Relocate End           High               Low         
[52.189s][info][gc,heap     ] GC(23)  Capacity:     1698M (97%)        1708M (98%)        1708M (98%)        1708M (98%)        1708M (98%)        1698M (97%)    
[52.189s][info][gc,heap     ] GC(23)   Reserve:       34M (2%)           34M (2%)           34M (2%)           34M (2%)           34M (2%)           34M (2%)     
[52.189s][info][gc,heap     ] GC(23)      Free:     1124M (64%)         862M (49%)        1030M (59%)        1118M (64%)        1124M (64%)         862M (49%)    
[52.189s][info][gc,heap     ] GC(23)      Used:      592M (34%)         854M (49%)         686M (39%)         598M (34%)         854M (49%)         592M (34%)    
[52.189s][info][gc,heap     ] GC(23)      Live:         -               253M (14%)         253M (14%)         253M (14%)            -                  -          
[52.189s][info][gc,heap     ] GC(23) Allocated:         -               262M (15%)         262M (15%)         338M (19%)            -                  -          
[52.189s][info][gc,heap     ] GC(23)   Garbage:         -               338M (19%)         170M (10%)          80M (5%)             -                  -          
[52.189s][info][gc,heap     ] GC(23) Reclaimed:         -                  -               168M (10%)         258M (15%)            -                  -          
[52.189s][info][gc          ] GC(23) Garbage Collection (Allocation Rate) 592M(34%)->598M(34%)
[52.466s][info][gc,start    ] GC(24) Garbage Collection (Allocation Rate)
[52.474s][info][gc,phases   ] GC(24) Pause Mark Start 2.949ms
[53.843s][info][gc,phases   ] GC(24) Concurrent Mark 1367.833ms
[53.845s][info][gc,phases   ] GC(24) Pause Mark End 0.221ms
[53.847s][info][gc,phases   ] GC(24) Concurrent Process Non-Strong References 1.557ms
[53.847s][info][gc,phases   ] GC(24) Concurrent Reset Relocation Set 0.579ms
[53.847s][info][gc,phases   ] GC(24) Concurrent Destroy Detached Pages 0.001ms
[53.849s][info][gc,phases   ] GC(24) Concurrent Select Relocation Set 1.510ms
[53.863s][info][gc,phases   ] GC(24) Concurrent Prepare Relocation Set 14.291ms
[53.868s][info][gc,phases   ] GC(24) Pause Relocate Start 2.292ms
[54.171s][info][gc,phases   ] GC(24) Concurrent Relocate 303.499ms
[54.172s][info][gc,load     ] GC(24) Load: 2.17/2.21/2.53
[54.172s][info][gc,mmu      ] GC(24) MMU: 2ms/0.0%, 5ms/0.0%, 10ms/12.6%, 20ms/46.4%, 50ms/78.5%, 100ms/87.1%
[54.172s][info][gc,marking  ] GC(24) Mark: 1 stripe(s), 2 proactive flush(es), 1 terminate flush(es), 0 completion(s), 0 continuation(s) 
[54.172s][info][gc,reloc    ] GC(24) Relocation: Successful, 69M relocated
[54.172s][info][gc,nmethod  ] GC(24) NMethods: 3117 registered, 0 unregistered
[54.172s][info][gc,metaspace] GC(24) Metaspace: 70M used, 74M capacity, 74M committed, 76M reserved
[54.172s][info][gc,ref      ] GC(24) Soft: 4676 encountered, 0 discovered, 0 enqueued
[54.172s][info][gc,ref      ] GC(24) Weak: 4618 encountered, 3562 discovered, 44 enqueued
[54.172s][info][gc,ref      ] GC(24) Final: 26 encountered, 0 discovered, 0 enqueued
[54.172s][info][gc,ref      ] GC(24) Phantom: 656 encountered, 652 discovered, 0 enqueued
[54.172s][info][gc,heap     ] GC(24)                Mark Start          Mark End        Relocate Start      Relocate End           High               Low         
[54.172s][info][gc,heap     ] GC(24)  Capacity:     1708M (98%)        1708M (98%)        1708M (98%)        1708M (98%)        1708M (98%)        1708M (98%)    
[54.172s][info][gc,heap     ] GC(24)   Reserve:       34M (2%)           34M (2%)           34M (2%)           34M (2%)           34M (2%)           34M (2%)     
[54.172s][info][gc,heap     ] GC(24)      Free:      990M (57%)         744M (43%)         788M (45%)        1114M (64%)        1146M (65%)         744M (43%)    
[54.172s][info][gc,heap     ] GC(24)      Used:      726M (41%)         972M (56%)         928M (53%)         602M (34%)         972M (56%)         570M (33%)    
[54.172s][info][gc,heap     ] GC(24)      Live:         -               270M (15%)         270M (15%)         270M (15%)            -                  -          
[54.172s][info][gc,heap     ] GC(24) Allocated:         -               246M (14%)         250M (14%)         328M (19%)            -                  -          
[54.172s][info][gc,heap     ] GC(24)   Garbage:         -               455M (26%)         407M (23%)          49M (3%)             -                  -          
[54.172s][info][gc,heap     ] GC(24) Reclaimed:         -                  -                48M (3%)          406M (23%)            -                  -          
[54.172s][info][gc          ] GC(24) Garbage Collection (Allocation Rate) 726M(41%)->602M(34%)
[55.664s][info][gc,start    ] GC(25) Garbage Collection (Allocation Rate)
[55.669s][info][gc,phases   ] GC(25) Pause Mark Start 2.653ms
[57.628s][info][gc,phases   ] GC(25) Concurrent Mark 1958.776ms
[57.636s][info][gc,phases   ] GC(25) Pause Mark End 0.236ms
[57.638s][info][gc,phases   ] GC(25) Concurrent Process Non-Strong References 1.635ms
[57.639s][info][gc,phases   ] GC(25) Concurrent Reset Relocation Set 0.853ms
[57.639s][info][gc,phases   ] GC(25) Concurrent Destroy Detached Pages 0.001ms
[57.641s][info][gc,phases   ] GC(25) Concurrent Select Relocation Set 1.512ms
[57.666s][info][gc,phases   ] GC(25) Concurrent Prepare Relocation Set 24.983ms
[57.679s][info][gc,phases   ] GC(25) Pause Relocate Start 2.255ms
[58.071s][info][gc,phases   ] GC(25) Concurrent Relocate 392.862ms
[58.072s][info][gc,load     ] GC(25) Load: 2.56/2.29/2.55
[58.072s][info][gc,mmu      ] GC(25) MMU: 2ms/0.0%, 5ms/0.0%, 10ms/12.6%, 20ms/46.4%, 50ms/78.5%, 100ms/87.1%
[58.072s][info][gc,marking  ] GC(25) Mark: 1 stripe(s), 2 proactive flush(es), 1 terminate flush(es), 0 completion(s), 0 continuation(s) 
[58.072s][info][gc,reloc    ] GC(25) Relocation: Successful, 61M relocated
[58.072s][info][gc,nmethod  ] GC(25) NMethods: 3157 registered, 0 unregistered
[58.072s][info][gc,metaspace] GC(25) Metaspace: 70M used, 74M capacity, 74M committed, 76M reserved
[58.072s][info][gc,ref      ] GC(25) Soft: 4677 encountered, 0 discovered, 0 enqueued
[58.072s][info][gc,ref      ] GC(25) Weak: 4545 encountered, 3492 discovered, 28 enqueued
[58.072s][info][gc,ref      ] GC(25) Final: 26 encountered, 0 discovered, 0 enqueued
[58.072s][info][gc,ref      ] GC(25) Phantom: 657 encountered, 653 discovered, 1 enqueued
[58.072s][info][gc,heap     ] GC(25)                Mark Start          Mark End        Relocate Start      Relocate End           High               Low         
[58.072s][info][gc,heap     ] GC(25)  Capacity:     1708M (98%)        1708M (98%)        1708M (98%)        1708M (98%)        1708M (98%)        1708M (98%)    
[58.072s][info][gc,heap     ] GC(25)   Reserve:       34M (2%)           34M (2%)           34M (2%)           34M (2%)           34M (2%)           34M (2%)     
[58.072s][info][gc,heap     ] GC(25)      Free:      930M (53%)         680M (39%)        1058M (60%)        1138M (65%)        1140M (65%)         680M (39%)    
[58.072s][info][gc,heap     ] GC(25)      Used:      786M (45%)        1036M (59%)         658M (38%)         578M (33%)        1036M (59%)         576M (33%)    
[58.072s][info][gc,heap     ] GC(25)      Live:         -               252M (14%)         252M (14%)         252M (14%)            -                  -          
[58.072s][info][gc,heap     ] GC(25) Allocated:         -               250M (14%)         252M (14%)         312M (18%)            -                  -          
[58.072s][info][gc,heap     ] GC(25)   Garbage:         -               533M (30%)         153M (9%)           61M (4%)             -                  -          
[58.072s][info][gc,heap     ] GC(25) Reclaimed:         -                  -               380M (22%)         472M (27%)            -                  -          
[58.072s][info][gc          ] GC(25) Garbage Collection (Allocation Rate) 786M(45%)->578M(33%)
[58.670s][info][gc,start    ] GC(26) Garbage Collection (Allocation Rate)
[58.676s][info][gc,phases   ] GC(26) Pause Mark Start 2.634ms
[60.065s][info][gc,stats    ] === Garbage Collection Statistics =======================================================================================================================
[60.065s][info][gc,stats    ]                                                              Last 10s              Last 10m              Last 10h                Total
[60.066s][info][gc,stats    ]                                                              Avg / Max             Avg / Max             Avg / Max             Avg / Max
[60.066s][info][gc,stats    ]   Collector: Garbage Collection Cycle                   1946.051 / 2407.739    935.297 / 3111.730    935.297 / 3111.730    935.297 / 3111.730    ms
[60.066s][info][gc,stats    ]  Contention: Mark Segment Reset Contention                     0 / 0                 0 / 0                 0 / 0                 0 / 0           ops/s
[60.066s][info][gc,stats    ]  Contention: Mark SeqNum Reset Contention                      0 / 0                 0 / 0                 0 / 0                 0 / 0           ops/s
[60.066s][info][gc,stats    ]  Contention: Relocation Contention                             0 / 2                 0 / 2                 0 / 2                 0 / 2           ops/s
[60.066s][info][gc,stats    ]    Critical: Allocation Stall                              0.000 / 0.000         0.000 / 0.000         0.000 / 0.000         0.000 / 0.000       ms
[60.066s][info][gc,stats    ]    Critical: Allocation Stall                                  0 / 0                 0 / 0                 0 / 0                 0 / 0           ops/s
[60.066s][info][gc,stats    ]    Critical: GC Locker Stall                               0.000 / 0.000         0.000 / 0.000         0.000 / 0.000         0.000 / 0.000       ms
[60.066s][info][gc,stats    ]    Critical: GC Locker Stall                                   0 / 0                 0 / 0                 0 / 0                 0 / 0           ops/s
[60.066s][info][gc,stats    ]      Memory: Allocation Rate                                 160 / 290             225 / 1130            225 / 1130            225 / 1130        MB/s
[60.066s][info][gc,stats    ]      Memory: Heap Used After Mark                            954 / 1036            803 / 1494            803 / 1494            803 / 1494        MB
[60.066s][info][gc,stats    ]      Memory: Heap Used After Relocation                      592 / 602             338 / 914             338 / 914             338 / 914         MB
[60.066s][info][gc,stats    ]      Memory: Heap Used Before Mark                           702 / 786             679 / 1464            679 / 1464            679 / 1464        MB
[60.066s][info][gc,stats    ]      Memory: Heap Used Before Relocation                     757 / 928             470 / 978             470 / 978             470 / 978         MB
[60.066s][info][gc,stats    ]      Memory: Out Of Memory                                     0 / 0                 0 / 0                 0 / 0                 0 / 0           ops/s
[60.066s][info][gc,stats    ]      Memory: Page Cache Flush                                  0 / 0                 0 / 0                 0 / 0                 0 / 0           MB/s
[60.066s][info][gc,stats    ]      Memory: Page Cache Hit L1                                76 / 127              98 / 566              98 / 566              98 / 566         ops/s
[60.066s][info][gc,stats    ]      Memory: Page Cache Hit L2                                 0 / 0                 0 / 0                 0 / 0                 0 / 0           ops/s
[60.066s][info][gc,stats    ]      Memory: Page Cache Miss                                   0 / 1                12 / 216              12 / 216              12 / 216         ops/s
[60.066s][info][gc,stats    ]      Memory: Undo Object Allocation Failed                     0 / 0                 0 / 0                 0 / 0                 0 / 0           ops/s
[60.066s][info][gc,stats    ]      Memory: Undo Object Allocation Succeeded                  0 / 2                 0 / 2                 0 / 2                 0 / 2           ops/s
[60.066s][info][gc,stats    ]      Memory: Undo Page Allocation                              0 / 0                 0 / 2                 0 / 2                 0 / 2           ops/s
[60.066s][info][gc,stats    ]       Phase: Concurrent Destroy Detached Pages             0.001 / 0.001         0.001 / 0.001         0.001 / 0.001         0.001 / 0.001       ms
[60.066s][info][gc,stats    ]       Phase: Concurrent Mark                            1539.311 / 1958.776    756.072 / 3094.271    756.072 / 3094.271    756.072 / 3094.271    ms
[60.066s][info][gc,stats    ]       Phase: Concurrent Mark Continue                      0.000 / 0.000         0.000 / 0.000         0.000 / 0.000         0.000 / 0.000       ms
[60.066s][info][gc,stats    ]       Phase: Concurrent Prepare Relocation Set            15.814 / 24.983        7.867 / 56.131        7.867 / 56.131        7.867 / 56.131      ms
[60.066s][info][gc,stats    ]       Phase: Concurrent Process Non-Strong References      1.573 / 1.635         2.056 / 8.250         2.056 / 8.250         2.056 / 8.250       ms
[60.066s][info][gc,stats    ]       Phase: Concurrent Relocate                         359.296 / 392.862     150.015 / 581.905     150.015 / 581.905     150.015 / 581.905     ms
[60.066s][info][gc,stats    ]       Phase: Concurrent Reset Relocation Set               0.631 / 0.853         0.299 / 1.407         0.299 / 1.407         0.299 / 1.407       ms
[60.066s][info][gc,stats    ]       Phase: Concurrent Select Relocation Set              1.550 / 1.629         2.739 / 18.220        2.739 / 18.220        2.739 / 18.220      ms
[60.066s][info][gc,stats    ]       Phase: Pause Mark End                                0.230 / 0.236         0.267 / 1.566         0.267 / 1.566         0.267 / 1.566       ms
[60.066s][info][gc,stats    ]       Phase: Pause Mark Start                              2.713 / 2.949         2.434 / 5.079         2.434 / 5.079         2.434 / 5.079       ms
[60.066s][info][gc,stats    ]       Phase: Pause Relocate Start                          2.470 / 2.863         2.401 / 7.586         2.401 / 7.586         2.401 / 7.586       ms
[60.066s][info][gc,stats    ]    Subphase: Concurrent Mark                            1539.283 / 1958.751    755.182 / 3094.254    755.182 / 3094.254    755.182 / 3094.254    ms
[60.066s][info][gc,stats    ]    Subphase: Concurrent Mark Idle                          0.000 / 0.000         0.000 / 0.000         0.000 / 0.000         0.000 / 0.000       ms
[60.066s][info][gc,stats    ]    Subphase: Concurrent Mark Try Flush                     2.248 / 11.675        2.532 / 26.466        2.532 / 26.466        2.532 / 26.466      ms
[60.066s][info][gc,stats    ]    Subphase: Concurrent Mark Try Terminate                 0.510 / 1.117         0.923 / 11.670        0.923 / 11.670        0.923 / 11.670      ms
[60.066s][info][gc,stats    ]    Subphase: Concurrent References Enqueue                 0.003 / 0.004         0.002 / 0.007         0.002 / 0.007         0.002 / 0.007       ms
[60.066s][info][gc,stats    ]    Subphase: Concurrent References Process                 0.780 / 0.841         0.949 / 4.858         0.949 / 4.858         0.949 / 4.858       ms
[60.066s][info][gc,stats    ]    Subphase: Concurrent Weak Roots                         0.779 / 0.803         0.829 / 1.336         0.829 / 1.336         0.829 / 1.336       ms
[60.066s][info][gc,stats    ]    Subphase: Concurrent Weak Roots JNIWeakHandles          0.000 / 0.000         0.000 / 0.001         0.000 / 0.001         0.000 / 0.001       ms
[60.066s][info][gc,stats    ]    Subphase: Concurrent Weak Roots StringTable             0.595 / 0.618         0.635 / 1.108         0.635 / 1.108         0.635 / 1.108       ms
[60.066s][info][gc,stats    ]    Subphase: Concurrent Weak Roots VMWeakHandles           0.183 / 0.185         0.192 / 0.299         0.192 / 0.299         0.192 / 0.299       ms
[60.066s][info][gc,stats    ]    Subphase: Pause Mark Try Complete                       0.000 / 0.000         0.000 / 0.000         0.000 / 0.000         0.000 / 0.000       ms
[60.066s][info][gc,stats    ]    Subphase: Pause Remap TLABS                             0.001 / 0.002         0.001 / 0.002         0.001 / 0.002         0.001 / 0.002       ms
[60.066s][info][gc,stats    ]    Subphase: Pause Retire TLABS                            0.015 / 0.017         0.012 / 0.022         0.012 / 0.022         0.012 / 0.022       ms
[60.066s][info][gc,stats    ]    Subphase: Pause Roots                                   1.629 / 2.544         1.414 / 4.625         1.414 / 4.625         1.414 / 4.625       ms
[60.066s][info][gc,stats    ]    Subphase: Pause Roots ClassLoaderDataGraph              0.654 / 0.753         0.680 / 1.646         0.680 / 1.646         0.680 / 1.646       ms
[60.066s][info][gc,stats    ]    Subphase: Pause Roots CodeCache                         1.329 / 1.740         0.992 / 1.883         0.992 / 1.883         0.992 / 1.883       ms
[60.066s][info][gc,stats    ]    Subphase: Pause Roots JNIHandles                        0.001 / 0.001         0.001 / 0.008         0.001 / 0.008         0.001 / 0.008       ms
[60.066s][info][gc,stats    ]    Subphase: Pause Roots JNIWeakHandles                    0.000 / 0.000         0.000 / 0.000         0.000 / 0.000         0.000 / 0.000       ms
[60.066s][info][gc,stats    ]    Subphase: Pause Roots JRFWeak                           0.000 / 0.000         0.000 / 0.000         0.000 / 0.000         0.000 / 0.000       ms
[60.066s][info][gc,stats    ]    Subphase: Pause Roots JVMTIExport                       0.000 / 0.001         0.001 / 0.001         0.001 / 0.001         0.001 / 0.001       ms
[60.066s][info][gc,stats    ]    Subphase: Pause Roots JVMTIWeakExport                   0.001 / 0.001         0.001 / 0.001         0.001 / 0.001         0.001 / 0.001       ms
[60.066s][info][gc,stats    ]    Subphase: Pause Roots Management                        0.001 / 0.002         0.001 / 0.005         0.001 / 0.005         0.001 / 0.005       ms
[60.066s][info][gc,stats    ]    Subphase: Pause Roots ObjectSynchronizer                0.000 / 0.000         0.000 / 0.001         0.000 / 0.001         0.000 / 0.001       ms
[60.066s][info][gc,stats    ]    Subphase: Pause Roots Setup                             0.204 / 0.347         0.163 / 0.400         0.163 / 0.400         0.163 / 0.400       ms
[60.066s][info][gc,stats    ]    Subphase: Pause Roots StringTable                       0.000 / 0.000         0.000 / 0.000         0.000 / 0.000         0.000 / 0.000       ms
[60.066s][info][gc,stats    ]    Subphase: Pause Roots SystemDictionary                  0.011 / 0.012         0.013 / 0.035         0.013 / 0.035         0.013 / 0.035       ms
[60.066s][info][gc,stats    ]    Subphase: Pause Roots Teardown                          0.001 / 0.002         0.001 / 0.003         0.001 / 0.003         0.001 / 0.003       ms
[60.066s][info][gc,stats    ]    Subphase: Pause Roots Threads                           0.227 / 0.248         0.272 / 1.904         0.272 / 1.904         0.272 / 1.904       ms
[60.066s][info][gc,stats    ]    Subphase: Pause Roots Universe                          0.002 / 0.003         0.010 / 0.382         0.010 / 0.382         0.010 / 0.382       ms
[60.066s][info][gc,stats    ]    Subphase: Pause Roots VMWeakHandles                     0.000 / 0.000         0.000 / 0.000         0.000 / 0.000         0.000 / 0.000       ms
[60.066s][info][gc,stats    ]    Subphase: Pause Weak Roots                              0.002 / 0.002         0.002 / 0.011         0.002 / 0.011         0.002 / 0.011       ms
[60.066s][info][gc,stats    ]    Subphase: Pause Weak Roots JFRWeak                      0.001 / 0.001         0.001 / 0.001         0.001 / 0.001         0.001 / 0.001       ms
[60.066s][info][gc,stats    ]    Subphase: Pause Weak Roots JNIWeakHandles               0.000 / 0.000         0.000 / 0.000         0.000 / 0.000         0.000 / 0.000       ms
[60.066s][info][gc,stats    ]    Subphase: Pause Weak Roots JVMTIWeakExport              0.001 / 0.001         0.001 / 0.008         0.001 / 0.008         0.001 / 0.008       ms
[60.066s][info][gc,stats    ]    Subphase: Pause Weak Roots Setup                        0.000 / 0.000         0.000 / 0.000         0.000 / 0.000         0.000 / 0.000       ms
[60.066s][info][gc,stats    ]    Subphase: Pause Weak Roots StringTable                  0.000 / 0.000         0.000 / 0.000         0.000 / 0.000         0.000 / 0.000       ms
[60.066s][info][gc,stats    ]    Subphase: Pause Weak Roots SymbolTable                  0.000 / 0.000         0.000 / 0.000         0.000 / 0.000         0.000 / 0.000       ms
[60.066s][info][gc,stats    ]    Subphase: Pause Weak Roots Teardown                     0.001 / 0.001         0.001 / 0.001         0.001 / 0.001         0.001 / 0.001       ms
[60.066s][info][gc,stats    ]    Subphase: Pause Weak Roots VMWeakHandles                0.000 / 0.000         0.000 / 0.000         0.000 / 0.000         0.000 / 0.000       ms
[60.066s][info][gc,stats    ]      System: Java Threads                                     61 / 63               49 / 63               49 / 63               49 / 63          threads
[60.066s][info][gc,stats    ] =========================================================================================================================================================
[61.132s][info][gc,phases   ] GC(26) Concurrent Mark 2456.386ms
[61.138s][info][gc,phases   ] GC(26) Pause Mark End 0.256ms
[61.139s][info][gc,phases   ] GC(26) Concurrent Process Non-Strong References 1.461ms
[61.140s][info][gc,phases   ] GC(26) Concurrent Reset Relocation Set 0.522ms
[61.140s][info][gc,phases   ] GC(26) Concurrent Destroy Detached Pages 0.000ms
[61.142s][info][gc,phases   ] GC(26) Concurrent Select Relocation Set 2.149ms
[61.185s][info][gc,phases   ] GC(26) Concurrent Prepare Relocation Set 42.405ms
[61.202s][info][gc,phases   ] GC(26) Pause Relocate Start 8.425ms
[61.681s][info][gc,phases   ] GC(26) Concurrent Relocate 471.359ms
[61.681s][info][gc,load     ] GC(26) Load: 2.56/2.29/2.55
[61.682s][info][gc,mmu      ] GC(26) MMU: 2ms/0.0%, 5ms/0.0%, 10ms/12.6%, 20ms/46.4%, 50ms/78.5%, 100ms/87.1%
[61.682s][info][gc,marking  ] GC(26) Mark: 1 stripe(s), 2 proactive flush(es), 1 terminate flush(es), 0 completion(s), 0 continuation(s) 
[61.682s][info][gc,reloc    ] GC(26) Relocation: Successful, 71M relocated
[61.682s][info][gc,nmethod  ] GC(26) NMethods: 3162 registered, 0 unregistered
[61.682s][info][gc,metaspace] GC(26) Metaspace: 70M used, 74M capacity, 74M committed, 76M reserved
[61.682s][info][gc,ref      ] GC(26) Soft: 4677 encountered, 0 discovered, 0 enqueued
[61.682s][info][gc,ref      ] GC(26) Weak: 4517 encountered, 3467 discovered, 3 enqueued
[61.682s][info][gc,ref      ] GC(26) Final: 26 encountered, 0 discovered, 0 enqueued
[61.682s][info][gc,ref      ] GC(26) Phantom: 656 encountered, 652 discovered, 0 enqueued
[61.682s][info][gc,heap     ] GC(26)                Mark Start          Mark End        Relocate Start      Relocate End           High               Low         
[61.682s][info][gc,heap     ] GC(26)  Capacity:     1708M (98%)        1708M (98%)        1708M (98%)        1708M (98%)        1708M (98%)        1708M (98%)    
[61.682s][info][gc,heap     ] GC(26)   Reserve:       34M (2%)           34M (2%)           34M (2%)           34M (2%)           34M (2%)           34M (2%)     
[61.682s][info][gc,heap     ] GC(26)      Free:     1010M (58%)         770M (44%)         822M (47%)        1120M (64%)        1120M (64%)         770M (44%)    
[61.682s][info][gc,heap     ] GC(26)      Used:      706M (40%)         946M (54%)         894M (51%)         596M (34%)         946M (54%)         596M (34%)    
[61.682s][info][gc,heap     ] GC(26)      Live:         -               268M (15%)         268M (15%)         268M (15%)            -                  -          
[61.682s][info][gc,heap     ] GC(26) Allocated:         -               240M (14%)         242M (14%)         316M (18%)            -                  -          
[61.682s][info][gc,heap     ] GC(26)   Garbage:         -               437M (25%)         383M (22%)          79M (5%)             -                  -          
[61.682s][info][gc,heap     ] GC(26) Reclaimed:         -                  -                54M (3%)          358M (20%)            -                  -          
[61.682s][info][gc          ] GC(26) Garbage Collection (Allocation Rate) 706M(40%)->596M(34%)
[63.869s][info][gc,start    ] GC(27) Garbage Collection (Allocation Rate)
[63.879s][info][gc,phases   ] GC(27) Pause Mark Start 2.735ms
[65.149s][info][gc,phases   ] GC(27) Concurrent Mark 1269.148ms
[65.151s][info][gc,phases   ] GC(27) Pause Mark End 0.230ms
[65.153s][info][gc,phases   ] GC(27) Concurrent Process Non-Strong References 1.522ms
[65.154s][info][gc,phases   ] GC(27) Concurrent Reset Relocation Set 0.835ms
[65.154s][info][gc,phases   ] GC(27) Concurrent Destroy Detached Pages 0.000ms
[65.155s][info][gc,phases   ] GC(27) Concurrent Select Relocation Set 1.561ms
[65.158s][info][gc,phases   ] GC(27) Concurrent Prepare Relocation Set 2.717ms
[65.161s][info][gc,phases   ] GC(27) Pause Relocate Start 2.406ms
[65.248s][info][gc,phases   ] GC(27) Concurrent Relocate 83.330ms
[65.248s][info][gc,load     ] GC(27) Load: 2.60/2.30/2.55
[65.248s][info][gc,mmu      ] GC(27) MMU: 2ms/0.0%, 5ms/0.0%, 10ms/12.6%, 20ms/46.4%, 50ms/78.5%, 100ms/87.1%
[65.248s][info][gc,marking  ] GC(27) Mark: 1 stripe(s), 2 proactive flush(es), 1 terminate flush(es), 0 completion(s), 0 continuation(s) 
[65.248s][info][gc,reloc    ] GC(27) Relocation: Successful, 34M relocated
[65.248s][info][gc,nmethod  ] GC(27) NMethods: 3208 registered, 0 unregistered
[65.248s][info][gc,metaspace] GC(27) Metaspace: 70M used, 74M capacity, 74M committed, 76M reserved
[65.248s][info][gc,ref      ] GC(27) Soft: 4687 encountered, 0 discovered, 0 enqueued
[65.248s][info][gc,ref      ] GC(27) Weak: 4717 encountered, 3664 discovered, 104 enqueued
[65.248s][info][gc,ref      ] GC(27) Final: 26 encountered, 0 discovered, 0 enqueued
[65.248s][info][gc,ref      ] GC(27) Phantom: 657 encountered, 653 discovered, 0 enqueued
[65.248s][info][gc,heap     ] GC(27)                Mark Start          Mark End        Relocate Start      Relocate End           High               Low         
[65.248s][info][gc,heap     ] GC(27)  Capacity:     1708M (98%)        1708M (98%)        1708M (98%)        1708M (98%)        1708M (98%)        1708M (98%)    
[65.248s][info][gc,heap     ] GC(27)   Reserve:       34M (2%)           34M (2%)           34M (2%)           34M (2%)           34M (2%)           34M (2%)     
[65.248s][info][gc,heap     ] GC(27)      Free:      984M (56%)         764M (44%)        1182M (68%)        1228M (70%)        1232M (70%)         764M (44%)    
[65.248s][info][gc,heap     ] GC(27)      Used:      732M (42%)         952M (54%)         534M (31%)         488M (28%)         952M (54%)         484M (28%)    
[65.248s][info][gc,heap     ] GC(27)      Live:         -               209M (12%)         209M (12%)         209M (12%)            -                  -          
[65.248s][info][gc,heap     ] GC(27) Allocated:         -               220M (13%)         220M (13%)         258M (15%)            -                  -          
[65.248s][info][gc,heap     ] GC(27)   Garbage:         -               522M (30%)         104M (6%)           56M (3%)             -                  -          
[65.248s][info][gc,heap     ] GC(27) Reclaimed:         -                  -               418M (24%)         466M (27%)            -                  -          
[65.248s][info][gc          ] GC(27) Garbage Collection (Allocation Rate) 732M(42%)->488M(28%)
[65.365s][info][gc,start    ] GC(28) Garbage Collection (Allocation Rate)
[65.369s][info][gc,phases   ] GC(28) Pause Mark Start 2.646ms
[66.915s][info][gc,phases   ] GC(28) Concurrent Mark 1545.868ms
[66.919s][info][gc,phases   ] GC(28) Pause Mark End 0.240ms
[66.920s][info][gc,phases   ] GC(28) Concurrent Process Non-Strong References 1.539ms
[66.921s][info][gc,phases   ] GC(28) Concurrent Reset Relocation Set 0.469ms
[66.921s][info][gc,phases   ] GC(28) Concurrent Destroy Detached Pages 0.001ms
[66.924s][info][gc,phases   ] GC(28) Concurrent Select Relocation Set 2.487ms
[66.940s][info][gc,phases   ] GC(28) Concurrent Prepare Relocation Set 16.528ms
[66.945s][info][gc,phases   ] GC(28) Pause Relocate Start 2.370ms
[67.334s][info][gc,phases   ] GC(28) Concurrent Relocate 388.883ms
[67.334s][info][gc,load     ] GC(28) Load: 2.60/2.30/2.55
[67.334s][info][gc,mmu      ] GC(28) MMU: 2ms/0.0%, 5ms/0.0%, 10ms/12.6%, 20ms/46.4%, 50ms/78.5%, 100ms/87.1%
[67.334s][info][gc,marking  ] GC(28) Mark: 1 stripe(s), 2 proactive flush(es), 1 terminate flush(es), 0 completion(s), 0 continuation(s) 
[67.334s][info][gc,reloc    ] GC(28) Relocation: Successful, 68M relocated
[67.334s][info][gc,nmethod  ] GC(28) NMethods: 3210 registered, 0 unregistered
[67.334s][info][gc,metaspace] GC(28) Metaspace: 70M used, 74M capacity, 74M committed, 76M reserved
[67.334s][info][gc,ref      ] GC(28) Soft: 4688 encountered, 0 discovered, 0 enqueued
[67.334s][info][gc,ref      ] GC(28) Weak: 4614 encountered, 3565 discovered, 0 enqueued
[67.334s][info][gc,ref      ] GC(28) Final: 26 encountered, 0 discovered, 0 enqueued
[67.334s][info][gc,ref      ] GC(28) Phantom: 656 encountered, 652 discovered, 0 enqueued
[67.334s][info][gc,heap     ] GC(28)                Mark Start          Mark End        Relocate Start      Relocate End           High               Low         
[67.334s][info][gc,heap     ] GC(28)  Capacity:     1708M (98%)        1708M (98%)        1708M (98%)        1708M (98%)        1708M (98%)        1708M (98%)    
[67.334s][info][gc,heap     ] GC(28)   Reserve:       34M (2%)           34M (2%)           34M (2%)           34M (2%)           34M (2%)           34M (2%)     
[67.334s][info][gc,heap     ] GC(28)      Free:     1180M (67%)         954M (55%)        1000M (57%)        1158M (66%)        1180M (67%)         954M (55%)    
[67.334s][info][gc,heap     ] GC(28)      Used:      536M (31%)         762M (44%)         716M (41%)         558M (32%)         762M (44%)         536M (31%)    
[67.334s][info][gc,heap     ] GC(28)      Live:         -               252M (14%)         252M (14%)         252M (14%)            -                  -          
[67.334s][info][gc,heap     ] GC(28) Allocated:         -               226M (13%)         228M (13%)         298M (17%)            -                  -          
[67.334s][info][gc,heap     ] GC(28)   Garbage:         -               283M (16%)         235M (13%)          65M (4%)             -                  -          
[67.334s][info][gc,heap     ] GC(28) Reclaimed:         -                  -                48M (3%)          218M (12%)            -                  -          
[67.334s][info][gc          ] GC(28) Garbage Collection (Allocation Rate) 536M(31%)->558M(32%)
[67.664s][info][gc,start    ] GC(29) Garbage Collection (Allocation Rate)
[67.674s][info][gc,phases   ] GC(29) Pause Mark Start 2.723ms
[70.064s][info][gc,stats    ] === Garbage Collection Statistics =======================================================================================================================
[70.066s][info][gc,stats    ]                                                              Last 10s              Last 10m              Last 10h                Total
[70.067s][info][gc,stats    ]                                                              Avg / Max             Avg / Max             Avg / Max             Avg / Max
[70.067s][info][gc,stats    ]   Collector: Garbage Collection Cycle                   2119.812 / 3011.129   1057.833 / 3111.730   1057.833 / 3111.730   1057.833 / 3111.730    ms
[70.067s][info][gc,stats    ]  Contention: Mark Segment Reset Contention                     0 / 0                 0 / 0                 0 / 0                 0 / 0           ops/s
[70.067s][info][gc,stats    ]  Contention: Mark SeqNum Reset Contention                      0 / 0                 0 / 0                 0 / 0                 0 / 0           ops/s
[70.067s][info][gc,stats    ]  Contention: Relocation Contention                             0 / 1                 0 / 2                 0 / 2                 0 / 2           ops/s
[70.067s][info][gc,stats    ]    Critical: Allocation Stall                              0.000 / 0.000         0.000 / 0.000         0.000 / 0.000         0.000 / 0.000       ms
[70.067s][info][gc,stats    ]    Critical: Allocation Stall                                  0 / 0                 0 / 0                 0 / 0                 0 / 0           ops/s
[70.067s][info][gc,stats    ]    Critical: GC Locker Stall                               0.000 / 0.000         0.000 / 0.000         0.000 / 0.000         0.000 / 0.000       ms
[70.067s][info][gc,stats    ]    Critical: GC Locker Stall                                   0 / 0                 0 / 0                 0 / 0                 0 / 0           ops/s
[70.067s][info][gc,stats    ]      Memory: Allocation Rate                                 112 / 192             209 / 1130            209 / 1130            209 / 1130        MB/s
[70.067s][info][gc,stats    ]      Memory: Heap Used After Mark                            886 / 952             811 / 1494            811 / 1494            811 / 1494        MB
[70.067s][info][gc,stats    ]      Memory: Heap Used After Relocation                      547 / 596             359 / 914             359 / 914             359 / 914         MB
[70.067s][info][gc,stats    ]      Memory: Heap Used Before Mark                           644 / 732             676 / 1464            676 / 1464            676 / 1464        MB
[70.067s][info][gc,stats    ]      Memory: Heap Used Before Relocation                     714 / 894             495 / 978             495 / 978             495 / 978         MB
[70.067s][info][gc,stats    ]      Memory: Out Of Memory                                     0 / 0                 0 / 0                 0 / 0                 0 / 0           ops/s
[70.067s][info][gc,stats    ]      Memory: Page Cache Flush                                  0 / 0                 0 / 0                 0 / 0                 0 / 0           MB/s
[70.067s][info][gc,stats    ]      Memory: Page Cache Hit L1                                52 / 97               92 / 566              92 / 566              92 / 566         ops/s
[70.067s][info][gc,stats    ]      Memory: Page Cache Hit L2                                 0 / 0                 0 / 0                 0 / 0                 0 / 0           ops/s
[70.067s][info][gc,stats    ]      Memory: Page Cache Miss                                   0 / 0                10 / 216              10 / 216              10 / 216         ops/s
[70.067s][info][gc,stats    ]      Memory: Undo Object Allocation Failed                     0 / 0                 0 / 0                 0 / 0                 0 / 0           ops/s
[70.067s][info][gc,stats    ]      Memory: Undo Object Allocation Succeeded                  0 / 1                 0 / 2                 0 / 2                 0 / 2           ops/s
[70.067s][info][gc,stats    ]      Memory: Undo Page Allocation                              0 / 0                 0 / 2                 0 / 2                 0 / 2           ops/s
[70.067s][info][gc,stats    ]       Phase: Concurrent Destroy Detached Pages             0.001 / 0.001         0.001 / 0.001         0.001 / 0.001         0.001 / 0.001       ms
[70.067s][info][gc,stats    ]       Phase: Concurrent Mark                            1757.134 / 2456.386    859.630 / 3094.271    859.630 / 3094.271    859.630 / 3094.271    ms
[70.067s][info][gc,stats    ]       Phase: Concurrent Mark Continue                      0.000 / 0.000         0.000 / 0.000         0.000 / 0.000         0.000 / 0.000       ms
[70.067s][info][gc,stats    ]       Phase: Concurrent Prepare Relocation Set            20.550 / 42.405        9.179 / 56.131        9.179 / 56.131        9.179 / 56.131      ms
[70.067s][info][gc,stats    ]       Phase: Concurrent Process Non-Strong References      1.507 / 1.539         1.999 / 8.250         1.999 / 8.250         1.999 / 8.250       ms
[70.067s][info][gc,stats    ]       Phase: Concurrent Relocate                         314.524 / 471.359     167.033 / 581.905     167.033 / 581.905     167.033 / 581.905     ms
[70.067s][info][gc,stats    ]       Phase: Concurrent Reset Relocation Set               0.609 / 0.835         0.331 / 1.407         0.331 / 1.407         0.331 / 1.407       ms
[70.067s][info][gc,stats    ]       Phase: Concurrent Select Relocation Set              2.066 / 2.487         2.670 / 18.220        2.670 / 18.220        2.670 / 18.220      ms
[70.068s][info][gc,stats    ]       Phase: Pause Mark End                                0.242 / 0.256         0.264 / 1.566         0.264 / 1.566         0.264 / 1.566       ms
[70.068s][info][gc,stats    ]       Phase: Pause Mark Start                              2.701 / 2.735         2.461 / 5.079         2.461 / 5.079         2.461 / 5.079       ms
[70.068s][info][gc,stats    ]       Phase: Pause Relocate Start                          4.400 / 8.425         2.608 / 8.425         2.608 / 8.425         2.608 / 8.425       ms
[70.068s][info][gc,stats    ]    Subphase: Concurrent Mark                            1757.105 / 2456.351    858.829 / 3094.254    858.829 / 3094.254    858.829 / 3094.254    ms
[70.068s][info][gc,stats    ]    Subphase: Concurrent Mark Idle                          0.000 / 0.000         0.000 / 0.000         0.000 / 0.000         0.000 / 0.000       ms
[70.068s][info][gc,stats    ]    Subphase: Concurrent Mark Try Flush                     2.410 / 11.472        2.520 / 26.466        2.520 / 26.466        2.520 / 26.466      ms
[70.068s][info][gc,stats    ]    Subphase: Concurrent Mark Try Terminate                 0.356 / 0.971         0.866 / 11.670        0.866 / 11.670        0.866 / 11.670      ms
[70.068s][info][gc,stats    ]    Subphase: Concurrent References Enqueue                 0.002 / 0.003         0.002 / 0.007         0.002 / 0.007         0.002 / 0.007       ms
[70.068s][info][gc,stats    ]    Subphase: Concurrent References Process                 0.734 / 0.762         0.927 / 4.858         0.927 / 4.858         0.927 / 4.858       ms
[70.068s][info][gc,stats    ]    Subphase: Concurrent Weak Roots                         0.760 / 0.767         0.821 / 1.336         0.821 / 1.336         0.821 / 1.336       ms
[70.068s][info][gc,stats    ]    Subphase: Concurrent Weak Roots JNIWeakHandles          0.000 / 0.000         0.000 / 0.001         0.000 / 0.001         0.000 / 0.001       ms
[70.068s][info][gc,stats    ]    Subphase: Concurrent Weak Roots StringTable             0.572 / 0.579         0.628 / 1.108         0.628 / 1.108         0.628 / 1.108       ms
[70.068s][info][gc,stats    ]    Subphase: Concurrent Weak Roots VMWeakHandles           0.187 / 0.189         0.192 / 0.299         0.192 / 0.299         0.192 / 0.299       ms
[70.068s][info][gc,stats    ]    Subphase: Pause Mark Try Complete                       0.000 / 0.000         0.000 / 0.000         0.000 / 0.000         0.000 / 0.000       ms
[70.068s][info][gc,stats    ]    Subphase: Pause Remap TLABS                             0.001 / 0.002         0.001 / 0.002         0.001 / 0.002         0.001 / 0.002       ms
[70.068s][info][gc,stats    ]    Subphase: Pause Retire TLABS                            0.013 / 0.016         0.013 / 0.022         0.013 / 0.022         0.013 / 0.022       ms
[70.068s][info][gc,stats    ]    Subphase: Pause Roots                                   1.616 / 2.812         1.435 / 4.625         1.435 / 4.625         1.435 / 4.625       ms
[70.068s][info][gc,stats    ]    Subphase: Pause Roots ClassLoaderDataGraph              0.707 / 0.872         0.683 / 1.646         0.683 / 1.646         0.683 / 1.646       ms
[70.068s][info][gc,stats    ]    Subphase: Pause Roots CodeCache                         1.309 / 1.508         1.025 / 1.883         1.025 / 1.883         1.025 / 1.883       ms
[70.068s][info][gc,stats    ]    Subphase: Pause Roots JNIHandles                        0.001 / 0.001         0.001 / 0.008         0.001 / 0.008         0.001 / 0.008       ms
[70.068s][info][gc,stats    ]    Subphase: Pause Roots JNIWeakHandles                    0.000 / 0.000         0.000 / 0.000         0.000 / 0.000         0.000 / 0.000       ms
[70.068s][info][gc,stats    ]    Subphase: Pause Roots JRFWeak                           0.000 / 0.000         0.000 / 0.000         0.000 / 0.000         0.000 / 0.000       ms
[70.068s][info][gc,stats    ]    Subphase: Pause Roots JVMTIExport                       0.001 / 0.001         0.001 / 0.001         0.001 / 0.001         0.001 / 0.001       ms
[70.068s][info][gc,stats    ]    Subphase: Pause Roots JVMTIWeakExport                   0.001 / 0.001         0.001 / 0.001         0.001 / 0.001         0.001 / 0.001       ms
[70.068s][info][gc,stats    ]    Subphase: Pause Roots Management                        0.001 / 0.002         0.001 / 0.005         0.001 / 0.005         0.001 / 0.005       ms
[70.068s][info][gc,stats    ]    Subphase: Pause Roots ObjectSynchronizer                0.000 / 0.000         0.000 / 0.001         0.000 / 0.001         0.000 / 0.001       ms
[70.068s][info][gc,stats    ]    Subphase: Pause Roots Setup                             0.206 / 0.378         0.167 / 0.400         0.167 / 0.400         0.167 / 0.400       ms
[70.068s][info][gc,stats    ]    Subphase: Pause Roots StringTable                       0.000 / 0.000         0.000 / 0.000         0.000 / 0.000         0.000 / 0.000       ms
[70.068s][info][gc,stats    ]    Subphase: Pause Roots SystemDictionary                  0.011 / 0.015         0.013 / 0.035         0.013 / 0.035         0.013 / 0.035       ms
[70.068s][info][gc,stats    ]    Subphase: Pause Roots Teardown                          0.001 / 0.004         0.001 / 0.004         0.001 / 0.004         0.001 / 0.004       ms
[70.068s][info][gc,stats    ]    Subphase: Pause Roots Threads                           0.258 / 0.401         0.270 / 1.904         0.270 / 1.904         0.270 / 1.904       ms
[70.068s][info][gc,stats    ]    Subphase: Pause Roots Universe                          0.002 / 0.003         0.009 / 0.382         0.009 / 0.382         0.009 / 0.382       ms
[70.068s][info][gc,stats    ]    Subphase: Pause Roots VMWeakHandles                     0.000 / 0.000         0.000 / 0.000         0.000 / 0.000         0.000 / 0.000       ms
[70.068s][info][gc,stats    ]    Subphase: Pause Weak Roots                              0.002 / 0.002         0.002 / 0.011         0.002 / 0.011         0.002 / 0.011       ms
[70.068s][info][gc,stats    ]    Subphase: Pause Weak Roots JFRWeak                      0.001 / 0.001         0.001 / 0.001         0.001 / 0.001         0.001 / 0.001       ms
[70.068s][info][gc,stats    ]    Subphase: Pause Weak Roots JNIWeakHandles               0.000 / 0.000         0.000 / 0.000         0.000 / 0.000         0.000 / 0.000       ms
[70.068s][info][gc,stats    ]    Subphase: Pause Weak Roots JVMTIWeakExport              0.001 / 0.001         0.001 / 0.008         0.001 / 0.008         0.001 / 0.008       ms
[70.068s][info][gc,stats    ]    Subphase: Pause Weak Roots Setup                        0.000 / 0.000         0.000 / 0.000         0.000 / 0.000         0.000 / 0.000       ms
[70.068s][info][gc,stats    ]    Subphase: Pause Weak Roots StringTable                  0.000 / 0.000         0.000 / 0.000         0.000 / 0.000         0.000 / 0.000       ms
[70.068s][info][gc,stats    ]    Subphase: Pause Weak Roots SymbolTable                  0.000 / 0.000         0.000 / 0.000         0.000 / 0.000         0.000 / 0.000       ms
[70.068s][info][gc,stats    ]    Subphase: Pause Weak Roots Teardown                     0.001 / 0.001         0.001 / 0.001         0.001 / 0.001         0.001 / 0.001       ms
[70.068s][info][gc,stats    ]    Subphase: Pause Weak Roots VMWeakHandles                0.000 / 0.000         0.000 / 0.000         0.000 / 0.000         0.000 / 0.000       ms
[70.068s][info][gc,stats    ]      System: Java Threads                                     63 / 63               51 / 63               51 / 63               51 / 63          threads
[70.068s][info][gc,stats    ] =========================================================================================================================================================
[70.295s][info][gc,phases   ] GC(29) Concurrent Mark 2620.791ms
[70.297s][info][gc,phases   ] GC(29) Pause Mark End 0.274ms
[70.299s][info][gc,phases   ] GC(29) Concurrent Process Non-Strong References 1.836ms
[70.300s][info][gc,phases   ] GC(29) Concurrent Reset Relocation Set 1.062ms
[70.300s][info][gc,phases   ] GC(29) Concurrent Destroy Detached Pages 0.001ms
[70.302s][info][gc,phases   ] GC(29) Concurrent Select Relocation Set 2.138ms
[70.313s][info][gc,phases   ] GC(29) Concurrent Prepare Relocation Set 10.205ms
[70.318s][info][gc,phases   ] GC(29) Pause Relocate Start 2.973ms
[70.531s][info][gc,phases   ] GC(29) Concurrent Relocate 208.454ms
[70.531s][info][gc,load     ] GC(29) Load: 2.87/2.37/2.57
[70.531s][info][gc,mmu      ] GC(29) MMU: 2ms/0.0%, 5ms/0.0%, 10ms/12.6%, 20ms/46.4%, 50ms/78.5%, 100ms/87.1%
[70.531s][info][gc,marking  ] GC(29) Mark: 1 stripe(s), 2 proactive flush(es), 1 terminate flush(es), 0 completion(s), 0 continuation(s) 
[70.531s][info][gc,reloc    ] GC(29) Relocation: Successful, 53M relocated
[70.531s][info][gc,nmethod  ] GC(29) NMethods: 3224 registered, 0 unregistered
[70.531s][info][gc,metaspace] GC(29) Metaspace: 70M used, 74M capacity, 74M committed, 76M reserved
[70.531s][info][gc,ref      ] GC(29) Soft: 4688 encountered, 0 discovered, 0 enqueued
[70.531s][info][gc,ref      ] GC(29) Weak: 4614 encountered, 3586 discovered, 0 enqueued
[70.531s][info][gc,ref      ] GC(29) Final: 26 encountered, 0 discovered, 0 enqueued
[70.531s][info][gc,ref      ] GC(29) Phantom: 656 encountered, 652 discovered, 0 enqueued
[70.531s][info][gc,heap     ] GC(29)                Mark Start          Mark End        Relocate Start      Relocate End           High               Low         
[70.531s][info][gc,heap     ] GC(29)  Capacity:     1708M (98%)        1708M (98%)        1708M (98%)        1708M (98%)        1708M (98%)        1708M (98%)    
[70.531s][info][gc,heap     ] GC(29)   Reserve:       34M (2%)           34M (2%)           34M (2%)           34M (2%)           34M (2%)           34M (2%)     
[70.531s][info][gc,heap     ] GC(29)      Free:     1050M (60%)         870M (50%)         876M (50%)        1220M (70%)        1220M (70%)         870M (50%)    
[70.531s][info][gc,heap     ] GC(29)      Used:      666M (38%)         846M (48%)         840M (48%)         496M (28%)         846M (48%)         496M (28%)    
[70.531s][info][gc,heap     ] GC(29)      Live:         -               274M (16%)         274M (16%)         274M (16%)            -                  -          
[70.531s][info][gc,heap     ] GC(29) Allocated:         -               180M (10%)         180M (10%)         204M (12%)            -                  -          
[70.531s][info][gc,heap     ] GC(29)   Garbage:         -               391M (22%)         385M (22%)          41M (2%)             -                  -          
[70.531s][info][gc,heap     ] GC(29) Reclaimed:         -                  -                 6M (0%)          350M (20%)            -                  -          
[70.531s][info][gc          ] GC(29) Garbage Collection (Allocation Rate) 666M(38%)->496M(28%)
[71.664s][info][gc,start    ] GC(30) Garbage Collection (Allocation Rate)
[71.671s][info][gc,phases   ] GC(30) Pause Mark Start 2.882ms
[72.821s][info][gc,phases   ] GC(30) Concurrent Mark 1145.057ms
[72.826s][info][gc,phases   ] GC(30) Pause Mark End 0.244ms
[72.831s][info][gc,phases   ] GC(30) Concurrent Process Non-Strong References 3.982ms
[72.833s][info][gc,phases   ] GC(30) Concurrent Reset Relocation Set 0.930ms
[72.833s][info][gc,phases   ] GC(30) Concurrent Destroy Detached Pages 0.000ms
[72.835s][info][gc,phases   ] GC(30) Concurrent Select Relocation Set 2.570ms
[72.835s][info][gc,phases   ] GC(30) Concurrent Prepare Relocation Set 0.052ms
[72.847s][info][gc,phases   ] GC(30) Pause Relocate Start 2.423ms
[72.858s][info][gc,phases   ] GC(30) Concurrent Relocate 10.187ms
[72.858s][info][gc,load     ] GC(30) Load: 2.72/2.34/2.56
[72.858s][info][gc,mmu      ] GC(30) MMU: 2ms/0.0%, 5ms/0.0%, 10ms/12.6%, 20ms/46.4%, 50ms/78.5%, 100ms/87.1%
[72.858s][info][gc,marking  ] GC(30) Mark: 1 stripe(s), 2 proactive flush(es), 1 terminate flush(es), 0 completion(s), 0 continuation(s) 
[72.858s][info][gc,reloc    ] GC(30) Relocation: Successful, 21M relocated
[72.858s][info][gc,nmethod  ] GC(30) NMethods: 3306 registered, 0 unregistered
[72.858s][info][gc,metaspace] GC(30) Metaspace: 70M used, 74M capacity, 74M committed, 76M reserved
[72.858s][info][gc,ref      ] GC(30) Soft: 4700 encountered, 0 discovered, 0 enqueued
[72.858s][info][gc,ref      ] GC(30) Weak: 4810 encountered, 3698 discovered, 18 enqueued
[72.858s][info][gc,ref      ] GC(30) Final: 26 encountered, 0 discovered, 0 enqueued
[72.858s][info][gc,ref      ] GC(30) Phantom: 662 encountered, 658 discovered, 5 enqueued
[72.858s][info][gc,heap     ] GC(30)                Mark Start          Mark End        Relocate Start      Relocate End           High               Low         
[72.858s][info][gc,heap     ] GC(30)  Capacity:     1708M (98%)        1708M (98%)        1708M (98%)        1708M (98%)        1708M (98%)        1708M (98%)    
[72.858s][info][gc,heap     ] GC(30)   Reserve:       34M (2%)           34M (2%)           34M (2%)           34M (2%)           34M (2%)           34M (2%)     
[72.858s][info][gc,heap     ] GC(30)      Free:     1092M (62%)         948M (54%)        1298M (74%)        1342M (77%)        1342M (77%)         946M (54%)    
[72.858s][info][gc,heap     ] GC(30)      Used:      624M (36%)         768M (44%)         418M (24%)         374M (21%)         770M (44%)         374M (21%)    
[72.858s][info][gc,heap     ] GC(30)      Live:         -               190M (11%)         190M (11%)         190M (11%)            -                  -          
[72.858s][info][gc,heap     ] GC(30) Allocated:         -               144M (8%)          148M (8%)          150M (9%)             -                  -          
[72.858s][info][gc,heap     ] GC(30)   Garbage:         -               433M (25%)          79M (5%)           35M (2%)             -                  -          
[72.858s][info][gc,heap     ] GC(30) Reclaimed:         -                  -               354M (20%)         398M (23%)            -                  -          
[72.858s][info][gc          ] GC(30) Garbage Collection (Allocation Rate) 624M(36%)->374M(21%)
[73.564s][info][gc,start    ] GC(31) Garbage Collection (Allocation Rate)
[73.571s][info][gc,phases   ] GC(31) Pause Mark Start 3.044ms
[74.839s][info][gc,phases   ] GC(31) Concurrent Mark 1268.719ms
[74.843s][info][gc,phases   ] GC(31) Pause Mark End 0.392ms
[74.849s][info][gc,phases   ] GC(31) Concurrent Process Non-Strong References 5.385ms
[74.854s][info][gc,phases   ] GC(31) Concurrent Reset Relocation Set 0.015ms
[74.854s][info][gc,phases   ] GC(31) Concurrent Destroy Detached Pages 0.001ms
[74.857s][info][gc,phases   ] GC(31) Concurrent Select Relocation Set 3.043ms
[74.876s][info][gc,phases   ] GC(31) Concurrent Prepare Relocation Set 18.816ms
[74.885s][info][gc,phases   ] GC(31) Pause Relocate Start 2.759ms
[74.990s][info][gc,phases   ] GC(31) Concurrent Relocate 101.705ms
[74.990s][info][gc,load     ] GC(31) Load: 2.72/2.34/2.56
[74.990s][info][gc,mmu      ] GC(31) MMU: 2ms/0.0%, 5ms/0.0%, 10ms/12.6%, 20ms/46.4%, 50ms/78.5%, 100ms/87.1%
[74.990s][info][gc,marking  ] GC(31) Mark: 1 stripe(s), 2 proactive flush(es), 1 terminate flush(es), 0 completion(s), 0 continuation(s) 
[74.990s][info][gc,reloc    ] GC(31) Relocation: Successful, 26M relocated
[74.990s][info][gc,nmethod  ] GC(31) NMethods: 3418 registered, 0 unregistered
[74.990s][info][gc,metaspace] GC(31) Metaspace: 71M used, 75M capacity, 75M committed, 76M reserved
[74.990s][info][gc,ref      ] GC(31) Soft: 4807 encountered, 0 discovered, 0 enqueued
[74.990s][info][gc,ref      ] GC(31) Weak: 5025 encountered, 4025 discovered, 261 enqueued
[74.990s][info][gc,ref      ] GC(31) Final: 26 encountered, 0 discovered, 0 enqueued
[74.990s][info][gc,ref      ] GC(31) Phantom: 699 encountered, 504 discovered, 42 enqueued
[74.990s][info][gc,heap     ] GC(31)                Mark Start          Mark End        Relocate Start      Relocate End           High               Low         
[74.990s][info][gc,heap     ] GC(31)  Capacity:     1708M (98%)        1708M (98%)        1708M (98%)        1708M (98%)        1708M (98%)        1708M (98%)    
[74.990s][info][gc,heap     ] GC(31)   Reserve:       34M (2%)           34M (2%)           34M (2%)           34M (2%)           34M (2%)           34M (2%)     
[74.990s][info][gc,heap     ] GC(31)      Free:     1222M (70%)        1082M (62%)        1266M (72%)        1372M (78%)        1372M (78%)        1082M (62%)    
[74.990s][info][gc,heap     ] GC(31)      Used:      494M (28%)         634M (36%)         450M (26%)         344M (20%)         634M (36%)         344M (20%)    
[74.990s][info][gc,heap     ] GC(31)      Live:         -               194M (11%)         194M (11%)         194M (11%)            -                  -          
[74.990s][info][gc,heap     ] GC(31) Allocated:         -               140M (8%)          144M (8%)          156M (9%)             -                  -          
[74.990s][info][gc,heap     ] GC(31)   Garbage:         -               299M (17%)         111M (6%)            1M (0%)             -                  -          
[74.990s][info][gc,heap     ] GC(31) Reclaimed:         -                  -               188M (11%)         298M (17%)            -                  -          
[74.990s][info][gc          ] GC(31) Garbage Collection (Allocation Rate) 494M(28%)->344M(20%)
[75.764s][info][gc,start    ] GC(32) Garbage Collection (Allocation Rate)
[75.771s][info][gc,phases   ] GC(32) Pause Mark Start 4.455ms
[77.521s][info][gc,phases   ] GC(32) Concurrent Mark 1749.818ms
[77.526s][info][gc,phases   ] GC(32) Pause Mark End 0.315ms
[77.532s][info][gc,phases   ] GC(32) Concurrent Process Non-Strong References 5.668ms
[77.532s][info][gc,phases   ] GC(32) Concurrent Reset Relocation Set 0.013ms
[77.532s][info][gc,phases   ] GC(32) Concurrent Destroy Detached Pages 0.001ms
[77.534s][info][gc,phases   ] GC(32) Concurrent Select Relocation Set 1.726ms
[77.539s][info][gc,phases   ] GC(32) Concurrent Prepare Relocation Set 5.104ms
[77.545s][info][gc,phases   ] GC(32) Pause Relocate Start 2.456ms
[77.692s][info][gc,phases   ] GC(32) Concurrent Relocate 146.602ms
[77.692s][info][gc,load     ] GC(32) Load: 2.72/2.34/2.56
[77.692s][info][gc,mmu      ] GC(32) MMU: 2ms/0.0%, 5ms/0.0%, 10ms/12.6%, 20ms/46.4%, 50ms/78.5%, 100ms/87.1%
[77.692s][info][gc,marking  ] GC(32) Mark: 1 stripe(s), 2 proactive flush(es), 1 terminate flush(es), 0 completion(s), 0 continuation(s) 
[77.692s][info][gc,reloc    ] GC(32) Relocation: Successful, 28M relocated
[77.692s][info][gc,nmethod  ] GC(32) NMethods: 3510 registered, 0 unregistered
[77.692s][info][gc,metaspace] GC(32) Metaspace: 71M used, 75M capacity, 75M committed, 76M reserved
[77.692s][info][gc,ref      ] GC(32) Soft: 4811 encountered, 0 discovered, 0 enqueued
[77.692s][info][gc,ref      ] GC(32) Weak: 4723 encountered, 3752 discovered, 1 enqueued
[77.692s][info][gc,ref      ] GC(32) Final: 26 encountered, 0 discovered, 0 enqueued
[77.692s][info][gc,ref      ] GC(32) Phantom: 660 encountered, 656 discovered, 3 enqueued
[77.692s][info][gc,heap     ] GC(32)                Mark Start          Mark End        Relocate Start      Relocate End           High               Low         
[77.692s][info][gc,heap     ] GC(32)  Capacity:     1708M (98%)        1714M (98%)        1714M (98%)        1714M (98%)        1714M (98%)        1708M (98%)    
[77.692s][info][gc,heap     ] GC(32)   Reserve:       34M (2%)           34M (2%)           34M (2%)           34M (2%)           34M (2%)           34M (2%)     
[77.692s][info][gc,heap     ] GC(32)      Free:     1214M (69%)        1054M (60%)        1244M (71%)        1306M (75%)        1306M (75%)        1054M (60%)    
[77.692s][info][gc,heap     ] GC(32)      Used:      502M (29%)         662M (38%)         472M (27%)         410M (23%)         662M (38%)         410M (23%)    
[77.692s][info][gc,heap     ] GC(32)      Live:         -               209M (12%)         209M (12%)         209M (12%)            -                  -          
[77.692s][info][gc,heap     ] GC(32) Allocated:         -               160M (9%)          160M (9%)          182M (10%)            -                  -          
[77.692s][info][gc,heap     ] GC(32)   Garbage:         -               292M (17%)         102M (6%)           32M (2%)             -                  -          
[77.692s][info][gc,heap     ] GC(32) Reclaimed:         -                  -               190M (11%)         260M (15%)            -                  -          
[77.692s][info][gc          ] GC(32) Garbage Collection (Allocation Rate) 502M(29%)->410M(23%)
[80.064s][info][gc,stats    ] === Garbage Collection Statistics =======================================================================================================================
[80.065s][info][gc,stats    ]                                                              Last 10s              Last 10m              Last 10h                Total
[80.065s][info][gc,stats    ]                                                              Avg / Max             Avg / Max             Avg / Max             Avg / Max
[80.065s][info][gc,stats    ]   Collector: Garbage Collection Cycle                   1853.475 / 2867.045   1154.274 / 3111.730   1154.274 / 3111.730   1154.274 / 3111.730    ms
[80.065s][info][gc,stats    ]  Contention: Mark Segment Reset Contention                     0 / 0                 0 / 0                 0 / 0                 0 / 0           ops/s
[80.065s][info][gc,stats    ]  Contention: Mark SeqNum Reset Contention                      0 / 0                 0 / 0                 0 / 0                 0 / 0           ops/s
[80.065s][info][gc,stats    ]  Contention: Relocation Contention                             0 / 1                 0 / 2                 0 / 2                 0 / 2           ops/s
[80.065s][info][gc,stats    ]    Critical: Allocation Stall                              0.000 / 0.000         0.000 / 0.000         0.000 / 0.000         0.000 / 0.000       ms
[80.065s][info][gc,stats    ]    Critical: Allocation Stall                                  0 / 0                 0 / 0                 0 / 0                 0 / 0           ops/s
[80.065s][info][gc,stats    ]    Critical: GC Locker Stall                               0.000 / 0.000         0.000 / 0.000         0.000 / 0.000         0.000 / 0.000       ms
[80.065s][info][gc,stats    ]    Critical: GC Locker Stall                                   0 / 0                 0 / 0                 0 / 0                 0 / 0           ops/s
[80.065s][info][gc,stats    ]      Memory: Allocation Rate                                 104 / 188             196 / 1130            196 / 1130            196 / 1130        MB/s
[80.065s][info][gc,stats    ]      Memory: Heap Used After Mark                            727 / 846             801 / 1494            801 / 1494            801 / 1494        MB
[80.065s][info][gc,stats    ]      Memory: Heap Used After Relocation                      406 / 496             365 / 914             365 / 914             365 / 914         MB
[80.065s][info][gc,stats    ]      Memory: Heap Used Before Mark                           540 / 624             663 / 1464            663 / 1464            663 / 1464        MB
[80.065s][info][gc,stats    ]      Memory: Heap Used Before Relocation                     545 / 840             501 / 978             501 / 978             501 / 978         MB
[80.065s][info][gc,stats    ]      Memory: Out Of Memory                                     0 / 0                 0 / 0                 0 / 0                 0 / 0           ops/s
[80.065s][info][gc,stats    ]      Memory: Page Cache Flush                                  0 / 0                 0 / 0                 0 / 0                 0 / 0           MB/s
[80.065s][info][gc,stats    ]      Memory: Page Cache Hit L1                                44 / 84               86 / 566              86 / 566              86 / 566         ops/s
[80.065s][info][gc,stats    ]      Memory: Page Cache Hit L2                                 0 / 0                 0 / 0                 0 / 0                 0 / 0           ops/s
[80.065s][info][gc,stats    ]      Memory: Page Cache Miss                                   0 / 1                 9 / 216               9 / 216               9 / 216         ops/s
[80.065s][info][gc,stats    ]      Memory: Undo Object Allocation Failed                     0 / 0                 0 / 0                 0 / 0                 0 / 0           ops/s
[80.065s][info][gc,stats    ]      Memory: Undo Object Allocation Succeeded                  0 / 1                 0 / 2                 0 / 2                 0 / 2           ops/s
[80.065s][info][gc,stats    ]      Memory: Undo Page Allocation                              0 / 0                 0 / 2                 0 / 2                 0 / 2           ops/s
[80.065s][info][gc,stats    ]       Phase: Concurrent Destroy Detached Pages             0.001 / 0.001         0.001 / 0.001         0.001 / 0.001         0.001 / 0.001       ms
[80.065s][info][gc,stats    ]       Phase: Concurrent Mark                            1696.096 / 2620.791    961.020 / 3094.271    961.020 / 3094.271    961.020 / 3094.271    ms
[80.065s][info][gc,stats    ]       Phase: Concurrent Mark Continue                      0.000 / 0.000         0.000 / 0.000         0.000 / 0.000         0.000 / 0.000       ms
[80.065s][info][gc,stats    ]       Phase: Concurrent Prepare Relocation Set             8.544 / 18.816        9.102 / 56.131        9.102 / 56.131        9.102 / 56.131      ms
[80.065s][info][gc,stats    ]       Phase: Concurrent Process Non-Strong References      4.217 / 5.668         2.268 / 8.250         2.268 / 8.250         2.268 / 8.250       ms
[80.065s][info][gc,stats    ]       Phase: Concurrent Relocate                         116.737 / 208.454     160.937 / 581.905     160.937 / 581.905     160.937 / 581.905     ms
[80.065s][info][gc,stats    ]       Phase: Concurrent Reset Relocation Set               0.505 / 1.062         0.352 / 1.407         0.352 / 1.407         0.352 / 1.407       ms
[80.065s][info][gc,stats    ]       Phase: Concurrent Select Relocation Set              2.370 / 3.043         2.633 / 18.220        2.633 / 18.220        2.633 / 18.220      ms
[80.065s][info][gc,stats    ]       Phase: Pause Mark End                                0.306 / 0.392         0.270 / 1.566         0.270 / 1.566         0.270 / 1.566       ms
[80.065s][info][gc,stats    ]       Phase: Pause Mark Start                              3.460 / 4.455         2.552 / 5.079         2.552 / 5.079         2.552 / 5.079       ms
[80.065s][info][gc,stats    ]       Phase: Pause Relocate Start                          2.653 / 2.973         2.613 / 8.425         2.613 / 8.425         2.613 / 8.425       ms
[80.065s][info][gc,stats    ]    Subphase: Concurrent Mark                            1695.199 / 2620.758    960.207 / 3094.254    960.207 / 3094.254    960.207 / 3094.254    ms
[80.065s][info][gc,stats    ]    Subphase: Concurrent Mark Idle                          0.000 / 0.000         0.000 / 0.000         0.000 / 0.000         0.000 / 0.000       ms
[80.065s][info][gc,stats    ]    Subphase: Concurrent Mark Try Flush                     1.841 / 8.407         2.440 / 26.466        2.440 / 26.466        2.440 / 26.466      ms
[80.065s][info][gc,stats    ]    Subphase: Concurrent Mark Try Terminate                 0.619 / 1.958         0.837 / 11.670        0.837 / 11.670        0.837 / 11.670      ms
[80.065s][info][gc,stats    ]    Subphase: Concurrent References Enqueue                 0.004 / 0.007         0.003 / 0.007         0.003 / 0.007         0.003 / 0.007       ms
[80.065s][info][gc,stats    ]    Subphase: Concurrent References Process                 2.479 / 4.767         1.115 / 4.858         1.115 / 4.858         1.115 / 4.858       ms
[80.065s][info][gc,stats    ]    Subphase: Concurrent Weak Roots                         0.805 / 0.882         0.819 / 1.336         0.819 / 1.336         0.819 / 1.336       ms
[80.065s][info][gc,stats    ]    Subphase: Concurrent Weak Roots JNIWeakHandles          0.000 / 0.001         0.000 / 0.001         0.000 / 0.001         0.000 / 0.001       ms
[80.065s][info][gc,stats    ]    Subphase: Concurrent Weak Roots StringTable             0.581 / 0.643         0.622 / 1.108         0.622 / 1.108         0.622 / 1.108       ms
[80.065s][info][gc,stats    ]    Subphase: Concurrent Weak Roots VMWeakHandles           0.210 / 0.244         0.194 / 0.299         0.194 / 0.299         0.194 / 0.299       ms
[80.065s][info][gc,stats    ]    Subphase: Pause Mark Try Complete                       0.000 / 0.000         0.000 / 0.000         0.000 / 0.000         0.000 / 0.000       ms
[80.065s][info][gc,stats    ]    Subphase: Pause Remap TLABS                             0.002 / 0.002         0.001 / 0.002         0.001 / 0.002         0.001 / 0.002       ms
[80.065s][info][gc,stats    ]    Subphase: Pause Retire TLABS                            0.021 / 0.022         0.013 / 0.022         0.013 / 0.022         0.013 / 0.022       ms
[80.065s][info][gc,stats    ]    Subphase: Pause Roots                                   1.732 / 4.069         1.468 / 4.625         1.468 / 4.625         1.468 / 4.625       ms
[80.065s][info][gc,stats    ]    Subphase: Pause Roots ClassLoaderDataGraph              0.858 / 2.223         0.701 / 2.223         0.701 / 2.223         0.701 / 2.223       ms
[80.065s][info][gc,stats    ]    Subphase: Pause Roots CodeCache                         1.357 / 1.502         1.060 / 1.883         1.060 / 1.883         1.060 / 1.883       ms
[80.065s][info][gc,stats    ]    Subphase: Pause Roots JNIHandles                        0.001 / 0.002         0.001 / 0.008         0.001 / 0.008         0.001 / 0.008       ms
[80.065s][info][gc,stats    ]    Subphase: Pause Roots JNIWeakHandles                    0.000 / 0.000         0.000 / 0.000         0.000 / 0.000         0.000 / 0.000       ms
[80.065s][info][gc,stats    ]    Subphase: Pause Roots JRFWeak                           0.000 / 0.000         0.000 / 0.000         0.000 / 0.000         0.000 / 0.000       ms
[80.065s][info][gc,stats    ]    Subphase: Pause Roots JVMTIExport                       0.001 / 0.001         0.001 / 0.001         0.001 / 0.001         0.001 / 0.001       ms
[80.065s][info][gc,stats    ]    Subphase: Pause Roots JVMTIWeakExport                   0.001 / 0.001         0.001 / 0.001         0.001 / 0.001         0.001 / 0.001       ms
[80.065s][info][gc,stats    ]    Subphase: Pause Roots Management                        0.001 / 0.003         0.001 / 0.005         0.001 / 0.005         0.001 / 0.005       ms
[80.065s][info][gc,stats    ]    Subphase: Pause Roots ObjectSynchronizer                0.000 / 0.001         0.000 / 0.001         0.000 / 0.001         0.000 / 0.001       ms
[80.065s][info][gc,stats    ]    Subphase: Pause Roots Setup                             0.243 / 0.789         0.175 / 0.789         0.175 / 0.789         0.175 / 0.789       ms
[80.065s][info][gc,stats    ]    Subphase: Pause Roots StringTable                       0.000 / 0.000         0.000 / 0.000         0.000 / 0.000         0.000 / 0.000       ms
[80.065s][info][gc,stats    ]    Subphase: Pause Roots SystemDictionary                  0.013 / 0.017         0.013 / 0.035         0.013 / 0.035         0.013 / 0.035       ms
[80.065s][info][gc,stats    ]    Subphase: Pause Roots Teardown                          0.001 / 0.002         0.001 / 0.004         0.001 / 0.004         0.001 / 0.004       ms
[80.065s][info][gc,stats    ]    Subphase: Pause Roots Threads                           0.308 / 0.480         0.274 / 1.904         0.274 / 1.904         0.274 / 1.904       ms
[80.065s][info][gc,stats    ]    Subphase: Pause Roots Universe                          0.002 / 0.003         0.009 / 0.382         0.009 / 0.382         0.009 / 0.382       ms
[80.065s][info][gc,stats    ]    Subphase: Pause Roots VMWeakHandles                     0.000 / 0.000         0.000 / 0.000         0.000 / 0.000         0.000 / 0.000       ms
[80.065s][info][gc,stats    ]    Subphase: Pause Weak Roots                              0.002 / 0.002         0.002 / 0.011         0.002 / 0.011         0.002 / 0.011       ms
[80.065s][info][gc,stats    ]    Subphase: Pause Weak Roots JFRWeak                      0.001 / 0.001         0.001 / 0.001         0.001 / 0.001         0.001 / 0.001       ms
[80.065s][info][gc,stats    ]    Subphase: Pause Weak Roots JNIWeakHandles               0.000 / 0.000         0.000 / 0.000         0.000 / 0.000         0.000 / 0.000       ms
[80.065s][info][gc,stats    ]    Subphase: Pause Weak Roots JVMTIWeakExport              0.001 / 0.001         0.001 / 0.008         0.001 / 0.008         0.001 / 0.008       ms
[80.065s][info][gc,stats    ]    Subphase: Pause Weak Roots Setup                        0.000 / 0.000         0.000 / 0.000         0.000 / 0.000         0.000 / 0.000       ms
[80.065s][info][gc,stats    ]    Subphase: Pause Weak Roots StringTable                  0.000 / 0.000         0.000 / 0.000         0.000 / 0.000         0.000 / 0.000       ms
[80.065s][info][gc,stats    ]    Subphase: Pause Weak Roots SymbolTable                  0.000 / 0.000         0.000 / 0.000         0.000 / 0.000         0.000 / 0.000       ms
[80.065s][info][gc,stats    ]    Subphase: Pause Weak Roots Teardown                     0.001 / 0.001         0.001 / 0.001         0.001 / 0.001         0.001 / 0.001       ms
[80.065s][info][gc,stats    ]    Subphase: Pause Weak Roots VMWeakHandles                0.000 / 0.000         0.000 / 0.000         0.000 / 0.000         0.000 / 0.000       ms
[80.065s][info][gc,stats    ]      System: Java Threads                                     67 / 73               53 / 73               53 / 73               53 / 73          threads
[80.065s][info][gc,stats    ] =========================================================================================================================================================
[83.164s][info][gc,start    ] GC(33) Garbage Collection (Allocation Rate)
[83.170s][info][gc,phases   ] GC(33) Pause Mark Start 2.959ms
[84.572s][info][gc,phases   ] GC(33) Concurrent Mark 1402.713ms
[84.582s][info][gc,phases   ] GC(33) Pause Mark End 0.281ms
[84.590s][info][gc,phases   ] GC(33) Concurrent Process Non-Strong References 8.191ms
[84.594s][info][gc,phases   ] GC(33) Concurrent Reset Relocation Set 0.520ms
[84.594s][info][gc,phases   ] GC(33) Concurrent Destroy Detached Pages 0.002ms
[84.596s][info][gc,phases   ] GC(33) Concurrent Select Relocation Set 1.772ms
[84.597s][info][gc,phases   ] GC(33) Concurrent Prepare Relocation Set 0.261ms
[84.615s][info][gc,phases   ] GC(33) Pause Relocate Start 5.832ms
[84.692s][info][gc,phases   ] GC(33) Concurrent Relocate 77.514ms
[84.692s][info][gc,load     ] GC(33) Load: 2.76/2.36/2.57
[84.692s][info][gc,mmu      ] GC(33) MMU: 2ms/0.0%, 5ms/0.0%, 10ms/12.6%, 20ms/46.4%, 50ms/78.5%, 100ms/87.1%
[84.692s][info][gc,marking  ] GC(33) Mark: 1 stripe(s), 2 proactive flush(es), 1 terminate flush(es), 0 completion(s), 0 continuation(s) 
[84.692s][info][gc,reloc    ] GC(33) Relocation: Successful, 16M relocated
[84.692s][info][gc,nmethod  ] GC(33) NMethods: 3676 registered, 0 unregistered
[84.692s][info][gc,metaspace] GC(33) Metaspace: 71M used, 75M capacity, 75M committed, 76M reserved
[84.692s][info][gc,ref      ] GC(33) Soft: 4840 encountered, 0 discovered, 0 enqueued
[84.692s][info][gc,ref      ] GC(33) Weak: 4929 encountered, 3884 discovered, 218 enqueued
[84.692s][info][gc,ref      ] GC(33) Final: 26 encountered, 0 discovered, 0 enqueued
[84.692s][info][gc,ref      ] GC(33) Phantom: 671 encountered, 667 discovered, 14 enqueued
[84.692s][info][gc,heap     ] GC(33)                Mark Start          Mark End        Relocate Start      Relocate End           High               Low         
[84.692s][info][gc,heap     ] GC(33)  Capacity:     1714M (98%)        1714M (98%)        1714M (98%)        1714M (98%)        1714M (98%)        1714M (98%)    
[84.692s][info][gc,heap     ] GC(33)   Reserve:       34M (2%)           34M (2%)           34M (2%)           34M (2%)           34M (2%)           34M (2%)     
[84.692s][info][gc,heap     ] GC(33)      Free:      838M (48%)         666M (38%)        1258M (72%)        1310M (75%)        1312M (75%)         664M (38%)    
[84.692s][info][gc,heap     ] GC(33)      Used:      878M (50%)        1050M (60%)         458M (26%)         406M (23%)        1052M (60%)         404M (23%)    
[84.692s][info][gc,heap     ] GC(33)      Live:         -               191M (11%)         191M (11%)         191M (11%)            -                  -          
[84.692s][info][gc,heap     ] GC(33) Allocated:         -               172M (10%)         174M (10%)         186M (11%)            -                  -          
[84.692s][info][gc,heap     ] GC(33)   Garbage:         -               686M (39%)          92M (5%)           34M (2%)             -                  -          
[84.692s][info][gc,heap     ] GC(33) Reclaimed:         -                  -               594M (34%)         652M (37%)            -                  -          
[84.692s][info][gc          ] GC(33) Garbage Collection (Allocation Rate) 878M(50%)->406M(23%)
[90.064s][info][gc,stats    ] === Garbage Collection Statistics =======================================================================================================================
[90.064s][info][gc,stats    ]                                                              Last 10s              Last 10m              Last 10h                Total
[90.064s][info][gc,stats    ]                                                              Avg / Max             Avg / Max             Avg / Max             Avg / Max
[90.064s][info][gc,stats    ]   Collector: Garbage Collection Cycle                   1528.083 / 1528.083   1165.269 / 3111.730   1165.269 / 3111.730   1165.269 / 3111.730    ms
[90.064s][info][gc,stats    ]  Contention: Mark Segment Reset Contention                     0 / 0                 0 / 0                 0 / 0                 0 / 0           ops/s
[90.064s][info][gc,stats    ]  Contention: Mark SeqNum Reset Contention                      0 / 0                 0 / 0                 0 / 0                 0 / 0           ops/s
[90.064s][info][gc,stats    ]  Contention: Relocation Contention                             0 / 0                 0 / 2                 0 / 2                 0 / 2           ops/s
[90.064s][info][gc,stats    ]    Critical: Allocation Stall                              0.000 / 0.000         0.000 / 0.000         0.000 / 0.000         0.000 / 0.000       ms
[90.064s][info][gc,stats    ]    Critical: Allocation Stall                                  0 / 0                 0 / 0                 0 / 0                 0 / 0           ops/s
[90.064s][info][gc,stats    ]    Critical: GC Locker Stall                               0.000 / 0.000         0.000 / 0.000         0.000 / 0.000         0.000 / 0.000       ms
[90.064s][info][gc,stats    ]    Critical: GC Locker Stall                                   0 / 0                 0 / 0                 0 / 0                 0 / 0           ops/s
[90.064s][info][gc,stats    ]      Memory: Allocation Rate                                  84 / 158             183 / 1130            183 / 1130            183 / 1130        MB/s
[90.064s][info][gc,stats    ]      Memory: Heap Used After Mark                           1050 / 1050            808 / 1494            808 / 1494            808 / 1494        MB
[90.064s][info][gc,stats    ]      Memory: Heap Used After Relocation                      406 / 406             366 / 914             366 / 914             366 / 914         MB
[90.064s][info][gc,stats    ]      Memory: Heap Used Before Mark                           878 / 878             670 / 1464            670 / 1464            670 / 1464        MB
[90.064s][info][gc,stats    ]      Memory: Heap Used Before Relocation                     458 / 458             500 / 978             500 / 978             500 / 978         MB
[90.064s][info][gc,stats    ]      Memory: Out Of Memory                                     0 / 0                 0 / 0                 0 / 0                 0 / 0           ops/s
[90.064s][info][gc,stats    ]      Memory: Page Cache Flush                                  0 / 0                 0 / 0                 0 / 0                 0 / 0           MB/s
[90.064s][info][gc,stats    ]      Memory: Page Cache Hit L1                                36 / 64               80 / 566              80 / 566              80 / 566         ops/s
[90.064s][info][gc,stats    ]      Memory: Page Cache Hit L2                                 0 / 0                 0 / 0                 0 / 0                 0 / 0           ops/s
[90.064s][info][gc,stats    ]      Memory: Page Cache Miss                                   0 / 2                 8 / 216               8 / 216               8 / 216         ops/s
[90.064s][info][gc,stats    ]      Memory: Undo Object Allocation Failed                     0 / 0                 0 / 0                 0 / 0                 0 / 0           ops/s
[90.064s][info][gc,stats    ]      Memory: Undo Object Allocation Succeeded                  0 / 0                 0 / 2                 0 / 2                 0 / 2           ops/s
[90.064s][info][gc,stats    ]      Memory: Undo Page Allocation                              0 / 0                 0 / 2                 0 / 2                 0 / 2           ops/s
[90.064s][info][gc,stats    ]       Phase: Concurrent Destroy Detached Pages             0.002 / 0.002         0.001 / 0.002         0.001 / 0.002         0.001 / 0.002       ms
[90.064s][info][gc,stats    ]       Phase: Concurrent Mark                            1402.713 / 1402.713    974.011 / 3094.271    974.011 / 3094.271    974.011 / 3094.271    ms
[90.064s][info][gc,stats    ]       Phase: Concurrent Mark Continue                      0.000 / 0.000         0.000 / 0.000         0.000 / 0.000         0.000 / 0.000       ms
[90.064s][info][gc,stats    ]       Phase: Concurrent Prepare Relocation Set             0.261 / 0.261         8.842 / 56.131        8.842 / 56.131        8.842 / 56.131      ms
[90.064s][info][gc,stats    ]       Phase: Concurrent Process Non-Strong References      8.191 / 8.191         2.442 / 8.250         2.442 / 8.250         2.442 / 8.250       ms
[90.065s][info][gc,stats    ]       Phase: Concurrent Relocate                          77.514 / 77.514      158.483 / 581.905     158.483 / 581.905     158.483 / 581.905     ms
[90.065s][info][gc,stats    ]       Phase: Concurrent Reset Relocation Set               0.520 / 0.520         0.357 / 1.407         0.357 / 1.407         0.357 / 1.407       ms
[90.065s][info][gc,stats    ]       Phase: Concurrent Select Relocation Set              1.772 / 1.772         2.608 / 18.220        2.608 / 18.220        2.608 / 18.220      ms
[90.065s][info][gc,stats    ]       Phase: Pause Mark End                                0.281 / 0.281         0.270 / 1.566         0.270 / 1.566         0.270 / 1.566       ms
[90.065s][info][gc,stats    ]       Phase: Pause Mark Start                              2.959 / 2.959         2.564 / 5.079         2.564 / 5.079         2.564 / 5.079       ms
[90.065s][info][gc,stats    ]       Phase: Pause Relocate Start                          5.832 / 5.832         2.708 / 8.425         2.708 / 8.425         2.708 / 8.425       ms
[90.065s][info][gc,stats    ]    Subphase: Concurrent Mark                            1398.463 / 1398.463    973.097 / 3094.254    973.097 / 3094.254    973.097 / 3094.254    ms
[90.065s][info][gc,stats    ]    Subphase: Concurrent Mark Idle                          0.000 / 0.000         0.000 / 0.000         0.000 / 0.000         0.000 / 0.000       ms
[90.065s][info][gc,stats    ]    Subphase: Concurrent Mark Try Flush                    10.721 / 16.640        2.677 / 26.466        2.677 / 26.466        2.677 / 26.466      ms
[90.065s][info][gc,stats    ]    Subphase: Concurrent Mark Try Terminate                 0.925 / 1.849         0.840 / 11.670        0.840 / 11.670        0.840 / 11.670      ms
[90.065s][info][gc,stats    ]    Subphase: Concurrent References Enqueue                 0.004 / 0.004         0.003 / 0.007         0.003 / 0.007         0.003 / 0.007       ms
[90.065s][info][gc,stats    ]    Subphase: Concurrent References Process                 0.848 / 0.848         1.107 / 4.858         1.107 / 4.858         1.107 / 4.858       ms
[90.065s][info][gc,stats    ]    Subphase: Concurrent Weak Roots                         0.883 / 0.883         0.821 / 1.336         0.821 / 1.336         0.821 / 1.336       ms
[90.065s][info][gc,stats    ]    Subphase: Concurrent Weak Roots JNIWeakHandles          0.001 / 0.001         0.000 / 0.001         0.000 / 0.001         0.000 / 0.001       ms
[90.065s][info][gc,stats    ]    Subphase: Concurrent Weak Roots StringTable             0.616 / 0.616         0.622 / 1.108         0.622 / 1.108         0.622 / 1.108       ms
[90.065s][info][gc,stats    ]    Subphase: Concurrent Weak Roots VMWeakHandles           0.263 / 0.263         0.196 / 0.299         0.196 / 0.299         0.196 / 0.299       ms
[90.065s][info][gc,stats    ]    Subphase: Pause Mark Try Complete                       0.000 / 0.000         0.000 / 0.000         0.000 / 0.000         0.000 / 0.000       ms
[90.065s][info][gc,stats    ]    Subphase: Pause Remap TLABS                             0.003 / 0.003         0.001 / 0.003         0.001 / 0.003         0.001 / 0.003       ms
[90.065s][info][gc,stats    ]    Subphase: Pause Retire TLABS                            0.017 / 0.017         0.013 / 0.022         0.013 / 0.022         0.013 / 0.022       ms
[90.065s][info][gc,stats    ]    Subphase: Pause Roots                                   2.782 / 5.486         1.506 / 5.486         1.506 / 5.486         1.506 / 5.486       ms
[90.065s][info][gc,stats    ]    Subphase: Pause Roots ClassLoaderDataGraph              0.693 / 0.751         0.701 / 2.223         0.701 / 2.223         0.701 / 2.223       ms
[90.065s][info][gc,stats    ]    Subphase: Pause Roots CodeCache                         3.009 / 4.498         1.117 / 4.498         1.117 / 4.498         1.117 / 4.498       ms
[90.065s][info][gc,stats    ]    Subphase: Pause Roots JNIHandles                        0.001 / 0.001         0.001 / 0.008         0.001 / 0.008         0.001 / 0.008       ms
[90.065s][info][gc,stats    ]    Subphase: Pause Roots JNIWeakHandles                    0.000 / 0.000         0.000 / 0.000         0.000 / 0.000         0.000 / 0.000       ms
[90.065s][info][gc,stats    ]    Subphase: Pause Roots JRFWeak                           0.000 / 0.000         0.000 / 0.000         0.000 / 0.000         0.000 / 0.000       ms
[90.065s][info][gc,stats    ]    Subphase: Pause Roots JVMTIExport                       0.000 / 0.001         0.001 / 0.001         0.001 / 0.001         0.001 / 0.001       ms
[90.065s][info][gc,stats    ]    Subphase: Pause Roots JVMTIWeakExport                   0.001 / 0.001         0.001 / 0.001         0.001 / 0.001         0.001 / 0.001       ms
[90.065s][info][gc,stats    ]    Subphase: Pause Roots Management                        0.001 / 0.001         0.001 / 0.005         0.001 / 0.005         0.001 / 0.005       ms
[90.065s][info][gc,stats    ]    Subphase: Pause Roots ObjectSynchronizer                0.000 / 0.000         0.000 / 0.001         0.000 / 0.001         0.000 / 0.001       ms
[90.065s][info][gc,stats    ]    Subphase: Pause Roots Setup                             0.200 / 0.308         0.176 / 0.789         0.176 / 0.789         0.176 / 0.789       ms
[90.065s][info][gc,stats    ]    Subphase: Pause Roots StringTable                       0.000 / 0.000         0.000 / 0.000         0.000 / 0.000         0.000 / 0.000       ms
[90.065s][info][gc,stats    ]    Subphase: Pause Roots SystemDictionary                  0.014 / 0.016         0.013 / 0.035         0.013 / 0.035         0.013 / 0.035       ms
[90.065s][info][gc,stats    ]    Subphase: Pause Roots Teardown                          0.002 / 0.003         0.001 / 0.004         0.001 / 0.004         0.001 / 0.004       ms
[90.065s][info][gc,stats    ]    Subphase: Pause Roots Threads                           0.297 / 0.326         0.275 / 1.904         0.275 / 1.904         0.275 / 1.904       ms
[90.065s][info][gc,stats    ]    Subphase: Pause Roots Universe                          0.002 / 0.003         0.008 / 0.382         0.008 / 0.382         0.008 / 0.382       ms
[90.065s][info][gc,stats    ]    Subphase: Pause Roots VMWeakHandles                     0.000 / 0.000         0.000 / 0.000         0.000 / 0.000         0.000 / 0.000       ms
[90.065s][info][gc,stats    ]    Subphase: Pause Weak Roots                              0.002 / 0.002         0.002 / 0.011         0.002 / 0.011         0.002 / 0.011       ms
[90.065s][info][gc,stats    ]    Subphase: Pause Weak Roots JFRWeak                      0.001 / 0.001         0.001 / 0.001         0.001 / 0.001         0.001 / 0.001       ms
[90.065s][info][gc,stats    ]    Subphase: Pause Weak Roots JNIWeakHandles               0.000 / 0.000         0.000 / 0.000         0.000 / 0.000         0.000 / 0.000       ms
[90.065s][info][gc,stats    ]    Subphase: Pause Weak Roots JVMTIWeakExport              0.001 / 0.001         0.001 / 0.008         0.001 / 0.008         0.001 / 0.008       ms
[90.065s][info][gc,stats    ]    Subphase: Pause Weak Roots Setup                        0.000 / 0.000         0.000 / 0.000         0.000 / 0.000         0.000 / 0.000       ms
[90.065s][info][gc,stats    ]    Subphase: Pause Weak Roots StringTable                  0.000 / 0.000         0.000 / 0.000         0.000 / 0.000         0.000 / 0.000       ms
[90.065s][info][gc,stats    ]    Subphase: Pause Weak Roots SymbolTable                  0.000 / 0.000         0.000 / 0.000         0.000 / 0.000         0.000 / 0.000       ms
[90.065s][info][gc,stats    ]    Subphase: Pause Weak Roots Teardown                     0.001 / 0.001         0.001 / 0.001         0.001 / 0.001         0.001 / 0.001       ms
[90.065s][info][gc,stats    ]    Subphase: Pause Weak Roots VMWeakHandles                0.000 / 0.000         0.000 / 0.000         0.000 / 0.000         0.000 / 0.000       ms
[90.065s][info][gc,stats    ]      System: Java Threads                                     73 / 74               53 / 74               53 / 74               53 / 74          threads
[90.065s][info][gc,stats    ] =========================================================================================================================================================
[95.640s][info][gc,heap     ] Page Cache Flushed: 6M requested, 18M(488M->470M) flushed
[95.666s][info][gc,start    ] GC(34) Garbage Collection (Allocation Rate)
[95.675s][info][gc,phases   ] GC(34) Pause Mark Start 3.507ms
[96.016s][info][gc,heap     ] Page Cache Flushed: 20M requested, 20M(446M->426M) flushed
[96.327s][info][gc,heap     ] Page Cache Flushed: 6M requested, 6M(418M->412M) flushed
[96.330s][info][gc,heap     ] Page Cache Flushed: 10M requested, 10M(412M->402M) flushed
[96.384s][info][gc,heap     ] Page Cache Flushed: 8M requested, 8M(396M->388M) flushed
[96.401s][info][gc,heap     ] Page Cache Flushed: 8M requested, 8M(380M->372M) flushed
[96.409s][info][gc,heap     ] Page Cache Flushed: 8M requested, 8M(370M->362M) flushed
[97.186s][info][gc,heap     ] Page Cache Flushed: 6M requested, 6M(192M->186M) flushed
[97.188s][info][gc,heap     ] Page Cache Flushed: 6M requested, 6M(186M->180M) flushed
[97.414s][info][gc,heap     ] Page Cache Flushed: 6M requested, 6M(44M->38M) flushed
[97.543s][info][gc,phases   ] GC(34) Concurrent Mark 1864.894ms
[97.544s][info][gc,phases   ] GC(34) Pause Mark End 0.310ms
[97.545s][info][gc,phases   ] GC(34) Concurrent Process Non-Strong References 1.508ms
[97.545s][info][gc,phases   ] GC(34) Concurrent Reset Relocation Set 0.005ms
[97.545s][info][gc,phases   ] GC(34) Concurrent Destroy Detached Pages 0.026ms
[97.546s][info][gc          ] Allocation Stall (Executor task launch worker for task 2.0 in stage 12.0 (TID 20)) 19.824ms
[97.551s][info][gc,phases   ] GC(34) Concurrent Select Relocation Set 5.558ms
[97.560s][info][gc,phases   ] GC(34) Concurrent Prepare Relocation Set 9.634ms
[97.566s][info][gc,phases   ] GC(34) Pause Relocate Start 2.826ms
[98.087s][info][gc,phases   ] GC(34) Concurrent Relocate 521.058ms
[98.087s][info][gc,load     ] GC(34) Load: 3.04/2.44/2.59
[98.087s][info][gc,mmu      ] GC(34) MMU: 2ms/0.0%, 5ms/0.0%, 10ms/12.6%, 20ms/46.4%, 50ms/78.5%, 100ms/87.1%
[98.087s][info][gc,marking  ] GC(34) Mark: 1 stripe(s), 2 proactive flush(es), 1 terminate flush(es), 0 completion(s), 0 continuation(s) 
[98.087s][info][gc,reloc    ] GC(34) Relocation: Successful, 56M relocated
[98.087s][info][gc,nmethod  ] GC(34) NMethods: 3975 registered, 4 unregistered
[98.087s][info][gc,metaspace] GC(34) Metaspace: 73M used, 77M capacity, 77M committed, 78M reserved
[98.087s][info][gc,ref      ] GC(34) Soft: 4899 encountered, 0 discovered, 0 enqueued
[98.087s][info][gc,ref      ] GC(34) Weak: 4884 encountered, 3831 discovered, 53 enqueued
[98.087s][info][gc,ref      ] GC(34) Final: 28 encountered, 0 discovered, 0 enqueued
[98.087s][info][gc,ref      ] GC(34) Phantom: 707 encountered, 632 discovered, 45 enqueued
[98.087s][info][gc,heap     ] GC(34)                Mark Start          Mark End        Relocate Start      Relocate End           High               Low         
[98.087s][info][gc,heap     ] GC(34)  Capacity:     1750M (100%)       1750M (100%)       1750M (100%)       1750M (100%)       1750M (100%)       1750M (100%)   
[98.087s][info][gc,heap     ] GC(34)   Reserve:       34M (2%)           34M (2%)           34M (2%)           34M (2%)           34M (2%)           34M (2%)     
[98.087s][info][gc,heap     ] GC(34)      Free:      480M (27%)           0M (0%)          464M (27%)         952M (54%)         952M (54%)           0M (0%)     
[98.087s][info][gc,heap     ] GC(34)      Used:     1236M (71%)        1716M (98%)        1252M (72%)         764M (44%)        1716M (98%)         764M (44%)    
[98.087s][info][gc,heap     ] GC(34)      Live:         -               242M (14%)         242M (14%)         242M (14%)            -                  -          
[98.087s][info][gc,heap     ] GC(34) Allocated:         -               480M (27%)         490M (28%)         562M (32%)            -                  -          
[98.087s][info][gc,heap     ] GC(34)   Garbage:         -               993M (57%)         519M (30%)          29M (2%)             -                  -          
[98.087s][info][gc,heap     ] GC(34) Reclaimed:         -                  -               474M (27%)         964M (55%)            -                  -          
[98.087s][info][gc          ] GC(34) Garbage Collection (Allocation Rate) 1236M(71%)->764M(44%)
[98.164s][info][gc,start    ] GC(35) Garbage Collection (Allocation Rate)
[98.169s][info][gc,phases   ] GC(35) Pause Mark Start 3.154ms
[99.553s][info][gc,heap     ] Page Cache Flushed: 6M requested, 32M(636M->604M) flushed
[99.780s][info][gc,phases   ] GC(35) Concurrent Mark 1610.422ms
[99.781s][info][gc,phases   ] GC(35) Pause Mark End 0.319ms
[99.786s][info][gc,phases   ] GC(35) Concurrent Process Non-Strong References 5.785ms
[99.787s][info][gc,phases   ] GC(35) Concurrent Reset Relocation Set 0.763ms
[99.787s][info][gc,phases   ] GC(35) Concurrent Destroy Detached Pages 0.003ms
[99.789s][info][gc,phases   ] GC(35) Concurrent Select Relocation Set 1.517ms
[99.812s][info][gc,phases   ] GC(35) Concurrent Prepare Relocation Set 23.210ms
[99.820s][info][gc,phases   ] GC(35) Pause Relocate Start 2.902ms
[100.064s][info][gc,stats    ] === Garbage Collection Statistics =======================================================================================================================
[100.064s][info][gc,stats    ]                                                              Last 10s              Last 10m              Last 10h                Total
[100.064s][info][gc,stats    ]                                                              Avg / Max             Avg / Max             Avg / Max             Avg / Max
[100.064s][info][gc,stats    ]   Collector: Garbage Collection Cycle                   2420.721 / 2420.721   1201.139 / 3111.730   1201.139 / 3111.730   1201.139 / 3111.730    ms
[100.064s][info][gc,stats    ]  Contention: Mark Segment Reset Contention                     0 / 0                 0 / 0                 0 / 0                 0 / 0           ops/s
[100.064s][info][gc,stats    ]  Contention: Mark SeqNum Reset Contention                      0 / 0                 0 / 0                 0 / 0                 0 / 0           ops/s
[100.064s][info][gc,stats    ]  Contention: Relocation Contention                             0 / 0                 0 / 2                 0 / 2                 0 / 2           ops/s
[100.064s][info][gc,stats    ]    Critical: Allocation Stall                             19.824 / 19.824       19.824 / 19.824       19.824 / 19.824       19.824 / 19.824      ms
[100.064s][info][gc,stats    ]    Critical: Allocation Stall                                  0 / 1                 0 / 1                 0 / 1                 0 / 1           ops/s
[100.064s][info][gc,stats    ]    Critical: GC Locker Stall                               0.000 / 0.000         0.000 / 0.000         0.000 / 0.000         0.000 / 0.000       ms
[100.064s][info][gc,stats    ]    Critical: GC Locker Stall                                   0 / 0                 0 / 0                 0 / 0                 0 / 0           ops/s
[100.064s][info][gc,stats    ]      Memory: Allocation Rate                                 161 / 566             181 / 1130            181 / 1130            181 / 1130        MB/s
[100.064s][info][gc,stats    ]      Memory: Heap Used After Mark                           1484 / 1716            846 / 1716            846 / 1716            846 / 1716        MB
[100.064s][info][gc,stats    ]      Memory: Heap Used After Relocation                      764 / 764             378 / 914             378 / 914             378 / 914         MB
[100.065s][info][gc,stats    ]      Memory: Heap Used Before Mark                          1001 / 1236            688 / 1464            688 / 1464            688 / 1464        MB
[100.065s][info][gc,stats    ]      Memory: Heap Used Before Relocation                    1213 / 1252            540 / 1252            540 / 1252            540 / 1252        MB
[100.065s][info][gc,stats    ]      Memory: Out Of Memory                                     0 / 0                 0 / 0                 0 / 0                 0 / 0           ops/s
[100.065s][info][gc,stats    ]      Memory: Page Cache Flush                                 12 / 40                1 / 40                1 / 40                1 / 40          MB/s
[100.065s][info][gc,stats    ]      Memory: Page Cache Hit L1                                69 / 252              79 / 566              79 / 566              79 / 566         ops/s
[100.065s][info][gc,stats    ]      Memory: Page Cache Hit L2                                 0 / 0                 0 / 0                 0 / 0                 0 / 0           ops/s
[100.065s][info][gc,stats    ]      Memory: Page Cache Miss                                   1 / 5                 7 / 216               7 / 216               7 / 216         ops/s
[100.065s][info][gc,stats    ]      Memory: Undo Object Allocation Failed                     0 / 0                 0 / 0                 0 / 0                 0 / 0           ops/s
[100.065s][info][gc,stats    ]      Memory: Undo Object Allocation Succeeded                  0 / 0                 0 / 2                 0 / 2                 0 / 2           ops/s
[100.065s][info][gc,stats    ]      Memory: Undo Page Allocation                              0 / 0                 0 / 2                 0 / 2                 0 / 2           ops/s
[100.065s][info][gc,stats    ]       Phase: Concurrent Destroy Detached Pages             0.014 / 0.026         0.001 / 0.026         0.001 / 0.026         0.001 / 0.026       ms
[100.065s][info][gc,stats    ]       Phase: Concurrent Mark                            1737.658 / 1864.894   1016.436 / 3094.271   1016.436 / 3094.271   1016.436 / 3094.271    ms
[100.065s][info][gc,stats    ]       Phase: Concurrent Mark Continue                      0.000 / 0.000         0.000 / 0.000         0.000 / 0.000         0.000 / 0.000       ms
[100.065s][info][gc,stats    ]       Phase: Concurrent Prepare Relocation Set            16.422 / 23.210        9.263 / 56.131        9.263 / 56.131        9.263 / 56.131      ms
[100.065s][info][gc,stats    ]       Phase: Concurrent Process Non-Strong References      3.646 / 5.785         2.509 / 8.250         2.509 / 8.250         2.509 / 8.250       ms
[100.065s][info][gc,stats    ]       Phase: Concurrent Relocate                         521.058 / 521.058     168.843 / 581.905     168.843 / 581.905     168.843 / 581.905     ms
[100.065s][info][gc,stats    ]       Phase: Concurrent Reset Relocation Set               0.384 / 0.763         0.358 / 1.407         0.358 / 1.407         0.358 / 1.407       ms
[100.065s][info][gc,stats    ]       Phase: Concurrent Select Relocation Set              3.538 / 5.558         2.660 / 18.220        2.660 / 18.220        2.660 / 18.220      ms
[100.065s][info][gc,stats    ]       Phase: Pause Mark End                                0.314 / 0.319         0.272 / 1.566         0.272 / 1.566         0.272 / 1.566       ms
[100.065s][info][gc,stats    ]       Phase: Pause Mark Start                              3.331 / 3.507         2.606 / 5.079         2.606 / 5.079         2.606 / 5.079       ms
[100.065s][info][gc,stats    ]       Phase: Pause Relocate Start                          2.864 / 2.902         2.717 / 8.425         2.717 / 8.425         2.717 / 8.425       ms
[100.065s][info][gc,stats    ]    Subphase: Concurrent Mark                            1734.651 / 1858.908   1015.406 / 3094.254   1015.406 / 3094.254   1015.406 / 3094.254    ms
[100.065s][info][gc,stats    ]    Subphase: Concurrent Mark Idle                          0.000 / 0.000         0.000 / 0.000         0.000 / 0.000         0.000 / 0.000       ms
[100.065s][info][gc,stats    ]    Subphase: Concurrent Mark Try Flush                     1.729 / 8.398         2.626 / 26.466        2.626 / 26.466        2.626 / 26.466      ms
[100.065s][info][gc,stats    ]    Subphase: Concurrent Mark Try Terminate                 0.245 / 0.970         0.807 / 11.670        0.807 / 11.670        0.807 / 11.670      ms
[100.065s][info][gc,stats    ]    Subphase: Concurrent References Enqueue                 0.003 / 0.004         0.003 / 0.007         0.003 / 0.007         0.003 / 0.007       ms
[100.065s][info][gc,stats    ]    Subphase: Concurrent References Process                 0.743 / 0.824         1.087 / 4.858         1.087 / 4.858         1.087 / 4.858       ms
[100.065s][info][gc,stats    ]    Subphase: Concurrent Weak Roots                         2.889 / 4.940         0.936 / 4.940         0.936 / 4.940         0.936 / 4.940       ms
[100.065s][info][gc,stats    ]    Subphase: Concurrent Weak Roots JNIWeakHandles          0.000 / 0.000         0.000 / 0.001         0.000 / 0.001         0.000 / 0.001       ms
[100.065s][info][gc,stats    ]    Subphase: Concurrent Weak Roots StringTable             2.640 / 4.665         0.734 / 4.665         0.734 / 4.665         0.734 / 4.665       ms
[100.065s][info][gc,stats    ]    Subphase: Concurrent Weak Roots VMWeakHandles           0.247 / 0.272         0.199 / 0.299         0.199 / 0.299         0.199 / 0.299       ms
[100.065s][info][gc,stats    ]    Subphase: Pause Mark Try Complete                       0.000 / 0.000         0.000 / 0.000         0.000 / 0.000         0.000 / 0.000       ms
[100.065s][info][gc,stats    ]    Subphase: Pause Remap TLABS                             0.002 / 0.003         0.001 / 0.003         0.001 / 0.003         0.001 / 0.003       ms
[100.065s][info][gc,stats    ]    Subphase: Pause Retire TLABS                            0.023 / 0.026         0.014 / 0.026         0.014 / 0.026         0.014 / 0.026       ms
[100.065s][info][gc,stats    ]    Subphase: Pause Roots                                   1.925 / 3.146         1.530 / 5.486         1.530 / 5.486         1.530 / 5.486       ms
[100.065s][info][gc,stats    ]    Subphase: Pause Roots ClassLoaderDataGraph              0.748 / 0.804         0.704 / 2.223         0.704 / 2.223         0.704 / 2.223       ms
[100.065s][info][gc,stats    ]    Subphase: Pause Roots CodeCache                         1.558 / 1.652         1.142 / 4.498         1.142 / 4.498         1.142 / 4.498       ms
[100.065s][info][gc,stats    ]    Subphase: Pause Roots JNIHandles                        0.001 / 0.001         0.001 / 0.008         0.001 / 0.008         0.001 / 0.008       ms
[100.065s][info][gc,stats    ]    Subphase: Pause Roots JNIWeakHandles                    0.000 / 0.000         0.000 / 0.000         0.000 / 0.000         0.000 / 0.000       ms
[100.065s][info][gc,stats    ]    Subphase: Pause Roots JRFWeak                           0.000 / 0.000         0.000 / 0.000         0.000 / 0.000         0.000 / 0.000       ms
[100.065s][info][gc,stats    ]    Subphase: Pause Roots JVMTIExport                       0.001 / 0.001         0.001 / 0.001         0.001 / 0.001         0.001 / 0.001       ms
[100.065s][info][gc,stats    ]    Subphase: Pause Roots JVMTIWeakExport                   0.001 / 0.001         0.001 / 0.001         0.001 / 0.001         0.001 / 0.001       ms
[100.065s][info][gc,stats    ]    Subphase: Pause Roots Management                        0.001 / 0.001         0.001 / 0.005         0.001 / 0.005         0.001 / 0.005       ms
[100.065s][info][gc,stats    ]    Subphase: Pause Roots ObjectSynchronizer                0.000 / 0.000         0.000 / 0.001         0.000 / 0.001         0.000 / 0.001       ms
[100.065s][info][gc,stats    ]    Subphase: Pause Roots Setup                             0.206 / 0.323         0.178 / 0.789         0.178 / 0.789         0.178 / 0.789       ms
[100.065s][info][gc,stats    ]    Subphase: Pause Roots StringTable                       0.000 / 0.000         0.000 / 0.000         0.000 / 0.000         0.000 / 0.000       ms
[100.065s][info][gc,stats    ]    Subphase: Pause Roots SystemDictionary                  0.015 / 0.018         0.013 / 0.035         0.013 / 0.035         0.013 / 0.035       ms
[100.065s][info][gc,stats    ]    Subphase: Pause Roots Teardown                          0.001 / 0.002         0.001 / 0.004         0.001 / 0.004         0.001 / 0.004       ms
[100.065s][info][gc,stats    ]    Subphase: Pause Roots Threads                           0.372 / 0.669         0.281 / 1.904         0.281 / 1.904         0.281 / 1.904       ms
[100.065s][info][gc,stats    ]    Subphase: Pause Roots Universe                          0.002 / 0.003         0.008 / 0.382         0.008 / 0.382         0.008 / 0.382       ms
[100.065s][info][gc,stats    ]    Subphase: Pause Roots VMWeakHandles                     0.000 / 0.000         0.000 / 0.000         0.000 / 0.000         0.000 / 0.000       ms
[100.065s][info][gc,stats    ]    Subphase: Pause Weak Roots                              0.002 / 0.002         0.002 / 0.011         0.002 / 0.011         0.002 / 0.011       ms
[100.065s][info][gc,stats    ]    Subphase: Pause Weak Roots JFRWeak                      0.001 / 0.001         0.001 / 0.001         0.001 / 0.001         0.001 / 0.001       ms
[100.065s][info][gc,stats    ]    Subphase: Pause Weak Roots JNIWeakHandles               0.000 / 0.000         0.000 / 0.000         0.000 / 0.000         0.000 / 0.000       ms
[100.065s][info][gc,stats    ]    Subphase: Pause Weak Roots JVMTIWeakExport              0.001 / 0.001         0.001 / 0.008         0.001 / 0.008         0.001 / 0.008       ms
[100.065s][info][gc,stats    ]    Subphase: Pause Weak Roots Setup                        0.000 / 0.000         0.000 / 0.000         0.000 / 0.000         0.000 / 0.000       ms
[100.065s][info][gc,stats    ]    Subphase: Pause Weak Roots StringTable                  0.000 / 0.000         0.000 / 0.000         0.000 / 0.000         0.000 / 0.000       ms
[100.065s][info][gc,stats    ]    Subphase: Pause Weak Roots SymbolTable                  0.000 / 0.000         0.000 / 0.000         0.000 / 0.000         0.000 / 0.000       ms
[100.065s][info][gc,stats    ]    Subphase: Pause Weak Roots Teardown                     0.001 / 0.001         0.001 / 0.001         0.001 / 0.001         0.001 / 0.001       ms
[100.065s][info][gc,stats    ]    Subphase: Pause Weak Roots VMWeakHandles                0.000 / 0.000         0.000 / 0.000         0.000 / 0.000         0.000 / 0.000       ms
[100.065s][info][gc,stats    ]      System: Java Threads                                     87 / 91               55 / 91               55 / 91               55 / 91          threads
[100.065s][info][gc,stats    ] =========================================================================================================================================================
[100.418s][info][gc,phases   ] GC(35) Concurrent Relocate 596.529ms
[100.419s][info][gc,load     ] GC(35) Load: 3.04/2.44/2.59
[100.419s][info][gc,mmu      ] GC(35) MMU: 2ms/0.0%, 5ms/0.0%, 10ms/12.6%, 20ms/46.4%, 50ms/78.5%, 100ms/87.1%
[100.419s][info][gc,marking  ] GC(35) Mark: 1 stripe(s), 2 proactive flush(es), 1 terminate flush(es), 0 completion(s), 0 continuation(s) 
[100.419s][info][gc,reloc    ] GC(35) Relocation: Successful, 71M relocated
[100.419s][info][gc,nmethod  ] GC(35) NMethods: 4065 registered, 4 unregistered
[100.419s][info][gc,metaspace] GC(35) Metaspace: 73M used, 77M capacity, 77M committed, 78M reserved
[100.419s][info][gc,ref      ] GC(35) Soft: 4899 encountered, 0 discovered, 0 enqueued
[100.419s][info][gc,ref      ] GC(35) Weak: 4852 encountered, 3797 discovered, 2 enqueued
[100.419s][info][gc,ref      ] GC(35) Final: 28 encountered, 0 discovered, 0 enqueued
[100.419s][info][gc,ref      ] GC(35) Phantom: 662 encountered, 658 discovered, 0 enqueued
[100.419s][info][gc,heap     ] GC(35)                Mark Start          Mark End        Relocate Start      Relocate End           High               Low         
[100.419s][info][gc,heap     ] GC(35)  Capacity:     1750M (100%)       1750M (100%)       1750M (100%)       1750M (100%)       1750M (100%)       1750M (100%)   
[100.419s][info][gc,heap     ] GC(35)   Reserve:       34M (2%)           34M (2%)           34M (2%)           34M (2%)           34M (2%)           34M (2%)     
[100.419s][info][gc,heap     ] GC(35)      Free:      950M (54%)         464M (27%)         542M (31%)         646M (37%)         950M (54%)         460M (26%)    
[100.419s][info][gc,heap     ] GC(35)      Used:      766M (44%)        1252M (72%)        1174M (67%)        1070M (61%)        1256M (72%)         766M (44%)    
[100.419s][info][gc,heap     ] GC(35)      Live:         -               255M (15%)         255M (15%)         255M (15%)            -                  -          
[100.419s][info][gc,heap     ] GC(35) Allocated:         -               486M (28%)         502M (29%)         866M (49%)            -                  -          
[100.419s][info][gc,heap     ] GC(35)   Garbage:         -               510M (29%)         416M (24%)           0M (0%)             -                  -          
[100.419s][info][gc,heap     ] GC(35) Reclaimed:         -                  -                94M (5%)          510M (29%)            -                  -          
[100.419s][info][gc          ] GC(35) Garbage Collection (Allocation Rate) 766M(44%)->1070M(61%)
[100.464s][info][gc,start    ] GC(36) Garbage Collection (Allocation Rate)
[100.470s][info][gc,phases   ] GC(36) Pause Mark Start 3.197ms
[101.270s][info][gc,phases   ] GC(36) Concurrent Mark 800.530ms
[101.271s][info][gc,phases   ] GC(36) Pause Mark End 0.265ms
[101.272s][info][gc,phases   ] GC(36) Concurrent Process Non-Strong References 1.595ms
[101.275s][info][gc,phases   ] GC(36) Concurrent Reset Relocation Set 1.205ms
[101.275s][info][gc,phases   ] GC(36) Concurrent Destroy Detached Pages 0.001ms
[101.277s][info][gc,phases   ] GC(36) Concurrent Select Relocation Set 1.527ms
[101.293s][info][gc,phases   ] GC(36) Concurrent Prepare Relocation Set 15.737ms
[101.299s][info][gc,phases   ] GC(36) Pause Relocate Start 3.038ms
[101.387s][info][gc,phases   ] GC(36) Concurrent Relocate 86.435ms
[101.387s][info][gc,load     ] GC(36) Load: 3.04/2.44/2.59
[101.387s][info][gc,mmu      ] GC(36) MMU: 2ms/0.0%, 5ms/0.0%, 10ms/12.6%, 20ms/46.4%, 50ms/78.5%, 100ms/87.1%
[101.387s][info][gc,marking  ] GC(36) Mark: 1 stripe(s), 2 proactive flush(es), 1 terminate flush(es), 0 completion(s), 0 continuation(s) 
[101.387s][info][gc,reloc    ] GC(36) Relocation: Successful, 42M relocated
[101.387s][info][gc,nmethod  ] GC(36) NMethods: 4104 registered, 4 unregistered
[101.387s][info][gc,metaspace] GC(36) Metaspace: 73M used, 77M capacity, 77M committed, 78M reserved
[101.387s][info][gc,ref      ] GC(36) Soft: 4903 encountered, 0 discovered, 0 enqueued
[101.387s][info][gc,ref      ] GC(36) Weak: 4869 encountered, 3929 discovered, 125 enqueued
[101.387s][info][gc,ref      ] GC(36) Final: 28 encountered, 0 discovered, 0 enqueued
[101.387s][info][gc,ref      ] GC(36) Phantom: 665 encountered, 661 discovered, 3 enqueued
[101.387s][info][gc,heap     ] GC(36)                Mark Start          Mark End        Relocate Start      Relocate End           High               Low         
[101.387s][info][gc,heap     ] GC(36)  Capacity:     1750M (100%)       1750M (100%)       1750M (100%)       1750M (100%)       1750M (100%)       1750M (100%)   
[101.387s][info][gc,heap     ] GC(36)   Reserve:       34M (2%)           34M (2%)           34M (2%)           34M (2%)           34M (2%)           34M (2%)     
[101.387s][info][gc,heap     ] GC(36)      Free:      622M (36%)         378M (22%)        1014M (58%)        1118M (64%)        1118M (64%)         378M (22%)    
[101.387s][info][gc,heap     ] GC(36)      Used:     1094M (63%)        1338M (76%)         702M (40%)         598M (34%)        1338M (76%)         598M (34%)    
[101.387s][info][gc,heap     ] GC(36)      Live:         -               310M (18%)         310M (18%)         310M (18%)            -                  -          
[101.387s][info][gc,heap     ] GC(36) Allocated:         -               244M (14%)         244M (14%)         270M (15%)            -                  -          
[101.387s][info][gc,heap     ] GC(36)   Garbage:         -               783M (45%)         147M (8%)           41M (2%)             -                  -          
[101.387s][info][gc,heap     ] GC(36) Reclaimed:         -                  -               636M (36%)         742M (42%)            -                  -          
[101.387s][info][gc          ] GC(36) Garbage Collection (Allocation Rate) 1094M(63%)->598M(34%)
[101.387s][info][gc,start    ] GC(37) Garbage Collection (System.gc())
[101.390s][info][gc,phases   ] GC(37) Pause Mark Start 3.204ms
[101.682s][info][gc,phases   ] GC(37) Concurrent Mark 292.070ms
[101.683s][info][gc,phases   ] GC(37) Pause Mark End 0.285ms
[101.685s][info][gc,phases   ] GC(37) Concurrent Process Non-Strong References 1.594ms
[101.685s][info][gc,phases   ] GC(37) Concurrent Reset Relocation Set 0.521ms
[101.685s][info][gc,phases   ] GC(37) Concurrent Destroy Detached Pages 0.000ms
[101.697s][info][gc,phases   ] GC(37) Concurrent Select Relocation Set 11.499ms
[101.697s][info][gc,phases   ] GC(37) Concurrent Prepare Relocation Set 0.290ms
[101.707s][info][gc,phases   ] GC(37) Pause Relocate Start 2.992ms
[101.722s][info][gc,phases   ] GC(37) Concurrent Relocate 15.512ms
[101.722s][info][gc,load     ] GC(37) Load: 3.04/2.44/2.59
[101.722s][info][gc,mmu      ] GC(37) MMU: 2ms/0.0%, 5ms/0.0%, 10ms/12.6%, 20ms/46.4%, 50ms/78.5%, 100ms/87.1%
[101.722s][info][gc,marking  ] GC(37) Mark: 1 stripe(s), 2 proactive flush(es), 1 terminate flush(es), 0 completion(s), 0 continuation(s) 
[101.722s][info][gc,reloc    ] GC(37) Relocation: Successful, 16M relocated
[101.722s][info][gc,nmethod  ] GC(37) NMethods: 4114 registered, 4 unregistered
[101.722s][info][gc,metaspace] GC(37) Metaspace: 73M used, 77M capacity, 77M committed, 78M reserved
[101.722s][info][gc,ref      ] GC(37) Soft: 4911 encountered, 0 discovered, 0 enqueued
[101.722s][info][gc,ref      ] GC(37) Weak: 4809 encountered, 3869 discovered, 17 enqueued
[101.722s][info][gc,ref      ] GC(37) Final: 28 encountered, 0 discovered, 0 enqueued
[101.722s][info][gc,ref      ] GC(37) Phantom: 680 encountered, 676 discovered, 18 enqueued
[101.722s][info][gc,heap     ] GC(37)                Mark Start          Mark End        Relocate Start      Relocate End           High               Low         
[101.722s][info][gc,heap     ] GC(37)  Capacity:     1750M (100%)       1750M (100%)       1750M (100%)       1750M (100%)       1750M (100%)       1750M (100%)   
[101.722s][info][gc,heap     ] GC(37)   Reserve:       34M (2%)           34M (2%)           34M (2%)           34M (2%)           34M (2%)           34M (2%)     
[101.722s][info][gc,heap     ] GC(37)      Free:     1118M (64%)        1116M (64%)        1456M (83%)        1488M (85%)        1490M (85%)        1116M (64%)    
[101.722s][info][gc,heap     ] GC(37)      Used:      598M (34%)         600M (34%)         260M (15%)         228M (13%)         600M (34%)         226M (13%)    
[101.722s][info][gc,heap     ] GC(37)      Live:         -               191M (11%)         191M (11%)         191M (11%)            -                  -          
[101.722s][info][gc,heap     ] GC(37) Allocated:         -                 2M (0%)            2M (0%)            8M (0%)             -                  -          
[101.722s][info][gc,heap     ] GC(37)   Garbage:         -               406M (23%)          66M (4%)           32M (2%)             -                  -          
[101.722s][info][gc,heap     ] GC(37) Reclaimed:         -                  -               340M (19%)         374M (21%)            -                  -          
[101.722s][info][gc          ] GC(37) Garbage Collection (System.gc()) 598M(34%)->228M(13%)
[102.665s][info][gc,start    ] GC(38) Garbage Collection (Allocation Rate)
[102.671s][info][gc,phases   ] GC(38) Pause Mark Start 3.348ms
[103.620s][info][gc,phases   ] GC(38) Concurrent Mark 949.495ms
[103.623s][info][gc,phases   ] GC(38) Pause Mark End 0.350ms
[103.625s][info][gc,phases   ] GC(38) Concurrent Process Non-Strong References 1.650ms
[103.625s][info][gc,phases   ] GC(38) Concurrent Reset Relocation Set 0.005ms
[103.625s][info][gc,phases   ] GC(38) Concurrent Destroy Detached Pages 0.000ms
[103.626s][info][gc,phases   ] GC(38) Concurrent Select Relocation Set 1.545ms
[103.634s][info][gc,phases   ] GC(38) Concurrent Prepare Relocation Set 7.870ms
[103.642s][info][gc,phases   ] GC(38) Pause Relocate Start 5.089ms
[103.803s][info][gc,phases   ] GC(38) Concurrent Relocate 156.471ms
[103.803s][info][gc,load     ] GC(38) Load: 2.95/2.44/2.59
[103.803s][info][gc,mmu      ] GC(38) MMU: 2ms/0.0%, 5ms/0.0%, 10ms/12.6%, 20ms/46.4%, 50ms/78.5%, 100ms/87.1%
[103.803s][info][gc,marking  ] GC(38) Mark: 1 stripe(s), 2 proactive flush(es), 1 terminate flush(es), 0 completion(s), 0 continuation(s) 
[103.803s][info][gc,reloc    ] GC(38) Relocation: Successful, 61M relocated
[103.803s][info][gc,nmethod  ] GC(38) NMethods: 4175 registered, 4 unregistered
[103.803s][info][gc,metaspace] GC(38) Metaspace: 73M used, 77M capacity, 77M committed, 78M reserved
[103.803s][info][gc,ref      ] GC(38) Soft: 4913 encountered, 0 discovered, 0 enqueued
[103.803s][info][gc,ref      ] GC(38) Weak: 4872 encountered, 3872 discovered, 16 enqueued
[103.803s][info][gc,ref      ] GC(38) Final: 28 encountered, 0 discovered, 0 enqueued
[103.803s][info][gc,ref      ] GC(38) Phantom: 662 encountered, 658 discovered, 0 enqueued
[103.803s][info][gc,heap     ] GC(38)                Mark Start          Mark End        Relocate Start      Relocate End           High               Low         
[103.803s][info][gc,heap     ] GC(38)  Capacity:     1750M (100%)       1750M (100%)       1750M (100%)       1750M (100%)       1750M (100%)       1750M (100%)   
[103.803s][info][gc,heap     ] GC(38)   Reserve:       34M (2%)           34M (2%)           34M (2%)           34M (2%)           34M (2%)           34M (2%)     
[103.803s][info][gc,heap     ] GC(38)      Free:     1184M (68%)         954M (55%)         996M (57%)        1152M (66%)        1184M (68%)         954M (55%)    
[103.803s][info][gc,heap     ] GC(38)      Used:      532M (30%)         762M (44%)         720M (41%)         564M (32%)         762M (44%)         532M (30%)    
[103.803s][info][gc,heap     ] GC(38)      Live:         -               254M (15%)         254M (15%)         254M (15%)            -                  -          
[103.803s][info][gc,heap     ] GC(38) Allocated:         -               230M (13%)         232M (13%)         300M (17%)            -                  -          
[103.803s][info][gc,heap     ] GC(38)   Garbage:         -               277M (16%)         233M (13%)          63M (4%)             -                  -          
[103.803s][info][gc,heap     ] GC(38) Reclaimed:         -                  -                44M (3%)          214M (12%)            -                  -          
[103.803s][info][gc          ] GC(38) Garbage Collection (Allocation Rate) 532M(30%)->564M(32%)
[104.064s][info][gc,start    ] GC(39) Garbage Collection (Allocation Rate)
[104.070s][info][gc,phases   ] GC(39) Pause Mark Start 3.277ms
[105.251s][info][gc,phases   ] GC(39) Concurrent Mark 1181.316ms
[105.254s][info][gc,phases   ] GC(39) Pause Mark End 0.393ms
[105.256s][info][gc,phases   ] GC(39) Concurrent Process Non-Strong References 1.559ms
[105.257s][info][gc,phases   ] GC(39) Concurrent Reset Relocation Set 0.813ms
[105.257s][info][gc,phases   ] GC(39) Concurrent Destroy Detached Pages 0.001ms
[105.258s][info][gc,phases   ] GC(39) Concurrent Select Relocation Set 1.552ms
[105.272s][info][gc,phases   ] GC(39) Concurrent Prepare Relocation Set 13.583ms
[105.277s][info][gc,phases   ] GC(39) Pause Relocate Start 2.847ms
[105.426s][info][gc,phases   ] GC(39) Concurrent Relocate 148.933ms
[105.426s][info][gc,load     ] GC(39) Load: 2.95/2.44/2.59
[105.426s][info][gc,mmu      ] GC(39) MMU: 2ms/0.0%, 5ms/0.0%, 10ms/12.6%, 20ms/46.4%, 50ms/78.5%, 100ms/87.1%
[105.426s][info][gc,marking  ] GC(39) Mark: 1 stripe(s), 2 proactive flush(es), 1 terminate flush(es), 0 completion(s), 0 continuation(s) 
[105.426s][info][gc,reloc    ] GC(39) Relocation: Successful, 50M relocated
[105.426s][info][gc,nmethod  ] GC(39) NMethods: 4179 registered, 4 unregistered
[105.426s][info][gc,metaspace] GC(39) Metaspace: 73M used, 77M capacity, 77M committed, 78M reserved
[105.426s][info][gc,ref      ] GC(39) Soft: 4913 encountered, 0 discovered, 0 enqueued
[105.426s][info][gc,ref      ] GC(39) Weak: 4856 encountered, 3856 discovered, 0 enqueued
[105.426s][info][gc,ref      ] GC(39) Final: 28 encountered, 0 discovered, 0 enqueued
[105.426s][info][gc,ref      ] GC(39) Phantom: 662 encountered, 658 discovered, 0 enqueued
[105.426s][info][gc,heap     ] GC(39)                Mark Start          Mark End        Relocate Start      Relocate End           High               Low         
[105.426s][info][gc,heap     ] GC(39)  Capacity:     1750M (100%)       1750M (100%)       1750M (100%)       1750M (100%)       1750M (100%)       1750M (100%)   
[105.426s][info][gc,heap     ] GC(39)   Reserve:       34M (2%)           34M (2%)           34M (2%)           34M (2%)           34M (2%)           34M (2%)     
[105.426s][info][gc,heap     ] GC(39)      Free:     1038M (59%)         806M (46%)         812M (46%)        1166M (67%)        1166M (67%)         806M (46%)    
[105.426s][info][gc,heap     ] GC(39)      Used:      678M (39%)         910M (52%)         904M (52%)         550M (31%)         910M (52%)         550M (31%)    
[105.426s][info][gc,heap     ] GC(39)      Live:         -               275M (16%)         275M (16%)         275M (16%)            -                  -          
[105.426s][info][gc,heap     ] GC(39) Allocated:         -               232M (13%)         232M (13%)         258M (15%)            -                  -          
[105.426s][info][gc,heap     ] GC(39)   Garbage:         -               402M (23%)         396M (23%)          42M (2%)             -                  -          
[105.426s][info][gc,heap     ] GC(39) Reclaimed:         -                  -                 6M (0%)          360M (21%)            -                  -          
[105.426s][info][gc          ] GC(39) Garbage Collection (Allocation Rate) 678M(39%)->550M(31%)
[106.364s][info][gc,start    ] GC(40) Garbage Collection (Allocation Rate)
[106.370s][info][gc,phases   ] GC(40) Pause Mark Start 3.318ms
[107.225s][info][gc,phases   ] GC(40) Concurrent Mark 854.857ms
[107.228s][info][gc,phases   ] GC(40) Pause Mark End 0.365ms
[107.230s][info][gc,phases   ] GC(40) Concurrent Process Non-Strong References 1.630ms
[107.231s][info][gc,phases   ] GC(40) Concurrent Reset Relocation Set 0.779ms
[107.231s][info][gc,phases   ] GC(40) Concurrent Destroy Detached Pages 0.000ms
[107.233s][info][gc,phases   ] GC(40) Concurrent Select Relocation Set 2.535ms
[107.247s][info][gc,phases   ] GC(40) Concurrent Prepare Relocation Set 13.312ms
[107.252s][info][gc,phases   ] GC(40) Pause Relocate Start 2.870ms
[107.417s][info][gc,phases   ] GC(40) Concurrent Relocate 164.850ms
[107.417s][info][gc,load     ] GC(40) Load: 2.95/2.44/2.59
[107.417s][info][gc,mmu      ] GC(40) MMU: 2ms/0.0%, 5ms/0.0%, 10ms/12.6%, 20ms/46.4%, 50ms/78.5%, 100ms/87.1%
[107.417s][info][gc,marking  ] GC(40) Mark: 1 stripe(s), 2 proactive flush(es), 1 terminate flush(es), 0 completion(s), 0 continuation(s) 
[107.417s][info][gc,reloc    ] GC(40) Relocation: Successful, 60M relocated
[107.417s][info][gc,nmethod  ] GC(40) NMethods: 4202 registered, 4 unregistered
[107.417s][info][gc,metaspace] GC(40) Metaspace: 73M used, 77M capacity, 77M committed, 78M reserved
[107.417s][info][gc,ref      ] GC(40) Soft: 4914 encountered, 0 discovered, 0 enqueued
[107.417s][info][gc,ref      ] GC(40) Weak: 4826 encountered, 3826 discovered, 27 enqueued
[107.417s][info][gc,ref      ] GC(40) Final: 28 encountered, 0 discovered, 0 enqueued
[107.417s][info][gc,ref      ] GC(40) Phantom: 662 encountered, 658 discovered, 0 enqueued
[107.417s][info][gc,heap     ] GC(40)                Mark Start          Mark End        Relocate Start      Relocate End           High               Low         
[107.417s][info][gc,heap     ] GC(40)  Capacity:     1750M (100%)       1750M (100%)       1750M (100%)       1750M (100%)       1750M (100%)       1750M (100%)   
[107.417s][info][gc,heap     ] GC(40)   Reserve:       34M (2%)           34M (2%)           34M (2%)           34M (2%)           34M (2%)           34M (2%)     
[107.417s][info][gc,heap     ] GC(40)      Free:      916M (52%)         700M (40%)        1038M (59%)        1172M (67%)        1172M (67%)         700M (40%)    
[107.417s][info][gc,heap     ] GC(40)      Used:      800M (46%)        1016M (58%)         678M (39%)         544M (31%)        1016M (58%)         544M (31%)    
[107.417s][info][gc,heap     ] GC(40)      Live:         -               253M (14%)         253M (14%)         253M (14%)            -                  -          
[107.417s][info][gc,heap     ] GC(40) Allocated:         -               216M (12%)         220M (13%)         284M (16%)            -                  -          
[107.417s][info][gc,heap     ] GC(40)   Garbage:         -               546M (31%)         204M (12%)          70M (4%)             -                  -          
[107.417s][info][gc,heap     ] GC(40) Reclaimed:         -                  -               342M (20%)         476M (27%)            -                  -          
[107.417s][info][gc          ] GC(40) Garbage Collection (Allocation Rate) 800M(46%)->544M(31%)
[107.664s][info][gc,start    ] GC(41) Garbage Collection (Allocation Rate)
[107.670s][info][gc,phases   ] GC(41) Pause Mark Start 3.246ms
[108.836s][info][gc,phases   ] GC(41) Concurrent Mark 1166.581ms
[108.839s][info][gc,phases   ] GC(41) Pause Mark End 0.351ms
[108.841s][info][gc,phases   ] GC(41) Concurrent Process Non-Strong References 1.541ms
[108.842s][info][gc,phases   ] GC(41) Concurrent Reset Relocation Set 0.868ms
[108.842s][info][gc,phases   ] GC(41) Concurrent Destroy Detached Pages 0.001ms
[108.843s][info][gc,phases   ] GC(41) Concurrent Select Relocation Set 1.559ms
[108.854s][info][gc,phases   ] GC(41) Concurrent Prepare Relocation Set 10.853ms
[108.860s][info][gc,phases   ] GC(41) Pause Relocate Start 2.839ms
[109.009s][info][gc,phases   ] GC(41) Concurrent Relocate 149.059ms
[109.009s][info][gc,load     ] GC(41) Load: 2.88/2.43/2.58
[109.009s][info][gc,mmu      ] GC(41) MMU: 2ms/0.0%, 5ms/0.0%, 10ms/12.6%, 20ms/46.4%, 50ms/78.5%, 100ms/87.1%
[109.009s][info][gc,marking  ] GC(41) Mark: 1 stripe(s), 2 proactive flush(es), 1 terminate flush(es), 0 completion(s), 0 continuation(s) 
[109.009s][info][gc,reloc    ] GC(41) Relocation: Successful, 49M relocated
[109.009s][info][gc,nmethod  ] GC(41) NMethods: 4221 registered, 4 unregistered
[109.009s][info][gc,metaspace] GC(41) Metaspace: 73M used, 77M capacity, 77M committed, 78M reserved
[109.009s][info][gc,ref      ] GC(41) Soft: 4914 encountered, 0 discovered, 0 enqueued
[109.009s][info][gc,ref      ] GC(41) Weak: 4799 encountered, 3820 discovered, 0 enqueued
[109.009s][info][gc,ref      ] GC(41) Final: 28 encountered, 0 discovered, 0 enqueued
[109.009s][info][gc,ref      ] GC(41) Phantom: 662 encountered, 658 discovered, 0 enqueued
[109.009s][info][gc,heap     ] GC(41)                Mark Start          Mark End        Relocate Start      Relocate End           High               Low         
[109.009s][info][gc,heap     ] GC(41)  Capacity:     1750M (100%)       1750M (100%)       1750M (100%)       1750M (100%)       1750M (100%)       1750M (100%)   
[109.009s][info][gc,heap     ] GC(41)   Reserve:       34M (2%)           34M (2%)           34M (2%)           34M (2%)           34M (2%)           34M (2%)     
[109.009s][info][gc,heap     ] GC(41)      Free:     1062M (61%)         830M (47%)         836M (48%)        1136M (65%)        1136M (65%)         830M (47%)    
[109.009s][info][gc,heap     ] GC(41)      Used:      654M (37%)         886M (51%)         880M (50%)         580M (33%)         886M (51%)         580M (33%)    
[109.009s][info][gc,heap     ] GC(41)      Live:         -               274M (16%)         274M (16%)         274M (16%)            -                  -          
[109.009s][info][gc,heap     ] GC(41) Allocated:         -               232M (13%)         232M (13%)         290M (17%)            -                  -          
[109.009s][info][gc,heap     ] GC(41)   Garbage:         -               379M (22%)         373M (21%)          41M (2%)             -                  -          
[109.009s][info][gc,heap     ] GC(41) Reclaimed:         -                  -                 6M (0%)          338M (19%)            -                  -          
[109.009s][info][gc          ] GC(41) Garbage Collection (Allocation Rate) 654M(37%)->580M(33%)
[110.064s][info][gc,stats    ] === Garbage Collection Statistics =======================================================================================================================
[110.064s][info][gc,stats    ]                                                              Last 10s              Last 10m              Last 10h                Total
[110.064s][info][gc,stats    ]                                                              Avg / Max             Avg / Max             Avg / Max             Avg / Max
[110.064s][info][gc,stats    ]   Collector: Garbage Collection Cycle                   1201.711 / 2254.699   1201.234 / 3111.730   1201.234 / 3111.730   1201.234 / 3111.730    ms
[110.064s][info][gc,stats    ]  Contention: Mark Segment Reset Contention                     0 / 0                 0 / 0                 0 / 0                 0 / 0           ops/s
[110.064s][info][gc,stats    ]  Contention: Mark SeqNum Reset Contention                      0 / 0                 0 / 0                 0 / 0                 0 / 0           ops/s
[110.064s][info][gc,stats    ]  Contention: Relocation Contention                             0 / 1                 0 / 2                 0 / 2                 0 / 2           ops/s
[110.064s][info][gc,stats    ]    Critical: Allocation Stall                              0.000 / 0.000        19.824 / 19.824       19.824 / 19.824       19.824 / 19.824      ms
[110.064s][info][gc,stats    ]    Critical: Allocation Stall                                  0 / 0                 0 / 1                 0 / 1                 0 / 1           ops/s
[110.064s][info][gc,stats    ]    Critical: GC Locker Stall                               0.000 / 0.000         0.000 / 0.000         0.000 / 0.000         0.000 / 0.000       ms
[110.064s][info][gc,stats    ]    Critical: GC Locker Stall                                   0 / 0                 0 / 0                 0 / 0                 0 / 0           ops/s
[110.064s][info][gc,stats    ]      Memory: Allocation Rate                                 250 / 434             187 / 1130            187 / 1130            187 / 1130        MB/s
[110.064s][info][gc,stats    ]      Memory: Heap Used After Mark                            918 / 1338            856 / 1716            856 / 1716            856 / 1716        MB
[110.064s][info][gc,stats    ]      Memory: Heap Used After Relocation                      590 / 1070            413 / 1070            413 / 1070            413 / 1070        MB
[110.064s][info][gc,stats    ]      Memory: Heap Used Before Mark                           726 / 1094            693 / 1464            693 / 1464            693 / 1464        MB
[110.064s][info][gc,stats    ]      Memory: Heap Used Before Relocation                     690 / 904             561 / 1252            561 / 1252            561 / 1252        MB
[110.064s][info][gc,stats    ]      Memory: Out Of Memory                                     0 / 0                 0 / 0                 0 / 0                 0 / 0           ops/s
[110.064s][info][gc,stats    ]      Memory: Page Cache Flush                                  0 / 0                 1 / 40                1 / 40                1 / 40          MB/s
[110.064s][info][gc,stats    ]      Memory: Page Cache Hit L1                               123 / 230              83 / 566              83 / 566              83 / 566         ops/s
[110.064s][info][gc,stats    ]      Memory: Page Cache Hit L2                                 0 / 0                 0 / 0                 0 / 0                 0 / 0           ops/s
[110.064s][info][gc,stats    ]      Memory: Page Cache Miss                                   0 / 1                 6 / 216               6 / 216               6 / 216         ops/s
[110.064s][info][gc,stats    ]      Memory: Undo Object Allocation Failed                     0 / 0                 0 / 0                 0 / 0                 0 / 0           ops/s
[110.064s][info][gc,stats    ]      Memory: Undo Object Allocation Succeeded                  0 / 1                 0 / 2                 0 / 2                 0 / 2           ops/s
[110.064s][info][gc,stats    ]      Memory: Undo Page Allocation                              0 / 0                 0 / 2                 0 / 2                 0 / 2           ops/s
[110.064s][info][gc,stats    ]       Phase: Concurrent Destroy Detached Pages             0.001 / 0.001         0.001 / 0.026         0.001 / 0.026         0.001 / 0.026       ms
[110.064s][info][gc,stats    ]       Phase: Concurrent Mark                             874.141 / 1181.316    996.108 / 3094.271    996.108 / 3094.271    996.108 / 3094.271    ms
[110.064s][info][gc,stats    ]       Phase: Concurrent Mark Continue                      0.000 / 0.000         0.000 / 0.000         0.000 / 0.000         0.000 / 0.000       ms
[110.064s][info][gc,stats    ]       Phase: Concurrent Prepare Relocation Set            10.274 / 15.737        9.408 / 56.131        9.408 / 56.131        9.408 / 56.131      ms
[110.064s][info][gc,stats    ]       Phase: Concurrent Process Non-Strong References      1.595 / 1.650         2.379 / 8.250         2.379 / 8.250         2.379 / 8.250       ms
[110.064s][info][gc,stats    ]       Phase: Concurrent Relocate                         188.256 / 596.529     172.078 / 596.529     172.078 / 596.529     172.078 / 596.529     ms
[110.064s][info][gc,stats    ]       Phase: Concurrent Reset Relocation Set               0.698 / 1.205         0.407 / 1.407         0.407 / 1.407         0.407 / 1.407       ms
[110.064s][info][gc,stats    ]       Phase: Concurrent Select Relocation Set              3.369 / 11.499        2.761 / 18.220        2.761 / 18.220        2.761 / 18.220      ms
[110.064s][info][gc,stats    ]       Phase: Pause Mark End                                0.335 / 0.393         0.281 / 1.566         0.281 / 1.566         0.281 / 1.566       ms
[110.064s][info][gc,stats    ]       Phase: Pause Mark Start                              3.265 / 3.348         2.700 / 5.079         2.700 / 5.079         2.700 / 5.079       ms
[110.064s][info][gc,stats    ]       Phase: Pause Relocate Start                          3.279 / 5.089         2.797 / 8.425         2.797 / 8.425         2.797 / 8.425       ms
[110.064s][info][gc,stats    ]    Subphase: Concurrent Mark                             873.274 / 1181.285    995.101 / 3094.254    995.101 / 3094.254    995.101 / 3094.254    ms
[110.064s][info][gc,stats    ]    Subphase: Concurrent Mark Idle                          0.000 / 0.000         0.000 / 0.000         0.000 / 0.000         0.000 / 0.000       ms
[110.064s][info][gc,stats    ]    Subphase: Concurrent Mark Try Flush                     0.853 / 4.487         2.378 / 26.466        2.378 / 26.466        2.378 / 26.466      ms
[110.064s][info][gc,stats    ]    Subphase: Concurrent Mark Try Terminate                 0.326 / 1.026         0.740 / 11.670        0.740 / 11.670        0.740 / 11.670      ms
[110.064s][info][gc,stats    ]    Subphase: Concurrent References Enqueue                 0.002 / 0.004         0.003 / 0.007         0.003 / 0.007         0.003 / 0.007       ms
[110.064s][info][gc,stats    ]    Subphase: Concurrent References Process                 0.758 / 0.811         1.040 / 4.858         1.040 / 4.858         1.040 / 4.858       ms
[110.064s][info][gc,stats    ]    Subphase: Concurrent Weak Roots                         0.826 / 0.876         0.920 / 4.940         0.920 / 4.940         0.920 / 4.940       ms
[110.064s][info][gc,stats    ]    Subphase: Concurrent Weak Roots JNIWeakHandles          0.000 / 0.000         0.000 / 0.001         0.000 / 0.001         0.000 / 0.001       ms
[110.064s][info][gc,stats    ]    Subphase: Concurrent Weak Roots StringTable             0.605 / 0.637         0.716 / 4.665         0.716 / 4.665         0.716 / 4.665       ms
[110.064s][info][gc,stats    ]    Subphase: Concurrent Weak Roots VMWeakHandles           0.219 / 0.252         0.202 / 0.299         0.202 / 0.299         0.202 / 0.299       ms
[110.064s][info][gc,stats    ]    Subphase: Pause Mark Try Complete                       0.000 / 0.000         0.000 / 0.000         0.000 / 0.000         0.000 / 0.000       ms
[110.064s][info][gc,stats    ]    Subphase: Pause Remap TLABS                             0.002 / 0.004         0.001 / 0.004         0.001 / 0.004         0.001 / 0.004       ms
[110.064s][info][gc,stats    ]    Subphase: Pause Retire TLABS                            0.021 / 0.025         0.015 / 0.026         0.015 / 0.026         0.015 / 0.026       ms
[110.064s][info][gc,stats    ]    Subphase: Pause Roots                                   2.026 / 4.486         1.600 / 5.486         1.600 / 5.486         1.600 / 5.486       ms
[110.064s][info][gc,stats    ]    Subphase: Pause Roots ClassLoaderDataGraph              0.731 / 1.116         0.708 / 2.223         0.708 / 2.223         0.708 / 2.223       ms
[110.064s][info][gc,stats    ]    Subphase: Pause Roots CodeCache                         1.712 / 2.516         1.223 / 4.498         1.223 / 4.498         1.223 / 4.498       ms
[110.064s][info][gc,stats    ]    Subphase: Pause Roots JNIHandles                        0.001 / 0.002         0.001 / 0.008         0.001 / 0.008         0.001 / 0.008       ms
[110.064s][info][gc,stats    ]    Subphase: Pause Roots JNIWeakHandles                    0.000 / 0.000         0.000 / 0.000         0.000 / 0.000         0.000 / 0.000       ms
[110.064s][info][gc,stats    ]    Subphase: Pause Roots JRFWeak                           0.000 / 0.000         0.000 / 0.000         0.000 / 0.000         0.000 / 0.000       ms
[110.064s][info][gc,stats    ]    Subphase: Pause Roots JVMTIExport                       0.001 / 0.001         0.001 / 0.001         0.001 / 0.001         0.001 / 0.001       ms
[110.064s][info][gc,stats    ]    Subphase: Pause Roots JVMTIWeakExport                   0.001 / 0.001         0.001 / 0.001         0.001 / 0.001         0.001 / 0.001       ms
[110.064s][info][gc,stats    ]    Subphase: Pause Roots Management                        0.001 / 0.003         0.001 / 0.005         0.001 / 0.005         0.001 / 0.005       ms
[110.064s][info][gc,stats    ]    Subphase: Pause Roots ObjectSynchronizer                0.000 / 0.001         0.000 / 0.001         0.000 / 0.001         0.000 / 0.001       ms
[110.064s][info][gc,stats    ]    Subphase: Pause Roots Setup                             0.217 / 0.439         0.183 / 0.789         0.183 / 0.789         0.183 / 0.789       ms
[110.064s][info][gc,stats    ]    Subphase: Pause Roots StringTable                       0.000 / 0.000         0.000 / 0.000         0.000 / 0.000         0.000 / 0.000       ms
[110.064s][info][gc,stats    ]    Subphase: Pause Roots SystemDictionary                  0.014 / 0.021         0.013 / 0.035         0.013 / 0.035         0.013 / 0.035       ms
[110.064s][info][gc,stats    ]    Subphase: Pause Roots Teardown                          0.001 / 0.002         0.001 / 0.004         0.001 / 0.004         0.001 / 0.004       ms
[110.064s][info][gc,stats    ]    Subphase: Pause Roots Threads                           0.381 / 0.814         0.295 / 1.904         0.295 / 1.904         0.295 / 1.904       ms
[110.064s][info][gc,stats    ]    Subphase: Pause Roots Universe                          0.002 / 0.003         0.007 / 0.382         0.007 / 0.382         0.007 / 0.382       ms
[110.064s][info][gc,stats    ]    Subphase: Pause Roots VMWeakHandles                     0.000 / 0.000         0.000 / 0.000         0.000 / 0.000         0.000 / 0.000       ms
[110.064s][info][gc,stats    ]    Subphase: Pause Weak Roots                              0.002 / 0.002         0.002 / 0.011         0.002 / 0.011         0.002 / 0.011       ms
[110.064s][info][gc,stats    ]    Subphase: Pause Weak Roots JFRWeak                      0.001 / 0.001         0.001 / 0.001         0.001 / 0.001         0.001 / 0.001       ms
[110.064s][info][gc,stats    ]    Subphase: Pause Weak Roots JNIWeakHandles               0.000 / 0.000         0.000 / 0.000         0.000 / 0.000         0.000 / 0.000       ms
[110.064s][info][gc,stats    ]    Subphase: Pause Weak Roots JVMTIWeakExport              0.001 / 0.001         0.001 / 0.008         0.001 / 0.008         0.001 / 0.008       ms
[110.064s][info][gc,stats    ]    Subphase: Pause Weak Roots Setup                        0.000 / 0.000         0.000 / 0.000         0.000 / 0.000         0.000 / 0.000       ms
[110.064s][info][gc,stats    ]    Subphase: Pause Weak Roots StringTable                  0.000 / 0.000         0.000 / 0.000         0.000 / 0.000         0.000 / 0.000       ms
[110.064s][info][gc,stats    ]    Subphase: Pause Weak Roots SymbolTable                  0.000 / 0.000         0.000 / 0.000         0.000 / 0.000         0.000 / 0.000       ms
[110.064s][info][gc,stats    ]    Subphase: Pause Weak Roots Teardown                     0.001 / 0.001         0.001 / 0.001         0.001 / 0.001         0.001 / 0.001       ms
[110.064s][info][gc,stats    ]    Subphase: Pause Weak Roots VMWeakHandles                0.000 / 0.000         0.000 / 0.000         0.000 / 0.000         0.000 / 0.000       ms
[110.064s][info][gc,stats    ]      System: Java Threads                                    106 / 111              62 / 111              62 / 111              62 / 111         threads
[110.064s][info][gc,stats    ] =========================================================================================================================================================
[110.064s][info][gc,start    ] GC(42) Garbage Collection (Allocation Rate)
[110.070s][info][gc,phases   ] GC(42) Pause Mark Start 3.257ms
[110.950s][info][gc,phases   ] GC(42) Concurrent Mark 879.932ms
[110.953s][info][gc,phases   ] GC(42) Pause Mark End 0.521ms
[110.955s][info][gc,phases   ] GC(42) Concurrent Process Non-Strong References 1.617ms
[110.956s][info][gc,phases   ] GC(42) Concurrent Reset Relocation Set 0.794ms
[110.956s][info][gc,phases   ] GC(42) Concurrent Destroy Detached Pages 0.001ms
[110.957s][info][gc,phases   ] GC(42) Concurrent Select Relocation Set 1.535ms
[110.967s][info][gc,phases   ] GC(42) Concurrent Prepare Relocation Set 9.733ms
[110.972s][info][gc,phases   ] GC(42) Pause Relocate Start 2.952ms
[111.145s][info][gc,phases   ] GC(42) Concurrent Relocate 168.710ms
[111.145s][info][gc,load     ] GC(42) Load: 2.88/2.43/2.58
[111.145s][info][gc,mmu      ] GC(42) MMU: 2ms/0.0%, 5ms/0.0%, 10ms/12.6%, 20ms/46.4%, 50ms/78.5%, 100ms/87.1%
[111.145s][info][gc,marking  ] GC(42) Mark: 1 stripe(s), 2 proactive flush(es), 1 terminate flush(es), 0 completion(s), 0 continuation(s) 
[111.145s][info][gc,reloc    ] GC(42) Relocation: Successful, 61M relocated
[111.145s][info][gc,nmethod  ] GC(42) NMethods: 4248 registered, 4 unregistered
[111.145s][info][gc,metaspace] GC(42) Metaspace: 73M used, 77M capacity, 77M committed, 78M reserved
[111.145s][info][gc,ref      ] GC(42) Soft: 4914 encountered, 0 discovered, 0 enqueued
[111.145s][info][gc,ref      ] GC(42) Weak: 5004 encountered, 4002 discovered, 145 enqueued
[111.146s][info][gc,ref      ] GC(42) Final: 28 encountered, 0 discovered, 0 enqueued
[111.146s][info][gc,ref      ] GC(42) Phantom: 662 encountered, 658 discovered, 0 enqueued
[111.146s][info][gc,heap     ] GC(42)                Mark Start          Mark End        Relocate Start      Relocate End           High               Low         
[111.146s][info][gc,heap     ] GC(42)  Capacity:     1750M (100%)       1750M (100%)       1750M (100%)       1750M (100%)       1750M (100%)       1750M (100%)   
[111.146s][info][gc,heap     ] GC(42)   Reserve:       34M (2%)           34M (2%)           34M (2%)           34M (2%)           34M (2%)           34M (2%)     
[111.146s][info][gc,heap     ] GC(42)      Free:      878M (50%)         658M (38%)        1024M (59%)        1174M (67%)        1176M (67%)         658M (38%)    
[111.146s][info][gc,heap     ] GC(42)      Used:      838M (48%)        1058M (60%)         692M (40%)         542M (31%)        1058M (60%)         540M (31%)    
[111.146s][info][gc,heap     ] GC(42)      Live:         -               253M (15%)         253M (15%)         253M (15%)            -                  -          
[111.146s][info][gc,heap     ] GC(42) Allocated:         -               220M (13%)         222M (13%)         284M (16%)            -                  -          
[111.146s][info][gc,heap     ] GC(42)   Garbage:         -               584M (33%)         216M (12%)          66M (4%)             -                  -          
[111.146s][info][gc,heap     ] GC(42) Reclaimed:         -                  -               368M (21%)         518M (30%)            -                  -          
[111.146s][info][gc          ] GC(42) Garbage Collection (Allocation Rate) 838M(48%)->542M(31%)
[111.464s][info][gc,start    ] GC(43) Garbage Collection (Allocation Rate)
[111.470s][info][gc,phases   ] GC(43) Pause Mark Start 3.325ms
[112.637s][info][gc,phases   ] GC(43) Concurrent Mark 1166.736ms
[112.640s][info][gc,phases   ] GC(43) Pause Mark End 0.319ms
[112.641s][info][gc,phases   ] GC(43) Concurrent Process Non-Strong References 1.560ms
[112.642s][info][gc,phases   ] GC(43) Concurrent Reset Relocation Set 0.841ms
[112.642s][info][gc,phases   ] GC(43) Concurrent Destroy Detached Pages 0.001ms
[112.644s][info][gc,phases   ] GC(43) Concurrent Select Relocation Set 2.295ms
[112.653s][info][gc,phases   ] GC(43) Concurrent Prepare Relocation Set 8.493ms
[112.658s][info][gc,phases   ] GC(43) Pause Relocate Start 2.853ms
[112.807s][info][gc,phases   ] GC(43) Concurrent Relocate 144.832ms
[112.807s][info][gc,load     ] GC(43) Load: 2.81/2.42/2.58
[112.807s][info][gc,mmu      ] GC(43) MMU: 2ms/0.0%, 5ms/0.0%, 10ms/12.6%, 20ms/46.4%, 50ms/78.5%, 100ms/87.1%
[112.807s][info][gc,marking  ] GC(43) Mark: 1 stripe(s), 2 proactive flush(es), 1 terminate flush(es), 0 completion(s), 0 continuation(s) 
[112.807s][info][gc,reloc    ] GC(43) Relocation: Successful, 49M relocated
[112.807s][info][gc,nmethod  ] GC(43) NMethods: 4248 registered, 4 unregistered
[112.807s][info][gc,metaspace] GC(43) Metaspace: 73M used, 77M capacity, 77M committed, 78M reserved
[112.807s][info][gc,ref      ] GC(43) Soft: 4914 encountered, 0 discovered, 0 enqueued
[112.807s][info][gc,ref      ] GC(43) Weak: 4859 encountered, 3857 discovered, 0 enqueued
[112.807s][info][gc,ref      ] GC(43) Final: 28 encountered, 0 discovered, 0 enqueued
[112.807s][info][gc,ref      ] GC(43) Phantom: 662 encountered, 658 discovered, 0 enqueued
[112.807s][info][gc,heap     ] GC(43)                Mark Start          Mark End        Relocate Start      Relocate End           High               Low         
[112.807s][info][gc,heap     ] GC(43)  Capacity:     1750M (100%)       1750M (100%)       1750M (100%)       1750M (100%)       1750M (100%)       1750M (100%)   
[112.807s][info][gc,heap     ] GC(43)   Reserve:       34M (2%)           34M (2%)           34M (2%)           34M (2%)           34M (2%)           34M (2%)     
[112.807s][info][gc,heap     ] GC(43)      Free:     1032M (59%)         806M (46%)         812M (46%)        1172M (67%)        1172M (67%)         806M (46%)    
[112.807s][info][gc,heap     ] GC(43)      Used:      684M (39%)         910M (52%)         904M (52%)         544M (31%)         910M (52%)         544M (31%)    
[112.807s][info][gc,heap     ] GC(43)      Live:         -               275M (16%)         275M (16%)         275M (16%)            -                  -          
[112.807s][info][gc,heap     ] GC(43) Allocated:         -               226M (13%)         226M (13%)         250M (14%)            -                  -          
[112.807s][info][gc,heap     ] GC(43)   Garbage:         -               408M (23%)         402M (23%)          42M (2%)             -                  -          
[112.807s][info][gc,heap     ] GC(43) Reclaimed:         -                  -                 6M (0%)          366M (21%)            -                  -          
[112.807s][info][gc          ] GC(43) Garbage Collection (Allocation Rate) 684M(39%)->544M(31%)
[113.864s][info][gc,start    ] GC(44) Garbage Collection (Allocation Rate)
[113.870s][info][gc,phases   ] GC(44) Pause Mark Start 3.342ms
[114.521s][info][gc,heap     ] Page Cache Flushed: 2M requested, 6M(696M->690M) flushed
[114.795s][info][gc,phases   ] GC(44) Concurrent Mark 925.300ms
[114.798s][info][gc,phases   ] GC(44) Pause Mark End 0.313ms
[114.800s][info][gc,phases   ] GC(44) Concurrent Process Non-Strong References 1.628ms
[114.801s][info][gc,phases   ] GC(44) Concurrent Reset Relocation Set 0.783ms
[114.801s][info][gc,phases   ] GC(44) Concurrent Destroy Detached Pages 0.003ms
[114.803s][info][gc,phases   ] GC(44) Concurrent Select Relocation Set 2.377ms
[114.814s][info][gc,phases   ] GC(44) Concurrent Prepare Relocation Set 10.764ms
[114.824s][info][gc,phases   ] GC(44) Pause Relocate Start 2.986ms
[114.995s][info][gc,phases   ] GC(44) Concurrent Relocate 171.379ms
[114.995s][info][gc,load     ] GC(44) Load: 2.81/2.42/2.58
[114.995s][info][gc,mmu      ] GC(44) MMU: 2ms/0.0%, 5ms/0.0%, 10ms/12.6%, 20ms/46.4%, 50ms/78.5%, 100ms/87.1%
[114.995s][info][gc,marking  ] GC(44) Mark: 1 stripe(s), 2 proactive flush(es), 1 terminate flush(es), 0 completion(s), 0 continuation(s) 
[114.995s][info][gc,reloc    ] GC(44) Relocation: Successful, 62M relocated
[114.995s][info][gc,nmethod  ] GC(44) NMethods: 4313 registered, 4 unregistered
[114.995s][info][gc,metaspace] GC(44) Metaspace: 73M used, 77M capacity, 77M committed, 78M reserved
[114.995s][info][gc,ref      ] GC(44) Soft: 4917 encountered, 0 discovered, 0 enqueued
[114.995s][info][gc,ref      ] GC(44) Weak: 5068 encountered, 4015 discovered, 86 enqueued
[114.995s][info][gc,ref      ] GC(44) Final: 28 encountered, 0 discovered, 0 enqueued
[114.995s][info][gc,ref      ] GC(44) Phantom: 662 encountered, 658 discovered, 0 enqueued
[114.995s][info][gc,heap     ] GC(44)                Mark Start          Mark End        Relocate Start      Relocate End           High               Low         
[114.995s][info][gc,heap     ] GC(44)  Capacity:     1750M (100%)       1750M (100%)       1750M (100%)       1750M (100%)       1750M (100%)       1750M (100%)   
[114.996s][info][gc,heap     ] GC(44)   Reserve:       34M (2%)           34M (2%)           34M (2%)           34M (2%)           34M (2%)           34M (2%)     
[114.996s][info][gc,heap     ] GC(44)      Free:      926M (53%)         642M (37%)         982M (56%)        1090M (62%)        1090M (62%)         642M (37%)    
[114.996s][info][gc,heap     ] GC(44)      Used:      790M (45%)        1074M (61%)         734M (42%)         626M (36%)        1074M (61%)         626M (36%)    
[114.996s][info][gc,heap     ] GC(44)      Live:         -               258M (15%)         258M (15%)         258M (15%)            -                  -          
[114.996s][info][gc,heap     ] GC(44) Allocated:         -               284M (16%)         290M (17%)         360M (21%)            -                  -          
[114.996s][info][gc,heap     ] GC(44)   Garbage:         -               531M (30%)         185M (11%)          71M (4%)             -                  -          
[114.996s][info][gc,heap     ] GC(44) Reclaimed:         -                  -               346M (20%)         460M (26%)            -                  -          
[114.996s][info][gc          ] GC(44) Garbage Collection (Allocation Rate) 790M(45%)->626M(36%)
[115.164s][info][gc,start    ] GC(45) Garbage Collection (Allocation Rate)
[115.170s][info][gc,phases   ] GC(45) Pause Mark Start 3.272ms
[116.322s][info][gc,phases   ] GC(45) Concurrent Mark 1152.006ms
[116.325s][info][gc,phases   ] GC(45) Pause Mark End 0.419ms
[116.327s][info][gc,phases   ] GC(45) Concurrent Process Non-Strong References 1.935ms
[116.328s][info][gc,phases   ] GC(45) Concurrent Reset Relocation Set 0.918ms
[116.328s][info][gc,phases   ] GC(45) Concurrent Destroy Detached Pages 0.000ms
[116.330s][info][gc,phases   ] GC(45) Concurrent Select Relocation Set 1.835ms
[116.341s][info][gc,phases   ] GC(45) Concurrent Prepare Relocation Set 11.386ms
[116.347s][info][gc,phases   ] GC(45) Pause Relocate Start 2.885ms
[116.503s][info][gc,phases   ] GC(45) Concurrent Relocate 156.311ms
[116.503s][info][gc,load     ] GC(45) Load: 2.81/2.42/2.58
[116.503s][info][gc,mmu      ] GC(45) MMU: 2ms/0.0%, 5ms/0.0%, 10ms/12.6%, 20ms/46.4%, 50ms/78.5%, 100ms/87.1%
[116.503s][info][gc,marking  ] GC(45) Mark: 1 stripe(s), 2 proactive flush(es), 1 terminate flush(es), 0 completion(s), 0 continuation(s) 
[116.503s][info][gc,reloc    ] GC(45) Relocation: Successful, 57M relocated
[116.503s][info][gc,nmethod  ] GC(45) NMethods: 4313 registered, 4 unregistered
[116.503s][info][gc,metaspace] GC(45) Metaspace: 73M used, 77M capacity, 77M committed, 78M reserved
[116.503s][info][gc,ref      ] GC(45) Soft: 4917 encountered, 0 discovered, 0 enqueued
[116.503s][info][gc,ref      ] GC(45) Weak: 4991 encountered, 3940 discovered, 78 enqueued
[116.503s][info][gc,ref      ] GC(45) Final: 28 encountered, 0 discovered, 0 enqueued
[116.503s][info][gc,ref      ] GC(45) Phantom: 662 encountered, 658 discovered, 0 enqueued
[116.503s][info][gc,heap     ] GC(45)                Mark Start          Mark End        Relocate Start      Relocate End           High               Low         
[116.503s][info][gc,heap     ] GC(45)  Capacity:     1750M (100%)       1750M (100%)       1750M (100%)       1750M (100%)       1750M (100%)       1750M (100%)   
[116.503s][info][gc,heap     ] GC(45)   Reserve:       34M (2%)           34M (2%)           34M (2%)           34M (2%)           34M (2%)           34M (2%)     
[116.503s][info][gc,heap     ] GC(45)      Free:     1018M (58%)         780M (45%)         824M (47%)        1140M (65%)        1140M (65%)         780M (45%)    
[116.503s][info][gc,heap     ] GC(45)      Used:      698M (40%)         936M (53%)         892M (51%)         576M (33%)         936M (53%)         576M (33%)    
[116.503s][info][gc,heap     ] GC(45)      Live:         -               271M (16%)         271M (16%)         271M (16%)            -                  -          
[116.503s][info][gc,heap     ] GC(45) Allocated:         -               238M (14%)         242M (14%)         286M (16%)            -                  -          
[116.503s][info][gc,heap     ] GC(45)   Garbage:         -               426M (24%)         378M (22%)          62M (4%)             -                  -          
[116.503s][info][gc,heap     ] GC(45) Reclaimed:         -                  -                48M (3%)          364M (21%)            -                  -          
[116.503s][info][gc          ] GC(45) Garbage Collection (Allocation Rate) 698M(40%)->576M(33%)
[117.764s][info][gc,start    ] GC(46) Garbage Collection (Allocation Rate)
[117.772s][info][gc,phases   ] GC(46) Pause Mark Start 3.833ms
[118.607s][info][gc,phases   ] GC(46) Concurrent Mark 835.077ms
[118.610s][info][gc,phases   ] GC(46) Pause Mark End 0.693ms
[118.619s][info][gc,phases   ] GC(46) Concurrent Process Non-Strong References 8.281ms
[118.621s][info][gc,phases   ] GC(46) Concurrent Reset Relocation Set 1.910ms
[118.621s][info][gc,phases   ] GC(46) Concurrent Destroy Detached Pages 0.001ms
[118.623s][info][gc,phases   ] GC(46) Concurrent Select Relocation Set 2.260ms
[118.630s][info][gc,phases   ] GC(46) Concurrent Prepare Relocation Set 7.393ms
[118.636s][info][gc,phases   ] GC(46) Pause Relocate Start 2.907ms
[118.743s][info][gc,phases   ] GC(46) Concurrent Relocate 107.201ms
[118.743s][info][gc,load     ] GC(46) Load: 2.66/2.40/2.57
[118.743s][info][gc,mmu      ] GC(46) MMU: 2ms/0.0%, 5ms/0.0%, 10ms/12.6%, 20ms/46.4%, 50ms/78.5%, 100ms/87.1%
[118.743s][info][gc,marking  ] GC(46) Mark: 1 stripe(s), 2 proactive flush(es), 1 terminate flush(es), 0 completion(s), 0 continuation(s) 
[118.743s][info][gc,reloc    ] GC(46) Relocation: Successful, 55M relocated
[118.743s][info][gc,nmethod  ] GC(46) NMethods: 4336 registered, 4 unregistered
[118.743s][info][gc,metaspace] GC(46) Metaspace: 73M used, 77M capacity, 77M committed, 78M reserved
[118.743s][info][gc,ref      ] GC(46) Soft: 4918 encountered, 0 discovered, 0 enqueued
[118.743s][info][gc,ref      ] GC(46) Weak: 4881 encountered, 3846 discovered, 22 enqueued
[118.743s][info][gc,ref      ] GC(46) Final: 28 encountered, 0 discovered, 0 enqueued
[118.743s][info][gc,ref      ] GC(46) Phantom: 662 encountered, 658 discovered, 0 enqueued
[118.743s][info][gc,heap     ] GC(46)                Mark Start          Mark End        Relocate Start      Relocate End           High               Low         
[118.743s][info][gc,heap     ] GC(46)  Capacity:     1750M (100%)       1750M (100%)       1750M (100%)       1750M (100%)       1750M (100%)       1750M (100%)   
[118.743s][info][gc,heap     ] GC(46)   Reserve:       34M (2%)           34M (2%)           34M (2%)           34M (2%)           34M (2%)           34M (2%)     
[118.743s][info][gc,heap     ] GC(46)      Free:      842M (48%)         594M (34%)         982M (56%)        1186M (68%)        1190M (68%)         592M (34%)    
[118.743s][info][gc,heap     ] GC(46)      Used:      874M (50%)        1122M (64%)         734M (42%)         530M (30%)        1124M (64%)         526M (30%)    
[118.743s][info][gc,heap     ] GC(46)      Live:         -               242M (14%)         242M (14%)         242M (14%)            -                  -          
[118.743s][info][gc,heap     ] GC(46) Allocated:         -               248M (14%)         252M (14%)         304M (17%)            -                  -          
[118.743s][info][gc,heap     ] GC(46)   Garbage:         -               631M (36%)         239M (14%)          23M (1%)             -                  -          
[118.743s][info][gc,heap     ] GC(46) Reclaimed:         -                  -               392M (22%)         608M (35%)            -                  -          
[118.743s][info][gc          ] GC(46) Garbage Collection (Allocation Rate) 874M(50%)->530M(30%)
[118.964s][info][gc,start    ] GC(47) Garbage Collection (Allocation Rate)
[118.970s][info][gc,phases   ] GC(47) Pause Mark Start 3.437ms
[120.064s][info][gc,stats    ] === Garbage Collection Statistics =======================================================================================================================
[120.064s][info][gc,stats    ]                                                              Last 10s              Last 10m              Last 10h                Total
[120.064s][info][gc,stats    ]                                                              Avg / Max             Avg / Max             Avg / Max             Avg / Max
[120.064s][info][gc,stats    ]   Collector: Garbage Collection Cycle                   1174.802 / 1343.029   1198.422 / 3111.730   1198.422 / 3111.730   1198.422 / 3111.730    ms
[120.064s][info][gc,stats    ]  Contention: Mark Segment Reset Contention                     0 / 0                 0 / 0                 0 / 0                 0 / 0           ops/s
[120.064s][info][gc,stats    ]  Contention: Mark SeqNum Reset Contention                      0 / 0                 0 / 0                 0 / 0                 0 / 0           ops/s
[120.064s][info][gc,stats    ]  Contention: Relocation Contention                             0 / 2                 0 / 2                 0 / 2                 0 / 2           ops/s
[120.064s][info][gc,stats    ]    Critical: Allocation Stall                              0.000 / 0.000        19.824 / 19.824       19.824 / 19.824       19.824 / 19.824      ms
[120.064s][info][gc,stats    ]    Critical: Allocation Stall                                  0 / 0                 0 / 1                 0 / 1                 0 / 1           ops/s
[120.064s][info][gc,stats    ]    Critical: GC Locker Stall                               0.000 / 0.000         0.000 / 0.000         0.000 / 0.000         0.000 / 0.000       ms
[120.064s][info][gc,stats    ]    Critical: GC Locker Stall                                   0 / 0                 0 / 0                 0 / 0                 0 / 0           ops/s
[120.064s][info][gc,stats    ]      Memory: Allocation Rate                                 245 / 376             192 / 1130            192 / 1130            192 / 1130        MB/s
[120.064s][info][gc,stats    ]      Memory: Heap Used After Mark                           1020 / 1122            874 / 1716            874 / 1716            874 / 1716        MB
[120.064s][info][gc,stats    ]      Memory: Heap Used After Relocation                      563 / 626             429 / 1070            429 / 1070            429 / 1070        MB
[120.064s][info][gc,stats    ]      Memory: Heap Used Before Mark                           753 / 874             701 / 1464            701 / 1464            701 / 1464        MB
[120.064s][info][gc,stats    ]      Memory: Heap Used Before Relocation                     791 / 904             585 / 1252            585 / 1252            585 / 1252        MB
[120.064s][info][gc,stats    ]      Memory: Out Of Memory                                     0 / 0                 0 / 0                 0 / 0                 0 / 0           ops/s
[120.064s][info][gc,stats    ]      Memory: Page Cache Flush                                  0 / 6                 1 / 40                1 / 40                1 / 40          MB/s
[120.064s][info][gc,stats    ]      Memory: Page Cache Hit L1                               116 / 159              86 / 566              86 / 566              86 / 566         ops/s
[120.064s][info][gc,stats    ]      Memory: Page Cache Hit L2                                 0 / 0                 0 / 0                 0 / 0                 0 / 0           ops/s
[120.064s][info][gc,stats    ]      Memory: Page Cache Miss                                   0 / 1                 6 / 216               6 / 216               6 / 216         ops/s
[120.064s][info][gc,stats    ]      Memory: Undo Object Allocation Failed                     0 / 0                 0 / 0                 0 / 0                 0 / 0           ops/s
[120.064s][info][gc,stats    ]      Memory: Undo Object Allocation Succeeded                  0 / 2                 0 / 2                 0 / 2                 0 / 2           ops/s
[120.064s][info][gc,stats    ]      Memory: Undo Page Allocation                              0 / 0                 0 / 2                 0 / 2                 0 / 2           ops/s
[120.064s][info][gc,stats    ]       Phase: Concurrent Destroy Detached Pages             0.001 / 0.003         0.001 / 0.026         0.001 / 0.026         0.001 / 0.026       ms
[120.064s][info][gc,stats    ]       Phase: Concurrent Mark                             991.810 / 1166.736    995.651 / 3094.271    995.651 / 3094.271    995.651 / 3094.271    ms
[120.064s][info][gc,stats    ]       Phase: Concurrent Mark Continue                      0.000 / 0.000         0.000 / 0.000         0.000 / 0.000         0.000 / 0.000       ms
[120.064s][info][gc,stats    ]       Phase: Concurrent Prepare Relocation Set             9.554 / 11.386        9.423 / 56.131        9.423 / 56.131        9.423 / 56.131      ms
[120.064s][info][gc,stats    ]       Phase: Concurrent Process Non-Strong References      3.004 / 8.281         2.445 / 8.281         2.445 / 8.281         2.445 / 8.281       ms
[120.064s][info][gc,stats    ]       Phase: Concurrent Relocate                         149.687 / 171.379     169.696 / 596.529     169.696 / 596.529     169.696 / 596.529     ms
[120.064s][info][gc,stats    ]       Phase: Concurrent Reset Relocation Set               1.049 / 1.910         0.475 / 1.910         0.475 / 1.910         0.475 / 1.910       ms
[120.064s][info][gc,stats    ]       Phase: Concurrent Select Relocation Set              2.060 / 2.377         2.687 / 18.220        2.687 / 18.220        2.687 / 18.220      ms
[120.064s][info][gc,stats    ]       Phase: Pause Mark End                                0.453 / 0.693         0.300 / 1.566         0.300 / 1.566         0.300 / 1.566       ms
[120.064s][info][gc,stats    ]       Phase: Pause Mark Start                              3.411 / 3.833         2.789 / 5.079         2.789 / 5.079         2.789 / 5.079       ms
[120.064s][info][gc,stats    ]       Phase: Pause Relocate Start                          2.917 / 2.986         2.810 / 8.425         2.810 / 8.425         2.810 / 8.425       ms
[120.064s][info][gc,stats    ]    Subphase: Concurrent Mark                             990.499 / 1166.707    994.612 / 3094.254    994.612 / 3094.254    994.612 / 3094.254    ms
[120.064s][info][gc,stats    ]    Subphase: Concurrent Mark Idle                          0.000 / 0.000         0.000 / 0.000         0.000 / 0.000         0.000 / 0.000       ms
[120.064s][info][gc,stats    ]    Subphase: Concurrent Mark Try Flush                     1.015 / 3.253         2.236 / 26.466        2.236 / 26.466        2.236 / 26.466      ms
[120.064s][info][gc,stats    ]    Subphase: Concurrent Mark Try Terminate                 0.438 / 1.002         0.709 / 11.670        0.709 / 11.670        0.709 / 11.670      ms
[120.064s][info][gc,stats    ]    Subphase: Concurrent References Enqueue                 0.004 / 0.008         0.003 / 0.008         0.003 / 0.008         0.003 / 0.008       ms
[120.064s][info][gc,stats    ]    Subphase: Concurrent References Process                 0.889 / 1.167         1.024 / 4.858         1.024 / 4.858         1.024 / 4.858       ms
[120.064s][info][gc,stats    ]    Subphase: Concurrent Weak Roots                         2.097 / 7.080         1.046 / 7.080         1.046 / 7.080         1.046 / 7.080       ms
[120.064s][info][gc,stats    ]    Subphase: Concurrent Weak Roots JNIWeakHandles          0.000 / 0.001         0.000 / 0.001         0.000 / 0.001         0.000 / 0.001       ms
[120.064s][info][gc,stats    ]    Subphase: Concurrent Weak Roots StringTable             1.833 / 6.597         0.835 / 6.597         0.835 / 6.597         0.835 / 6.597       ms
[120.064s][info][gc,stats    ]    Subphase: Concurrent Weak Roots VMWeakHandles           0.261 / 0.476         0.208 / 0.476         0.208 / 0.476         0.208 / 0.476       ms
[120.064s][info][gc,stats    ]    Subphase: Pause Mark Try Complete                       0.000 / 0.000         0.000 / 0.000         0.000 / 0.000         0.000 / 0.000       ms
[120.064s][info][gc,stats    ]    Subphase: Pause Remap TLABS                             0.002 / 0.005         0.001 / 0.005         0.001 / 0.005         0.001 / 0.005       ms
[120.064s][info][gc,stats    ]    Subphase: Pause Retire TLABS                            0.021 / 0.027         0.016 / 0.027         0.016 / 0.027         0.016 / 0.027       ms
[120.064s][info][gc,stats    ]    Subphase: Pause Roots                                   2.060 / 3.478         1.652 / 5.486         1.652 / 5.486         1.652 / 5.486       ms
[120.064s][info][gc,stats    ]    Subphase: Pause Roots ClassLoaderDataGraph              0.679 / 0.809         0.704 / 2.223         0.704 / 2.223         0.704 / 2.223       ms
[120.064s][info][gc,stats    ]    Subphase: Pause Roots CodeCache                         1.733 / 2.254         1.282 / 4.498         1.282 / 4.498         1.282 / 4.498       ms
[120.064s][info][gc,stats    ]    Subphase: Pause Roots JNIHandles                        0.001 / 0.001         0.001 / 0.008         0.001 / 0.008         0.001 / 0.008       ms
[120.064s][info][gc,stats    ]    Subphase: Pause Roots JNIWeakHandles                    0.000 / 0.000         0.000 / 0.000         0.000 / 0.000         0.000 / 0.000       ms
[120.064s][info][gc,stats    ]    Subphase: Pause Roots JRFWeak                           0.000 / 0.000         0.000 / 0.000         0.000 / 0.000         0.000 / 0.000       ms
[120.064s][info][gc,stats    ]    Subphase: Pause Roots JVMTIExport                       0.000 / 0.001         0.001 / 0.001         0.001 / 0.001         0.001 / 0.001       ms
[120.064s][info][gc,stats    ]    Subphase: Pause Roots JVMTIWeakExport                   0.001 / 0.001         0.001 / 0.001         0.001 / 0.001         0.001 / 0.001       ms
[120.064s][info][gc,stats    ]    Subphase: Pause Roots Management                        0.001 / 0.001         0.001 / 0.005         0.001 / 0.005         0.001 / 0.005       ms
[120.064s][info][gc,stats    ]    Subphase: Pause Roots ObjectSynchronizer                0.000 / 0.001         0.000 / 0.001         0.000 / 0.001         0.000 / 0.001       ms
[120.064s][info][gc,stats    ]    Subphase: Pause Roots Setup                             0.212 / 0.332         0.187 / 0.789         0.187 / 0.789         0.187 / 0.789       ms
[120.064s][info][gc,stats    ]    Subphase: Pause Roots StringTable                       0.000 / 0.000         0.000 / 0.000         0.000 / 0.000         0.000 / 0.000       ms
[120.064s][info][gc,stats    ]    Subphase: Pause Roots SystemDictionary                  0.013 / 0.020         0.013 / 0.035         0.013 / 0.035         0.013 / 0.035       ms
[120.064s][info][gc,stats    ]    Subphase: Pause Roots Teardown                          0.001 / 0.002         0.001 / 0.004         0.001 / 0.004         0.001 / 0.004       ms
[120.064s][info][gc,stats    ]    Subphase: Pause Roots Threads                           0.386 / 0.645         0.305 / 1.904         0.305 / 1.904         0.305 / 1.904       ms
[120.064s][info][gc,stats    ]    Subphase: Pause Roots Universe                          0.002 / 0.003         0.007 / 0.382         0.007 / 0.382         0.007 / 0.382       ms
[120.064s][info][gc,stats    ]    Subphase: Pause Roots VMWeakHandles                     0.000 / 0.000         0.000 / 0.000         0.000 / 0.000         0.000 / 0.000       ms
[120.064s][info][gc,stats    ]    Subphase: Pause Weak Roots                              0.002 / 0.003         0.002 / 0.011         0.002 / 0.011         0.002 / 0.011       ms
[120.064s][info][gc,stats    ]    Subphase: Pause Weak Roots JFRWeak                      0.001 / 0.001         0.001 / 0.001         0.001 / 0.001         0.001 / 0.001       ms
[120.064s][info][gc,stats    ]    Subphase: Pause Weak Roots JNIWeakHandles               0.000 / 0.000         0.000 / 0.000         0.000 / 0.000         0.000 / 0.000       ms
[120.064s][info][gc,stats    ]    Subphase: Pause Weak Roots JVMTIWeakExport              0.001 / 0.001         0.001 / 0.008         0.001 / 0.008         0.001 / 0.008       ms
[120.064s][info][gc,stats    ]    Subphase: Pause Weak Roots Setup                        0.000 / 0.000         0.000 / 0.000         0.000 / 0.000         0.000 / 0.000       ms
[120.064s][info][gc,stats    ]    Subphase: Pause Weak Roots StringTable                  0.000 / 0.000         0.000 / 0.000         0.000 / 0.000         0.000 / 0.000       ms
[120.064s][info][gc,stats    ]    Subphase: Pause Weak Roots SymbolTable                  0.000 / 0.000         0.000 / 0.000         0.000 / 0.000         0.000 / 0.000       ms
[120.064s][info][gc,stats    ]    Subphase: Pause Weak Roots Teardown                     0.001 / 0.001         0.001 / 0.001         0.001 / 0.001         0.001 / 0.001       ms
[120.064s][info][gc,stats    ]    Subphase: Pause Weak Roots VMWeakHandles                0.000 / 0.000         0.000 / 0.000         0.000 / 0.000         0.000 / 0.000       ms
[120.064s][info][gc,stats    ]      System: Java Threads                                    109 / 111              68 / 111              68 / 111              68 / 111         threads
[120.064s][info][gc,stats    ] =========================================================================================================================================================
[120.085s][info][gc,phases   ] GC(47) Concurrent Mark 1114.742ms
[120.088s][info][gc,phases   ] GC(47) Pause Mark End 0.336ms
[120.090s][info][gc,phases   ] GC(47) Concurrent Process Non-Strong References 1.550ms
[120.090s][info][gc,phases   ] GC(47) Concurrent Reset Relocation Set 0.651ms
[120.090s][info][gc,phases   ] GC(47) Concurrent Destroy Detached Pages 0.000ms
[120.092s][info][gc,phases   ] GC(47) Concurrent Select Relocation Set 1.512ms
[120.102s][info][gc,phases   ] GC(47) Concurrent Prepare Relocation Set 10.431ms
[120.108s][info][gc,phases   ] GC(47) Pause Relocate Start 2.950ms
[120.263s][info][gc,phases   ] GC(47) Concurrent Relocate 155.375ms
[120.263s][info][gc,load     ] GC(47) Load: 2.66/2.40/2.57
[120.263s][info][gc,mmu      ] GC(47) MMU: 2ms/0.0%, 5ms/0.0%, 10ms/12.6%, 20ms/46.4%, 50ms/78.5%, 100ms/87.1%
[120.263s][info][gc,marking  ] GC(47) Mark: 1 stripe(s), 2 proactive flush(es), 1 terminate flush(es), 0 completion(s), 0 continuation(s) 
[120.263s][info][gc,reloc    ] GC(47) Relocation: Successful, 52M relocated
[120.263s][info][gc,nmethod  ] GC(47) NMethods: 4340 registered, 4 unregistered
[120.263s][info][gc,metaspace] GC(47) Metaspace: 73M used, 77M capacity, 77M committed, 78M reserved
[120.263s][info][gc,ref      ] GC(47) Soft: 4918 encountered, 0 discovered, 0 enqueued
[120.263s][info][gc,ref      ] GC(47) Weak: 4857 encountered, 3803 discovered, 7 enqueued
[120.263s][info][gc,ref      ] GC(47) Final: 28 encountered, 0 discovered, 0 enqueued
[120.263s][info][gc,ref      ] GC(47) Phantom: 662 encountered, 658 discovered, 0 enqueued
[120.263s][info][gc,heap     ] GC(47)                Mark Start          Mark End        Relocate Start      Relocate End           High               Low         
[120.263s][info][gc,heap     ] GC(47)  Capacity:     1750M (100%)       1750M (100%)       1750M (100%)       1750M (100%)       1750M (100%)       1750M (100%)   
[120.263s][info][gc,heap     ] GC(47)   Reserve:       34M (2%)           34M (2%)           34M (2%)           34M (2%)           34M (2%)           34M (2%)     
[120.263s][info][gc,heap     ] GC(47)      Free:     1078M (62%)         838M (48%)         812M (46%)        1132M (65%)        1132M (65%)         810M (46%)    
[120.263s][info][gc,heap     ] GC(47)      Used:      638M (36%)         878M (50%)         904M (52%)         584M (33%)         906M (52%)         584M (33%)    
[120.263s][info][gc,heap     ] GC(47)      Live:         -               272M (16%)         272M (16%)         272M (16%)            -                  -          
[120.263s][info][gc,heap     ] GC(47) Allocated:         -               240M (14%)         272M (16%)         296M (17%)            -                  -          
[120.263s][info][gc,heap     ] GC(47)   Garbage:         -               365M (21%)         359M (21%)          39M (2%)             -                  -          
[120.263s][info][gc,heap     ] GC(47) Reclaimed:         -                  -                 6M (0%)          326M (19%)            -                  -          
[120.263s][info][gc          ] GC(47) Garbage Collection (Allocation Rate) 638M(36%)->584M(33%)
[121.364s][info][gc,start    ] GC(48) Garbage Collection (Allocation Rate)
[121.370s][info][gc,phases   ] GC(48) Pause Mark Start 3.426ms
[122.155s][info][gc,phases   ] GC(48) Concurrent Mark 784.309ms
[122.158s][info][gc,phases   ] GC(48) Pause Mark End 0.343ms
[122.159s][info][gc,phases   ] GC(48) Concurrent Process Non-Strong References 1.609ms
[122.160s][info][gc,phases   ] GC(48) Concurrent Reset Relocation Set 0.853ms
[122.160s][info][gc,phases   ] GC(48) Concurrent Destroy Detached Pages 0.000ms
[122.162s][info][gc,phases   ] GC(48) Concurrent Select Relocation Set 1.698ms
[122.168s][info][gc,phases   ] GC(48) Concurrent Prepare Relocation Set 5.582ms
[122.173s][info][gc,phases   ] GC(48) Pause Relocate Start 2.917ms
[122.284s][info][gc,phases   ] GC(48) Concurrent Relocate 105.746ms
[122.284s][info][gc,load     ] GC(48) Load: 2.66/2.40/2.57
[122.284s][info][gc,mmu      ] GC(48) MMU: 2ms/0.0%, 5ms/0.0%, 10ms/12.6%, 20ms/46.4%, 50ms/78.5%, 100ms/87.1%
[122.284s][info][gc,marking  ] GC(48) Mark: 1 stripe(s), 2 proactive flush(es), 1 terminate flush(es), 0 completion(s), 0 continuation(s) 
[122.284s][info][gc,reloc    ] GC(48) Relocation: Successful, 54M relocated
[122.284s][info][gc,nmethod  ] GC(48) NMethods: 4364 registered, 4 unregistered
[122.284s][info][gc,metaspace] GC(48) Metaspace: 73M used, 77M capacity, 77M committed, 78M reserved
[122.284s][info][gc,ref      ] GC(48) Soft: 4918 encountered, 0 discovered, 0 enqueued
[122.284s][info][gc,ref      ] GC(48) Weak: 5058 encountered, 4007 discovered, 102 enqueued
[122.284s][info][gc,ref      ] GC(48) Final: 28 encountered, 0 discovered, 0 enqueued
[122.284s][info][gc,ref      ] GC(48) Phantom: 662 encountered, 658 discovered, 0 enqueued
[122.284s][info][gc,heap     ] GC(48)                Mark Start          Mark End        Relocate Start      Relocate End           High               Low         
[122.284s][info][gc,heap     ] GC(48)  Capacity:     1750M (100%)       1750M (100%)       1750M (100%)       1750M (100%)       1750M (100%)       1750M (100%)   
[122.284s][info][gc,heap     ] GC(48)   Reserve:       34M (2%)           34M (2%)           34M (2%)           34M (2%)           34M (2%)           34M (2%)     
[122.284s][info][gc,heap     ] GC(48)      Free:      876M (50%)         632M (36%)         996M (57%)        1198M (68%)        1200M (69%)         632M (36%)    
[122.284s][info][gc,heap     ] GC(48)      Used:      840M (48%)        1084M (62%)         720M (41%)         518M (30%)        1084M (62%)         516M (29%)    
[122.284s][info][gc,heap     ] GC(48)      Live:         -               240M (14%)         240M (14%)         240M (14%)            -                  -          
[122.284s][info][gc,heap     ] GC(48) Allocated:         -               244M (14%)         244M (14%)         296M (17%)            -                  -          
[122.284s][info][gc,heap     ] GC(48)   Garbage:         -               599M (34%)         235M (13%)          17M (1%)             -                  -          
[122.284s][info][gc,heap     ] GC(48) Reclaimed:         -                  -               364M (21%)         582M (33%)            -                  -          
[122.284s][info][gc          ] GC(48) Garbage Collection (Allocation Rate) 840M(48%)->518M(30%)
[122.664s][info][gc,start    ] GC(49) Garbage Collection (Allocation Rate)
[122.670s][info][gc,phases   ] GC(49) Pause Mark Start 3.349ms
[123.857s][info][gc,phases   ] GC(49) Concurrent Mark 1187.070ms
[123.860s][info][gc,phases   ] GC(49) Pause Mark End 0.357ms
[123.862s][info][gc,phases   ] GC(49) Concurrent Process Non-Strong References 1.570ms
[123.862s][info][gc,phases   ] GC(49) Concurrent Reset Relocation Set 0.701ms
[123.862s][info][gc,phases   ] GC(49) Concurrent Destroy Detached Pages 0.001ms
[123.864s][info][gc,phases   ] GC(49) Concurrent Select Relocation Set 1.552ms
[123.870s][info][gc,phases   ] GC(49) Concurrent Prepare Relocation Set 5.581ms
[123.873s][info][gc,phases   ] GC(49) Pause Relocate Start 2.904ms
[124.045s][info][gc,phases   ] GC(49) Concurrent Relocate 162.061ms
[124.045s][info][gc,load     ] GC(49) Load: 2.61/2.39/2.57
[124.045s][info][gc,mmu      ] GC(49) MMU: 2ms/0.0%, 5ms/0.0%, 10ms/12.6%, 20ms/46.4%, 50ms/78.5%, 100ms/87.1%
[124.045s][info][gc,marking  ] GC(49) Mark: 1 stripe(s), 2 proactive flush(es), 1 terminate flush(es), 0 completion(s), 0 continuation(s) 
[124.045s][info][gc,reloc    ] GC(49) Relocation: Successful, 52M relocated
[124.045s][info][gc,nmethod  ] GC(49) NMethods: 4364 registered, 4 unregistered
[124.045s][info][gc,metaspace] GC(49) Metaspace: 73M used, 77M capacity, 77M committed, 78M reserved
[124.045s][info][gc,ref      ] GC(49) Soft: 4918 encountered, 0 discovered, 0 enqueued
[124.045s][info][gc,ref      ] GC(49) Weak: 4956 encountered, 3906 discovered, 0 enqueued
[124.045s][info][gc,ref      ] GC(49) Final: 28 encountered, 0 discovered, 0 enqueued
[124.045s][info][gc,ref      ] GC(49) Phantom: 662 encountered, 658 discovered, 0 enqueued
[124.045s][info][gc,heap     ] GC(49)                Mark Start          Mark End        Relocate Start      Relocate End           High               Low         
[124.045s][info][gc,heap     ] GC(49)  Capacity:     1750M (100%)       1750M (100%)       1750M (100%)       1750M (100%)       1750M (100%)       1750M (100%)   
[124.045s][info][gc,heap     ] GC(49)   Reserve:       34M (2%)           34M (2%)           34M (2%)           34M (2%)           34M (2%)           34M (2%)     
[124.045s][info][gc,heap     ] GC(49)      Free:     1018M (58%)         800M (46%)         806M (46%)        1182M (68%)        1182M (68%)         800M (46%)    
[124.045s][info][gc,heap     ] GC(49)      Used:      698M (40%)         916M (52%)         910M (52%)         534M (31%)         916M (52%)         534M (31%)    
[124.045s][info][gc,heap     ] GC(49)      Live:         -               274M (16%)         274M (16%)         274M (16%)            -                  -          
[124.045s][info][gc,heap     ] GC(49) Allocated:         -               218M (12%)         218M (12%)         246M (14%)            -                  -          
[124.045s][info][gc,heap     ] GC(49)   Garbage:         -               423M (24%)         417M (24%)          41M (2%)             -                  -          
[124.045s][info][gc,heap     ] GC(49) Reclaimed:         -                  -                 6M (0%)          382M (22%)            -                  -          
[124.045s][info][gc          ] GC(49) Garbage Collection (Allocation Rate) 698M(40%)->534M(31%)
[125.365s][info][gc,start    ] GC(50) Garbage Collection (Allocation Rate)
[125.371s][info][gc,phases   ] GC(50) Pause Mark Start 3.396ms
[126.208s][info][gc,phases   ] GC(50) Concurrent Mark 836.336ms
[126.215s][info][gc,phases   ] GC(50) Pause Mark End 0.369ms
[126.220s][info][gc,phases   ] GC(50) Concurrent Process Non-Strong References 5.248ms
[126.222s][info][gc,phases   ] GC(50) Concurrent Reset Relocation Set 1.011ms
[126.222s][info][gc,phases   ] GC(50) Concurrent Destroy Detached Pages 0.000ms
[126.223s][info][gc,phases   ] GC(50) Concurrent Select Relocation Set 1.665ms
[126.224s][info][gc,phases   ] GC(50) Concurrent Prepare Relocation Set 0.476ms
[126.236s][info][gc,phases   ] GC(50) Pause Relocate Start 2.955ms
[126.277s][info][gc,phases   ] GC(50) Concurrent Relocate 41.136ms
[126.277s][info][gc,load     ] GC(50) Load: 2.61/2.39/2.57
[126.277s][info][gc,mmu      ] GC(50) MMU: 2ms/0.0%, 5ms/0.0%, 10ms/12.6%, 20ms/46.4%, 50ms/78.5%, 100ms/87.1%
[126.277s][info][gc,marking  ] GC(50) Mark: 1 stripe(s), 2 proactive flush(es), 1 terminate flush(es), 0 completion(s), 0 continuation(s) 
[126.277s][info][gc,reloc    ] GC(50) Relocation: Successful, 19M relocated
[126.277s][info][gc,nmethod  ] GC(50) NMethods: 4458 registered, 4 unregistered
[126.277s][info][gc,metaspace] GC(50) Metaspace: 73M used, 77M capacity, 77M committed, 78M reserved
[126.277s][info][gc,ref      ] GC(50) Soft: 4917 encountered, 0 discovered, 0 enqueued
[126.277s][info][gc,ref      ] GC(50) Weak: 5115 encountered, 3997 discovered, 2 enqueued
[126.277s][info][gc,ref      ] GC(50) Final: 28 encountered, 0 discovered, 0 enqueued
[126.277s][info][gc,ref      ] GC(50) Phantom: 663 encountered, 468 discovered, 0 enqueued
[126.277s][info][gc,heap     ] GC(50)                Mark Start          Mark End        Relocate Start      Relocate End           High               Low         
[126.277s][info][gc,heap     ] GC(50)  Capacity:     1750M (100%)       1750M (100%)       1750M (100%)       1750M (100%)       1750M (100%)       1750M (100%)   
[126.277s][info][gc,heap     ] GC(50)   Reserve:       34M (2%)           34M (2%)           34M (2%)           34M (2%)           34M (2%)           34M (2%)     
[126.277s][info][gc,heap     ] GC(50)      Free:      936M (53%)         788M (45%)        1274M (73%)        1362M (78%)        1362M (78%)         786M (45%)    
[126.277s][info][gc,heap     ] GC(50)      Used:      780M (45%)         928M (53%)         442M (25%)         354M (20%)         930M (53%)         354M (20%)    
[126.277s][info][gc,heap     ] GC(50)      Live:         -               196M (11%)         196M (11%)         196M (11%)            -                  -          
[126.277s][info][gc,heap     ] GC(50) Allocated:         -               148M (8%)          150M (9%)          162M (9%)             -                  -          
[126.277s][info][gc,heap     ] GC(50)   Garbage:         -               583M (33%)          95M (5%)     17592186044415M (1         -                  -          
[126.277s][info][gc,heap     ] GC(50) Reclaimed:         -                  -               488M (28%)         584M (33%)            -                  -          
[126.277s][info][gc          ] GC(50) Garbage Collection (Allocation Rate) 780M(45%)->354M(20%)
[127.665s][info][gc,start    ] GC(51) Garbage Collection (Allocation Rate)
[127.671s][info][gc,phases   ] GC(51) Pause Mark Start 3.564ms
[128.317s][info][gc,phases   ] GC(51) Concurrent Mark 646.509ms
[128.318s][info][gc,phases   ] GC(51) Pause Mark End 0.403ms
[128.320s][info][gc,phases   ] GC(51) Concurrent Process Non-Strong References 1.849ms
[128.323s][info][gc,phases   ] GC(51) Concurrent Reset Relocation Set 0.011ms
[128.323s][info][gc,phases   ] GC(51) Concurrent Destroy Detached Pages 0.001ms
[128.325s][info][gc,phases   ] GC(51) Concurrent Select Relocation Set 2.536ms
[128.328s][info][gc,phases   ] GC(51) Concurrent Prepare Relocation Set 3.162ms
[128.334s][info][gc,phases   ] GC(51) Pause Relocate Start 3.466ms
[128.402s][info][gc,phases   ] GC(51) Concurrent Relocate 61.458ms
[128.402s][info][gc,load     ] GC(51) Load: 2.56/2.38/2.56
[128.402s][info][gc,mmu      ] GC(51) MMU: 2ms/0.0%, 5ms/0.0%, 10ms/12.6%, 20ms/46.4%, 50ms/78.5%, 100ms/87.1%
[128.402s][info][gc,marking  ] GC(51) Mark: 1 stripe(s), 2 proactive flush(es), 1 terminate flush(es), 0 completion(s), 0 continuation(s) 
[128.402s][info][gc,reloc    ] GC(51) Relocation: Successful, 20M relocated
[128.402s][info][gc,nmethod  ] GC(51) NMethods: 4559 registered, 4 unregistered
[128.402s][info][gc,metaspace] GC(51) Metaspace: 73M used, 77M capacity, 77M committed, 78M reserved
[128.402s][info][gc,ref      ] GC(51) Soft: 4921 encountered, 0 discovered, 0 enqueued
[128.402s][info][gc,ref      ] GC(51) Weak: 5242 encountered, 4249 discovered, 285 enqueued
[128.402s][info][gc,ref      ] GC(51) Final: 28 encountered, 0 discovered, 0 enqueued
[128.402s][info][gc,ref      ] GC(51) Phantom: 663 encountered, 468 discovered, 0 enqueued
[128.402s][info][gc,heap     ] GC(51)                Mark Start          Mark End        Relocate Start      Relocate End           High               Low         
[128.402s][info][gc,heap     ] GC(51)  Capacity:     1750M (100%)       1750M (100%)       1750M (100%)       1750M (100%)       1750M (100%)       1750M (100%)   
[128.402s][info][gc,heap     ] GC(51)   Reserve:       34M (2%)           34M (2%)           34M (2%)           34M (2%)           34M (2%)           34M (2%)     
[128.402s][info][gc,heap     ] GC(51)      Free:     1014M (58%)         904M (52%)        1308M (75%)        1356M (77%)        1362M (78%)         904M (52%)    
[128.402s][info][gc,heap     ] GC(51)      Used:      702M (40%)         812M (46%)         408M (23%)         360M (21%)         812M (46%)         354M (20%)    
[128.402s][info][gc,heap     ] GC(51)      Live:         -               202M (12%)         202M (12%)         202M (12%)            -                  -          
[128.402s][info][gc,heap     ] GC(51) Allocated:         -               110M (6%)          110M (6%)          134M (8%)             -                  -          
[128.402s][info][gc,heap     ] GC(51)   Garbage:         -               499M (29%)          95M (5%)           39M (2%)             -                  -          
[128.402s][info][gc,heap     ] GC(51) Reclaimed:         -                  -               404M (23%)         460M (26%)            -                  -          
[128.402s][info][gc          ] GC(51) Garbage Collection (Allocation Rate) 702M(40%)->360M(21%)
[129.764s][info][gc,start    ] GC(52) Garbage Collection (Allocation Rate)
[129.771s][info][gc,phases   ] GC(52) Pause Mark Start 3.561ms
[130.064s][info][gc,stats    ] === Garbage Collection Statistics =======================================================================================================================
[130.064s][info][gc,stats    ]                                                              Last 10s              Last 10m              Last 10h                Total
[130.064s][info][gc,stats    ]                                                              Avg / Max             Avg / Max             Avg / Max             Avg / Max
[130.064s][info][gc,stats    ]   Collector: Garbage Collection Cycle                   1049.786 / 1380.811   1184.130 / 3111.730   1184.130 / 3111.730   1184.130 / 3111.730    ms
[130.064s][info][gc,stats    ]  Contention: Mark Segment Reset Contention                     0 / 0                 0 / 0                 0 / 0                 0 / 0           ops/s
[130.064s][info][gc,stats    ]  Contention: Mark SeqNum Reset Contention                      0 / 0                 0 / 0                 0 / 0                 0 / 0           ops/s
[130.064s][info][gc,stats    ]  Contention: Relocation Contention                             0 / 1                 0 / 2                 0 / 2                 0 / 2           ops/s
[130.064s][info][gc,stats    ]    Critical: Allocation Stall                              0.000 / 0.000        19.824 / 19.824       19.824 / 19.824       19.824 / 19.824      ms
[130.064s][info][gc,stats    ]    Critical: Allocation Stall                                  0 / 0                 0 / 1                 0 / 1                 0 / 1           ops/s
[130.064s][info][gc,stats    ]    Critical: GC Locker Stall                               0.000 / 0.000         0.000 / 0.000         0.000 / 0.000         0.000 / 0.000       ms
[130.064s][info][gc,stats    ]    Critical: GC Locker Stall                                   0 / 0                 0 / 0                 0 / 0                 0 / 0           ops/s
[130.064s][info][gc,stats    ]      Memory: Allocation Rate                                 256 / 496             197 / 1130            197 / 1130            197 / 1130        MB/s
[130.064s][info][gc,stats    ]      Memory: Heap Used After Mark                            923 / 1084            878 / 1716            878 / 1716            878 / 1716        MB
[130.065s][info][gc,stats    ]      Memory: Heap Used After Relocation                      470 / 584             433 / 1070            433 / 1070            433 / 1070        MB
[130.065s][info][gc,stats    ]      Memory: Heap Used Before Mark                           788 / 920             709 / 1464            709 / 1464            709 / 1464        MB
[130.065s][info][gc,stats    ]      Memory: Heap Used Before Relocation                     676 / 910             594 / 1252            594 / 1252            594 / 1252        MB
[130.065s][info][gc,stats    ]      Memory: Out Of Memory                                     0 / 0                 0 / 0                 0 / 0                 0 / 0           ops/s
[130.065s][info][gc,stats    ]      Memory: Page Cache Flush                                  0 / 0                 1 / 40                1 / 40                1 / 40          MB/s
[130.065s][info][gc,stats    ]      Memory: Page Cache Hit L1                               114 / 223              88 / 566              88 / 566              88 / 566         ops/s
[130.065s][info][gc,stats    ]      Memory: Page Cache Hit L2                                 0 / 0                 0 / 0                 0 / 0                 0 / 0           ops/s
[130.065s][info][gc,stats    ]      Memory: Page Cache Miss                                   0 / 0                 5 / 216               5 / 216               5 / 216         ops/s
[130.065s][info][gc,stats    ]      Memory: Undo Object Allocation Failed                     0 / 0                 0 / 0                 0 / 0                 0 / 0           ops/s
[130.065s][info][gc,stats    ]      Memory: Undo Object Allocation Succeeded                  0 / 1                 0 / 2                 0 / 2                 0 / 2           ops/s
[130.065s][info][gc,stats    ]      Memory: Undo Page Allocation                              0 / 0                 0 / 2                 0 / 2                 0 / 2           ops/s
[130.065s][info][gc,stats    ]       Phase: Concurrent Destroy Detached Pages             0.001 / 0.001         0.001 / 0.026         0.001 / 0.026         0.001 / 0.026       ms
[130.065s][info][gc,stats    ]       Phase: Concurrent Mark                             913.793 / 1187.070    987.780 / 3094.271    987.780 / 3094.271    987.780 / 3094.271    ms
[130.065s][info][gc,stats    ]       Phase: Concurrent Mark Continue                      0.000 / 0.000         0.000 / 0.000         0.000 / 0.000         0.000 / 0.000       ms
[130.065s][info][gc,stats    ]       Phase: Concurrent Prepare Relocation Set             5.046 / 10.431        9.002 / 56.131        9.002 / 56.131        9.002 / 56.131      ms
[130.065s][info][gc,stats    ]       Phase: Concurrent Process Non-Strong References      2.365 / 5.248         2.437 / 8.281         2.437 / 8.281         2.437 / 8.281       ms
[130.065s][info][gc,stats    ]       Phase: Concurrent Relocate                         105.155 / 162.061     163.490 / 596.529     163.490 / 596.529     163.490 / 596.529     ms
[130.065s][info][gc,stats    ]       Phase: Concurrent Reset Relocation Set               0.645 / 1.011         0.492 / 1.910         0.492 / 1.910         0.492 / 1.910       ms
[130.065s][info][gc,stats    ]       Phase: Concurrent Select Relocation Set              1.792 / 2.536         2.601 / 18.220        2.601 / 18.220        2.601 / 18.220      ms
[130.065s][info][gc,stats    ]       Phase: Pause Mark End                                0.362 / 0.403         0.306 / 1.566         0.306 / 1.566         0.306 / 1.566       ms
[130.065s][info][gc,stats    ]       Phase: Pause Mark Start                              3.459 / 3.564         2.852 / 5.079         2.852 / 5.079         2.852 / 5.079       ms
[130.065s][info][gc,stats    ]       Phase: Pause Relocate Start                          3.038 / 3.466         2.832 / 8.425         2.832 / 8.425         2.832 / 8.425       ms
[130.065s][info][gc,stats    ]    Subphase: Concurrent Mark                             910.257 / 1187.039    986.501 / 3094.254    986.501 / 3094.254    986.501 / 3094.254    ms
[130.065s][info][gc,stats    ]    Subphase: Concurrent Mark Idle                          0.000 / 0.000         0.000 / 0.000         0.000 / 0.000         0.000 / 0.000       ms
[130.065s][info][gc,stats    ]    Subphase: Concurrent Mark Try Flush                     1.485 / 3.913         2.165 / 26.466        2.165 / 26.466        2.165 / 26.466      ms
[130.065s][info][gc,stats    ]    Subphase: Concurrent Mark Try Terminate                 0.786 / 3.916         0.716 / 11.670        0.716 / 11.670        0.716 / 11.670      ms
[130.065s][info][gc,stats    ]    Subphase: Concurrent References Enqueue                 0.003 / 0.006         0.003 / 0.008         0.003 / 0.008         0.003 / 0.008       ms
[130.065s][info][gc,stats    ]    Subphase: Concurrent References Process                 1.530 / 4.452         1.073 / 4.858         1.073 / 4.858         1.073 / 4.858       ms
[130.065s][info][gc,stats    ]    Subphase: Concurrent Weak Roots                         0.816 / 0.913         1.024 / 7.080         1.024 / 7.080         1.024 / 7.080       ms
[130.065s][info][gc,stats    ]    Subphase: Concurrent Weak Roots JNIWeakHandles          0.000 / 0.000         0.000 / 0.001         0.000 / 0.001         0.000 / 0.001       ms
[130.065s][info][gc,stats    ]    Subphase: Concurrent Weak Roots StringTable             0.601 / 0.683         0.812 / 6.597         0.812 / 6.597         0.812 / 6.597       ms
[130.065s][info][gc,stats    ]    Subphase: Concurrent Weak Roots VMWeakHandles           0.214 / 0.241         0.209 / 0.476         0.209 / 0.476         0.209 / 0.476       ms
[130.065s][info][gc,stats    ]    Subphase: Pause Mark Try Complete                       0.000 / 0.000         0.000 / 0.000         0.000 / 0.000         0.000 / 0.000       ms
[130.065s][info][gc,stats    ]    Subphase: Pause Remap TLABS                             0.002 / 0.003         0.002 / 0.005         0.002 / 0.005         0.002 / 0.005       ms
[130.065s][info][gc,stats    ]    Subphase: Pause Retire TLABS                            0.024 / 0.034         0.016 / 0.034         0.016 / 0.034         0.016 / 0.034       ms
[130.065s][info][gc,stats    ]    Subphase: Pause Roots                                   2.027 / 3.194         1.688 / 5.486         1.688 / 5.486         1.688 / 5.486       ms
[130.065s][info][gc,stats    ]    Subphase: Pause Roots ClassLoaderDataGraph              0.682 / 0.797         0.702 / 2.223         0.702 / 2.223         0.702 / 2.223       ms
[130.065s][info][gc,stats    ]    Subphase: Pause Roots CodeCache                         1.785 / 1.980         1.330 / 4.498         1.330 / 4.498         1.330 / 4.498       ms
[130.065s][info][gc,stats    ]    Subphase: Pause Roots JNIHandles                        0.001 / 0.001         0.001 / 0.008         0.001 / 0.008         0.001 / 0.008       ms
[130.065s][info][gc,stats    ]    Subphase: Pause Roots JNIWeakHandles                    0.000 / 0.000         0.000 / 0.000         0.000 / 0.000         0.000 / 0.000       ms
[130.065s][info][gc,stats    ]    Subphase: Pause Roots JRFWeak                           0.000 / 0.000         0.000 / 0.000         0.000 / 0.000         0.000 / 0.000       ms
[130.065s][info][gc,stats    ]    Subphase: Pause Roots JVMTIExport                       0.001 / 0.001         0.001 / 0.001         0.001 / 0.001         0.001 / 0.001       ms
[130.065s][info][gc,stats    ]    Subphase: Pause Roots JVMTIWeakExport                   0.001 / 0.001         0.001 / 0.001         0.001 / 0.001         0.001 / 0.001       ms
[130.065s][info][gc,stats    ]    Subphase: Pause Roots Management                        0.001 / 0.002         0.001 / 0.005         0.001 / 0.005         0.001 / 0.005       ms
[130.065s][info][gc,stats    ]    Subphase: Pause Roots ObjectSynchronizer                0.000 / 0.001         0.000 / 0.001         0.000 / 0.001         0.000 / 0.001       ms
[130.065s][info][gc,stats    ]    Subphase: Pause Roots Setup                             0.214 / 0.384         0.189 / 0.789         0.189 / 0.789         0.189 / 0.789       ms
[130.065s][info][gc,stats    ]    Subphase: Pause Roots StringTable                       0.000 / 0.000         0.000 / 0.000         0.000 / 0.000         0.000 / 0.000       ms
[130.065s][info][gc,stats    ]    Subphase: Pause Roots SystemDictionary                  0.012 / 0.013         0.013 / 0.035         0.013 / 0.035         0.013 / 0.035       ms
[130.065s][info][gc,stats    ]    Subphase: Pause Roots Teardown                          0.001 / 0.002         0.001 / 0.004         0.001 / 0.004         0.001 / 0.004       ms
[130.065s][info][gc,stats    ]    Subphase: Pause Roots Threads                           0.368 / 0.477         0.311 / 1.904         0.311 / 1.904         0.311 / 1.904       ms
[130.065s][info][gc,stats    ]    Subphase: Pause Roots Universe                          0.002 / 0.003         0.006 / 0.382         0.006 / 0.382         0.006 / 0.382       ms
[130.065s][info][gc,stats    ]    Subphase: Pause Roots VMWeakHandles                     0.000 / 0.000         0.000 / 0.000         0.000 / 0.000         0.000 / 0.000       ms
[130.065s][info][gc,stats    ]    Subphase: Pause Weak Roots                              0.003 / 0.009         0.002 / 0.011         0.002 / 0.011         0.002 / 0.011       ms
[130.065s][info][gc,stats    ]    Subphase: Pause Weak Roots JFRWeak                      0.001 / 0.001         0.001 / 0.001         0.001 / 0.001         0.001 / 0.001       ms
[130.065s][info][gc,stats    ]    Subphase: Pause Weak Roots JNIWeakHandles               0.000 / 0.000         0.000 / 0.000         0.000 / 0.000         0.000 / 0.000       ms
[130.065s][info][gc,stats    ]    Subphase: Pause Weak Roots JVMTIWeakExport              0.001 / 0.001         0.001 / 0.008         0.001 / 0.008         0.001 / 0.008       ms
[130.065s][info][gc,stats    ]    Subphase: Pause Weak Roots Setup                        0.000 / 0.000         0.000 / 0.000         0.000 / 0.000         0.000 / 0.000       ms
[130.065s][info][gc,stats    ]    Subphase: Pause Weak Roots StringTable                  0.000 / 0.000         0.000 / 0.000         0.000 / 0.000         0.000 / 0.000       ms
[130.065s][info][gc,stats    ]    Subphase: Pause Weak Roots SymbolTable                  0.000 / 0.000         0.000 / 0.000         0.000 / 0.000         0.000 / 0.000       ms
[130.065s][info][gc,stats    ]    Subphase: Pause Weak Roots Teardown                     0.001 / 0.001         0.001 / 0.001         0.001 / 0.001         0.001 / 0.001       ms
[130.065s][info][gc,stats    ]    Subphase: Pause Weak Roots VMWeakHandles                0.000 / 0.000         0.000 / 0.000         0.000 / 0.000         0.000 / 0.000       ms
[130.065s][info][gc,stats    ]      System: Java Threads                                    113 / 126              72 / 126              72 / 126              72 / 126         threads
[130.065s][info][gc,stats    ] =========================================================================================================================================================
[130.510s][info][gc,phases   ] GC(52) Concurrent Mark 739.070ms
[130.513s][info][gc,phases   ] GC(52) Pause Mark End 0.380ms
[130.515s][info][gc,phases   ] GC(52) Concurrent Process Non-Strong References 1.634ms
[130.515s][info][gc,phases   ] GC(52) Concurrent Reset Relocation Set 0.010ms
[130.515s][info][gc,phases   ] GC(52) Concurrent Destroy Detached Pages 0.000ms
[130.516s][info][gc,phases   ] GC(52) Concurrent Select Relocation Set 1.519ms
[130.518s][info][gc,phases   ] GC(52) Concurrent Prepare Relocation Set 1.428ms
[130.521s][info][gc,phases   ] GC(52) Pause Relocate Start 3.063ms
[130.628s][info][gc,phases   ] GC(52) Concurrent Relocate 100.185ms
[130.628s][info][gc,load     ] GC(52) Load: 2.56/2.38/2.56
[130.628s][info][gc,mmu      ] GC(52) MMU: 2ms/0.0%, 5ms/0.0%, 10ms/12.6%, 20ms/46.4%, 50ms/78.5%, 100ms/87.1%
[130.628s][info][gc,marking  ] GC(52) Mark: 1 stripe(s), 2 proactive flush(es), 1 terminate flush(es), 0 completion(s), 0 continuation(s) 
[130.628s][info][gc,reloc    ] GC(52) Relocation: Successful, 27M relocated
[130.628s][info][gc,nmethod  ] GC(52) NMethods: 4604 registered, 4 unregistered
[130.628s][info][gc,metaspace] GC(52) Metaspace: 73M used, 77M capacity, 77M committed, 78M reserved
[130.628s][info][gc,ref      ] GC(52) Soft: 4921 encountered, 0 discovered, 0 enqueued
[130.628s][info][gc,ref      ] GC(52) Weak: 5107 encountered, 4047 discovered, 161 enqueued
[130.628s][info][gc,ref      ] GC(52) Final: 28 encountered, 0 discovered, 0 enqueued
[130.628s][info][gc,ref      ] GC(52) Phantom: 663 encountered, 659 discovered, 0 enqueued
[130.628s][info][gc,heap     ] GC(52)                Mark Start          Mark End        Relocate Start      Relocate End           High               Low         
[130.628s][info][gc,heap     ] GC(52)  Capacity:     1750M (100%)       1750M (100%)       1750M (100%)       1750M (100%)       1750M (100%)       1750M (100%)   
[130.628s][info][gc,heap     ] GC(52)   Reserve:       34M (2%)           34M (2%)           34M (2%)           34M (2%)           34M (2%)           34M (2%)     
[130.628s][info][gc,heap     ] GC(52)      Free:      796M (45%)         624M (36%)        1090M (62%)        1332M (76%)        1332M (76%)         624M (36%)    
[130.628s][info][gc,heap     ] GC(52)      Used:      920M (53%)        1092M (62%)         626M (36%)         384M (22%)        1092M (62%)         384M (22%)    
[130.628s][info][gc,heap     ] GC(52)      Live:         -               206M (12%)         206M (12%)         206M (12%)            -                  -          
[130.628s][info][gc,heap     ] GC(52) Allocated:         -               172M (10%)         172M (10%)         194M (11%)            -                  -          
[130.628s][info][gc,heap     ] GC(52)   Garbage:         -               713M (41%)         247M (14%)           5M (0%)             -                  -          
[130.628s][info][gc,heap     ] GC(52) Reclaimed:         -                  -               466M (27%)         708M (40%)            -                  -          
[130.628s][info][gc          ] GC(52) Garbage Collection (Allocation Rate) 920M(53%)->384M(22%)
[131.164s][info][gc,start    ] GC(53) Garbage Collection (Allocation Rate)
[131.170s][info][gc,phases   ] GC(53) Pause Mark Start 3.533ms
[131.991s][info][gc,phases   ] GC(53) Concurrent Mark 821.150ms
[131.994s][info][gc,phases   ] GC(53) Pause Mark End 0.398ms
[131.996s][info][gc,phases   ] GC(53) Concurrent Process Non-Strong References 1.583ms
[131.996s][info][gc,phases   ] GC(53) Concurrent Reset Relocation Set 0.036ms
[131.996s][info][gc,phases   ] GC(53) Concurrent Destroy Detached Pages 0.000ms
[131.998s][info][gc,phases   ] GC(53) Concurrent Select Relocation Set 1.519ms
[132.002s][info][gc,phases   ] GC(53) Concurrent Prepare Relocation Set 3.795ms
[132.005s][info][gc,phases   ] GC(53) Pause Relocate Start 3.208ms
[132.193s][info][gc,phases   ] GC(53) Concurrent Relocate 183.438ms
[132.193s][info][gc,load     ] GC(53) Load: 2.56/2.38/2.56
[132.194s][info][gc,mmu      ] GC(53) MMU: 2ms/0.0%, 5ms/0.0%, 10ms/12.6%, 20ms/46.4%, 50ms/78.5%, 100ms/87.1%
[132.194s][info][gc,marking  ] GC(53) Mark: 1 stripe(s), 2 proactive flush(es), 1 terminate flush(es), 0 completion(s), 0 continuation(s) 
[132.194s][info][gc,reloc    ] GC(53) Relocation: Successful, 40M relocated
[132.194s][info][gc,nmethod  ] GC(53) NMethods: 4637 registered, 4 unregistered
[132.194s][info][gc,metaspace] GC(53) Metaspace: 73M used, 77M capacity, 77M committed, 78M reserved
[132.194s][info][gc,ref      ] GC(53) Soft: 4921 encountered, 0 discovered, 0 enqueued
[132.194s][info][gc,ref      ] GC(53) Weak: 4957 encountered, 3907 discovered, 8 enqueued
[132.194s][info][gc,ref      ] GC(53) Final: 28 encountered, 0 discovered, 0 enqueued
[132.194s][info][gc,ref      ] GC(53) Phantom: 663 encountered, 659 discovered, 0 enqueued
[132.194s][info][gc,heap     ] GC(53)                Mark Start          Mark End        Relocate Start      Relocate End           High               Low         
[132.194s][info][gc,heap     ] GC(53)  Capacity:     1750M (100%)       1750M (100%)       1750M (100%)       1750M (100%)       1750M (100%)       1750M (100%)   
[132.194s][info][gc,heap     ] GC(53)   Reserve:       34M (2%)           34M (2%)           34M (2%)           34M (2%)           34M (2%)           34M (2%)     
[132.194s][info][gc,heap     ] GC(53)      Free:      968M (55%)         764M (44%)        1016M (58%)        1282M (73%)        1282M (73%)         764M (44%)    
[132.194s][info][gc,heap     ] GC(53)      Used:      748M (43%)         952M (54%)         700M (40%)         434M (25%)         952M (54%)         434M (25%)    
[132.194s][info][gc,heap     ] GC(53)      Live:         -               218M (12%)         218M (12%)         218M (12%)            -                  -          
[132.194s][info][gc,heap     ] GC(53) Allocated:         -               204M (12%)         204M (12%)         242M (14%)            -                  -          
[132.194s][info][gc,heap     ] GC(53)   Garbage:         -               529M (30%)         277M (16%)           5M (0%)             -                  -          
[132.194s][info][gc,heap     ] GC(53) Reclaimed:         -                  -               252M (14%)         524M (30%)            -                  -          
[132.194s][info][gc          ] GC(53) Garbage Collection (Allocation Rate) 748M(43%)->434M(25%)
[132.564s][info][gc,start    ] GC(54) Garbage Collection (Allocation Rate)
[132.570s][info][gc,phases   ] GC(54) Pause Mark Start 3.594ms
[133.590s][info][gc,phases   ] GC(54) Concurrent Mark 1019.669ms
[133.594s][info][gc,phases   ] GC(54) Pause Mark End 0.461ms
[133.595s][info][gc,phases   ] GC(54) Concurrent Process Non-Strong References 1.673ms
[133.596s][info][gc,phases   ] GC(54) Concurrent Reset Relocation Set 0.870ms
[133.596s][info][gc,phases   ] GC(54) Concurrent Destroy Detached Pages 0.000ms
[133.598s][info][gc,phases   ] GC(54) Concurrent Select Relocation Set 1.561ms
[133.600s][info][gc,phases   ] GC(54) Concurrent Prepare Relocation Set 1.749ms
[133.603s][info][gc,phases   ] GC(54) Pause Relocate Start 3.179ms
[133.680s][info][gc,phases   ] GC(54) Concurrent Relocate 71.408ms
[133.680s][info][gc,load     ] GC(54) Load: 2.59/2.39/2.57
[133.680s][info][gc,mmu      ] GC(54) MMU: 2ms/0.0%, 5ms/0.0%, 10ms/12.6%, 20ms/46.4%, 50ms/78.5%, 100ms/87.1%
[133.680s][info][gc,marking  ] GC(54) Mark: 1 stripe(s), 2 proactive flush(es), 1 terminate flush(es), 0 completion(s), 0 continuation(s) 
[133.680s][info][gc,reloc    ] GC(54) Relocation: Successful, 28M relocated
[133.680s][info][gc,nmethod  ] GC(54) NMethods: 4678 registered, 4 unregistered
[133.680s][info][gc,metaspace] GC(54) Metaspace: 73M used, 77M capacity, 77M committed, 78M reserved
[133.680s][info][gc,ref      ] GC(54) Soft: 4921 encountered, 0 discovered, 0 enqueued
[133.680s][info][gc,ref      ] GC(54) Weak: 4972 encountered, 3917 discovered, 16 enqueued
[133.680s][info][gc,ref      ] GC(54) Final: 28 encountered, 0 discovered, 0 enqueued
[133.680s][info][gc,ref      ] GC(54) Phantom: 663 encountered, 659 discovered, 0 enqueued
[133.680s][info][gc,heap     ] GC(54)                Mark Start          Mark End        Relocate Start      Relocate End           High               Low         
[133.680s][info][gc,heap     ] GC(54)  Capacity:     1750M (100%)       1750M (100%)       1750M (100%)       1750M (100%)       1750M (100%)       1750M (100%)   
[133.680s][info][gc,heap     ] GC(54)   Reserve:       34M (2%)           34M (2%)           34M (2%)           34M (2%)           34M (2%)           34M (2%)     
[133.680s][info][gc,heap     ] GC(54)      Free:     1096M (63%)         704M (40%)         948M (54%)        1088M (62%)        1096M (63%)         704M (40%)    
[133.680s][info][gc,heap     ] GC(54)      Used:      620M (35%)        1012M (58%)         768M (44%)         628M (36%)        1012M (58%)         620M (35%)    
[133.680s][info][gc,heap     ] GC(54)      Live:         -               240M (14%)         240M (14%)         240M (14%)            -                  -          
[133.680s][info][gc,heap     ] GC(54) Allocated:         -               392M (22%)         392M (22%)         404M (23%)            -                  -          
[133.680s][info][gc,heap     ] GC(54)   Garbage:         -               379M (22%)         135M (8%)     17592186044411M (1         -                  -          
[133.680s][info][gc,heap     ] GC(54) Reclaimed:         -                  -               244M (14%)         384M (22%)            -                  -          
[133.680s][info][gc          ] GC(54) Garbage Collection (Allocation Rate) 620M(35%)->628M(36%)
[133.865s][info][gc,start    ] GC(55) Garbage Collection (Allocation Rate)
[133.869s][info][gc,phases   ] GC(55) Pause Mark Start 3.793ms
[135.008s][info][gc,phases   ] GC(55) Concurrent Mark 1138.554ms
[135.009s][info][gc,phases   ] GC(55) Pause Mark End 0.414ms
[135.010s][info][gc,phases   ] GC(55) Concurrent Process Non-Strong References 1.638ms
[135.010s][info][gc,phases   ] GC(55) Concurrent Reset Relocation Set 0.015ms
[135.010s][info][gc,phases   ] GC(55) Concurrent Destroy Detached Pages 0.001ms
[135.012s][info][gc,phases   ] GC(55) Concurrent Select Relocation Set 1.690ms
[135.025s][info][gc,phases   ] GC(55) Concurrent Prepare Relocation Set 12.862ms
[135.029s][info][gc,phases   ] GC(55) Pause Relocate Start 3.117ms
[135.451s][info][gc,phases   ] GC(55) Concurrent Relocate 422.767ms
[135.452s][info][gc,load     ] GC(55) Load: 2.59/2.39/2.57
[135.452s][info][gc,mmu      ] GC(55) MMU: 2ms/0.0%, 5ms/0.0%, 10ms/12.6%, 20ms/46.4%, 50ms/78.5%, 100ms/87.1%
[135.452s][info][gc,marking  ] GC(55) Mark: 1 stripe(s), 2 proactive flush(es), 1 terminate flush(es), 0 completion(s), 0 continuation(s) 
[135.452s][info][gc,reloc    ] GC(55) Relocation: Successful, 48M relocated
[135.452s][info][gc,nmethod  ] GC(55) NMethods: 4730 registered, 4 unregistered
[135.452s][info][gc,metaspace] GC(55) Metaspace: 73M used, 77M capacity, 78M committed, 80M reserved
[135.452s][info][gc,ref      ] GC(55) Soft: 4921 encountered, 0 discovered, 0 enqueued
[135.452s][info][gc,ref      ] GC(55) Weak: 4952 encountered, 3905 discovered, 0 enqueued
[135.452s][info][gc,ref      ] GC(55) Final: 28 encountered, 0 discovered, 0 enqueued
[135.452s][info][gc,ref      ] GC(55) Phantom: 662 encountered, 658 discovered, 0 enqueued
[135.452s][info][gc,heap     ] GC(55)                Mark Start          Mark End        Relocate Start      Relocate End           High               Low         
[135.452s][info][gc,heap     ] GC(55)  Capacity:     1750M (100%)       1750M (100%)       1750M (100%)       1750M (100%)       1750M (100%)       1750M (100%)   
[135.452s][info][gc,heap     ] GC(55)   Reserve:       34M (2%)           34M (2%)           34M (2%)           34M (2%)           34M (2%)           34M (2%)     
[135.452s][info][gc,heap     ] GC(55)      Free:     1032M (59%)         698M (40%)         756M (43%)        1010M (58%)        1032M (59%)         698M (40%)    
[135.452s][info][gc,heap     ] GC(55)      Used:      684M (39%)        1018M (58%)         960M (55%)         706M (40%)        1018M (58%)         684M (39%)    
[135.452s][info][gc,heap     ] GC(55)      Live:         -               246M (14%)         246M (14%)         246M (14%)            -                  -          
[135.452s][info][gc,heap     ] GC(55) Allocated:         -               334M (19%)         336M (19%)         494M (28%)            -                  -          
[135.452s][info][gc,heap     ] GC(55)   Garbage:         -               437M (25%)         377M (22%)          25M (1%)             -                  -          
[135.452s][info][gc,heap     ] GC(55) Reclaimed:         -                  -                60M (3%)          412M (24%)            -                  -          
[135.452s][info][gc          ] GC(55) Garbage Collection (Allocation Rate) 684M(39%)->706M(40%)
[135.464s][info][gc,start    ] GC(56) Garbage Collection (Allocation Rate)
[135.473s][info][gc,phases   ] GC(56) Pause Mark Start 3.701ms
[136.634s][info][gc,phases   ] GC(56) Concurrent Mark 1161.036ms
[136.635s][info][gc,phases   ] GC(56) Pause Mark End 0.165ms
[136.636s][info][gc,phases   ] GC(56) Concurrent Process Non-Strong References 1.549ms
[136.637s][info][gc,phases   ] GC(56) Concurrent Reset Relocation Set 1.172ms
[136.637s][info][gc,phases   ] GC(56) Concurrent Destroy Detached Pages 0.001ms
[136.640s][info][gc,phases   ] GC(56) Concurrent Select Relocation Set 2.217ms
[136.645s][info][gc,phases   ] GC(56) Concurrent Prepare Relocation Set 5.299ms
[136.648s][info][gc,phases   ] GC(56) Pause Relocate Start 3.031ms
[136.717s][info][gc,phases   ] GC(56) Concurrent Relocate 68.368ms
[136.717s][info][gc,load     ] GC(56) Load: 2.59/2.39/2.57
[136.717s][info][gc,mmu      ] GC(56) MMU: 2ms/0.0%, 5ms/0.0%, 10ms/12.6%, 20ms/46.4%, 50ms/78.5%, 100ms/87.1%
[136.717s][info][gc,marking  ] GC(56) Mark: 1 stripe(s), 2 proactive flush(es), 1 terminate flush(es), 0 completion(s), 0 continuation(s) 
[136.717s][info][gc,reloc    ] GC(56) Relocation: Successful, 33M relocated
[136.717s][info][gc,nmethod  ] GC(56) NMethods: 4776 registered, 4 unregistered
[136.717s][info][gc,metaspace] GC(56) Metaspace: 74M used, 78M capacity, 78M committed, 80M reserved
[136.717s][info][gc,ref      ] GC(56) Soft: 4920 encountered, 0 discovered, 0 enqueued
[136.717s][info][gc,ref      ] GC(56) Weak: 4919 encountered, 3937 discovered, 104 enqueued
[136.717s][info][gc,ref      ] GC(56) Final: 28 encountered, 0 discovered, 0 enqueued
[136.717s][info][gc,ref      ] GC(56) Phantom: 662 encountered, 658 discovered, 0 enqueued
[136.717s][info][gc,heap     ] GC(56)                Mark Start          Mark End        Relocate Start      Relocate End           High               Low         
[136.717s][info][gc,heap     ] GC(56)  Capacity:     1750M (100%)       1750M (100%)       1750M (100%)       1750M (100%)       1750M (100%)       1750M (100%)   
[136.717s][info][gc,heap     ] GC(56)   Reserve:       34M (2%)           34M (2%)           34M (2%)           34M (2%)           34M (2%)           34M (2%)     
[136.717s][info][gc,heap     ] GC(56)      Free:      998M (57%)         340M (19%)         626M (36%)         740M (42%)         998M (57%)         340M (19%)    
[136.717s][info][gc,heap     ] GC(56)      Used:      718M (41%)        1376M (79%)        1090M (62%)         976M (56%)        1376M (79%)         718M (41%)    
[136.717s][info][gc,heap     ] GC(56)      Live:         -               282M (16%)         282M (16%)         282M (16%)            -                  -          
[136.717s][info][gc,heap     ] GC(56) Allocated:         -               658M (38%)         658M (38%)         678M (39%)            -                  -          
[136.717s][info][gc,heap     ] GC(56)   Garbage:         -               435M (25%)         149M (9%)           35M (2%)             -                  -          
[136.717s][info][gc,heap     ] GC(56) Reclaimed:         -                  -               286M (16%)         400M (23%)            -                  -          
[136.717s][info][gc          ] GC(56) Garbage Collection (Allocation Rate) 718M(41%)->976M(56%)
[136.717s][info][gc,heap,exit] Heap
[136.717s][info][gc,heap,exit]  ZHeap           used 976M, capacity 1750M, max capacity 1750M
[136.717s][info][gc,heap,exit]  Metaspace       used 76315K, capacity 80445K, committed 80556K, reserved 81920K
