[0.003s][info][gc,init] Initializing The Z Garbage Collector
[0.004s][info][gc,init] Version: 11.0.15+10-Ubuntu-0ubuntu0.20.04.1 (release)
[0.004s][info][gc,init] NUMA Support: Disabled
[0.004s][info][gc,init] CPUs: 1 total, 1 available
[0.004s][info][gc,init] Memory: 7952M
[0.004s][info][gc,init] Large Page Support: Disabled
[0.004s][info][gc,init] Workers: 1 parallel, 1 concurrent
[0.004s][info][gc,init] Heap backed by file: /memfd:java_heap
[0.004s][info][gc,init] Available space on backing filesystem: N/A
[0.047s][info][gc,init] Pre-touching: Disabled
[0.047s][info][gc,init] Pre-mapping: 126M
[0.062s][info][gc,init] Runtime Workers: 1 parallel
[0.062s][info][gc     ] Using The Z Garbage Collector
[3.130s][info][gc,start] GC(0) Garbage Collection (Metadata GC Threshold)
[3.131s][info][gc,phases] GC(0) Pause Mark Start 0.652ms
[3.169s][info][gc,phases] GC(0) Concurrent Mark 37.699ms
[3.169s][info][gc,phases] GC(0) Pause Mark End 0.111ms
[3.170s][info][gc,phases] GC(0) Concurrent Process Non-Strong References 0.497ms
[3.170s][info][gc,phases] GC(0) Concurrent Reset Relocation Set 0.000ms
[3.170s][info][gc,phases] GC(0) Concurrent Destroy Detached Pages 0.001ms
[3.173s][info][gc,phases] GC(0) Concurrent Select Relocation Set 2.796ms
[3.174s][info][gc,phases] GC(0) Concurrent Prepare Relocation Set 1.691ms
[3.175s][info][gc,phases] GC(0) Pause Relocate Start 1.028ms
[3.199s][info][gc,phases] GC(0) Concurrent Relocate 23.165ms
[3.199s][info][gc,load  ] GC(0) Load: 2.00/2.15/2.43
[3.199s][info][gc,mmu   ] GC(0) MMU: 2ms/48.6%, 5ms/79.4%, 10ms/88.6%, 20ms/94.3%, 50ms/96.4%, 100ms/98.2%
[3.199s][info][gc,marking] GC(0) Mark: 1 stripe(s), 2 proactive flush(es), 1 terminate flush(es), 0 completion(s), 0 continuation(s) 
[3.199s][info][gc,reloc  ] GC(0) Relocation: Successful, 16M relocated
[3.199s][info][gc,nmethod] GC(0) NMethods: 339 registered, 0 unregistered
[3.199s][info][gc,metaspace] GC(0) Metaspace: 20M used, 21M capacity, 21M committed, 22M reserved
[3.199s][info][gc,ref      ] GC(0) Soft: 356 encountered, 0 discovered, 0 enqueued
[3.199s][info][gc,ref      ] GC(0) Weak: 711 encountered, 650 discovered, 188 enqueued
[3.199s][info][gc,ref      ] GC(0) Final: 2 encountered, 0 discovered, 0 enqueued
[3.199s][info][gc,ref      ] GC(0) Phantom: 839 encountered, 644 discovered, 245 enqueued
[3.199s][info][gc,heap     ] GC(0)                Mark Start          Mark End        Relocate Start      Relocate End           High               Low         
[3.199s][info][gc,heap     ] GC(0)  Capacity:      160M (8%)          160M (8%)          160M (8%)          160M (8%)          160M (8%)          160M (8%)     
[3.199s][info][gc,heap     ] GC(0)   Reserve:       34M (2%)           34M (2%)           34M (2%)           34M (2%)           34M (2%)           34M (2%)     
[3.199s][info][gc,heap     ] GC(0)      Free:     1876M (94%)        1874M (94%)        1874M (94%)        1916M (96%)        1916M (96%)        1872M (94%)    
[3.199s][info][gc,heap     ] GC(0)      Used:       90M (4%)           92M (5%)           92M (5%)           50M (2%)           94M (5%)           50M (2%)     
[3.199s][info][gc,heap     ] GC(0)      Live:         -                17M (1%)           17M (1%)           17M (1%)             -                  -          
[3.199s][info][gc,heap     ] GC(0) Allocated:         -                 2M (0%)            2M (0%)           12M (1%)             -                  -          
[3.199s][info][gc,heap     ] GC(0)   Garbage:         -                72M (4%)           72M (4%)           30M (2%)             -                  -          
[3.199s][info][gc,heap     ] GC(0) Reclaimed:         -                  -                 0M (0%)           42M (2%)             -                  -          
[3.199s][info][gc          ] GC(0) Garbage Collection (Metadata GC Threshold) 90M(4%)->50M(2%)
[4.940s][info][gc,start    ] GC(1) Garbage Collection (Metadata GC Threshold)
[4.946s][info][gc,phases   ] GC(1) Pause Mark Start 1.295ms
[5.062s][info][gc,phases   ] GC(1) Concurrent Mark 108.711ms
[5.063s][info][gc,phases   ] GC(1) Pause Mark End 0.411ms
[5.065s][info][gc,phases   ] GC(1) Concurrent Process Non-Strong References 2.201ms
[5.065s][info][gc,phases   ] GC(1) Concurrent Reset Relocation Set 0.160ms
[5.065s][info][gc,phases   ] GC(1) Concurrent Destroy Detached Pages 0.001ms
[5.072s][info][gc,phases   ] GC(1) Concurrent Select Relocation Set 6.972ms
[5.073s][info][gc,phases   ] GC(1) Concurrent Prepare Relocation Set 0.288ms
[5.074s][info][gc,phases   ] GC(1) Pause Relocate Start 1.488ms
[5.091s][info][gc,phases   ] GC(1) Concurrent Relocate 13.461ms
[5.091s][info][gc,load     ] GC(1) Load: 1.92/2.13/2.42
[5.091s][info][gc,mmu      ] GC(1) MMU: 2ms/25.6%, 5ms/70.2%, 10ms/85.1%, 20ms/90.5%, 50ms/96.2%, 100ms/98.1%
[5.091s][info][gc,marking  ] GC(1) Mark: 1 stripe(s), 3 proactive flush(es), 3 terminate flush(es), 1 completion(s), 0 continuation(s) 
[5.091s][info][gc,reloc    ] GC(1) Relocation: Successful, 12M relocated
[5.091s][info][gc,nmethod  ] GC(1) NMethods: 689 registered, 0 unregistered
[5.091s][info][gc,metaspace] GC(1) Metaspace: 35M used, 36M capacity, 36M committed, 38M reserved
[5.091s][info][gc,ref      ] GC(1) Soft: 2902 encountered, 0 discovered, 0 enqueued
[5.091s][info][gc,ref      ] GC(1) Weak: 1464 encountered, 1126 discovered, 227 enqueued
[5.091s][info][gc,ref      ] GC(1) Final: 26 encountered, 13 discovered, 13 enqueued
[5.091s][info][gc,ref      ] GC(1) Phantom: 907 encountered, 765 discovered, 295 enqueued
[5.091s][info][gc,heap     ] GC(1)                Mark Start          Mark End        Relocate Start      Relocate End           High               Low         
[5.091s][info][gc,heap     ] GC(1)  Capacity:      160M (8%)          160M (8%)          160M (8%)          160M (8%)          160M (8%)          160M (8%)     
[5.091s][info][gc,heap     ] GC(1)   Reserve:       34M (2%)           34M (2%)           34M (2%)           34M (2%)           34M (2%)           34M (2%)     
[5.091s][info][gc,heap     ] GC(1)      Free:     1858M (93%)        1854M (93%)        1854M (93%)        1908M (95%)        1908M (95%)        1852M (93%)    
[5.091s][info][gc,heap     ] GC(1)      Used:      108M (5%)          112M (6%)          112M (6%)           58M (3%)          114M (6%)           58M (3%)     
[5.091s][info][gc,heap     ] GC(1)      Live:         -                21M (1%)           21M (1%)           21M (1%)             -                  -          
[5.091s][info][gc,heap     ] GC(1) Allocated:         -                 4M (0%)            4M (0%)           12M (1%)             -                  -          
[5.091s][info][gc,heap     ] GC(1)   Garbage:         -                86M (4%)           86M (4%)           30M (2%)             -                  -          
[5.091s][info][gc,heap     ] GC(1) Reclaimed:         -                  -                 0M (0%)           56M (3%)             -                  -          
[5.091s][info][gc          ] GC(1) Garbage Collection (Metadata GC Threshold) 108M(5%)->58M(3%)
[7.600s][info][gc,start    ] GC(2) Garbage Collection (Warmup)
[7.603s][info][gc,phases   ] GC(2) Pause Mark Start 2.118ms
[9.159s][info][gc,phases   ] GC(2) Concurrent Mark 1555.766ms
[9.161s][info][gc,phases   ] GC(2) Pause Mark End 0.197ms
[9.163s][info][gc,phases   ] GC(2) Concurrent Process Non-Strong References 1.785ms
[9.164s][info][gc,phases   ] GC(2) Concurrent Reset Relocation Set 0.006ms
[9.164s][info][gc,phases   ] GC(2) Concurrent Destroy Detached Pages 0.000ms
[9.165s][info][gc,phases   ] GC(2) Concurrent Select Relocation Set 1.513ms
[9.166s][info][gc,phases   ] GC(2) Concurrent Prepare Relocation Set 0.537ms
[9.169s][info][gc,phases   ] GC(2) Pause Relocate Start 3.038ms
[9.192s][info][gc,phases   ] GC(2) Concurrent Relocate 22.397ms
[9.192s][info][gc,load     ] GC(2) Load: 1.92/2.13/2.42
[9.192s][info][gc,mmu      ] GC(2) MMU: 2ms/0.0%, 5ms/39.2%, 10ms/67.7%, 20ms/83.8%, 50ms/93.5%, 100ms/96.8%
[9.192s][info][gc,marking  ] GC(2) Mark: 1 stripe(s), 2 proactive flush(es), 1 terminate flush(es), 0 completion(s), 0 continuation(s) 
[9.192s][info][gc,reloc    ] GC(2) Relocation: Successful, 14M relocated
[9.192s][info][gc,nmethod  ] GC(2) NMethods: 1080 registered, 0 unregistered
[9.192s][info][gc,metaspace] GC(2) Metaspace: 50M used, 52M capacity, 52M committed, 54M reserved
[9.192s][info][gc,ref      ] GC(2) Soft: 3457 encountered, 0 discovered, 0 enqueued
[9.192s][info][gc,ref      ] GC(2) Weak: 2455 encountered, 1902 discovered, 284 enqueued
[9.192s][info][gc,ref      ] GC(2) Final: 30 encountered, 6 discovered, 6 enqueued
[9.192s][info][gc,ref      ] GC(2) Phantom: 1110 encountered, 917 discovered, 476 enqueued
[9.192s][info][gc,heap     ] GC(2)                Mark Start          Mark End        Relocate Start      Relocate End           High               Low         
[9.192s][info][gc,heap     ] GC(2)  Capacity:      696M (35%)         942M (47%)         942M (47%)         944M (47%)         944M (47%)         696M (35%)    
[9.192s][info][gc,heap     ] GC(2)   Reserve:       34M (2%)           34M (2%)           34M (2%)           34M (2%)           34M (2%)           34M (2%)     
[9.192s][info][gc,heap     ] GC(2)      Free:     1304M (65%)        1058M (53%)        1058M (53%)        1142M (57%)        1304M (65%)        1056M (53%)    
[9.192s][info][gc,heap     ] GC(2)      Used:      662M (33%)         908M (45%)         908M (45%)         824M (41%)         910M (46%)         662M (33%)    
[9.192s][info][gc,heap     ] GC(2)      Live:         -               540M (27%)         540M (27%)         540M (27%)            -                  -          
[9.192s][info][gc,heap     ] GC(2) Allocated:         -               246M (12%)         246M (12%)         256M (13%)            -                  -          
[9.192s][info][gc,heap     ] GC(2)   Garbage:         -               121M (6%)          121M (6%)           37M (2%)             -                  -          
[9.192s][info][gc,heap     ] GC(2) Reclaimed:         -                  -                 0M (0%)           84M (4%)             -                  -          
[9.192s][info][gc          ] GC(2) Garbage Collection (Warmup) 662M(33%)->824M(41%)
[9.200s][info][gc,start    ] GC(3) Garbage Collection (Allocation Rate)
[9.201s][info][gc,phases   ] GC(3) Pause Mark Start 1.312ms
[10.101s][info][gc,stats    ] === Garbage Collection Statistics =======================================================================================================================
[10.101s][info][gc,stats    ]                                                              Last 10s              Last 10m              Last 10h                Total
[10.101s][info][gc,stats    ]                                                              Avg / Max             Avg / Max             Avg / Max             Avg / Max
[10.101s][info][gc,stats    ]   Collector: Garbage Collection Cycle                    603.550 / 1591.229    603.550 / 1591.229    603.550 / 1591.229    603.550 / 1591.229    ms
[10.101s][info][gc,stats    ]  Contention: Mark Segment Reset Contention                     0 / 0                 0 / 0                 0 / 0                 0 / 0           ops/s
[10.101s][info][gc,stats    ]  Contention: Mark SeqNum Reset Contention                      0 / 0                 0 / 0                 0 / 0                 0 / 0           ops/s
[10.101s][info][gc,stats    ]  Contention: Relocation Contention                             0 / 0                 0 / 0                 0 / 0                 0 / 0           ops/s
[10.101s][info][gc,stats    ]    Critical: Allocation Stall                              0.000 / 0.000         0.000 / 0.000         0.000 / 0.000         0.000 / 0.000       ms
[10.101s][info][gc,stats    ]    Critical: Allocation Stall                                  0 / 0                 0 / 0                 0 / 0                 0 / 0           ops/s
[10.101s][info][gc,stats    ]    Critical: GC Locker Stall                               0.013 / 0.013         0.013 / 0.013         0.013 / 0.013         0.013 / 0.013       ms
[10.101s][info][gc,stats    ]    Critical: GC Locker Stall                                   0 / 1                 0 / 1                 0 / 1                 0 / 1           ops/s
[10.101s][info][gc,stats    ]      Memory: Allocation Rate                                 102 / 606             102 / 606             102 / 606             102 / 606         MB/s
[10.101s][info][gc,stats    ]      Memory: Heap Used After Mark                            370 / 908             370 / 908             370 / 908             370 / 908         MB
[10.101s][info][gc,stats    ]      Memory: Heap Used After Relocation                      310 / 824             310 / 824             310 / 824             310 / 824         MB
[10.101s][info][gc,stats    ]      Memory: Heap Used Before Mark                           421 / 824             421 / 824             421 / 824             421 / 824         MB
[10.101s][info][gc,stats    ]      Memory: Heap Used Before Relocation                     370 / 908             370 / 908             370 / 908             370 / 908         MB
[10.101s][info][gc,stats    ]      Memory: Out Of Memory                                     0 / 0                 0 / 0                 0 / 0                 0 / 0           ops/s
[10.101s][info][gc,stats    ]      Memory: Page Cache Flush                                  0 / 0                 0 / 0                 0 / 0                 0 / 0           MB/s
[10.102s][info][gc,stats    ]      Memory: Page Cache Hit L1                                 7 / 20                7 / 20                7 / 20                7 / 20          ops/s
[10.102s][info][gc,stats    ]      Memory: Page Cache Hit L2                                 0 / 0                 0 / 0                 0 / 0                 0 / 0           ops/s
[10.102s][info][gc,stats    ]      Memory: Page Cache Miss                                  44 / 303              44 / 303              44 / 303              44 / 303         ops/s
[10.102s][info][gc,stats    ]      Memory: Undo Object Allocation Failed                     0 / 0                 0 / 0                 0 / 0                 0 / 0           ops/s
[10.102s][info][gc,stats    ]      Memory: Undo Object Allocation Succeeded                  0 / 0                 0 / 0                 0 / 0                 0 / 0           ops/s
[10.102s][info][gc,stats    ]      Memory: Undo Page Allocation                              0 / 0                 0 / 0                 0 / 0                 0 / 0           ops/s
[10.102s][info][gc,stats    ]       Phase: Concurrent Destroy Detached Pages             0.001 / 0.001         0.001 / 0.001         0.001 / 0.001         0.001 / 0.001       ms
[10.102s][info][gc,stats    ]       Phase: Concurrent Mark                             567.392 / 1555.766    567.392 / 1555.766    567.392 / 1555.766    567.392 / 1555.766    ms
[10.102s][info][gc,stats    ]       Phase: Concurrent Mark Continue                      0.000 / 0.000         0.000 / 0.000         0.000 / 0.000         0.000 / 0.000       ms
[10.102s][info][gc,stats    ]       Phase: Concurrent Prepare Relocation Set             0.839 / 1.691         0.839 / 1.691         0.839 / 1.691         0.839 / 1.691       ms
[10.102s][info][gc,stats    ]       Phase: Concurrent Process Non-Strong References      1.494 / 2.201         1.494 / 2.201         1.494 / 2.201         1.494 / 2.201       ms
[10.102s][info][gc,stats    ]       Phase: Concurrent Relocate                          19.674 / 23.165       19.674 / 23.165       19.674 / 23.165       19.674 / 23.165      ms
[10.102s][info][gc,stats    ]       Phase: Concurrent Reset Relocation Set               0.055 / 0.160         0.055 / 0.160         0.055 / 0.160         0.055 / 0.160       ms
[10.102s][info][gc,stats    ]       Phase: Concurrent Select Relocation Set              3.760 / 6.972         3.760 / 6.972         3.760 / 6.972         3.760 / 6.972       ms
[10.102s][info][gc,stats    ]       Phase: Pause Mark End                                0.240 / 0.411         0.240 / 0.411         0.240 / 0.411         0.240 / 0.411       ms
[10.102s][info][gc,stats    ]       Phase: Pause Mark Start                              1.345 / 2.118         1.345 / 2.118         1.345 / 2.118         1.345 / 2.118       ms
[10.102s][info][gc,stats    ]       Phase: Pause Relocate Start                          1.851 / 3.038         1.851 / 3.038         1.851 / 3.038         1.851 / 3.038       ms
[10.102s][info][gc,stats    ]    Subphase: Concurrent Mark                             567.367 / 1555.737    567.367 / 1555.737    567.367 / 1555.737    567.367 / 1555.737    ms
[10.102s][info][gc,stats    ]    Subphase: Concurrent Mark Idle                          0.000 / 0.000         0.000 / 0.000         0.000 / 0.000         0.000 / 0.000       ms
[10.102s][info][gc,stats    ]    Subphase: Concurrent Mark Try Flush                     1.718 / 5.762         1.718 / 5.762         1.718 / 5.762         1.718 / 5.762       ms
[10.102s][info][gc,stats    ]    Subphase: Concurrent Mark Try Terminate                 0.514 / 1.189         0.514 / 1.189         0.514 / 1.189         0.514 / 1.189       ms
[10.102s][info][gc,stats    ]    Subphase: Concurrent References Enqueue                 0.004 / 0.005         0.004 / 0.005         0.004 / 0.005         0.004 / 0.005       ms
[10.102s][info][gc,stats    ]    Subphase: Concurrent References Process                 0.604 / 0.795         0.604 / 0.795         0.604 / 0.795         0.604 / 0.795       ms
[10.102s][info][gc,stats    ]    Subphase: Concurrent Weak Roots                         0.875 / 1.380         0.875 / 1.380         0.875 / 1.380         0.875 / 1.380       ms
[10.102s][info][gc,stats    ]    Subphase: Concurrent Weak Roots JNIWeakHandles          0.000 / 0.000         0.000 / 0.000         0.000 / 0.000         0.000 / 0.000       ms
[10.102s][info][gc,stats    ]    Subphase: Concurrent Weak Roots StringTable             0.713 / 1.128         0.713 / 1.128         0.713 / 1.128         0.713 / 1.128       ms
[10.102s][info][gc,stats    ]    Subphase: Concurrent Weak Roots VMWeakHandles           0.160 / 0.249         0.160 / 0.249         0.160 / 0.249         0.160 / 0.249       ms
[10.102s][info][gc,stats    ]    Subphase: Pause Mark Try Complete                       0.002 / 0.002         0.002 / 0.002         0.002 / 0.002         0.002 / 0.002       ms
[10.102s][info][gc,stats    ]    Subphase: Pause Remap TLABS                             0.000 / 0.001         0.000 / 0.001         0.000 / 0.001         0.000 / 0.001       ms
[10.102s][info][gc,stats    ]    Subphase: Pause Retire TLABS                            0.011 / 0.018         0.011 / 0.018         0.011 / 0.018         0.011 / 0.018       ms
[10.102s][info][gc,stats    ]    Subphase: Pause Roots                                   1.071 / 2.862         1.071 / 2.862         1.071 / 2.862         1.071 / 2.862       ms
[10.102s][info][gc,stats    ]    Subphase: Pause Roots ClassLoaderDataGraph              0.645 / 1.614         0.645 / 1.614         0.645 / 1.614         0.645 / 1.614       ms
[10.102s][info][gc,stats    ]    Subphase: Pause Roots CodeCache                         0.364 / 0.586         0.364 / 0.586         0.364 / 0.586         0.364 / 0.586       ms
[10.102s][info][gc,stats    ]    Subphase: Pause Roots JNIHandles                        0.002 / 0.004         0.002 / 0.004         0.002 / 0.004         0.002 / 0.004       ms
[10.102s][info][gc,stats    ]    Subphase: Pause Roots JNIWeakHandles                    0.000 / 0.000         0.000 / 0.000         0.000 / 0.000         0.000 / 0.000       ms
[10.102s][info][gc,stats    ]    Subphase: Pause Roots JRFWeak                           0.000 / 0.000         0.000 / 0.000         0.000 / 0.000         0.000 / 0.000       ms
[10.102s][info][gc,stats    ]    Subphase: Pause Roots JVMTIExport                       0.001 / 0.001         0.001 / 0.001         0.001 / 0.001         0.001 / 0.001       ms
[10.102s][info][gc,stats    ]    Subphase: Pause Roots JVMTIWeakExport                   0.001 / 0.001         0.001 / 0.001         0.001 / 0.001         0.001 / 0.001       ms
[10.102s][info][gc,stats    ]    Subphase: Pause Roots Management                        0.001 / 0.004         0.001 / 0.004         0.001 / 0.004         0.001 / 0.004       ms
[10.102s][info][gc,stats    ]    Subphase: Pause Roots ObjectSynchronizer                0.000 / 0.000         0.000 / 0.000         0.000 / 0.000         0.000 / 0.000       ms
[10.102s][info][gc,stats    ]    Subphase: Pause Roots Setup                             0.061 / 0.137         0.061 / 0.137         0.061 / 0.137         0.061 / 0.137       ms
[10.102s][info][gc,stats    ]    Subphase: Pause Roots StringTable                       0.000 / 0.000         0.000 / 0.000         0.000 / 0.000         0.000 / 0.000       ms
[10.102s][info][gc,stats    ]    Subphase: Pause Roots SystemDictionary                  0.015 / 0.032         0.015 / 0.032         0.015 / 0.032         0.015 / 0.032       ms
[10.102s][info][gc,stats    ]    Subphase: Pause Roots Teardown                          0.001 / 0.002         0.001 / 0.002         0.001 / 0.002         0.001 / 0.002       ms
[10.102s][info][gc,stats    ]    Subphase: Pause Roots Threads                           0.311 / 0.985         0.311 / 0.985         0.311 / 0.985         0.311 / 0.985       ms
[10.102s][info][gc,stats    ]    Subphase: Pause Roots Universe                          0.055 / 0.370         0.055 / 0.370         0.055 / 0.370         0.055 / 0.370       ms
[10.102s][info][gc,stats    ]    Subphase: Pause Roots VMWeakHandles                     0.000 / 0.000         0.000 / 0.000         0.000 / 0.000         0.000 / 0.000       ms
[10.102s][info][gc,stats    ]    Subphase: Pause Weak Roots                              0.005 / 0.010         0.005 / 0.010         0.005 / 0.010         0.005 / 0.010       ms
[10.102s][info][gc,stats    ]    Subphase: Pause Weak Roots JFRWeak                      0.001 / 0.001         0.001 / 0.001         0.001 / 0.001         0.001 / 0.001       ms
[10.102s][info][gc,stats    ]    Subphase: Pause Weak Roots JNIWeakHandles               0.000 / 0.000         0.000 / 0.000         0.000 / 0.000         0.000 / 0.000       ms
[10.102s][info][gc,stats    ]    Subphase: Pause Weak Roots JVMTIWeakExport              0.004 / 0.009         0.004 / 0.009         0.004 / 0.009         0.004 / 0.009       ms
[10.102s][info][gc,stats    ]    Subphase: Pause Weak Roots Setup                        0.000 / 0.000         0.000 / 0.000         0.000 / 0.000         0.000 / 0.000       ms
[10.102s][info][gc,stats    ]    Subphase: Pause Weak Roots StringTable                  0.000 / 0.000         0.000 / 0.000         0.000 / 0.000         0.000 / 0.000       ms
[10.102s][info][gc,stats    ]    Subphase: Pause Weak Roots SymbolTable                  0.000 / 0.000         0.000 / 0.000         0.000 / 0.000         0.000 / 0.000       ms
[10.102s][info][gc,stats    ]    Subphase: Pause Weak Roots Teardown                     0.001 / 0.001         0.001 / 0.001         0.001 / 0.001         0.001 / 0.001       ms
[10.102s][info][gc,stats    ]    Subphase: Pause Weak Roots VMWeakHandles                0.000 / 0.000         0.000 / 0.000         0.000 / 0.000         0.000 / 0.000       ms
[10.102s][info][gc,stats    ]      System: Java Threads                                     22 / 46               22 / 46               22 / 46               22 / 46          threads
[10.102s][info][gc,stats    ] =========================================================================================================================================================
[11.939s][info][gc,phases   ] GC(3) Concurrent Mark 2737.214ms
[11.939s][info][gc,phases   ] GC(3) Pause Mark End 0.229ms
[11.941s][info][gc,phases   ] GC(3) Concurrent Process Non-Strong References 1.481ms
[11.941s][info][gc,phases   ] GC(3) Concurrent Reset Relocation Set 0.007ms
[11.941s][info][gc,phases   ] GC(3) Concurrent Destroy Detached Pages 0.001ms
[11.942s][info][gc,phases   ] GC(3) Concurrent Select Relocation Set 1.509ms
[11.942s][info][gc,phases   ] GC(3) Concurrent Prepare Relocation Set 0.005ms
[11.944s][info][gc,phases   ] GC(3) Pause Relocate Start 1.206ms
[11.945s][info][gc,phases   ] GC(3) Concurrent Relocate 1.583ms
[11.946s][info][gc,load     ] GC(3) Load: 2.01/2.14/2.43
[11.946s][info][gc,mmu      ] GC(3) MMU: 2ms/0.0%, 5ms/39.2%, 10ms/67.7%, 20ms/83.8%, 50ms/90.9%, 100ms/95.5%
[11.946s][info][gc,marking  ] GC(3) Mark: 1 stripe(s), 2 proactive flush(es), 1 terminate flush(es), 0 completion(s), 0 continuation(s) 
[11.946s][info][gc,reloc    ] GC(3) Relocation: Successful, 6M relocated
[11.946s][info][gc,nmethod  ] GC(3) NMethods: 1387 registered, 0 unregistered
[11.946s][info][gc,metaspace] GC(3) Metaspace: 58M used, 61M capacity, 61M committed, 62M reserved
[11.946s][info][gc,ref      ] GC(3) Soft: 3457 encountered, 0 discovered, 0 enqueued
[11.946s][info][gc,ref      ] GC(3) Weak: 2171 encountered, 1627 discovered, 0 enqueued
[11.946s][info][gc,ref      ] GC(3) Final: 24 encountered, 0 discovered, 0 enqueued
[11.946s][info][gc,ref      ] GC(3) Phantom: 635 encountered, 442 discovered, 0 enqueued
[11.946s][info][gc,heap     ] GC(3)                Mark Start          Mark End        Relocate Start      Relocate End           High               Low         
[11.946s][info][gc,heap     ] GC(3)  Capacity:      944M (47%)         982M (49%)         982M (49%)         982M (49%)         982M (49%)         944M (47%)    
[11.946s][info][gc,heap     ] GC(3)   Reserve:       34M (2%)           34M (2%)           34M (2%)           34M (2%)           34M (2%)           34M (2%)     
[11.946s][info][gc,heap     ] GC(3)      Free:     1142M (57%)        1050M (52%)        1050M (52%)        1054M (53%)        1142M (57%)        1048M (52%)    
[11.946s][info][gc,heap     ] GC(3)      Used:      824M (41%)         916M (46%)         916M (46%)         912M (46%)         918M (46%)         824M (41%)    
[11.946s][info][gc,heap     ] GC(3)      Live:         -               779M (39%)         779M (39%)         779M (39%)            -                  -          
[11.946s][info][gc,heap     ] GC(3) Allocated:         -                92M (5%)           92M (5%)           94M (5%)             -                  -          
[11.946s][info][gc,heap     ] GC(3)   Garbage:         -                44M (2%)           44M (2%)           40M (2%)             -                  -          
[11.946s][info][gc,heap     ] GC(3) Reclaimed:         -                  -                 0M (0%)            4M (0%)             -                  -          
[11.946s][info][gc          ] GC(3) Garbage Collection (Allocation Rate) 824M(41%)->912M(46%)
[11.946s][info][gc,start    ] GC(4) Garbage Collection (System.gc())
[11.951s][info][gc,phases   ] GC(4) Pause Mark Start 5.093ms
[11.997s][info][gc,phases   ] GC(4) Concurrent Mark 46.363ms
[11.998s][info][gc,phases   ] GC(4) Pause Mark End 0.240ms
[11.999s][info][gc,phases   ] GC(4) Concurrent Process Non-Strong References 1.200ms
[11.999s][info][gc,phases   ] GC(4) Concurrent Reset Relocation Set 0.002ms
[11.999s][info][gc,phases   ] GC(4) Concurrent Destroy Detached Pages 0.000ms
[12.000s][info][gc,phases   ] GC(4) Concurrent Select Relocation Set 1.569ms
[12.001s][info][gc,phases   ] GC(4) Concurrent Prepare Relocation Set 0.493ms
[12.003s][info][gc,phases   ] GC(4) Pause Relocate Start 1.926ms
[12.007s][info][gc,phases   ] GC(4) Concurrent Relocate 4.388ms
[12.007s][info][gc,load     ] GC(4) Load: 2.01/2.14/2.43
[12.007s][info][gc,mmu      ] GC(4) MMU: 2ms/0.0%, 5ms/0.0%, 10ms/37.0%, 20ms/67.4%, 50ms/86.9%, 100ms/91.3%
[12.007s][info][gc,marking  ] GC(4) Mark: 1 stripe(s), 2 proactive flush(es), 1 terminate flush(es), 0 completion(s), 0 continuation(s) 
[12.007s][info][gc,reloc    ] GC(4) Relocation: Successful, 8M relocated
[12.007s][info][gc,nmethod  ] GC(4) NMethods: 1389 registered, 0 unregistered
[12.007s][info][gc,metaspace] GC(4) Metaspace: 58M used, 61M capacity, 61M committed, 62M reserved
[12.007s][info][gc,ref      ] GC(4) Soft: 3878 encountered, 0 discovered, 0 enqueued
[12.007s][info][gc,ref      ] GC(4) Weak: 2931 encountered, 2249 discovered, 198 enqueued
[12.007s][info][gc,ref      ] GC(4) Final: 34 encountered, 8 discovered, 8 enqueued
[12.007s][info][gc,ref      ] GC(4) Phantom: 912 encountered, 780 discovered, 271 enqueued
[12.007s][info][gc,heap     ] GC(4)                Mark Start          Mark End        Relocate Start      Relocate End           High               Low         
[12.008s][info][gc,heap     ] GC(4)  Capacity:      982M (49%)         982M (49%)         982M (49%)         982M (49%)         982M (49%)         982M (49%)    
[12.008s][info][gc,heap     ] GC(4)   Reserve:       34M (2%)           34M (2%)           34M (2%)           34M (2%)           34M (2%)           34M (2%)     
[12.008s][info][gc,heap     ] GC(4)      Free:     1054M (53%)        1054M (53%)        1844M (92%)        1906M (95%)        1906M (95%)        1054M (53%)    
[12.008s][info][gc,heap     ] GC(4)      Used:      912M (46%)         912M (46%)         122M (6%)           60M (3%)          912M (46%)          60M (3%)     
[12.008s][info][gc,heap     ] GC(4)      Live:         -                29M (1%)           29M (1%)           29M (1%)             -                  -          
[12.008s][info][gc,heap     ] GC(4) Allocated:         -                 0M (0%)            0M (0%)            4M (0%)             -                  -          
[12.008s][info][gc,heap     ] GC(4)   Garbage:         -               882M (44%)          92M (5%)           30M (2%)             -                  -          
[12.008s][info][gc,heap     ] GC(4) Reclaimed:         -                  -               790M (40%)         852M (43%)            -                  -          
[12.008s][info][gc          ] GC(4) Garbage Collection (System.gc()) 912M(46%)->60M(3%)
[14.400s][info][gc,start    ] GC(5) Garbage Collection (Allocation Rate)
[14.403s][info][gc,phases   ] GC(5) Pause Mark Start 2.534ms
[14.484s][info][gc,phases   ] GC(5) Concurrent Mark 80.972ms
[14.486s][info][gc,phases   ] GC(5) Pause Mark End 0.184ms
[14.488s][info][gc,phases   ] GC(5) Concurrent Process Non-Strong References 1.923ms
[14.488s][info][gc,phases   ] GC(5) Concurrent Reset Relocation Set 0.004ms
[14.488s][info][gc,phases   ] GC(5) Concurrent Destroy Detached Pages 0.000ms
[14.490s][info][gc,phases   ] GC(5) Concurrent Select Relocation Set 1.536ms
[14.492s][info][gc,phases   ] GC(5) Concurrent Prepare Relocation Set 0.109ms
[14.495s][info][gc,phases   ] GC(5) Pause Relocate Start 2.308ms
[14.508s][info][gc,phases   ] GC(5) Concurrent Relocate 13.526ms
[14.508s][info][gc,load     ] GC(5) Load: 2.09/2.16/2.43
[14.508s][info][gc,mmu      ] GC(5) MMU: 2ms/0.0%, 5ms/0.0%, 10ms/37.0%, 20ms/67.4%, 50ms/86.9%, 100ms/91.3%
[14.508s][info][gc,marking  ] GC(5) Mark: 1 stripe(s), 3 proactive flush(es), 1 terminate flush(es), 0 completion(s), 0 continuation(s) 
[14.508s][info][gc,reloc    ] GC(5) Relocation: Successful, 10M relocated
[14.508s][info][gc,nmethod  ] GC(5) NMethods: 1871 registered, 0 unregistered
[14.508s][info][gc,metaspace] GC(5) Metaspace: 67M used, 70M capacity, 70M committed, 72M reserved
[14.508s][info][gc,ref      ] GC(5) Soft: 4438 encountered, 0 discovered, 0 enqueued
[14.508s][info][gc,ref      ] GC(5) Weak: 4205 encountered, 3306 discovered, 324 enqueued
[14.508s][info][gc,ref      ] GC(5) Final: 29 encountered, 3 discovered, 3 enqueued
[14.508s][info][gc,ref      ] GC(5) Phantom: 1058 encountered, 1005 discovered, 402 enqueued
[14.508s][info][gc,heap     ] GC(5)                Mark Start          Mark End        Relocate Start      Relocate End           High               Low         
[14.508s][info][gc,heap     ] GC(5)  Capacity:      982M (49%)         982M (49%)         982M (49%)         982M (49%)         982M (49%)         982M (49%)    
[14.508s][info][gc,heap     ] GC(5)   Reserve:       34M (2%)           34M (2%)           34M (2%)           34M (2%)           34M (2%)           34M (2%)     
[14.508s][info][gc,heap     ] GC(5)      Free:     1524M (76%)        1466M (73%)        1762M (88%)        1832M (92%)        1832M (92%)        1466M (73%)    
[14.508s][info][gc,heap     ] GC(5)      Used:      442M (22%)         500M (25%)         204M (10%)         134M (7%)          500M (25%)         134M (7%)     
[14.508s][info][gc,heap     ] GC(5)      Live:         -                32M (2%)           32M (2%)           32M (2%)             -                  -          
[14.508s][info][gc,heap     ] GC(5) Allocated:         -                58M (3%)           58M (3%)           76M (4%)             -                  -          
[14.508s][info][gc,heap     ] GC(5)   Garbage:         -               409M (20%)         113M (6%)           33M (2%)             -                  -          
[14.508s][info][gc,heap     ] GC(5) Reclaimed:         -                  -               296M (15%)         376M (19%)            -                  -          
[14.508s][info][gc          ] GC(5) Garbage Collection (Allocation Rate) 442M(22%)->134M(7%)
[14.600s][info][gc,start    ] GC(6) Garbage Collection (Allocation Rate)
[14.604s][info][gc,phases   ] GC(6) Pause Mark Start 1.938ms
[14.688s][info][gc,phases   ] GC(6) Concurrent Mark 83.378ms
[14.688s][info][gc,phases   ] GC(6) Pause Mark End 0.192ms
[14.690s][info][gc,phases   ] GC(6) Concurrent Process Non-Strong References 1.790ms
[14.690s][info][gc,phases   ] GC(6) Concurrent Reset Relocation Set 0.006ms
[14.690s][info][gc,phases   ] GC(6) Concurrent Destroy Detached Pages 0.001ms
[14.691s][info][gc,phases   ] GC(6) Concurrent Select Relocation Set 1.547ms
[14.691s][info][gc,phases   ] GC(6) Concurrent Prepare Relocation Set 0.015ms
[14.693s][info][gc,phases   ] GC(6) Pause Relocate Start 1.675ms
[14.699s][info][gc,phases   ] GC(6) Concurrent Relocate 6.066ms
[14.699s][info][gc,load     ] GC(6) Load: 2.09/2.16/2.43
[14.699s][info][gc,mmu      ] GC(6) MMU: 2ms/0.0%, 5ms/0.0%, 10ms/37.0%, 20ms/67.4%, 50ms/86.9%, 100ms/91.3%
[14.699s][info][gc,marking  ] GC(6) Mark: 1 stripe(s), 2 proactive flush(es), 1 terminate flush(es), 1 completion(s), 0 continuation(s) 
[14.699s][info][gc,reloc    ] GC(6) Relocation: Successful, 6M relocated
[14.699s][info][gc,nmethod  ] GC(6) NMethods: 1876 registered, 0 unregistered
[14.699s][info][gc,metaspace] GC(6) Metaspace: 67M used, 70M capacity, 70M committed, 72M reserved
[14.699s][info][gc,ref      ] GC(6) Soft: 4438 encountered, 0 discovered, 0 enqueued
[14.699s][info][gc,ref      ] GC(6) Weak: 3881 encountered, 2982 discovered, 0 enqueued
[14.699s][info][gc,ref      ] GC(6) Final: 26 encountered, 0 discovered, 0 enqueued
[14.699s][info][gc,ref      ] GC(6) Phantom: 656 encountered, 653 discovered, 0 enqueued
[14.699s][info][gc,heap     ] GC(6)                Mark Start          Mark End        Relocate Start      Relocate End           High               Low         
[14.699s][info][gc,heap     ] GC(6)  Capacity:      982M (49%)         982M (49%)         982M (49%)         982M (49%)         982M (49%)         982M (49%)    
[14.699s][info][gc,heap     ] GC(6)   Reserve:       34M (2%)           34M (2%)           34M (2%)           34M (2%)           34M (2%)           34M (2%)     
[14.699s][info][gc,heap     ] GC(6)      Free:     1704M (85%)        1644M (82%)        1830M (92%)        1838M (92%)        1838M (92%)        1644M (82%)    
[14.699s][info][gc,heap     ] GC(6)      Used:      262M (13%)         322M (16%)         136M (7%)          128M (6%)          322M (16%)         128M (6%)     
[14.699s][info][gc,heap     ] GC(6)      Live:         -                32M (2%)           32M (2%)           32M (2%)             -                  -          
[14.700s][info][gc,heap     ] GC(6) Allocated:         -                60M (3%)           60M (3%)           68M (3%)             -                  -          
[14.700s][info][gc,heap     ] GC(6)   Garbage:         -               229M (11%)          43M (2%)           31M (2%)             -                  -          
[14.700s][info][gc,heap     ] GC(6) Reclaimed:         -                  -               186M (9%)          198M (10%)            -                  -          
[14.700s][info][gc          ] GC(6) Garbage Collection (Allocation Rate) 262M(13%)->128M(6%)
[14.800s][info][gc,start    ] GC(7) Garbage Collection (Allocation Rate)
[14.805s][info][gc,phases   ] GC(7) Pause Mark Start 1.946ms
[14.876s][info][gc,phases   ] GC(7) Concurrent Mark 70.935ms
[14.878s][info][gc,phases   ] GC(7) Pause Mark End 0.186ms
[14.879s][info][gc,phases   ] GC(7) Concurrent Process Non-Strong References 1.496ms
[14.879s][info][gc,phases   ] GC(7) Concurrent Reset Relocation Set 0.002ms
[14.879s][info][gc,phases   ] GC(7) Concurrent Destroy Detached Pages 0.000ms
[14.881s][info][gc,phases   ] GC(7) Concurrent Select Relocation Set 1.555ms
[14.881s][info][gc,phases   ] GC(7) Concurrent Prepare Relocation Set 0.012ms
[14.883s][info][gc,phases   ] GC(7) Pause Relocate Start 1.691ms
[14.888s][info][gc,phases   ] GC(7) Concurrent Relocate 4.803ms
[14.888s][info][gc,load     ] GC(7) Load: 2.09/2.16/2.43
[14.888s][info][gc,mmu      ] GC(7) MMU: 2ms/0.0%, 5ms/0.0%, 10ms/37.0%, 20ms/67.4%, 50ms/86.9%, 100ms/91.3%
[14.888s][info][gc,marking  ] GC(7) Mark: 1 stripe(s), 2 proactive flush(es), 1 terminate flush(es), 0 completion(s), 0 continuation(s) 
[14.888s][info][gc,reloc    ] GC(7) Relocation: Successful, 6M relocated
[14.888s][info][gc,nmethod  ] GC(7) NMethods: 1884 registered, 0 unregistered
[14.888s][info][gc,metaspace] GC(7) Metaspace: 67M used, 70M capacity, 70M committed, 72M reserved
[14.888s][info][gc,ref      ] GC(7) Soft: 4438 encountered, 0 discovered, 0 enqueued
[14.888s][info][gc,ref      ] GC(7) Weak: 3881 encountered, 2982 discovered, 0 enqueued
[14.888s][info][gc,ref      ] GC(7) Final: 26 encountered, 0 discovered, 0 enqueued
[14.888s][info][gc,ref      ] GC(7) Phantom: 656 encountered, 653 discovered, 0 enqueued
[14.888s][info][gc,heap     ] GC(7)                Mark Start          Mark End        Relocate Start      Relocate End           High               Low         
[14.888s][info][gc,heap     ] GC(7)  Capacity:      982M (49%)         982M (49%)         982M (49%)         982M (49%)         982M (49%)         982M (49%)    
[14.888s][info][gc,heap     ] GC(7)   Reserve:       34M (2%)           34M (2%)           34M (2%)           34M (2%)           34M (2%)           34M (2%)     
[14.888s][info][gc,heap     ] GC(7)      Free:     1690M (84%)        1650M (82%)        1856M (93%)        1858M (93%)        1858M (93%)        1650M (82%)    
[14.888s][info][gc,heap     ] GC(7)      Used:      276M (14%)         316M (16%)         110M (6%)          108M (5%)          316M (16%)         108M (5%)     
[14.888s][info][gc,heap     ] GC(7)      Live:         -                32M (2%)           32M (2%)           32M (2%)             -                  -          
[14.888s][info][gc,heap     ] GC(7) Allocated:         -                40M (2%)           40M (2%)           48M (2%)             -                  -          
[14.888s][info][gc,heap     ] GC(7)   Garbage:         -               243M (12%)          37M (2%)           29M (1%)             -                  -          
[14.888s][info][gc,heap     ] GC(7) Reclaimed:         -                  -               206M (10%)         214M (11%)            -                  -          
[14.888s][info][gc          ] GC(7) Garbage Collection (Allocation Rate) 276M(14%)->108M(5%)
[15.200s][info][gc,start    ] GC(8) Garbage Collection (Allocation Rate)
[15.212s][info][gc,phases   ] GC(8) Pause Mark Start 9.147ms
[15.392s][info][gc,phases   ] GC(8) Concurrent Mark 179.872ms
[15.394s][info][gc,phases   ] GC(8) Pause Mark End 0.188ms
[15.395s][info][gc,phases   ] GC(8) Concurrent Process Non-Strong References 1.468ms
[15.395s][info][gc,phases   ] GC(8) Concurrent Reset Relocation Set 0.002ms
[15.395s][info][gc,phases   ] GC(8) Concurrent Destroy Detached Pages 0.001ms
[15.397s][info][gc,phases   ] GC(8) Concurrent Select Relocation Set 1.587ms
[15.397s][info][gc,phases   ] GC(8) Concurrent Prepare Relocation Set 0.014ms
[15.399s][info][gc,phases   ] GC(8) Pause Relocate Start 1.664ms
[15.401s][info][gc,phases   ] GC(8) Concurrent Relocate 1.756ms
[15.401s][info][gc,load     ] GC(8) Load: 2.09/2.16/2.43
[15.401s][info][gc,mmu      ] GC(8) MMU: 2ms/0.0%, 5ms/0.0%, 10ms/8.5%, 20ms/54.3%, 50ms/81.7%, 100ms/90.9%
[15.401s][info][gc,marking  ] GC(8) Mark: 1 stripe(s), 2 proactive flush(es), 1 terminate flush(es), 0 completion(s), 0 continuation(s) 
[15.401s][info][gc,reloc    ] GC(8) Relocation: Successful, 6M relocated
[15.401s][info][gc,nmethod  ] GC(8) NMethods: 1912 registered, 0 unregistered
[15.401s][info][gc,metaspace] GC(8) Metaspace: 67M used, 70M capacity, 70M committed, 72M reserved
[15.401s][info][gc,ref      ] GC(8) Soft: 4438 encountered, 0 discovered, 0 enqueued
[15.401s][info][gc,ref      ] GC(8) Weak: 3881 encountered, 2982 discovered, 0 enqueued
[15.401s][info][gc,ref      ] GC(8) Final: 26 encountered, 0 discovered, 0 enqueued
[15.401s][info][gc,ref      ] GC(8) Phantom: 656 encountered, 653 discovered, 0 enqueued
[15.401s][info][gc,heap     ] GC(8)                Mark Start          Mark End        Relocate Start      Relocate End           High               Low         
[15.401s][info][gc,heap     ] GC(8)  Capacity:      982M (49%)         982M (49%)         982M (49%)         982M (49%)         982M (49%)         982M (49%)    
[15.401s][info][gc,heap     ] GC(8)   Reserve:       34M (2%)           34M (2%)           34M (2%)           34M (2%)           34M (2%)           34M (2%)     
[15.401s][info][gc,heap     ] GC(8)      Free:     1534M (77%)        1486M (74%)        1844M (92%)        1852M (93%)        1852M (93%)        1486M (74%)    
[15.401s][info][gc,heap     ] GC(8)      Used:      432M (22%)         480M (24%)         122M (6%)          114M (6%)          480M (24%)         114M (6%)     
[15.401s][info][gc,heap     ] GC(8)      Live:         -                32M (2%)           32M (2%)           32M (2%)             -                  -          
[15.401s][info][gc,heap     ] GC(8) Allocated:         -                48M (2%)           48M (2%)           52M (3%)             -                  -          
[15.401s][info][gc,heap     ] GC(8)   Garbage:         -               399M (20%)          41M (2%)           31M (2%)             -                  -          
[15.401s][info][gc,heap     ] GC(8) Reclaimed:         -                  -               358M (18%)         368M (18%)            -                  -          
[15.401s][info][gc          ] GC(8) Garbage Collection (Allocation Rate) 432M(22%)->114M(6%)
[15.901s][info][gc,start    ] GC(9) Garbage Collection (Allocation Rate)
[15.905s][info][gc,phases   ] GC(9) Pause Mark Start 1.970ms
[15.974s][info][gc,phases   ] GC(9) Concurrent Mark 68.898ms
[15.977s][info][gc,phases   ] GC(9) Pause Mark End 0.396ms
[15.979s][info][gc,phases   ] GC(9) Concurrent Process Non-Strong References 2.062ms
[15.979s][info][gc,phases   ] GC(9) Concurrent Reset Relocation Set 0.004ms
[15.979s][info][gc,phases   ] GC(9) Concurrent Destroy Detached Pages 0.001ms
[15.981s][info][gc,phases   ] GC(9) Concurrent Select Relocation Set 2.693ms
[15.981s][info][gc,phases   ] GC(9) Concurrent Prepare Relocation Set 0.021ms
[15.984s][info][gc,phases   ] GC(9) Pause Relocate Start 1.995ms
[15.991s][info][gc,phases   ] GC(9) Concurrent Relocate 7.410ms
[15.991s][info][gc,load     ] GC(9) Load: 2.09/2.16/2.43
[15.991s][info][gc,mmu      ] GC(9) MMU: 2ms/0.0%, 5ms/0.0%, 10ms/8.5%, 20ms/54.3%, 50ms/81.7%, 100ms/90.9%
[15.991s][info][gc,marking  ] GC(9) Mark: 1 stripe(s), 2 proactive flush(es), 1 terminate flush(es), 0 completion(s), 0 continuation(s) 
[15.991s][info][gc,reloc    ] GC(9) Relocation: Successful, 6M relocated
[15.991s][info][gc,nmethod  ] GC(9) NMethods: 1929 registered, 0 unregistered
[15.991s][info][gc,metaspace] GC(9) Metaspace: 67M used, 70M capacity, 70M committed, 72M reserved
[15.991s][info][gc,ref      ] GC(9) Soft: 4438 encountered, 0 discovered, 0 enqueued
[15.991s][info][gc,ref      ] GC(9) Weak: 3881 encountered, 2982 discovered, 0 enqueued
[15.991s][info][gc,ref      ] GC(9) Final: 26 encountered, 0 discovered, 0 enqueued
[15.991s][info][gc,ref      ] GC(9) Phantom: 656 encountered, 653 discovered, 0 enqueued
[15.991s][info][gc,heap     ] GC(9)                Mark Start          Mark End        Relocate Start      Relocate End           High               Low         
[15.991s][info][gc,heap     ] GC(9)  Capacity:      982M (49%)         982M (49%)         982M (49%)         982M (49%)         982M (49%)         982M (49%)    
[15.991s][info][gc,heap     ] GC(9)   Reserve:       34M (2%)           34M (2%)           34M (2%)           34M (2%)           34M (2%)           34M (2%)     
[15.991s][info][gc,heap     ] GC(9)      Free:     1144M (57%)        1090M (55%)        1836M (92%)        1844M (92%)        1844M (92%)        1090M (55%)    
[15.991s][info][gc,heap     ] GC(9)      Used:      822M (41%)         876M (44%)         130M (6%)          122M (6%)          876M (44%)         122M (6%)     
[15.991s][info][gc,heap     ] GC(9)      Live:         -                32M (2%)           32M (2%)           32M (2%)             -                  -          
[15.991s][info][gc,heap     ] GC(9) Allocated:         -                54M (3%)           54M (3%)           62M (3%)             -                  -          
[15.991s][info][gc,heap     ] GC(9)   Garbage:         -               789M (39%)          43M (2%)           29M (1%)             -                  -          
[15.991s][info][gc,heap     ] GC(9) Reclaimed:         -                  -               746M (37%)         760M (38%)            -                  -          
[15.991s][info][gc          ] GC(9) Garbage Collection (Allocation Rate) 822M(41%)->122M(6%)
[17.900s][info][gc,start    ] GC(10) Garbage Collection (Allocation Rate)
[17.904s][info][gc,phases   ] GC(10) Pause Mark Start 2.074ms
[17.978s][info][gc,phases   ] GC(10) Concurrent Mark 73.558ms
[17.980s][info][gc,phases   ] GC(10) Pause Mark End 0.195ms
[17.982s][info][gc,phases   ] GC(10) Concurrent Process Non-Strong References 1.629ms
[17.982s][info][gc,phases   ] GC(10) Concurrent Reset Relocation Set 0.003ms
[17.982s][info][gc,phases   ] GC(10) Concurrent Destroy Detached Pages 0.000ms
[17.984s][info][gc,phases   ] GC(10) Concurrent Select Relocation Set 1.582ms
[17.984s][info][gc,phases   ] GC(10) Concurrent Prepare Relocation Set 0.012ms
[17.986s][info][gc,phases   ] GC(10) Pause Relocate Start 1.723ms
[17.995s][info][gc,phases   ] GC(10) Concurrent Relocate 8.727ms
[17.995s][info][gc,load     ] GC(10) Load: 2.09/2.16/2.43
[17.995s][info][gc,mmu      ] GC(10) MMU: 2ms/0.0%, 5ms/0.0%, 10ms/8.5%, 20ms/54.3%, 50ms/81.7%, 100ms/90.9%
[17.995s][info][gc,marking  ] GC(10) Mark: 1 stripe(s), 3 proactive flush(es), 1 terminate flush(es), 0 completion(s), 0 continuation(s) 
[17.995s][info][gc,reloc    ] GC(10) Relocation: Successful, 7M relocated
[17.995s][info][gc,nmethod  ] GC(10) NMethods: 2039 registered, 0 unregistered
[17.995s][info][gc,metaspace] GC(10) Metaspace: 67M used, 71M capacity, 71M committed, 72M reserved
[17.995s][info][gc,ref      ] GC(10) Soft: 4485 encountered, 0 discovered, 0 enqueued
[17.995s][info][gc,ref      ] GC(10) Weak: 4189 encountered, 3284 discovered, 135 enqueued
[17.995s][info][gc,ref      ] GC(10) Final: 26 encountered, 0 discovered, 0 enqueued
[17.995s][info][gc,ref      ] GC(10) Phantom: 732 encountered, 729 discovered, 76 enqueued
[17.995s][info][gc,heap     ] GC(10)                Mark Start          Mark End        Relocate Start      Relocate End           High               Low         
[17.995s][info][gc,heap     ] GC(10)  Capacity:     1494M (75%)        1526M (76%)        1526M (76%)        1526M (76%)        1526M (76%)        1494M (75%)    
[17.995s][info][gc,heap     ] GC(10)   Reserve:       34M (2%)           34M (2%)           34M (2%)           34M (2%)           34M (2%)           34M (2%)     
[17.995s][info][gc,heap     ] GC(10)      Free:      544M (27%)         512M (26%)        1846M (92%)        1860M (93%)        1860M (93%)         512M (26%)    
[17.995s][info][gc,heap     ] GC(10)      Used:     1422M (71%)        1454M (73%)         120M (6%)          106M (5%)         1454M (73%)         106M (5%)     
[17.995s][info][gc,heap     ] GC(10)      Live:         -                33M (2%)           33M (2%)           33M (2%)             -                  -          
[17.995s][info][gc,heap     ] GC(10) Allocated:         -                32M (2%)           32M (2%)           44M (2%)             -                  -          
[17.995s][info][gc,heap     ] GC(10)   Garbage:         -              1388M (69%)          54M (3%)           30M (2%)             -                  -          
[17.995s][info][gc,heap     ] GC(10) Reclaimed:         -                  -              1334M (67%)        1358M (68%)            -                  -          
[17.995s][info][gc          ] GC(10) Garbage Collection (Allocation Rate) 1422M(71%)->106M(5%)
[19.100s][info][gc,start    ] GC(11) Garbage Collection (Allocation Rate)
[19.104s][info][gc,phases   ] GC(11) Pause Mark Start 2.064ms
[19.204s][info][gc,phases   ] GC(11) Concurrent Mark 100.087ms
[19.208s][info][gc,phases   ] GC(11) Pause Mark End 0.459ms
[19.209s][info][gc,phases   ] GC(11) Concurrent Process Non-Strong References 1.449ms
[19.209s][info][gc,phases   ] GC(11) Concurrent Reset Relocation Set 0.004ms
[19.209s][info][gc,phases   ] GC(11) Concurrent Destroy Detached Pages 0.001ms
[19.211s][info][gc,phases   ] GC(11) Concurrent Select Relocation Set 1.668ms
[19.211s][info][gc,phases   ] GC(11) Concurrent Prepare Relocation Set 0.016ms
[19.213s][info][gc,phases   ] GC(11) Pause Relocate Start 1.797ms
[19.214s][info][gc,phases   ] GC(11) Concurrent Relocate 1.133ms
[19.214s][info][gc,load     ] GC(11) Load: 2.09/2.16/2.43
[19.214s][info][gc,mmu      ] GC(11) MMU: 2ms/0.0%, 5ms/0.0%, 10ms/8.5%, 20ms/54.3%, 50ms/81.7%, 100ms/90.9%
[19.214s][info][gc,marking  ] GC(11) Mark: 1 stripe(s), 8 proactive flush(es), 1 terminate flush(es), 0 completion(s), 0 continuation(s) 
[19.214s][info][gc,reloc    ] GC(11) Relocation: Successful, 7M relocated
[19.214s][info][gc,nmethod  ] GC(11) NMethods: 2076 registered, 0 unregistered
[19.214s][info][gc,metaspace] GC(11) Metaspace: 67M used, 71M capacity, 71M committed, 72M reserved
[19.214s][info][gc,ref      ] GC(11) Soft: 4485 encountered, 0 discovered, 0 enqueued
[19.214s][info][gc,ref      ] GC(11) Weak: 4054 encountered, 3149 discovered, 0 enqueued
[19.214s][info][gc,ref      ] GC(11) Final: 26 encountered, 0 discovered, 0 enqueued
[19.214s][info][gc,ref      ] GC(11) Phantom: 656 encountered, 653 discovered, 0 enqueued
[19.214s][info][gc,heap     ] GC(11)                Mark Start          Mark End        Relocate Start      Relocate End           High               Low         
[19.214s][info][gc,heap     ] GC(11)  Capacity:     1526M (76%)        1526M (76%)        1526M (76%)        1526M (76%)        1526M (76%)        1526M (76%)    
[19.214s][info][gc,heap     ] GC(11)   Reserve:       34M (2%)           34M (2%)           34M (2%)           34M (2%)           34M (2%)           34M (2%)     
[19.214s][info][gc,heap     ] GC(11)      Free:      656M (33%)         630M (32%)        1856M (93%)        1876M (94%)        1876M (94%)         630M (32%)    
[19.214s][info][gc,heap     ] GC(11)      Used:     1310M (66%)        1336M (67%)         110M (6%)           90M (4%)         1336M (67%)          90M (4%)     
[19.214s][info][gc,heap     ] GC(11)      Live:         -                33M (2%)           33M (2%)           33M (2%)             -                  -          
[19.214s][info][gc,heap     ] GC(11) Allocated:         -                26M (1%)           26M (1%)           28M (1%)             -                  -          
[19.214s][info][gc,heap     ] GC(11)   Garbage:         -              1276M (64%)          50M (3%)           30M (2%)             -                  -          
[19.214s][info][gc,heap     ] GC(11) Reclaimed:         -                  -              1226M (61%)        1246M (62%)            -                  -          
[19.214s][info][gc          ] GC(11) Garbage Collection (Allocation Rate) 1310M(66%)->90M(4%)
[20.100s][info][gc,stats    ] === Garbage Collection Statistics =======================================================================================================================
[20.101s][info][gc,stats    ]                                                              Last 10s              Last 10m              Last 10h                Total
[20.101s][info][gc,stats    ]                                                              Avg / Max             Avg / Max             Avg / Max             Avg / Max
[20.101s][info][gc,stats    ]   Collector: Garbage Collection Cycle                    400.266 / 2745.518    451.087 / 2745.518    451.087 / 2745.518    451.087 / 2745.518    ms
[20.101s][info][gc,stats    ]  Contention: Mark Segment Reset Contention                     0 / 0                 0 / 0                 0 / 0                 0 / 0           ops/s
[20.101s][info][gc,stats    ]  Contention: Mark SeqNum Reset Contention                      0 / 0                 0 / 0                 0 / 0                 0 / 0           ops/s
[20.101s][info][gc,stats    ]  Contention: Relocation Contention                             0 / 1                 0 / 1                 0 / 1                 0 / 1           ops/s
[20.101s][info][gc,stats    ]    Critical: Allocation Stall                              0.000 / 0.000         0.000 / 0.000         0.000 / 0.000         0.000 / 0.000       ms
[20.101s][info][gc,stats    ]    Critical: Allocation Stall                                  0 / 0                 0 / 0                 0 / 0                 0 / 0           ops/s
[20.101s][info][gc,stats    ]    Critical: GC Locker Stall                               0.000 / 0.000         0.013 / 0.013         0.013 / 0.013         0.013 / 0.013       ms
[20.101s][info][gc,stats    ]    Critical: GC Locker Stall                                   0 / 0                 0 / 1                 0 / 1                 0 / 1           ops/s
[20.101s][info][gc,stats    ]      Memory: Allocation Rate                                 563 / 1068            333 / 1068            333 / 1068            333 / 1068        MB/s
[20.101s][info][gc,stats    ]      Memory: Heap Used After Mark                            790 / 1454            685 / 1454            685 / 1454            685 / 1454        MB
[20.101s][info][gc,stats    ]      Memory: Heap Used After Relocation                      197 / 912             225 / 912             225 / 912             225 / 912         MB
[20.101s][info][gc,stats    ]      Memory: Heap Used Before Mark                           734 / 1422            630 / 1422            630 / 1422            630 / 1422        MB
[20.101s][info][gc,stats    ]      Memory: Heap Used Before Relocation                     218 / 916             256 / 916             256 / 916             256 / 916         MB
[20.101s][info][gc,stats    ]      Memory: Out Of Memory                                     0 / 0                 0 / 0                 0 / 0                 0 / 0           ops/s
[20.101s][info][gc,stats    ]      Memory: Page Cache Flush                                  0 / 0                 0 / 0                 0 / 0                 0 / 0           MB/s
[20.101s][info][gc,stats    ]      Memory: Page Cache Hit L1                               252 / 534             129 / 534             129 / 534             129 / 534         ops/s
[20.101s][info][gc,stats    ]      Memory: Page Cache Hit L2                                 0 / 0                 0 / 0                 0 / 0                 0 / 0           ops/s
[20.101s][info][gc,stats    ]      Memory: Page Cache Miss                                  27 / 272              35 / 303              35 / 303              35 / 303         ops/s
[20.101s][info][gc,stats    ]      Memory: Undo Object Allocation Failed                     0 / 0                 0 / 0                 0 / 0                 0 / 0           ops/s
[20.101s][info][gc,stats    ]      Memory: Undo Object Allocation Succeeded                  0 / 1                 0 / 1                 0 / 1                 0 / 1           ops/s
[20.101s][info][gc,stats    ]      Memory: Undo Page Allocation                              0 / 0                 0 / 0                 0 / 0                 0 / 0           ops/s
[20.101s][info][gc,stats    ]       Phase: Concurrent Destroy Detached Pages             0.001 / 0.001         0.001 / 0.001         0.001 / 0.001         0.001 / 0.001       ms
[20.101s][info][gc,stats    ]       Phase: Concurrent Mark                             382.364 / 2737.214    428.621 / 2737.214    428.621 / 2737.214    428.621 / 2737.214    ms
[20.101s][info][gc,stats    ]       Phase: Concurrent Mark Continue                      0.000 / 0.000         0.000 / 0.000         0.000 / 0.000         0.000 / 0.000       ms
[20.101s][info][gc,stats    ]       Phase: Concurrent Prepare Relocation Set             0.077 / 0.493         0.268 / 1.691         0.268 / 1.691         0.268 / 1.691       ms
[20.101s][info][gc,stats    ]       Phase: Concurrent Process Non-Strong References      1.611 / 2.062         1.582 / 2.201         1.582 / 2.201         1.582 / 2.201       ms
[20.101s][info][gc,stats    ]       Phase: Concurrent Relocate                           5.488 / 13.526        9.034 / 23.165        9.034 / 23.165        9.034 / 23.165      ms
[20.101s][info][gc,stats    ]       Phase: Concurrent Reset Relocation Set               0.004 / 0.007         0.017 / 0.160         0.017 / 0.160         0.017 / 0.160       ms
[20.101s][info][gc,stats    ]       Phase: Concurrent Select Relocation Set              1.694 / 2.693         2.211 / 6.972         2.211 / 6.972         2.211 / 6.972       ms
[20.101s][info][gc,stats    ]       Phase: Pause Mark End                                0.252 / 0.459         0.249 / 0.459         0.249 / 0.459         0.249 / 0.459       ms
[20.101s][info][gc,stats    ]       Phase: Pause Mark Start                              3.346 / 9.147         2.679 / 9.147         2.679 / 9.147         2.679 / 9.147       ms
[20.101s][info][gc,stats    ]       Phase: Pause Relocate Start                          1.776 / 2.308         1.795 / 3.038         1.795 / 3.038         1.795 / 3.038       ms
[20.101s][info][gc,stats    ]    Subphase: Concurrent Mark                             381.726 / 2737.185    428.136 / 2737.185    428.136 / 2737.185    428.136 / 2737.185    ms
[20.101s][info][gc,stats    ]    Subphase: Concurrent Mark Idle                          0.000 / 0.000         0.000 / 0.000         0.000 / 0.000         0.000 / 0.000       ms
[20.101s][info][gc,stats    ]    Subphase: Concurrent Mark Try Flush                     1.639 / 8.091         1.659 / 8.091         1.659 / 8.091         1.659 / 8.091       ms
[20.101s][info][gc,stats    ]    Subphase: Concurrent Mark Try Terminate                 0.417 / 2.003         0.447 / 2.003         0.447 / 2.003         0.447 / 2.003       ms
[20.101s][info][gc,stats    ]    Subphase: Concurrent References Enqueue                 0.001 / 0.004         0.002 / 0.005         0.002 / 0.005         0.002 / 0.005       ms
[20.101s][info][gc,stats    ]    Subphase: Concurrent References Process                 0.684 / 0.996         0.664 / 0.996         0.664 / 0.996         0.664 / 0.996       ms
[20.101s][info][gc,stats    ]    Subphase: Concurrent Weak Roots                         0.915 / 1.129         0.905 / 1.380         0.905 / 1.380         0.905 / 1.380       ms
[20.101s][info][gc,stats    ]    Subphase: Concurrent Weak Roots JNIWeakHandles          0.000 / 0.000         0.000 / 0.000         0.000 / 0.000         0.000 / 0.000       ms
[20.101s][info][gc,stats    ]    Subphase: Concurrent Weak Roots StringTable             0.712 / 0.875         0.712 / 1.128         0.712 / 1.128         0.712 / 1.128       ms
[20.101s][info][gc,stats    ]    Subphase: Concurrent Weak Roots VMWeakHandles           0.201 / 0.295         0.191 / 0.295         0.191 / 0.295         0.191 / 0.295       ms
[20.101s][info][gc,stats    ]    Subphase: Pause Mark Try Complete                       0.001 / 0.001         0.001 / 0.002         0.001 / 0.002         0.001 / 0.002       ms
[20.101s][info][gc,stats    ]    Subphase: Pause Remap TLABS                             0.001 / 0.001         0.001 / 0.001         0.001 / 0.001         0.001 / 0.001       ms
[20.101s][info][gc,stats    ]    Subphase: Pause Retire TLABS                            0.013 / 0.038         0.012 / 0.038         0.012 / 0.038         0.012 / 0.038       ms
[20.101s][info][gc,stats    ]    Subphase: Pause Roots                                   1.424 / 8.878         1.326 / 8.878         1.326 / 8.878         1.326 / 8.878       ms
[20.101s][info][gc,stats    ]    Subphase: Pause Roots ClassLoaderDataGraph              1.023 / 7.463         0.912 / 7.463         0.912 / 7.463         0.912 / 7.463       ms
[20.101s][info][gc,stats    ]    Subphase: Pause Roots CodeCache                         0.787 / 1.164         0.664 / 1.164         0.664 / 1.164         0.664 / 1.164       ms
[20.101s][info][gc,stats    ]    Subphase: Pause Roots JNIHandles                        0.001 / 0.002         0.001 / 0.004         0.001 / 0.004         0.001 / 0.004       ms
[20.101s][info][gc,stats    ]    Subphase: Pause Roots JNIWeakHandles                    0.000 / 0.000         0.000 / 0.000         0.000 / 0.000         0.000 / 0.000       ms
[20.101s][info][gc,stats    ]    Subphase: Pause Roots JRFWeak                           0.000 / 0.000         0.000 / 0.000         0.000 / 0.000         0.000 / 0.000       ms
[20.101s][info][gc,stats    ]    Subphase: Pause Roots JVMTIExport                       0.001 / 0.001         0.001 / 0.001         0.001 / 0.001         0.001 / 0.001       ms
[20.101s][info][gc,stats    ]    Subphase: Pause Roots JVMTIWeakExport                   0.001 / 0.001         0.001 / 0.001         0.001 / 0.001         0.001 / 0.001       ms
[20.101s][info][gc,stats    ]    Subphase: Pause Roots Management                        0.001 / 0.003         0.001 / 0.004         0.001 / 0.004         0.001 / 0.004       ms
[20.101s][info][gc,stats    ]    Subphase: Pause Roots ObjectSynchronizer                0.000 / 0.001         0.000 / 0.001         0.000 / 0.001         0.000 / 0.001       ms
[20.101s][info][gc,stats    ]    Subphase: Pause Roots Setup                             0.150 / 0.338         0.125 / 0.338         0.125 / 0.338         0.125 / 0.338       ms
[20.101s][info][gc,stats    ]    Subphase: Pause Roots StringTable                       0.000 / 0.000         0.000 / 0.000         0.000 / 0.000         0.000 / 0.000       ms
[20.101s][info][gc,stats    ]    Subphase: Pause Roots SystemDictionary                  0.014 / 0.034         0.014 / 0.034         0.014 / 0.034         0.014 / 0.034       ms
[20.101s][info][gc,stats    ]    Subphase: Pause Roots Teardown                          0.001 / 0.002         0.001 / 0.002         0.001 / 0.002         0.001 / 0.002       ms
[20.101s][info][gc,stats    ]    Subphase: Pause Roots Threads                           0.226 / 0.713         0.250 / 0.985         0.250 / 0.985         0.250 / 0.985       ms
[20.101s][info][gc,stats    ]    Subphase: Pause Roots Universe                          0.002 / 0.005         0.017 / 0.370         0.017 / 0.370         0.017 / 0.370       ms
[20.101s][info][gc,stats    ]    Subphase: Pause Roots VMWeakHandles                     0.000 / 0.000         0.000 / 0.000         0.000 / 0.000         0.000 / 0.000       ms
[20.101s][info][gc,stats    ]    Subphase: Pause Weak Roots                              0.002 / 0.003         0.003 / 0.010         0.003 / 0.010         0.003 / 0.010       ms
[20.101s][info][gc,stats    ]    Subphase: Pause Weak Roots JFRWeak                      0.001 / 0.001         0.001 / 0.001         0.001 / 0.001         0.001 / 0.001       ms
[20.101s][info][gc,stats    ]    Subphase: Pause Weak Roots JNIWeakHandles               0.000 / 0.000         0.000 / 0.000         0.000 / 0.000         0.000 / 0.000       ms
[20.101s][info][gc,stats    ]    Subphase: Pause Weak Roots JVMTIWeakExport              0.001 / 0.001         0.001 / 0.009         0.001 / 0.009         0.001 / 0.009       ms
[20.101s][info][gc,stats    ]    Subphase: Pause Weak Roots Setup                        0.000 / 0.000         0.000 / 0.000         0.000 / 0.000         0.000 / 0.000       ms
[20.101s][info][gc,stats    ]    Subphase: Pause Weak Roots StringTable                  0.000 / 0.000         0.000 / 0.000         0.000 / 0.000         0.000 / 0.000       ms
[20.101s][info][gc,stats    ]    Subphase: Pause Weak Roots SymbolTable                  0.000 / 0.000         0.000 / 0.000         0.000 / 0.000         0.000 / 0.000       ms
[20.101s][info][gc,stats    ]    Subphase: Pause Weak Roots Teardown                     0.001 / 0.001         0.001 / 0.001         0.001 / 0.001         0.001 / 0.001       ms
[20.101s][info][gc,stats    ]    Subphase: Pause Weak Roots VMWeakHandles                0.000 / 0.000         0.000 / 0.000         0.000 / 0.000         0.000 / 0.000       ms
[20.101s][info][gc,stats    ]      System: Java Threads                                     48 / 50               40 / 50               40 / 50               40 / 50          threads
[20.101s][info][gc,stats    ] =========================================================================================================================================================
[20.300s][info][gc,start    ] GC(12) Garbage Collection (Allocation Rate)
[20.304s][info][gc,phases   ] GC(12) Pause Mark Start 2.234ms
[20.371s][info][gc,phases   ] GC(12) Concurrent Mark 66.944ms
[20.373s][info][gc,phases   ] GC(12) Pause Mark End 0.195ms
[20.375s][info][gc,phases   ] GC(12) Concurrent Process Non-Strong References 1.394ms
[20.375s][info][gc,phases   ] GC(12) Concurrent Reset Relocation Set 0.002ms
[20.375s][info][gc,phases   ] GC(12) Concurrent Destroy Detached Pages 0.000ms
[20.377s][info][gc,phases   ] GC(12) Concurrent Select Relocation Set 1.650ms
[20.377s][info][gc,phases   ] GC(12) Concurrent Prepare Relocation Set 0.010ms
[20.378s][info][gc,phases   ] GC(12) Pause Relocate Start 1.800ms
[20.383s][info][gc,phases   ] GC(12) Concurrent Relocate 4.159ms
[20.383s][info][gc,load     ] GC(12) Load: 2.00/2.14/2.42
[20.383s][info][gc,mmu      ] GC(12) MMU: 2ms/0.0%, 5ms/0.0%, 10ms/8.5%, 20ms/54.3%, 50ms/81.7%, 100ms/90.9%
[20.383s][info][gc,marking  ] GC(12) Mark: 1 stripe(s), 2 proactive flush(es), 1 terminate flush(es), 0 completion(s), 0 continuation(s) 
[20.383s][info][gc,reloc    ] GC(12) Relocation: Successful, 7M relocated
[20.383s][info][gc,nmethod  ] GC(12) NMethods: 2119 registered, 0 unregistered
[20.383s][info][gc,metaspace] GC(12) Metaspace: 67M used, 71M capacity, 71M committed, 72M reserved
[20.383s][info][gc,ref      ] GC(12) Soft: 4485 encountered, 0 discovered, 0 enqueued
[20.383s][info][gc,ref      ] GC(12) Weak: 4130 encountered, 3226 discovered, 74 enqueued
[20.383s][info][gc,ref      ] GC(12) Final: 26 encountered, 0 discovered, 0 enqueued
[20.383s][info][gc,ref      ] GC(12) Phantom: 656 encountered, 653 discovered, 0 enqueued
[20.383s][info][gc,heap     ] GC(12)                Mark Start          Mark End        Relocate Start      Relocate End           High               Low         
[20.383s][info][gc,heap     ] GC(12)  Capacity:     1526M (76%)        1526M (76%)        1526M (76%)        1526M (76%)        1526M (76%)        1526M (76%)    
[20.383s][info][gc,heap     ] GC(12)   Reserve:       34M (2%)           34M (2%)           34M (2%)           34M (2%)           34M (2%)           34M (2%)     
[20.383s][info][gc,heap     ] GC(12)      Free:      620M (31%)         576M (29%)        1844M (92%)        1854M (93%)        1854M (93%)         576M (29%)    
[20.383s][info][gc,heap     ] GC(12)      Used:     1346M (67%)        1390M (70%)         122M (6%)          112M (6%)         1390M (70%)         112M (6%)     
[20.383s][info][gc,heap     ] GC(12)      Live:         -                33M (2%)           33M (2%)           33M (2%)             -                  -          
[20.383s][info][gc,heap     ] GC(12) Allocated:         -                44M (2%)           44M (2%)           50M (2%)             -                  -          
[20.383s][info][gc,heap     ] GC(12)   Garbage:         -              1312M (66%)          44M (2%)           30M (2%)             -                  -          
[20.383s][info][gc,heap     ] GC(12) Reclaimed:         -                  -              1268M (63%)        1282M (64%)            -                  -          
[20.383s][info][gc          ] GC(12) Garbage Collection (Allocation Rate) 1346M(67%)->112M(6%)
[25.200s][info][gc,start    ] GC(13) Garbage Collection (Allocation Rate)
[25.205s][info][gc,phases   ] GC(13) Pause Mark Start 2.434ms
[25.873s][info][gc,phases   ] GC(13) Concurrent Mark 667.776ms
[25.873s][info][gc,phases   ] GC(13) Pause Mark End 0.195ms
[25.875s][info][gc,phases   ] GC(13) Concurrent Process Non-Strong References 1.585ms
[25.875s][info][gc,phases   ] GC(13) Concurrent Reset Relocation Set 0.002ms
[25.875s][info][gc,phases   ] GC(13) Concurrent Destroy Detached Pages 0.000ms
[25.877s][info][gc          ] Allocation Stall (Executor task launch worker for task 0.0 in stage 1.0 (TID 3)) 91.379ms
[25.885s][info][gc,phases   ] GC(13) Concurrent Select Relocation Set 9.502ms
[25.936s][info][gc,phases   ] GC(13) Concurrent Prepare Relocation Set 51.007ms
[25.941s][info][gc,phases   ] GC(13) Pause Relocate Start 2.629ms
[26.384s][info][gc,phases   ] GC(13) Concurrent Relocate 439.061ms
[26.384s][info][gc,load     ] GC(13) Load: 2.00/2.14/2.42
[26.384s][info][gc,mmu      ] GC(13) MMU: 2ms/0.0%, 5ms/0.0%, 10ms/8.5%, 20ms/54.3%, 50ms/81.7%, 100ms/90.9%
[26.384s][info][gc,marking  ] GC(13) Mark: 1 stripe(s), 2 proactive flush(es), 1 terminate flush(es), 0 completion(s), 0 continuation(s) 
[26.384s][info][gc,reloc    ] GC(13) Relocation: Successful, 115M relocated
[26.384s][info][gc,nmethod  ] GC(13) NMethods: 2812 registered, 0 unregistered
[26.384s][info][gc,metaspace] GC(13) Metaspace: 70M used, 73M capacity, 74M committed, 76M reserved
[26.384s][info][gc,ref      ] GC(13) Soft: 4643 encountered, 0 discovered, 0 enqueued
[26.384s][info][gc,ref      ] GC(13) Weak: 4548 encountered, 3548 discovered, 187 enqueued
[26.384s][info][gc,ref      ] GC(13) Final: 26 encountered, 0 discovered, 0 enqueued
[26.384s][info][gc,ref      ] GC(13) Phantom: 834 encountered, 830 discovered, 180 enqueued
[26.384s][info][gc,heap     ] GC(13)                Mark Start          Mark End        Relocate Start      Relocate End           High               Low         
[26.384s][info][gc,heap     ] GC(13)  Capacity:     1894M (95%)        2000M (100%)       2000M (100%)       2000M (100%)       2000M (100%)       1894M (95%)    
[26.384s][info][gc,heap     ] GC(13)   Reserve:       34M (2%)           34M (2%)           34M (2%)           34M (2%)           34M (2%)           34M (2%)     
[26.384s][info][gc,heap     ] GC(13)      Free:      106M (5%)            0M (0%)          986M (49%)        1572M (79%)        1576M (79%)           0M (0%)     
[26.384s][info][gc,heap     ] GC(13)      Used:     1860M (93%)        1966M (98%)         980M (49%)         394M (20%)        1966M (98%)         390M (20%)    
[26.384s][info][gc,heap     ] GC(13)      Live:         -               161M (8%)          161M (8%)          161M (8%)             -                  -          
[26.384s][info][gc,heap     ] GC(13) Allocated:         -               106M (5%)          114M (6%)          316M (16%)            -                  -          
[26.384s][info][gc,heap     ] GC(13)   Garbage:         -              1698M (85%)         704M (35%)         110M (6%)             -                  -          
[26.384s][info][gc,heap     ] GC(13) Reclaimed:         -                  -               994M (50%)        1588M (79%)            -                  -          
[26.384s][info][gc          ] GC(13) Garbage Collection (Allocation Rate) 1860M(93%)->394M(20%)
[26.575s][info][gc,heap     ] Page Cache Flushed: 18M requested, 22M(1524M->1502M) flushed
[27.000s][info][gc,start    ] GC(14) Garbage Collection (Allocation Rate)
[27.003s][info][gc,phases   ] GC(14) Pause Mark Start 2.748ms
[28.282s][info][gc,phases   ] GC(14) Concurrent Mark 1278.619ms
[28.285s][info][gc,phases   ] GC(14) Pause Mark End 0.246ms
[28.287s][info][gc,phases   ] GC(14) Concurrent Process Non-Strong References 1.795ms
[28.288s][info][gc,phases   ] GC(14) Concurrent Reset Relocation Set 1.431ms
[28.288s][info][gc,phases   ] GC(14) Concurrent Destroy Detached Pages 0.003ms
[28.290s][info][gc,phases   ] GC(14) Concurrent Select Relocation Set 1.550ms
[28.299s][info][gc,phases   ] GC(14) Concurrent Prepare Relocation Set 8.921ms
[28.303s][info][gc,phases   ] GC(14) Pause Relocate Start 2.132ms
[28.454s][info][gc,phases   ] GC(14) Concurrent Relocate 148.098ms
[28.454s][info][gc,load     ] GC(14) Load: 2.00/2.14/2.42
[28.454s][info][gc,mmu      ] GC(14) MMU: 2ms/0.0%, 5ms/0.0%, 10ms/8.5%, 20ms/54.3%, 50ms/81.7%, 100ms/90.9%
[28.454s][info][gc,marking  ] GC(14) Mark: 1 stripe(s), 2 proactive flush(es), 1 terminate flush(es), 0 completion(s), 0 continuation(s) 
[28.454s][info][gc,reloc    ] GC(14) Relocation: Successful, 35M relocated
[28.454s][info][gc,nmethod  ] GC(14) NMethods: 2860 registered, 0 unregistered
[28.454s][info][gc,metaspace] GC(14) Metaspace: 70M used, 73M capacity, 74M committed, 76M reserved
[28.454s][info][gc,ref      ] GC(14) Soft: 4653 encountered, 0 discovered, 0 enqueued
[28.454s][info][gc,ref      ] GC(14) Weak: 4454 encountered, 3453 discovered, 27 enqueued
[28.454s][info][gc,ref      ] GC(14) Final: 26 encountered, 0 discovered, 0 enqueued
[28.454s][info][gc,ref      ] GC(14) Phantom: 686 encountered, 682 discovered, 32 enqueued
[28.454s][info][gc,heap     ] GC(14)                Mark Start          Mark End        Relocate Start      Relocate End           High               Low         
[28.454s][info][gc,heap     ] GC(14)  Capacity:     2000M (100%)       2000M (100%)       2000M (100%)       2000M (100%)       2000M (100%)       2000M (100%)   
[28.454s][info][gc,heap     ] GC(14)   Reserve:       34M (2%)           34M (2%)           34M (2%)           34M (2%)           34M (2%)           34M (2%)     
[28.454s][info][gc,heap     ] GC(14)      Free:     1354M (68%)        1320M (66%)        1374M (69%)        1760M (88%)        1760M (88%)        1320M (66%)    
[28.454s][info][gc,heap     ] GC(14)      Used:      612M (31%)         646M (32%)         592M (30%)         206M (10%)         646M (32%)         206M (10%)    
[28.454s][info][gc,heap     ] GC(14)      Live:         -               134M (7%)          134M (7%)          134M (7%)             -                  -          
[28.454s][info][gc,heap     ] GC(14) Allocated:         -                34M (2%)           34M (2%)           60M (3%)             -                  -          
[28.454s][info][gc,heap     ] GC(14)   Garbage:         -               477M (24%)         423M (21%)          37M (2%)             -                  -          
[28.454s][info][gc,heap     ] GC(14) Reclaimed:         -                  -                54M (3%)          440M (22%)            -                  -          
[28.454s][info][gc          ] GC(14) Garbage Collection (Allocation Rate) 612M(31%)->206M(10%)
[29.700s][info][gc,start    ] GC(15) Garbage Collection (Allocation Rate)
[29.706s][info][gc,phases   ] GC(15) Pause Mark Start 2.866ms
[30.100s][info][gc,stats    ] === Garbage Collection Statistics =======================================================================================================================
[30.100s][info][gc,stats    ]                                                              Last 10s              Last 10m              Last 10h                Total
[30.100s][info][gc,stats    ]                                                              Avg / Max             Avg / Max             Avg / Max             Avg / Max
[30.100s][info][gc,stats    ]   Collector: Garbage Collection Cycle                    906.711 / 1453.426    542.212 / 2745.518    542.212 / 2745.518    542.212 / 2745.518    ms
[30.100s][info][gc,stats    ]  Contention: Mark Segment Reset Contention                     0 / 0                 0 / 0                 0 / 0                 0 / 0           ops/s
[30.100s][info][gc,stats    ]  Contention: Mark SeqNum Reset Contention                      0 / 0                 0 / 0                 0 / 0                 0 / 0           ops/s
[30.100s][info][gc,stats    ]  Contention: Relocation Contention                             0 / 2                 0 / 2                 0 / 2                 0 / 2           ops/s
[30.100s][info][gc,stats    ]    Critical: Allocation Stall                             91.379 / 91.379       91.379 / 91.379       91.379 / 91.379       91.379 / 91.379      ms
[30.100s][info][gc,stats    ]    Critical: Allocation Stall                                  0 / 1                 0 / 1                 0 / 1                 0 / 1           ops/s
[30.100s][info][gc,stats    ]    Critical: GC Locker Stall                               0.000 / 0.000         0.013 / 0.013         0.013 / 0.013         0.013 / 0.013       ms
[30.100s][info][gc,stats    ]    Critical: GC Locker Stall                                   0 / 0                 0 / 1                 0 / 1                 0 / 1           ops/s
[30.100s][info][gc,stats    ]      Memory: Allocation Rate                                 290 / 1152            318 / 1152            318 / 1152            318 / 1152        MB/s
[30.100s][info][gc,stats    ]      Memory: Heap Used After Mark                           1334 / 1966            815 / 1966            815 / 1966            815 / 1966        MB
[30.100s][info][gc,stats    ]      Memory: Heap Used After Relocation                      237 / 394             227 / 912             227 / 912             227 / 912         MB
[30.100s][info][gc,stats    ]      Memory: Heap Used Before Mark                          1071 / 1860            740 / 1860            740 / 1860            740 / 1860        MB
[30.100s][info][gc,stats    ]      Memory: Heap Used Before Relocation                     564 / 980             318 / 980             318 / 980             318 / 980         MB
[30.100s][info][gc,stats    ]      Memory: Out Of Memory                                     0 / 0                 0 / 0                 0 / 0                 0 / 0           ops/s
[30.100s][info][gc,stats    ]      Memory: Page Cache Flush                                  2 / 22                0 / 22                0 / 22                0 / 22          MB/s
[30.100s][info][gc,stats    ]      Memory: Page Cache Hit L1                               120 / 577             126 / 577             126 / 577             126 / 577         ops/s
[30.100s][info][gc,stats    ]      Memory: Page Cache Hit L2                                 0 / 0                 0 / 0                 0 / 0                 0 / 0           ops/s
[30.100s][info][gc,stats    ]      Memory: Page Cache Miss                                  22 / 115              31 / 303              31 / 303              31 / 303         ops/s
[30.100s][info][gc,stats    ]      Memory: Undo Object Allocation Failed                     0 / 1                 0 / 1                 0 / 1                 0 / 1           ops/s
[30.100s][info][gc,stats    ]      Memory: Undo Object Allocation Succeeded                  0 / 1                 0 / 1                 0 / 1                 0 / 1           ops/s
[30.100s][info][gc,stats    ]      Memory: Undo Page Allocation                              0 / 0                 0 / 0                 0 / 0                 0 / 0           ops/s
[30.100s][info][gc,stats    ]       Phase: Concurrent Destroy Detached Pages             0.001 / 0.003         0.001 / 0.003         0.001 / 0.003         0.001 / 0.003       ms
[30.100s][info][gc,stats    ]       Phase: Concurrent Mark                             671.113 / 1278.619    477.120 / 2737.214    477.120 / 2737.214    477.120 / 2737.214    ms
[30.100s][info][gc,stats    ]       Phase: Concurrent Mark Continue                      0.000 / 0.000         0.000 / 0.000         0.000 / 0.000         0.000 / 0.000       ms
[30.100s][info][gc,stats    ]       Phase: Concurrent Prepare Relocation Set            19.980 / 51.007        4.210 / 51.007        4.210 / 51.007        4.210 / 51.007      ms
[30.100s][info][gc,stats    ]       Phase: Concurrent Process Non-Strong References      1.591 / 1.795         1.584 / 2.201         1.584 / 2.201         1.584 / 2.201       ms
[30.100s][info][gc,stats    ]       Phase: Concurrent Relocate                         197.106 / 439.061      46.649 / 439.061      46.649 / 439.061      46.649 / 439.061     ms
[30.100s][info][gc,stats    ]       Phase: Concurrent Reset Relocation Set               0.479 / 1.431         0.109 / 1.431         0.109 / 1.431         0.109 / 1.431       ms
[30.100s][info][gc,stats    ]       Phase: Concurrent Select Relocation Set              4.234 / 9.502         2.615 / 9.502         2.615 / 9.502         2.615 / 9.502       ms
[30.100s][info][gc,stats    ]       Phase: Pause Mark End                                0.212 / 0.246         0.242 / 0.459         0.242 / 0.459         0.242 / 0.459       ms
[30.100s][info][gc,stats    ]       Phase: Pause Mark Start                              2.570 / 2.866         2.652 / 9.147         2.652 / 9.147         2.652 / 9.147       ms
[30.100s][info][gc,stats    ]       Phase: Pause Relocate Start                          2.187 / 2.629         1.873 / 3.038         1.873 / 3.038         1.873 / 3.038       ms
[30.100s][info][gc,stats    ]    Subphase: Concurrent Mark                             671.091 / 1278.598    476.727 / 2737.185    476.727 / 2737.185    476.727 / 2737.185    ms
[30.100s][info][gc,stats    ]    Subphase: Concurrent Mark Idle                          0.000 / 0.000         0.000 / 0.000         0.000 / 0.000         0.000 / 0.000       ms
[30.100s][info][gc,stats    ]    Subphase: Concurrent Mark Try Flush                     0.792 / 2.078         1.520 / 8.091         1.520 / 8.091         1.520 / 8.091       ms
[30.100s][info][gc,stats    ]    Subphase: Concurrent Mark Try Terminate                 0.326 / 1.000         0.424 / 2.003         0.424 / 2.003         0.424 / 2.003       ms
[30.100s][info][gc,stats    ]    Subphase: Concurrent References Enqueue                 0.003 / 0.004         0.002 / 0.005         0.002 / 0.005         0.002 / 0.005       ms
[30.100s][info][gc,stats    ]    Subphase: Concurrent References Process                 0.733 / 0.788         0.678 / 0.996         0.678 / 0.996         0.678 / 0.996       ms
[30.100s][info][gc,stats    ]    Subphase: Concurrent Weak Roots                         0.848 / 0.996         0.894 / 1.380         0.894 / 1.380         0.894 / 1.380       ms
[30.100s][info][gc,stats    ]    Subphase: Concurrent Weak Roots JNIWeakHandles          0.000 / 0.000         0.000 / 0.000         0.000 / 0.000         0.000 / 0.000       ms
[30.100s][info][gc,stats    ]    Subphase: Concurrent Weak Roots StringTable             0.604 / 0.724         0.691 / 1.128         0.691 / 1.128         0.691 / 1.128       ms
[30.100s][info][gc,stats    ]    Subphase: Concurrent Weak Roots VMWeakHandles           0.243 / 0.273         0.201 / 0.295         0.201 / 0.295         0.201 / 0.295       ms
[30.100s][info][gc,stats    ]    Subphase: Pause Mark Try Complete                       0.000 / 0.000         0.001 / 0.002         0.001 / 0.002         0.001 / 0.002       ms
[30.100s][info][gc,stats    ]    Subphase: Pause Remap TLABS                             0.001 / 0.001         0.001 / 0.001         0.001 / 0.001         0.001 / 0.001       ms
[30.100s][info][gc,stats    ]    Subphase: Pause Retire TLABS                            0.013 / 0.014         0.012 / 0.038         0.012 / 0.038         0.012 / 0.038       ms
[30.100s][info][gc,stats    ]    Subphase: Pause Roots                                   1.529 / 2.547         1.370 / 8.878         1.370 / 8.878         1.370 / 8.878       ms
[30.100s][info][gc,stats    ]    Subphase: Pause Roots ClassLoaderDataGraph              0.663 / 0.803         0.856 / 7.463         0.856 / 7.463         0.856 / 7.463       ms
[30.100s][info][gc,stats    ]    Subphase: Pause Roots CodeCache                         1.094 / 1.312         0.761 / 1.312         0.761 / 1.312         0.761 / 1.312       ms
[30.100s][info][gc,stats    ]    Subphase: Pause Roots JNIHandles                        0.001 / 0.001         0.001 / 0.004         0.001 / 0.004         0.001 / 0.004       ms
[30.100s][info][gc,stats    ]    Subphase: Pause Roots JNIWeakHandles                    0.000 / 0.000         0.000 / 0.000         0.000 / 0.000         0.000 / 0.000       ms
[30.100s][info][gc,stats    ]    Subphase: Pause Roots JRFWeak                           0.000 / 0.000         0.000 / 0.000         0.000 / 0.000         0.000 / 0.000       ms
[30.100s][info][gc,stats    ]    Subphase: Pause Roots JVMTIExport                       0.001 / 0.001         0.001 / 0.001         0.001 / 0.001         0.001 / 0.001       ms
[30.100s][info][gc,stats    ]    Subphase: Pause Roots JVMTIWeakExport                   0.001 / 0.001         0.001 / 0.001         0.001 / 0.001         0.001 / 0.001       ms
[30.100s][info][gc,stats    ]    Subphase: Pause Roots Management                        0.001 / 0.001         0.001 / 0.004         0.001 / 0.004         0.001 / 0.004       ms
[30.100s][info][gc,stats    ]    Subphase: Pause Roots ObjectSynchronizer                0.000 / 0.000         0.000 / 0.001         0.000 / 0.001         0.000 / 0.001       ms
[30.100s][info][gc,stats    ]    Subphase: Pause Roots Setup                             0.184 / 0.286         0.138 / 0.338         0.138 / 0.338         0.138 / 0.338       ms
[30.100s][info][gc,stats    ]    Subphase: Pause Roots StringTable                       0.000 / 0.000         0.000 / 0.000         0.000 / 0.000         0.000 / 0.000       ms
[30.100s][info][gc,stats    ]    Subphase: Pause Roots SystemDictionary                  0.013 / 0.019         0.014 / 0.034         0.014 / 0.034         0.014 / 0.034       ms
[30.100s][info][gc,stats    ]    Subphase: Pause Roots Teardown                          0.001 / 0.003         0.001 / 0.003         0.001 / 0.003         0.001 / 0.003       ms
[30.100s][info][gc,stats    ]    Subphase: Pause Roots Threads                           0.284 / 0.486         0.257 / 0.985         0.257 / 0.985         0.257 / 0.985       ms
[30.100s][info][gc,stats    ]    Subphase: Pause Roots Universe                          0.002 / 0.003         0.014 / 0.370         0.014 / 0.370         0.014 / 0.370       ms
[30.100s][info][gc,stats    ]    Subphase: Pause Roots VMWeakHandles                     0.000 / 0.000         0.000 / 0.000         0.000 / 0.000         0.000 / 0.000       ms
[30.100s][info][gc,stats    ]    Subphase: Pause Weak Roots                              0.002 / 0.002         0.002 / 0.010         0.002 / 0.010         0.002 / 0.010       ms
[30.100s][info][gc,stats    ]    Subphase: Pause Weak Roots JFRWeak                      0.001 / 0.001         0.001 / 0.001         0.001 / 0.001         0.001 / 0.001       ms
[30.100s][info][gc,stats    ]    Subphase: Pause Weak Roots JNIWeakHandles               0.000 / 0.000         0.000 / 0.000         0.000 / 0.000         0.000 / 0.000       ms
[30.100s][info][gc,stats    ]    Subphase: Pause Weak Roots JVMTIWeakExport              0.001 / 0.001         0.001 / 0.009         0.001 / 0.009         0.001 / 0.009       ms
[30.100s][info][gc,stats    ]    Subphase: Pause Weak Roots Setup                        0.000 / 0.000         0.000 / 0.000         0.000 / 0.000         0.000 / 0.000       ms
[30.100s][info][gc,stats    ]    Subphase: Pause Weak Roots StringTable                  0.000 / 0.000         0.000 / 0.000         0.000 / 0.000         0.000 / 0.000       ms
[30.100s][info][gc,stats    ]    Subphase: Pause Weak Roots SymbolTable                  0.000 / 0.000         0.000 / 0.000         0.000 / 0.000         0.000 / 0.000       ms
[30.100s][info][gc,stats    ]    Subphase: Pause Weak Roots Teardown                     0.001 / 0.001         0.001 / 0.001         0.001 / 0.001         0.001 / 0.001       ms
[30.100s][info][gc,stats    ]    Subphase: Pause Weak Roots VMWeakHandles                0.000 / 0.000         0.000 / 0.000         0.000 / 0.000         0.000 / 0.000       ms
[30.100s][info][gc,stats    ]      System: Java Threads                                     53 / 57               43 / 57               43 / 57               43 / 57          threads
[30.100s][info][gc,stats    ] =========================================================================================================================================================
[30.281s][info][gc,phases   ] GC(15) Concurrent Mark 575.060ms
[30.283s][info][gc,phases   ] GC(15) Pause Mark End 0.252ms
[30.285s][info][gc,phases   ] GC(15) Concurrent Process Non-Strong References 1.682ms
[30.285s][info][gc,phases   ] GC(15) Concurrent Reset Relocation Set 0.490ms
[30.285s][info][gc,phases   ] GC(15) Concurrent Destroy Detached Pages 0.000ms
[30.287s][info][gc,phases   ] GC(15) Concurrent Select Relocation Set 1.629ms
[30.295s][info][gc,phases   ] GC(15) Concurrent Prepare Relocation Set 7.520ms
[30.299s][info][gc,phases   ] GC(15) Pause Relocate Start 2.213ms
[30.520s][info][gc,phases   ] GC(15) Concurrent Relocate 219.617ms
[30.520s][info][gc,load     ] GC(15) Load: 1.92/2.12/2.41
[30.520s][info][gc,mmu      ] GC(15) MMU: 2ms/0.0%, 5ms/0.0%, 10ms/8.5%, 20ms/54.3%, 50ms/81.7%, 100ms/90.9%
[30.520s][info][gc,marking  ] GC(15) Mark: 1 stripe(s), 2 proactive flush(es), 1 terminate flush(es), 0 completion(s), 0 continuation(s) 
[30.520s][info][gc,reloc    ] GC(15) Relocation: Successful, 56M relocated
[30.520s][info][gc,nmethod  ] GC(15) NMethods: 2972 registered, 0 unregistered
[30.520s][info][gc,metaspace] GC(15) Metaspace: 70M used, 74M capacity, 74M committed, 76M reserved
[30.520s][info][gc,ref      ] GC(15) Soft: 4659 encountered, 0 discovered, 0 enqueued
[30.520s][info][gc,ref      ] GC(15) Weak: 4645 encountered, 3651 discovered, 102 enqueued
[30.520s][info][gc,ref      ] GC(15) Final: 26 encountered, 0 discovered, 0 enqueued
[30.520s][info][gc,ref      ] GC(15) Phantom: 667 encountered, 663 discovered, 12 enqueued
[30.520s][info][gc,heap     ] GC(15)                Mark Start          Mark End        Relocate Start      Relocate End           High               Low         
[30.520s][info][gc,heap     ] GC(15)  Capacity:     2000M (100%)       2000M (100%)       2000M (100%)       2000M (100%)       2000M (100%)       2000M (100%)   
[30.520s][info][gc,heap     ] GC(15)   Reserve:       34M (2%)           34M (2%)           34M (2%)           34M (2%)           34M (2%)           34M (2%)     
[30.520s][info][gc,heap     ] GC(15)      Free:     1498M (75%)        1302M (65%)        1368M (68%)        1560M (78%)        1560M (78%)        1302M (65%)    
[30.520s][info][gc,heap     ] GC(15)      Used:      468M (23%)         664M (33%)         598M (30%)         406M (20%)         664M (33%)         406M (20%)    
[30.520s][info][gc,heap     ] GC(15)      Live:         -               137M (7%)          137M (7%)          137M (7%)             -                  -          
[30.520s][info][gc,heap     ] GC(15) Allocated:         -               196M (10%)         196M (10%)         278M (14%)            -                  -          
[30.520s][info][gc,heap     ] GC(15)   Garbage:         -               330M (17%)         264M (13%)          58M (3%)             -                  -          
[30.520s][info][gc,heap     ] GC(15) Reclaimed:         -                  -                66M (3%)          272M (14%)            -                  -          
[30.520s][info][gc          ] GC(15) Garbage Collection (Allocation Rate) 468M(23%)->406M(20%)
[30.812s][info][gc,heap     ] Page Cache Flushed: 6M requested, 18M(1472M->1454M) flushed
[31.051s][info][gc,heap     ] Page Cache Flushed: 10M requested, 32M(1352M->1320M) flushed
[31.300s][info][gc,start    ] GC(16) Garbage Collection (Allocation Rate)
[31.308s][info][gc,phases   ] GC(16) Pause Mark Start 5.130ms
[32.355s][info][gc,phases   ] GC(16) Concurrent Mark 1043.238ms
[32.358s][info][gc,phases   ] GC(16) Pause Mark End 0.213ms
[32.360s][info][gc,phases   ] GC(16) Concurrent Process Non-Strong References 1.599ms
[32.360s][info][gc,phases   ] GC(16) Concurrent Reset Relocation Set 0.564ms
[32.360s][info][gc,phases   ] GC(16) Concurrent Destroy Detached Pages 0.004ms
[32.362s][info][gc,phases   ] GC(16) Concurrent Select Relocation Set 1.564ms
[32.379s][info][gc,phases   ] GC(16) Concurrent Prepare Relocation Set 17.556ms
[32.384s][info][gc,phases   ] GC(16) Pause Relocate Start 2.405ms
[32.750s][info][gc,phases   ] GC(16) Concurrent Relocate 363.078ms
[32.750s][info][gc,load     ] GC(16) Load: 1.92/2.12/2.41
[32.750s][info][gc,mmu      ] GC(16) MMU: 2ms/0.0%, 5ms/0.0%, 10ms/8.5%, 20ms/54.3%, 50ms/81.7%, 100ms/90.9%
[32.750s][info][gc,marking  ] GC(16) Mark: 1 stripe(s), 2 proactive flush(es), 1 terminate flush(es), 0 completion(s), 0 continuation(s) 
[32.750s][info][gc,reloc    ] GC(16) Relocation: Successful, 92M relocated
[32.750s][info][gc,nmethod  ] GC(16) NMethods: 2991 registered, 0 unregistered
[32.750s][info][gc,metaspace] GC(16) Metaspace: 70M used, 74M capacity, 74M committed, 76M reserved
[32.750s][info][gc,ref      ] GC(16) Soft: 4660 encountered, 0 discovered, 0 enqueued
[32.750s][info][gc,ref      ] GC(16) Weak: 4543 encountered, 3568 discovered, 4 enqueued
[32.750s][info][gc,ref      ] GC(16) Final: 26 encountered, 0 discovered, 0 enqueued
[32.750s][info][gc,ref      ] GC(16) Phantom: 654 encountered, 650 discovered, 0 enqueued
[32.750s][info][gc,heap     ] GC(16)                Mark Start          Mark End        Relocate Start      Relocate End           High               Low         
[32.750s][info][gc,heap     ] GC(16)  Capacity:     2000M (100%)       2000M (100%)       2000M (100%)       2000M (100%)       2000M (100%)       2000M (100%)   
[32.750s][info][gc,heap     ] GC(16)   Reserve:       34M (2%)           34M (2%)           34M (2%)           34M (2%)           34M (2%)           34M (2%)     
[32.750s][info][gc,heap     ] GC(16)      Free:     1226M (61%)        1038M (52%)        1064M (53%)        1466M (73%)        1468M (73%)        1028M (51%)    
[32.750s][info][gc,heap     ] GC(16)      Used:      740M (37%)         928M (46%)         902M (45%)         500M (25%)         938M (47%)         498M (25%)    
[32.750s][info][gc,heap     ] GC(16)      Live:         -               214M (11%)         214M (11%)         214M (11%)            -                  -          
[32.750s][info][gc,heap     ] GC(16) Allocated:         -               188M (9%)          190M (10%)         344M (17%)            -                  -          
[32.750s][info][gc,heap     ] GC(16)   Garbage:         -               525M (26%)         497M (25%)          79M (4%)             -                  -          
[32.750s][info][gc,heap     ] GC(16) Reclaimed:         -                  -                28M (1%)          446M (22%)            -                  -          
[32.750s][info][gc          ] GC(16) Garbage Collection (Allocation Rate) 740M(37%)->500M(25%)
[32.753s][info][gc,heap     ] Page Cache Flushed: 18M requested, 22M(1490M->1468M) flushed
[34.269s][info][gc,heap     ] Page Cache Flushed: 10M requested, 32M(1098M->1066M) flushed
[34.300s][info][gc,start    ] GC(17) Garbage Collection (Allocation Rate)
[34.308s][info][gc,phases   ] GC(17) Pause Mark Start 4.864ms
[34.808s][info][gc,heap     ] Page Cache Flushed: 6M requested, 6M(874M->868M) flushed
[34.931s][info][gc,heap     ] Page Cache Flushed: 10M requested, 10M(846M->836M) flushed
[35.033s][info][gc,phases   ] GC(17) Concurrent Mark 725.242ms
[35.036s][info][gc,phases   ] GC(17) Pause Mark End 0.225ms
[35.038s][info][gc,phases   ] GC(17) Concurrent Process Non-Strong References 2.614ms
[35.040s][info][gc,phases   ] GC(17) Concurrent Reset Relocation Set 1.148ms
[35.040s][info][gc,phases   ] GC(17) Concurrent Destroy Detached Pages 0.013ms
[35.041s][info][gc,phases   ] GC(17) Concurrent Select Relocation Set 1.873ms
[35.051s][info][gc,phases   ] GC(17) Concurrent Prepare Relocation Set 9.863ms
[35.056s][info][gc,phases   ] GC(17) Pause Relocate Start 2.423ms
[35.267s][info][gc,phases   ] GC(17) Concurrent Relocate 205.708ms
[35.267s][info][gc,load     ] GC(17) Load: 1.93/2.12/2.41
[35.267s][info][gc,mmu      ] GC(17) MMU: 2ms/0.0%, 5ms/0.0%, 10ms/8.5%, 20ms/54.3%, 50ms/81.7%, 100ms/90.9%
[35.267s][info][gc,marking  ] GC(17) Mark: 1 stripe(s), 2 proactive flush(es), 1 terminate flush(es), 0 completion(s), 0 continuation(s) 
[35.267s][info][gc,reloc    ] GC(17) Relocation: Successful, 63M relocated
[35.268s][info][gc,nmethod  ] GC(17) NMethods: 3048 registered, 0 unregistered
[35.268s][info][gc,metaspace] GC(17) Metaspace: 70M used, 74M capacity, 74M committed, 76M reserved
[35.268s][info][gc,ref      ] GC(17) Soft: 4663 encountered, 0 discovered, 0 enqueued
[35.268s][info][gc,ref      ] GC(17) Weak: 4488 encountered, 3482 discovered, 35 enqueued
[35.268s][info][gc,ref      ] GC(17) Final: 26 encountered, 0 discovered, 0 enqueued
[35.268s][info][gc,ref      ] GC(17) Phantom: 657 encountered, 653 discovered, 0 enqueued
[35.268s][info][gc,heap     ] GC(17)                Mark Start          Mark End        Relocate Start      Relocate End           High               Low         
[35.268s][info][gc,heap     ] GC(17)  Capacity:     2000M (100%)       2000M (100%)       2000M (100%)       2000M (100%)       2000M (100%)       2000M (100%)   
[35.268s][info][gc,heap     ] GC(17)   Reserve:       34M (2%)           34M (2%)           34M (2%)           34M (2%)           34M (2%)           34M (2%)     
[35.268s][info][gc,heap     ] GC(17)      Free:     1062M (53%)         820M (41%)        1218M (61%)        1470M (74%)        1480M (74%)         820M (41%)    
[35.268s][info][gc,heap     ] GC(17)      Used:      904M (45%)        1146M (57%)         748M (37%)         496M (25%)        1146M (57%)         486M (24%)    
[35.268s][info][gc,heap     ] GC(17)      Live:         -               183M (9%)          183M (9%)          183M (9%)             -                  -          
[35.268s][info][gc,heap     ] GC(17) Allocated:         -               242M (12%)         244M (12%)         330M (16%)            -                  -          
[35.268s][info][gc,heap     ] GC(17)   Garbage:         -               720M (36%)         320M (16%)          52M (3%)             -                  -          
[35.268s][info][gc,heap     ] GC(17) Reclaimed:         -                  -               400M (20%)         668M (33%)            -                  -          
[35.268s][info][gc          ] GC(17) Garbage Collection (Allocation Rate) 904M(45%)->496M(25%)
[35.900s][info][gc,start    ] GC(18) Garbage Collection (Allocation Rate)
[35.905s][info][gc,phases   ] GC(18) Pause Mark Start 2.719ms
[37.135s][info][gc,phases   ] GC(18) Concurrent Mark 1230.176ms
[37.138s][info][gc,phases   ] GC(18) Pause Mark End 0.221ms
[37.140s][info][gc,phases   ] GC(18) Concurrent Process Non-Strong References 1.594ms
[37.140s][info][gc,phases   ] GC(18) Concurrent Reset Relocation Set 0.746ms
[37.140s][info][gc,phases   ] GC(18) Concurrent Destroy Detached Pages 0.000ms
[37.142s][info][gc,phases   ] GC(18) Concurrent Select Relocation Set 1.627ms
[37.159s][info][gc,phases   ] GC(18) Concurrent Prepare Relocation Set 17.202ms
[37.164s][info][gc,phases   ] GC(18) Pause Relocate Start 2.176ms
[37.497s][info][gc,phases   ] GC(18) Concurrent Relocate 330.739ms
[37.497s][info][gc,load     ] GC(18) Load: 1.93/2.12/2.41
[37.497s][info][gc,mmu      ] GC(18) MMU: 2ms/0.0%, 5ms/0.0%, 10ms/8.5%, 20ms/54.3%, 50ms/81.7%, 100ms/90.9%
[37.497s][info][gc,marking  ] GC(18) Mark: 1 stripe(s), 2 proactive flush(es), 1 terminate flush(es), 0 completion(s), 0 continuation(s) 
[37.497s][info][gc,reloc    ] GC(18) Relocation: Successful, 92M relocated
[37.497s][info][gc,nmethod  ] GC(18) NMethods: 3052 registered, 0 unregistered
[37.497s][info][gc,metaspace] GC(18) Metaspace: 70M used, 74M capacity, 74M committed, 76M reserved
[37.497s][info][gc,ref      ] GC(18) Soft: 4664 encountered, 0 discovered, 0 enqueued
[37.497s][info][gc,ref      ] GC(18) Weak: 4453 encountered, 3447 discovered, 1 enqueued
[37.497s][info][gc,ref      ] GC(18) Final: 26 encountered, 0 discovered, 0 enqueued
[37.497s][info][gc,ref      ] GC(18) Phantom: 656 encountered, 652 discovered, 0 enqueued
[37.497s][info][gc,heap     ] GC(18)                Mark Start          Mark End        Relocate Start      Relocate End           High               Low         
[37.497s][info][gc,heap     ] GC(18)  Capacity:     2000M (100%)       2000M (100%)       2000M (100%)       2000M (100%)       2000M (100%)       2000M (100%)   
[37.497s][info][gc,heap     ] GC(18)   Reserve:       34M (2%)           34M (2%)           34M (2%)           34M (2%)           34M (2%)           34M (2%)     
[37.497s][info][gc,heap     ] GC(18)      Free:     1186M (59%)         950M (48%)         970M (48%)        1402M (70%)        1402M (70%)         934M (47%)    
[37.497s][info][gc,heap     ] GC(18)      Used:      780M (39%)        1016M (51%)         996M (50%)         564M (28%)        1032M (52%)         564M (28%)    
[37.497s][info][gc,heap     ] GC(18)      Live:         -               267M (13%)         267M (13%)         267M (13%)            -                  -          
[37.497s][info][gc,heap     ] GC(18) Allocated:         -               236M (12%)         238M (12%)         358M (18%)            -                  -          
[37.497s][info][gc,heap     ] GC(18)   Garbage:         -               512M (26%)         490M (25%)          40M (2%)             -                  -          
[37.497s][info][gc,heap     ] GC(18) Reclaimed:         -                  -                22M (1%)          472M (24%)            -                  -          
[37.497s][info][gc          ] GC(18) Garbage Collection (Allocation Rate) 780M(39%)->564M(28%)
[39.052s][info][gc,heap     ] Page Cache Flushed: 6M requested, 10M(1150M->1140M) flushed
[39.088s][info][gc,heap     ] Page Cache Flushed: 10M requested, 32M(1118M->1086M) flushed
[39.200s][info][gc,start    ] GC(19) Garbage Collection (Allocation Rate)
[39.205s][info][gc,phases   ] GC(19) Pause Mark Start 2.672ms
[39.528s][info][gc,heap     ] Page Cache Flushed: 6M requested, 6M(924M->918M) flushed
[39.945s][info][gc,heap     ] Page Cache Flushed: 10M requested, 10M(820M->810M) flushed
[40.100s][info][gc,stats    ] === Garbage Collection Statistics =======================================================================================================================
[40.100s][info][gc,stats    ]                                                              Last 10s              Last 10m              Last 10h                Total
[40.100s][info][gc,stats    ]                                                              Avg / Max             Avg / Max             Avg / Max             Avg / Max
[40.100s][info][gc,stats    ]   Collector: Garbage Collection Cycle                   1208.372 / 1596.598    682.456 / 2745.518    682.456 / 2745.518    682.456 / 2745.518    ms
[40.100s][info][gc,stats    ]  Contention: Mark Segment Reset Contention                     0 / 0                 0 / 0                 0 / 0                 0 / 0           ops/s
[40.100s][info][gc,stats    ]  Contention: Mark SeqNum Reset Contention                      0 / 0                 0 / 0                 0 / 0                 0 / 0           ops/s
[40.100s][info][gc,stats    ]  Contention: Relocation Contention                             0 / 1                 0 / 2                 0 / 2                 0 / 2           ops/s
[40.100s][info][gc,stats    ]    Critical: Allocation Stall                              0.000 / 0.000        91.379 / 91.379       91.379 / 91.379       91.379 / 91.379      ms
[40.100s][info][gc,stats    ]    Critical: Allocation Stall                                  0 / 0                 0 / 1                 0 / 1                 0 / 1           ops/s
[40.100s][info][gc,stats    ]    Critical: GC Locker Stall                               0.000 / 0.000         0.013 / 0.013         0.013 / 0.013         0.013 / 0.013       ms
[40.100s][info][gc,stats    ]    Critical: GC Locker Stall                                   0 / 0                 0 / 1                 0 / 1                 0 / 1           ops/s
[40.100s][info][gc,stats    ]      Memory: Allocation Rate                                 253 / 354             302 / 1152            302 / 1152            302 / 1152        MB/s
[40.100s][info][gc,stats    ]      Memory: Heap Used After Mark                            938 / 1146            841 / 1966            841 / 1966            841 / 1966        MB
[40.100s][info][gc,stats    ]      Memory: Heap Used After Relocation                      491 / 564             283 / 912             283 / 912             283 / 912         MB
[40.100s][info][gc,stats    ]      Memory: Heap Used Before Mark                           838 / 928             760 / 1860            760 / 1860            760 / 1860        MB
[40.100s][info][gc,stats    ]      Memory: Heap Used Before Relocation                     811 / 996             422 / 996             422 / 996             422 / 996         MB
[40.100s][info][gc,stats    ]      Memory: Out Of Memory                                     0 / 0                 0 / 0                 0 / 0                 0 / 0           ops/s
[40.100s][info][gc,stats    ]      Memory: Page Cache Flush                                 17 / 50                5 / 50                5 / 50                5 / 50          MB/s
[40.100s][info][gc,stats    ]      Memory: Page Cache Hit L1                               126 / 188             126 / 577             126 / 577             126 / 577         ops/s
[40.100s][info][gc,stats    ]      Memory: Page Cache Hit L2                                 0 / 0                 0 / 0                 0 / 0                 0 / 0           ops/s
[40.100s][info][gc,stats    ]      Memory: Page Cache Miss                                   1 / 3                23 / 303              23 / 303              23 / 303         ops/s
[40.100s][info][gc,stats    ]      Memory: Undo Object Allocation Failed                     0 / 0                 0 / 1                 0 / 1                 0 / 1           ops/s
[40.100s][info][gc,stats    ]      Memory: Undo Object Allocation Succeeded                  0 / 1                 0 / 1                 0 / 1                 0 / 1           ops/s
[40.100s][info][gc,stats    ]      Memory: Undo Page Allocation                              0 / 0                 0 / 0                 0 / 0                 0 / 0           ops/s
[40.100s][info][gc,stats    ]       Phase: Concurrent Destroy Detached Pages             0.004 / 0.013         0.002 / 0.013         0.002 / 0.013         0.002 / 0.013       ms
[40.100s][info][gc,stats    ]       Phase: Concurrent Mark                             893.429 / 1230.176    564.764 / 2737.214    564.764 / 2737.214    564.764 / 2737.214    ms
[40.100s][info][gc,stats    ]       Phase: Concurrent Mark Continue                      0.000 / 0.000         0.000 / 0.000         0.000 / 0.000         0.000 / 0.000       ms
[40.100s][info][gc,stats    ]       Phase: Concurrent Prepare Relocation Set            13.035 / 17.556        6.068 / 51.007        6.068 / 51.007        6.068 / 51.007      ms
[40.100s][info][gc,stats    ]       Phase: Concurrent Process Non-Strong References      1.872 / 2.614         1.644 / 2.614         1.644 / 2.614         1.644 / 2.614       ms
[40.100s][info][gc,stats    ]       Phase: Concurrent Relocate                         279.786 / 363.078      95.730 / 439.061      95.730 / 439.061      95.730 / 439.061     ms
[40.100s][info][gc,stats    ]       Phase: Concurrent Reset Relocation Set               0.737 / 1.148         0.241 / 1.431         0.241 / 1.431         0.241 / 1.431       ms
[40.100s][info][gc,stats    ]       Phase: Concurrent Select Relocation Set              1.674 / 1.873         2.417 / 9.502         2.417 / 9.502         2.417 / 9.502       ms
[40.100s][info][gc,stats    ]       Phase: Pause Mark End                                0.228 / 0.252         0.239 / 0.459         0.239 / 0.459         0.239 / 0.459       ms
[40.100s][info][gc,stats    ]       Phase: Pause Mark Start                              3.846 / 5.130         2.891 / 9.147         2.891 / 9.147         2.891 / 9.147       ms
[40.100s][info][gc,stats    ]       Phase: Pause Relocate Start                          2.304 / 2.423         1.964 / 3.038         1.964 / 3.038         1.964 / 3.038       ms
[40.100s][info][gc,stats    ]    Subphase: Concurrent Mark                             890.769 / 1230.147    563.894 / 2737.185    563.894 / 2737.185    563.894 / 2737.185    ms
[40.100s][info][gc,stats    ]    Subphase: Concurrent Mark Idle                          0.000 / 0.000         0.000 / 0.000         0.000 / 0.000         0.000 / 0.000       ms
[40.100s][info][gc,stats    ]    Subphase: Concurrent Mark Try Flush                     1.177 / 4.825         1.459 / 8.091         1.459 / 8.091         1.459 / 8.091       ms
[40.100s][info][gc,stats    ]    Subphase: Concurrent Mark Try Terminate                 0.493 / 1.005         0.438 / 2.003         0.438 / 2.003         0.438 / 2.003       ms
[40.100s][info][gc,stats    ]    Subphase: Concurrent References Enqueue                 0.003 / 0.003         0.002 / 0.005         0.002 / 0.005         0.002 / 0.005       ms
[40.100s][info][gc,stats    ]    Subphase: Concurrent References Process                 0.758 / 0.769         0.695 / 0.996         0.695 / 0.996         0.695 / 0.996       ms
[40.100s][info][gc,stats    ]    Subphase: Concurrent Weak Roots                         1.101 / 1.844         0.937 / 1.844         0.937 / 1.844         0.937 / 1.844       ms
[40.100s][info][gc,stats    ]    Subphase: Concurrent Weak Roots JNIWeakHandles          0.000 / 0.000         0.000 / 0.000         0.000 / 0.000         0.000 / 0.000       ms
[40.100s][info][gc,stats    ]    Subphase: Concurrent Weak Roots StringTable             0.884 / 1.616         0.731 / 1.616         0.731 / 1.616         0.731 / 1.616       ms
[40.100s][info][gc,stats    ]    Subphase: Concurrent Weak Roots VMWeakHandles           0.216 / 0.227         0.205 / 0.295         0.205 / 0.295         0.205 / 0.295       ms
[40.100s][info][gc,stats    ]    Subphase: Pause Mark Try Complete                       0.000 / 0.000         0.001 / 0.002         0.001 / 0.002         0.001 / 0.002       ms
[40.100s][info][gc,stats    ]    Subphase: Pause Remap TLABS                             0.001 / 0.001         0.001 / 0.001         0.001 / 0.001         0.001 / 0.001       ms
[40.100s][info][gc,stats    ]    Subphase: Pause Retire TLABS                            0.018 / 0.026         0.013 / 0.038         0.013 / 0.038         0.013 / 0.038       ms
[40.100s][info][gc,stats    ]    Subphase: Pause Roots                                   1.861 / 4.622         1.472 / 8.878         1.472 / 8.878         1.472 / 8.878       ms
[40.100s][info][gc,stats    ]    Subphase: Pause Roots ClassLoaderDataGraph              0.876 / 1.653         0.860 / 7.463         0.860 / 7.463         0.860 / 7.463       ms
[40.100s][info][gc,stats    ]    Subphase: Pause Roots CodeCache                         1.454 / 2.310         0.903 / 2.310         0.903 / 2.310         0.903 / 2.310       ms
[40.100s][info][gc,stats    ]    Subphase: Pause Roots JNIHandles                        0.001 / 0.003         0.001 / 0.004         0.001 / 0.004         0.001 / 0.004       ms
[40.100s][info][gc,stats    ]    Subphase: Pause Roots JNIWeakHandles                    0.000 / 0.000         0.000 / 0.000         0.000 / 0.000         0.000 / 0.000       ms
[40.101s][info][gc,stats    ]    Subphase: Pause Roots JRFWeak                           0.000 / 0.000         0.000 / 0.000         0.000 / 0.000         0.000 / 0.000       ms
[40.101s][info][gc,stats    ]    Subphase: Pause Roots JVMTIExport                       0.001 / 0.002         0.001 / 0.002         0.001 / 0.002         0.001 / 0.002       ms
[40.101s][info][gc,stats    ]    Subphase: Pause Roots JVMTIWeakExport                   0.001 / 0.001         0.001 / 0.001         0.001 / 0.001         0.001 / 0.001       ms
[40.101s][info][gc,stats    ]    Subphase: Pause Roots Management                        0.002 / 0.003         0.001 / 0.004         0.001 / 0.004         0.001 / 0.004       ms
[40.101s][info][gc,stats    ]    Subphase: Pause Roots ObjectSynchronizer                0.000 / 0.001         0.000 / 0.001         0.000 / 0.001         0.000 / 0.001       ms
[40.101s][info][gc,stats    ]    Subphase: Pause Roots Setup                             0.217 / 0.425         0.154 / 0.425         0.154 / 0.425         0.154 / 0.425       ms
[40.101s][info][gc,stats    ]    Subphase: Pause Roots StringTable                       0.000 / 0.000         0.000 / 0.000         0.000 / 0.000         0.000 / 0.000       ms
[40.101s][info][gc,stats    ]    Subphase: Pause Roots SystemDictionary                  0.016 / 0.022         0.015 / 0.034         0.015 / 0.034         0.015 / 0.034       ms
[40.101s][info][gc,stats    ]    Subphase: Pause Roots Teardown                          0.002 / 0.004         0.001 / 0.004         0.001 / 0.004         0.001 / 0.004       ms
[40.101s][info][gc,stats    ]    Subphase: Pause Roots Threads                           0.289 / 0.670         0.264 / 0.985         0.264 / 0.985         0.264 / 0.985       ms
[40.101s][info][gc,stats    ]    Subphase: Pause Roots Universe                          0.003 / 0.006         0.012 / 0.370         0.012 / 0.370         0.012 / 0.370       ms
[40.101s][info][gc,stats    ]    Subphase: Pause Roots VMWeakHandles                     0.000 / 0.000         0.000 / 0.000         0.000 / 0.000         0.000 / 0.000       ms
[40.101s][info][gc,stats    ]    Subphase: Pause Weak Roots                              0.002 / 0.002         0.002 / 0.010         0.002 / 0.010         0.002 / 0.010       ms
[40.101s][info][gc,stats    ]    Subphase: Pause Weak Roots JFRWeak                      0.001 / 0.001         0.001 / 0.001         0.001 / 0.001         0.001 / 0.001       ms
[40.101s][info][gc,stats    ]    Subphase: Pause Weak Roots JNIWeakHandles               0.000 / 0.000         0.000 / 0.000         0.000 / 0.000         0.000 / 0.000       ms
[40.101s][info][gc,stats    ]    Subphase: Pause Weak Roots JVMTIWeakExport              0.001 / 0.001         0.001 / 0.009         0.001 / 0.009         0.001 / 0.009       ms
[40.101s][info][gc,stats    ]    Subphase: Pause Weak Roots Setup                        0.000 / 0.000         0.000 / 0.000         0.000 / 0.000         0.000 / 0.000       ms
[40.101s][info][gc,stats    ]    Subphase: Pause Weak Roots StringTable                  0.000 / 0.000         0.000 / 0.000         0.000 / 0.000         0.000 / 0.000       ms
[40.101s][info][gc,stats    ]    Subphase: Pause Weak Roots SymbolTable                  0.000 / 0.000         0.000 / 0.000         0.000 / 0.000         0.000 / 0.000       ms
[40.101s][info][gc,stats    ]    Subphase: Pause Weak Roots Teardown                     0.001 / 0.001         0.001 / 0.001         0.001 / 0.001         0.001 / 0.001       ms
[40.101s][info][gc,stats    ]    Subphase: Pause Weak Roots VMWeakHandles                0.000 / 0.000         0.000 / 0.000         0.000 / 0.000         0.000 / 0.000       ms
[40.101s][info][gc,stats    ]      System: Java Threads                                     57 / 58               46 / 58               46 / 58               46 / 58          threads
[40.101s][info][gc,stats    ] =========================================================================================================================================================
[40.175s][info][gc,phases   ] GC(19) Concurrent Mark 970.214ms
[40.178s][info][gc,phases   ] GC(19) Pause Mark End 0.216ms
[40.179s][info][gc,phases   ] GC(19) Concurrent Process Non-Strong References 1.506ms
[40.180s][info][gc,phases   ] GC(19) Concurrent Reset Relocation Set 1.143ms
[40.180s][info][gc,phases   ] GC(19) Concurrent Destroy Detached Pages 0.007ms
[40.183s][info][gc,phases   ] GC(19) Concurrent Select Relocation Set 2.888ms
[40.199s][info][gc,phases   ] GC(19) Concurrent Prepare Relocation Set 15.759ms
[40.204s][info][gc,phases   ] GC(19) Pause Relocate Start 2.323ms
[40.450s][info][gc,phases   ] GC(19) Concurrent Relocate 246.299ms
[40.451s][info][gc,load     ] GC(19) Load: 1.93/2.11/2.41
[40.451s][info][gc,mmu      ] GC(19) MMU: 2ms/0.0%, 5ms/0.0%, 10ms/8.5%, 20ms/54.3%, 50ms/81.7%, 100ms/90.9%
[40.451s][info][gc,marking  ] GC(19) Mark: 1 stripe(s), 2 proactive flush(es), 1 terminate flush(es), 0 completion(s), 0 continuation(s) 
[40.451s][info][gc,reloc    ] GC(19) Relocation: Successful, 74M relocated
[40.451s][info][gc,nmethod  ] GC(19) NMethods: 3155 registered, 0 unregistered
[40.451s][info][gc,metaspace] GC(19) Metaspace: 70M used, 74M capacity, 74M committed, 76M reserved
[40.451s][info][gc,ref      ] GC(19) Soft: 4675 encountered, 0 discovered, 0 enqueued
[40.451s][info][gc,ref      ] GC(19) Weak: 4723 encountered, 3666 discovered, 117 enqueued
[40.451s][info][gc,ref      ] GC(19) Final: 26 encountered, 0 discovered, 0 enqueued
[40.451s][info][gc,ref      ] GC(19) Phantom: 662 encountered, 658 discovered, 6 enqueued
[40.451s][info][gc,heap     ] GC(19)                Mark Start          Mark End        Relocate Start      Relocate End           High               Low         
[40.451s][info][gc,heap     ] GC(19)  Capacity:     2000M (100%)       2000M (100%)       2000M (100%)       2000M (100%)       2000M (100%)       2000M (100%)   
[40.451s][info][gc,heap     ] GC(19)   Reserve:       34M (2%)           34M (2%)           34M (2%)           34M (2%)           34M (2%)           34M (2%)     
[40.451s][info][gc,heap     ] GC(19)      Free:     1038M (52%)         764M (38%)        1226M (61%)        1344M (67%)        1346M (67%)         764M (38%)    
[40.451s][info][gc,heap     ] GC(19)      Used:      928M (46%)        1202M (60%)         740M (37%)         622M (31%)        1202M (60%)         620M (31%)    
[40.451s][info][gc,heap     ] GC(19)      Live:         -               256M (13%)         256M (13%)         256M (13%)            -                  -          
[40.451s][info][gc,heap     ] GC(19) Allocated:         -               274M (14%)         280M (14%)         374M (19%)            -                  -          
[40.451s][info][gc,heap     ] GC(19)   Garbage:         -               671M (34%)         203M (10%)          65M (3%)             -                  -          
[40.451s][info][gc,heap     ] GC(19) Reclaimed:         -                  -               468M (23%)         606M (30%)            -                  -          
[40.451s][info][gc          ] GC(19) Garbage Collection (Allocation Rate) 928M(46%)->622M(31%)
[40.800s][info][gc,start    ] GC(20) Garbage Collection (Allocation Rate)
[40.805s][info][gc,phases   ] GC(20) Pause Mark Start 2.622ms
[41.776s][info][gc,heap     ] Page Cache Flushed: 32M requested, 32M(1018M->986M) flushed
[42.078s][info][gc,phases   ] GC(20) Concurrent Mark 1272.979ms
[42.080s][info][gc,phases   ] GC(20) Pause Mark End 0.259ms
[42.082s][info][gc,phases   ] GC(20) Concurrent Process Non-Strong References 1.543ms
[42.083s][info][gc,phases   ] GC(20) Concurrent Reset Relocation Set 0.776ms
[42.083s][info][gc,phases   ] GC(20) Concurrent Destroy Detached Pages 0.005ms
[42.085s][info][gc,phases   ] GC(20) Concurrent Select Relocation Set 2.031ms
[42.098s][info][gc,phases   ] GC(20) Concurrent Prepare Relocation Set 13.096ms
[42.102s][info][gc,phases   ] GC(20) Pause Relocate Start 2.272ms
[42.317s][info][gc,phases   ] GC(20) Concurrent Relocate 214.339ms
[42.317s][info][gc,load     ] GC(20) Load: 1.93/2.11/2.41
[42.317s][info][gc,mmu      ] GC(20) MMU: 2ms/0.0%, 5ms/0.0%, 10ms/8.5%, 20ms/54.3%, 50ms/81.7%, 100ms/90.9%
[42.317s][info][gc,marking  ] GC(20) Mark: 1 stripe(s), 2 proactive flush(es), 1 terminate flush(es), 0 completion(s), 0 continuation(s) 
[42.317s][info][gc,reloc    ] GC(20) Relocation: Successful, 63M relocated
[42.317s][info][gc,nmethod  ] GC(20) NMethods: 3159 registered, 0 unregistered
[42.317s][info][gc,metaspace] GC(20) Metaspace: 70M used, 74M capacity, 74M committed, 76M reserved
[42.317s][info][gc,ref      ] GC(20) Soft: 4675 encountered, 0 discovered, 0 enqueued
[42.317s][info][gc,ref      ] GC(20) Weak: 4615 encountered, 3585 discovered, 44 enqueued
[42.317s][info][gc,ref      ] GC(20) Final: 26 encountered, 0 discovered, 0 enqueued
[42.317s][info][gc,ref      ] GC(20) Phantom: 656 encountered, 652 discovered, 0 enqueued
[42.317s][info][gc,heap     ] GC(20)                Mark Start          Mark End        Relocate Start      Relocate End           High               Low         
[42.317s][info][gc,heap     ] GC(20)  Capacity:     2000M (100%)       2000M (100%)       2000M (100%)       2000M (100%)       2000M (100%)       2000M (100%)   
[42.317s][info][gc,heap     ] GC(20)   Reserve:       34M (2%)           34M (2%)           34M (2%)           34M (2%)           34M (2%)           34M (2%)     
[42.317s][info][gc,heap     ] GC(20)      Free:     1178M (59%)         980M (49%)        1028M (51%)        1454M (73%)        1454M (73%)         980M (49%)    
[42.317s][info][gc,heap     ] GC(20)      Used:      788M (39%)         986M (49%)         938M (47%)         512M (26%)         986M (49%)         512M (26%)    
[42.317s][info][gc,heap     ] GC(20)      Live:         -               273M (14%)         273M (14%)         273M (14%)            -                  -          
[42.317s][info][gc,heap     ] GC(20) Allocated:         -               198M (10%)         198M (10%)         236M (12%)            -                  -          
[42.317s][info][gc,heap     ] GC(20)   Garbage:         -               514M (26%)         466M (23%)          40M (2%)             -                  -          
[42.317s][info][gc,heap     ] GC(20) Reclaimed:         -                  -                48M (2%)          474M (24%)            -                  -          
[42.317s][info][gc          ] GC(20) Garbage Collection (Allocation Rate) 788M(39%)->512M(26%)
[42.988s][info][gc,heap     ] Page Cache Flushed: 10M requested, 32M(1294M->1262M) flushed
[43.200s][info][gc,start    ] GC(21) Garbage Collection (Allocation Rate)
[43.205s][info][gc,phases   ] GC(21) Pause Mark Start 2.653ms
[44.020s][info][gc,phases   ] GC(21) Concurrent Mark 814.670ms
[44.022s][info][gc,phases   ] GC(21) Pause Mark End 0.221ms
[44.024s][info][gc,phases   ] GC(21) Concurrent Process Non-Strong References 1.533ms
[44.025s][info][gc,phases   ] GC(21) Concurrent Reset Relocation Set 0.783ms
[44.025s][info][gc,phases   ] GC(21) Concurrent Destroy Detached Pages 0.003ms
[44.026s][info][gc,phases   ] GC(21) Concurrent Select Relocation Set 1.567ms
[44.037s][info][gc,phases   ] GC(21) Concurrent Prepare Relocation Set 10.807ms
[44.042s][info][gc,phases   ] GC(21) Pause Relocate Start 2.314ms
[44.214s][info][gc,phases   ] GC(21) Concurrent Relocate 172.775ms
[44.215s][info][gc,load     ] GC(21) Load: 1.93/2.11/2.41
[44.215s][info][gc,mmu      ] GC(21) MMU: 2ms/0.0%, 5ms/0.0%, 10ms/8.5%, 20ms/54.3%, 50ms/81.7%, 100ms/90.9%
[44.215s][info][gc,marking  ] GC(21) Mark: 1 stripe(s), 2 proactive flush(es), 1 terminate flush(es), 0 completion(s), 0 continuation(s) 
[44.215s][info][gc,reloc    ] GC(21) Relocation: Successful, 70M relocated
[44.215s][info][gc,nmethod  ] GC(21) NMethods: 3201 registered, 0 unregistered
[44.215s][info][gc,metaspace] GC(21) Metaspace: 70M used, 74M capacity, 74M committed, 76M reserved
[44.215s][info][gc,ref      ] GC(21) Soft: 4677 encountered, 0 discovered, 0 enqueued
[44.215s][info][gc,ref      ] GC(21) Weak: 4550 encountered, 3491 discovered, 33 enqueued
[44.215s][info][gc,ref      ] GC(21) Final: 26 encountered, 0 discovered, 0 enqueued
[44.215s][info][gc,ref      ] GC(21) Phantom: 657 encountered, 653 discovered, 1 enqueued
[44.215s][info][gc,heap     ] GC(21)                Mark Start          Mark End        Relocate Start      Relocate End           High               Low         
[44.215s][info][gc,heap     ] GC(21)  Capacity:     2000M (100%)       2000M (100%)       2000M (100%)       2000M (100%)       2000M (100%)       2000M (100%)   
[44.215s][info][gc,heap     ] GC(21)   Reserve:       34M (2%)           34M (2%)           34M (2%)           34M (2%)           34M (2%)           34M (2%)     
[44.215s][info][gc,heap     ] GC(21)      Free:     1166M (58%)         970M (48%)        1232M (62%)        1446M (72%)        1448M (72%)         970M (48%)    
[44.215s][info][gc,heap     ] GC(21)      Used:      800M (40%)         996M (50%)         734M (37%)         520M (26%)         996M (50%)         518M (26%)    
[44.215s][info][gc,heap     ] GC(21)      Live:         -               245M (12%)         245M (12%)         245M (12%)            -                  -          
[44.215s][info][gc,heap     ] GC(21) Allocated:         -               196M (10%)         198M (10%)         306M (15%)            -                  -          
[44.215s][info][gc,heap     ] GC(21)   Garbage:         -               554M (28%)         290M (15%)          72M (4%)             -                  -          
[44.215s][info][gc,heap     ] GC(21) Reclaimed:         -                  -               264M (13%)         482M (24%)            -                  -          
[44.215s][info][gc          ] GC(21) Garbage Collection (Allocation Rate) 800M(40%)->520M(26%)
[44.600s][info][gc,start    ] GC(22) Garbage Collection (Allocation Rate)
[44.606s][info][gc,phases   ] GC(22) Pause Mark Start 3.013ms
[45.802s][info][gc,phases   ] GC(22) Concurrent Mark 1196.233ms
[45.804s][info][gc,phases   ] GC(22) Pause Mark End 0.234ms
[45.806s][info][gc,phases   ] GC(22) Concurrent Process Non-Strong References 1.560ms
[45.807s][info][gc,phases   ] GC(22) Concurrent Reset Relocation Set 0.603ms
[45.807s][info][gc,phases   ] GC(22) Concurrent Destroy Detached Pages 0.000ms
[45.808s][info][gc,phases   ] GC(22) Concurrent Select Relocation Set 1.532ms
[45.817s][info][gc,phases   ] GC(22) Concurrent Prepare Relocation Set 8.521ms
[45.821s][info][gc,phases   ] GC(22) Pause Relocate Start 2.308ms
[45.975s][info][gc,phases   ] GC(22) Concurrent Relocate 149.767ms
[45.975s][info][gc,load     ] GC(22) Load: 1.86/2.10/2.40
[45.975s][info][gc,mmu      ] GC(22) MMU: 2ms/0.0%, 5ms/0.0%, 10ms/8.5%, 20ms/54.3%, 50ms/81.7%, 100ms/90.9%
[45.975s][info][gc,marking  ] GC(22) Mark: 1 stripe(s), 2 proactive flush(es), 1 terminate flush(es), 0 completion(s), 0 continuation(s) 
[45.975s][info][gc,reloc    ] GC(22) Relocation: Successful, 54M relocated
[45.975s][info][gc,nmethod  ] GC(22) NMethods: 3201 registered, 0 unregistered
[45.975s][info][gc,metaspace] GC(22) Metaspace: 70M used, 74M capacity, 74M committed, 76M reserved
[45.975s][info][gc,ref      ] GC(22) Soft: 4677 encountered, 0 discovered, 0 enqueued
[45.975s][info][gc,ref      ] GC(22) Weak: 4517 encountered, 3458 discovered, 0 enqueued
[45.975s][info][gc,ref      ] GC(22) Final: 26 encountered, 0 discovered, 0 enqueued
[45.975s][info][gc,ref      ] GC(22) Phantom: 656 encountered, 652 discovered, 0 enqueued
[45.975s][info][gc,heap     ] GC(22)                Mark Start          Mark End        Relocate Start      Relocate End           High               Low         
[45.975s][info][gc,heap     ] GC(22)  Capacity:     2000M (100%)       2000M (100%)       2000M (100%)       2000M (100%)       2000M (100%)       2000M (100%)   
[45.975s][info][gc,heap     ] GC(22)   Reserve:       34M (2%)           34M (2%)           34M (2%)           34M (2%)           34M (2%)           34M (2%)     
[45.975s][info][gc,heap     ] GC(22)      Free:     1270M (64%)        1098M (55%)        1104M (55%)        1476M (74%)        1476M (74%)        1098M (55%)    
[45.975s][info][gc,heap     ] GC(22)      Used:      696M (35%)         868M (43%)         862M (43%)         490M (24%)         868M (43%)         490M (24%)    
[45.975s][info][gc,heap     ] GC(22)      Live:         -               274M (14%)         274M (14%)         274M (14%)            -                  -          
[45.975s][info][gc,heap     ] GC(22) Allocated:         -               172M (9%)          172M (9%)          198M (10%)            -                  -          
[45.975s][info][gc,heap     ] GC(22)   Garbage:         -               421M (21%)         415M (21%)          43M (2%)             -                  -          
[45.975s][info][gc,heap     ] GC(22) Reclaimed:         -                  -                 6M (0%)          378M (19%)            -                  -          
[45.975s][info][gc          ] GC(22) Garbage Collection (Allocation Rate) 696M(35%)->490M(24%)
[46.900s][info][gc,start    ] GC(23) Garbage Collection (Allocation Rate)
[46.906s][info][gc,phases   ] GC(23) Pause Mark Start 2.809ms
[47.743s][info][gc,phases   ] GC(23) Concurrent Mark 836.819ms
[47.745s][info][gc,phases   ] GC(23) Pause Mark End 0.228ms
[47.747s][info][gc,phases   ] GC(23) Concurrent Process Non-Strong References 1.586ms
[47.747s][info][gc,phases   ] GC(23) Concurrent Reset Relocation Set 0.599ms
[47.747s][info][gc,phases   ] GC(23) Concurrent Destroy Detached Pages 0.000ms
[47.749s][info][gc,phases   ] GC(23) Concurrent Select Relocation Set 1.527ms
[47.757s][info][gc,phases   ] GC(23) Concurrent Prepare Relocation Set 8.467ms
[47.762s][info][gc,phases   ] GC(23) Pause Relocate Start 2.356ms
[47.938s][info][gc,phases   ] GC(23) Concurrent Relocate 172.809ms
[47.938s][info][gc,load     ] GC(23) Load: 1.86/2.10/2.40
[47.938s][info][gc,mmu      ] GC(23) MMU: 2ms/0.0%, 5ms/0.0%, 10ms/8.5%, 20ms/54.3%, 50ms/81.7%, 100ms/90.9%
[47.938s][info][gc,marking  ] GC(23) Mark: 1 stripe(s), 2 proactive flush(es), 1 terminate flush(es), 0 completion(s), 0 continuation(s) 
[47.938s][info][gc,reloc    ] GC(23) Relocation: Successful, 64M relocated
[47.938s][info][gc,nmethod  ] GC(23) NMethods: 3239 registered, 0 unregistered
[47.938s][info][gc,metaspace] GC(23) Metaspace: 70M used, 74M capacity, 74M committed, 76M reserved
[47.938s][info][gc,ref      ] GC(23) Soft: 4687 encountered, 0 discovered, 0 enqueued
[47.938s][info][gc,ref      ] GC(23) Weak: 4719 encountered, 3663 discovered, 103 enqueued
[47.938s][info][gc,ref      ] GC(23) Final: 26 encountered, 0 discovered, 0 enqueued
[47.938s][info][gc,ref      ] GC(23) Phantom: 656 encountered, 652 discovered, 0 enqueued
[47.938s][info][gc,heap     ] GC(23)                Mark Start          Mark End        Relocate Start      Relocate End           High               Low         
[47.938s][info][gc,heap     ] GC(23)  Capacity:     2000M (100%)       2000M (100%)       2000M (100%)       2000M (100%)       2000M (100%)       2000M (100%)   
[47.938s][info][gc,heap     ] GC(23)   Reserve:       34M (2%)           34M (2%)           34M (2%)           34M (2%)           34M (2%)           34M (2%)     
[47.938s][info][gc,heap     ] GC(23)      Free:     1198M (60%)        1002M (50%)        1264M (63%)        1452M (73%)        1454M (73%)        1002M (50%)    
[47.938s][info][gc,heap     ] GC(23)      Used:      768M (38%)         964M (48%)         702M (35%)         514M (26%)         964M (48%)         512M (26%)    
[47.938s][info][gc,heap     ] GC(23)      Live:         -               244M (12%)         244M (12%)         244M (12%)            -                  -          
[47.938s][info][gc,heap     ] GC(23) Allocated:         -               196M (10%)         198M (10%)         298M (15%)            -                  -          
[47.938s][info][gc,heap     ] GC(23)   Garbage:         -               523M (26%)         259M (13%)          61M (3%)             -                  -          
[47.938s][info][gc,heap     ] GC(23) Reclaimed:         -                  -               264M (13%)         462M (23%)            -                  -          
[47.938s][info][gc          ] GC(23) Garbage Collection (Allocation Rate) 768M(38%)->514M(26%)
[48.700s][info][gc,start    ] GC(24) Garbage Collection (Allocation Rate)
[48.705s][info][gc,phases   ] GC(24) Pause Mark Start 2.729ms
[50.002s][info][gc,phases   ] GC(24) Concurrent Mark 1296.448ms
[50.004s][info][gc,phases   ] GC(24) Pause Mark End 0.265ms
[50.006s][info][gc,phases   ] GC(24) Concurrent Process Non-Strong References 1.553ms
[50.007s][info][gc,phases   ] GC(24) Concurrent Reset Relocation Set 0.564ms
[50.007s][info][gc,phases   ] GC(24) Concurrent Destroy Detached Pages 0.001ms
[50.008s][info][gc,phases   ] GC(24) Concurrent Select Relocation Set 1.550ms
[50.017s][info][gc,phases   ] GC(24) Concurrent Prepare Relocation Set 9.106ms
[50.026s][info][gc,phases   ] GC(24) Pause Relocate Start 2.288ms
[50.100s][info][gc,stats    ] === Garbage Collection Statistics =======================================================================================================================
[50.101s][info][gc,stats    ]                                                              Last 10s              Last 10m              Last 10h                Total
[50.101s][info][gc,stats    ]                                                              Avg / Max             Avg / Max             Avg / Max             Avg / Max
[50.101s][info][gc,stats    ]   Collector: Garbage Collection Cycle                   1239.061 / 1517.278    798.415 / 2745.518    798.415 / 2745.518    798.415 / 2745.518    ms
[50.101s][info][gc,stats    ]  Contention: Mark Segment Reset Contention                     0 / 0                 0 / 0                 0 / 0                 0 / 0           ops/s
[50.101s][info][gc,stats    ]  Contention: Mark SeqNum Reset Contention                      0 / 0                 0 / 0                 0 / 0                 0 / 0           ops/s
[50.101s][info][gc,stats    ]  Contention: Relocation Contention                             0 / 0                 0 / 2                 0 / 2                 0 / 2           ops/s
[50.101s][info][gc,stats    ]    Critical: Allocation Stall                              0.000 / 0.000        91.379 / 91.379       91.379 / 91.379       91.379 / 91.379      ms
[50.101s][info][gc,stats    ]    Critical: Allocation Stall                                  0 / 0                 0 / 1                 0 / 1                 0 / 1           ops/s
[50.101s][info][gc,stats    ]    Critical: GC Locker Stall                               0.000 / 0.000         0.013 / 0.013         0.013 / 0.013         0.013 / 0.013       ms
[50.101s][info][gc,stats    ]    Critical: GC Locker Stall                                   0 / 0                 0 / 1                 0 / 1                 0 / 1           ops/s
[50.101s][info][gc,stats    ]      Memory: Allocation Rate                                 220 / 328             286 / 1152            286 / 1152            286 / 1152        MB/s
[50.101s][info][gc,stats    ]      Memory: Heap Used After Mark                            983 / 1202            875 / 1966            875 / 1966            875 / 1966        MB
[50.101s][info][gc,stats    ]      Memory: Heap Used After Relocation                      531 / 622             335 / 912             335 / 912             335 / 912         MB
[50.101s][info][gc,stats    ]      Memory: Heap Used Before Mark                           775 / 824             763 / 1860            763 / 1860            763 / 1860        MB
[50.101s][info][gc,stats    ]      Memory: Heap Used Before Relocation                     807 / 938             514 / 996             514 / 996             514 / 996         MB
[50.101s][info][gc,stats    ]      Memory: Out Of Memory                                     0 / 0                 0 / 0                 0 / 0                 0 / 0           ops/s
[50.101s][info][gc,stats    ]      Memory: Page Cache Flush                                  6 / 32                5 / 50                5 / 50                5 / 50          MB/s
[50.101s][info][gc,stats    ]      Memory: Page Cache Hit L1                               108 / 169             123 / 577             123 / 577             123 / 577         ops/s
[50.101s][info][gc,stats    ]      Memory: Page Cache Hit L2                                 0 / 0                 0 / 0                 0 / 0                 0 / 0           ops/s
[50.101s][info][gc,stats    ]      Memory: Page Cache Miss                                   0 / 3                19 / 303              19 / 303              19 / 303         ops/s
[50.101s][info][gc,stats    ]      Memory: Undo Object Allocation Failed                     0 / 0                 0 / 1                 0 / 1                 0 / 1           ops/s
[50.101s][info][gc,stats    ]      Memory: Undo Object Allocation Succeeded                  0 / 0                 0 / 1                 0 / 1                 0 / 1           ops/s
[50.101s][info][gc,stats    ]      Memory: Undo Page Allocation                              0 / 0                 0 / 0                 0 / 0                 0 / 0           ops/s
[50.101s][info][gc,stats    ]       Phase: Concurrent Destroy Detached Pages             0.003 / 0.007         0.002 / 0.013         0.002 / 0.013         0.002 / 0.013       ms
[50.101s][info][gc,stats    ]       Phase: Concurrent Mark                            1064.560 / 1296.448    684.715 / 2737.214    684.715 / 2737.214    684.715 / 2737.214    ms
[50.101s][info][gc,stats    ]       Phase: Concurrent Mark Continue                      0.000 / 0.000         0.000 / 0.000         0.000 / 0.000         0.000 / 0.000       ms
[50.101s][info][gc,stats    ]       Phase: Concurrent Prepare Relocation Set            10.959 / 15.759        7.242 / 51.007        7.242 / 51.007        7.242 / 51.007      ms
[50.101s][info][gc,stats    ]       Phase: Concurrent Process Non-Strong References      1.547 / 1.586         1.621 / 2.614         1.621 / 2.614         1.621 / 2.614       ms
[50.101s][info][gc,stats    ]       Phase: Concurrent Relocate                         191.198 / 246.299     115.619 / 439.061     115.619 / 439.061     115.619 / 439.061     ms
[50.101s][info][gc,stats    ]       Phase: Concurrent Reset Relocation Set               0.745 / 1.143         0.362 / 1.431         0.362 / 1.431         0.362 / 1.431       ms
[50.101s][info][gc,stats    ]       Phase: Concurrent Select Relocation Set              1.849 / 2.888         2.281 / 9.502         2.281 / 9.502         2.281 / 9.502       ms
[50.101s][info][gc,stats    ]       Phase: Pause Mark End                                0.237 / 0.265         0.238 / 0.459         0.238 / 0.459         0.238 / 0.459       ms
[50.101s][info][gc,stats    ]       Phase: Pause Mark Start                              2.765 / 3.013         2.865 / 9.147         2.865 / 9.147         2.865 / 9.147       ms
[50.101s][info][gc,stats    ]       Phase: Pause Relocate Start                          2.310 / 2.356         2.047 / 3.038         2.047 / 3.038         2.047 / 3.038       ms
[50.101s][info][gc,stats    ]    Subphase: Concurrent Mark                            1064.532 / 1296.415    684.047 / 2737.185    684.047 / 2737.185    684.047 / 2737.185    ms
[50.101s][info][gc,stats    ]    Subphase: Concurrent Mark Idle                          0.000 / 0.000         0.000 / 0.000         0.000 / 0.000         0.000 / 0.000       ms
[50.101s][info][gc,stats    ]    Subphase: Concurrent Mark Try Flush                     1.332 / 4.530         1.433 / 8.091         1.433 / 8.091         1.433 / 8.091       ms
[50.101s][info][gc,stats    ]    Subphase: Concurrent Mark Try Terminate                 0.489 / 1.065         0.450 / 2.003         0.450 / 2.003         0.450 / 2.003       ms
[50.101s][info][gc,stats    ]    Subphase: Concurrent References Enqueue                 0.002 / 0.003         0.002 / 0.005         0.002 / 0.005         0.002 / 0.005       ms
[50.101s][info][gc,stats    ]    Subphase: Concurrent References Process                 0.770 / 0.800         0.713 / 0.996         0.713 / 0.996         0.713 / 0.996       ms
[50.101s][info][gc,stats    ]    Subphase: Concurrent Weak Roots                         0.764 / 0.795         0.896 / 1.844         0.896 / 1.844         0.896 / 1.844       ms
[50.101s][info][gc,stats    ]    Subphase: Concurrent Weak Roots JNIWeakHandles          0.000 / 0.000         0.000 / 0.000         0.000 / 0.000         0.000 / 0.000       ms
[50.101s][info][gc,stats    ]    Subphase: Concurrent Weak Roots StringTable             0.581 / 0.616         0.695 / 1.616         0.695 / 1.616         0.695 / 1.616       ms
[50.101s][info][gc,stats    ]    Subphase: Concurrent Weak Roots VMWeakHandles           0.183 / 0.192         0.199 / 0.295         0.199 / 0.295         0.199 / 0.295       ms
[50.101s][info][gc,stats    ]    Subphase: Pause Mark Try Complete                       0.000 / 0.000         0.001 / 0.002         0.001 / 0.002         0.001 / 0.002       ms
[50.101s][info][gc,stats    ]    Subphase: Pause Remap TLABS                             0.001 / 0.001         0.001 / 0.001         0.001 / 0.001         0.001 / 0.001       ms
[50.101s][info][gc,stats    ]    Subphase: Pause Retire TLABS                            0.013 / 0.015         0.013 / 0.038         0.013 / 0.038         0.013 / 0.038       ms
[50.101s][info][gc,stats    ]    Subphase: Pause Roots                                   1.492 / 2.675         1.476 / 8.878         1.476 / 8.878         1.476 / 8.878       ms
[50.101s][info][gc,stats    ]    Subphase: Pause Roots ClassLoaderDataGraph              0.627 / 0.794         0.809 / 7.463         0.809 / 7.463         0.809 / 7.463       ms
[50.101s][info][gc,stats    ]    Subphase: Pause Roots CodeCache                         1.298 / 1.515         0.990 / 2.310         0.990 / 2.310         0.990 / 2.310       ms
[50.101s][info][gc,stats    ]    Subphase: Pause Roots JNIHandles                        0.001 / 0.001         0.001 / 0.004         0.001 / 0.004         0.001 / 0.004       ms
[50.101s][info][gc,stats    ]    Subphase: Pause Roots JNIWeakHandles                    0.000 / 0.000         0.000 / 0.000         0.000 / 0.000         0.000 / 0.000       ms
[50.101s][info][gc,stats    ]    Subphase: Pause Roots JRFWeak                           0.000 / 0.000         0.000 / 0.000         0.000 / 0.000         0.000 / 0.000       ms
[50.101s][info][gc,stats    ]    Subphase: Pause Roots JVMTIExport                       0.001 / 0.001         0.001 / 0.002         0.001 / 0.002         0.001 / 0.002       ms
[50.101s][info][gc,stats    ]    Subphase: Pause Roots JVMTIWeakExport                   0.001 / 0.001         0.001 / 0.001         0.001 / 0.001         0.001 / 0.001       ms
[50.101s][info][gc,stats    ]    Subphase: Pause Roots Management                        0.001 / 0.001         0.001 / 0.004         0.001 / 0.004         0.001 / 0.004       ms
[50.101s][info][gc,stats    ]    Subphase: Pause Roots ObjectSynchronizer                0.000 / 0.001         0.000 / 0.001         0.000 / 0.001         0.000 / 0.001       ms
[50.101s][info][gc,stats    ]    Subphase: Pause Roots Setup                             0.186 / 0.305         0.161 / 0.425         0.161 / 0.425         0.161 / 0.425       ms
[50.101s][info][gc,stats    ]    Subphase: Pause Roots StringTable                       0.000 / 0.000         0.000 / 0.000         0.000 / 0.000         0.000 / 0.000       ms
[50.101s][info][gc,stats    ]    Subphase: Pause Roots SystemDictionary                  0.011 / 0.012         0.014 / 0.034         0.014 / 0.034         0.014 / 0.034       ms
[50.101s][info][gc,stats    ]    Subphase: Pause Roots Teardown                          0.001 / 0.003         0.001 / 0.004         0.001 / 0.004         0.001 / 0.004       ms
[50.101s][info][gc,stats    ]    Subphase: Pause Roots Threads                           0.234 / 0.343         0.257 / 0.985         0.257 / 0.985         0.257 / 0.985       ms
[50.101s][info][gc,stats    ]    Subphase: Pause Roots Universe                          0.002 / 0.003         0.010 / 0.370         0.010 / 0.370         0.010 / 0.370       ms
[50.101s][info][gc,stats    ]    Subphase: Pause Roots VMWeakHandles                     0.000 / 0.000         0.000 / 0.000         0.000 / 0.000         0.000 / 0.000       ms
[50.101s][info][gc,stats    ]    Subphase: Pause Weak Roots                              0.002 / 0.002         0.002 / 0.010         0.002 / 0.010         0.002 / 0.010       ms
[50.101s][info][gc,stats    ]    Subphase: Pause Weak Roots JFRWeak                      0.001 / 0.001         0.001 / 0.001         0.001 / 0.001         0.001 / 0.001       ms
[50.101s][info][gc,stats    ]    Subphase: Pause Weak Roots JNIWeakHandles               0.000 / 0.000         0.000 / 0.000         0.000 / 0.000         0.000 / 0.000       ms
[50.101s][info][gc,stats    ]    Subphase: Pause Weak Roots JVMTIWeakExport              0.001 / 0.001         0.001 / 0.009         0.001 / 0.009         0.001 / 0.009       ms
[50.101s][info][gc,stats    ]    Subphase: Pause Weak Roots Setup                        0.000 / 0.000         0.000 / 0.000         0.000 / 0.000         0.000 / 0.000       ms
[50.101s][info][gc,stats    ]    Subphase: Pause Weak Roots StringTable                  0.000 / 0.000         0.000 / 0.000         0.000 / 0.000         0.000 / 0.000       ms
[50.101s][info][gc,stats    ]    Subphase: Pause Weak Roots SymbolTable                  0.000 / 0.000         0.000 / 0.000         0.000 / 0.000         0.000 / 0.000       ms
[50.101s][info][gc,stats    ]    Subphase: Pause Weak Roots Teardown                     0.001 / 0.001         0.001 / 0.001         0.001 / 0.001         0.001 / 0.001       ms
[50.101s][info][gc,stats    ]    Subphase: Pause Weak Roots VMWeakHandles                0.000 / 0.000         0.000 / 0.000         0.000 / 0.000         0.000 / 0.000       ms
[50.101s][info][gc,stats    ]      System: Java Threads                                     62 / 63               49 / 63               49 / 63               49 / 63          threads
[50.101s][info][gc,stats    ] =========================================================================================================================================================
[50.232s][info][gc,phases   ] GC(24) Concurrent Relocate 205.824ms
[50.232s][info][gc,load     ] GC(24) Load: 1.87/2.09/2.40
[50.232s][info][gc,mmu      ] GC(24) MMU: 2ms/0.0%, 5ms/0.0%, 10ms/8.5%, 20ms/54.3%, 50ms/81.7%, 100ms/90.9%
[50.232s][info][gc,marking  ] GC(24) Mark: 1 stripe(s), 2 proactive flush(es), 1 terminate flush(es), 0 completion(s), 0 continuation(s) 
[50.232s][info][gc,reloc    ] GC(24) Relocation: Successful, 56M relocated
[50.232s][info][gc,nmethod  ] GC(24) NMethods: 3239 registered, 0 unregistered
[50.232s][info][gc,metaspace] GC(24) Metaspace: 70M used, 74M capacity, 74M committed, 76M reserved
[50.232s][info][gc,ref      ] GC(24) Soft: 4687 encountered, 0 discovered, 0 enqueued
[50.232s][info][gc,ref      ] GC(24) Weak: 4616 encountered, 3560 discovered, 0 enqueued
[50.232s][info][gc,ref      ] GC(24) Final: 26 encountered, 0 discovered, 0 enqueued
[50.232s][info][gc,ref      ] GC(24) Phantom: 656 encountered, 652 discovered, 0 enqueued
[50.232s][info][gc,heap     ] GC(24)                Mark Start          Mark End        Relocate Start      Relocate End           High               Low         
[50.232s][info][gc,heap     ] GC(24)  Capacity:     2000M (100%)       2000M (100%)       2000M (100%)       2000M (100%)       2000M (100%)       2000M (100%)   
[50.232s][info][gc,heap     ] GC(24)   Reserve:       34M (2%)           34M (2%)           34M (2%)           34M (2%)           34M (2%)           34M (2%)     
[50.232s][info][gc,heap     ] GC(24)      Free:     1142M (57%)        1080M (54%)        1096M (55%)        1572M (79%)        1572M (79%)        1080M (54%)    
[50.232s][info][gc,heap     ] GC(24)      Used:      824M (41%)         886M (44%)         870M (44%)         394M (20%)         886M (44%)         394M (20%)    
[50.232s][info][gc,heap     ] GC(24)      Live:         -               285M (14%)         285M (14%)         285M (14%)            -                  -          
[50.232s][info][gc,heap     ] GC(24) Allocated:         -                62M (3%)           62M (3%)          100M (5%)             -                  -          
[50.232s][info][gc,heap     ] GC(24)   Garbage:         -               538M (27%)         522M (26%)          46M (2%)             -                  -          
[50.232s][info][gc,heap     ] GC(24) Reclaimed:         -                  -                16M (1%)          492M (25%)            -                  -          
[50.232s][info][gc          ] GC(24) Garbage Collection (Allocation Rate) 824M(41%)->394M(20%)
[50.852s][info][gc,heap     ] Page Cache Flushed: 6M requested, 10M(1374M->1364M) flushed
[50.900s][info][gc,start    ] GC(25) Garbage Collection (Allocation Rate)
[50.906s][info][gc,phases   ] GC(25) Pause Mark Start 2.827ms
[51.407s][info][gc,heap     ] Page Cache Flushed: 6M requested, 6M(1256M->1250M) flushed
[51.609s][info][gc,heap     ] Page Cache Flushed: 6M requested, 6M(1222M->1216M) flushed
[51.870s][info][gc,phases   ] GC(25) Concurrent Mark 964.228ms
[51.874s][info][gc,phases   ] GC(25) Pause Mark End 0.394ms
[51.879s][info][gc,phases   ] GC(25) Concurrent Process Non-Strong References 4.840ms
[51.880s][info][gc,phases   ] GC(25) Concurrent Reset Relocation Set 0.704ms
[51.880s][info][gc,phases   ] GC(25) Concurrent Destroy Detached Pages 0.007ms
[51.884s][info][gc,phases   ] GC(25) Concurrent Select Relocation Set 4.408ms
[51.890s][info][gc,phases   ] GC(25) Concurrent Prepare Relocation Set 5.739ms
[51.901s][info][gc,phases   ] GC(25) Pause Relocate Start 2.553ms
[52.009s][info][gc,phases   ] GC(25) Concurrent Relocate 107.762ms
[52.009s][info][gc,load     ] GC(25) Load: 1.87/2.09/2.40
[52.009s][info][gc,mmu      ] GC(25) MMU: 2ms/0.0%, 5ms/0.0%, 10ms/8.5%, 20ms/54.3%, 50ms/81.7%, 100ms/90.9%
[52.009s][info][gc,marking  ] GC(25) Mark: 1 stripe(s), 2 proactive flush(es), 1 terminate flush(es), 0 completion(s), 0 continuation(s) 
[52.009s][info][gc,reloc    ] GC(25) Relocation: Successful, 27M relocated
[52.009s][info][gc,nmethod  ] GC(25) NMethods: 3424 registered, 0 unregistered
[52.009s][info][gc,metaspace] GC(25) Metaspace: 71M used, 75M capacity, 75M committed, 76M reserved
[52.009s][info][gc,ref      ] GC(25) Soft: 4699 encountered, 0 discovered, 0 enqueued
[52.009s][info][gc,ref      ] GC(25) Weak: 4751 encountered, 3798 discovered, 7 enqueued
[52.009s][info][gc,ref      ] GC(25) Final: 26 encountered, 0 discovered, 0 enqueued
[52.009s][info][gc,ref      ] GC(25) Phantom: 662 encountered, 658 discovered, 5 enqueued
[52.009s][info][gc,heap     ] GC(25)                Mark Start          Mark End        Relocate Start      Relocate End           High               Low         
[52.009s][info][gc,heap     ] GC(25)  Capacity:     2000M (100%)       2000M (100%)       2000M (100%)       2000M (100%)       2000M (100%)       2000M (100%)   
[52.009s][info][gc,heap     ] GC(25)   Reserve:       34M (2%)           34M (2%)           34M (2%)           34M (2%)           34M (2%)           34M (2%)     
[52.009s][info][gc,heap     ] GC(25)      Free:     1324M (66%)        1168M (58%)        1490M (74%)        1556M (78%)        1556M (78%)        1168M (58%)    
[52.009s][info][gc,heap     ] GC(25)      Used:      642M (32%)         798M (40%)         476M (24%)         410M (20%)         798M (40%)         410M (20%)    
[52.009s][info][gc,heap     ] GC(25)      Live:         -               203M (10%)         203M (10%)         203M (10%)            -                  -          
[52.009s][info][gc,heap     ] GC(25) Allocated:         -               156M (8%)          168M (8%)          184M (9%)             -                  -          
[52.009s][info][gc,heap     ] GC(25)   Garbage:         -               438M (22%)         104M (5%)           34M (2%)             -                  -          
[52.009s][info][gc,heap     ] GC(25) Reclaimed:         -                  -               334M (17%)         404M (20%)            -                  -          
[52.009s][info][gc          ] GC(25) Garbage Collection (Allocation Rate) 642M(32%)->410M(20%)
[53.109s][info][gc,heap     ] Page Cache Flushed: 6M requested, 18M(1288M->1270M) flushed
[53.327s][info][gc,heap     ] Page Cache Flushed: 10M requested, 32M(1250M->1218M) flushed
[54.996s][info][gc,heap     ] Page Cache Flushed: 10M requested, 10M(1062M->1052M) flushed
[56.093s][info][gc,heap     ] Page Cache Flushed: 6M requested, 6M(918M->912M) flushed
[56.260s][info][gc,heap     ] Page Cache Flushed: 10M requested, 10M(890M->880M) flushed
[56.968s][info][gc,heap     ] Page Cache Flushed: 6M requested, 6M(772M->766M) flushed
[57.500s][info][gc,start    ] GC(26) Garbage Collection (Allocation Rate)
[57.505s][info][gc,phases   ] GC(26) Pause Mark Start 2.935ms
[58.117s][info][gc,heap     ] Page Cache Flushed: 6M requested, 6M(590M->584M) flushed
[58.549s][info][gc,phases   ] GC(26) Concurrent Mark 1044.065ms
[58.552s][info][gc,phases   ] GC(26) Pause Mark End 0.356ms
[58.554s][info][gc,phases   ] GC(26) Concurrent Process Non-Strong References 1.705ms
[58.556s][info][gc,phases   ] GC(26) Concurrent Reset Relocation Set 0.240ms
[58.556s][info][gc,phases   ] GC(26) Concurrent Destroy Detached Pages 0.012ms
[58.559s][info][gc,phases   ] GC(26) Concurrent Select Relocation Set 2.351ms
[58.561s][info][gc,phases   ] GC(26) Concurrent Prepare Relocation Set 1.853ms
[58.570s][info][gc,phases   ] GC(26) Pause Relocate Start 2.629ms
[58.731s][info][gc,phases   ] GC(26) Concurrent Relocate 157.455ms
[58.731s][info][gc,load     ] GC(26) Load: 1.88/2.09/2.39
[58.731s][info][gc,mmu      ] GC(26) MMU: 2ms/0.0%, 5ms/0.0%, 10ms/8.5%, 20ms/54.3%, 50ms/81.7%, 100ms/90.9%
[58.731s][info][gc,marking  ] GC(26) Mark: 1 stripe(s), 2 proactive flush(es), 1 terminate flush(es), 0 completion(s), 0 continuation(s) 
[58.731s][info][gc,reloc    ] GC(26) Relocation: Successful, 28M relocated
[58.731s][info][gc,nmethod  ] GC(26) NMethods: 3709 registered, 0 unregistered
[58.731s][info][gc,metaspace] GC(26) Metaspace: 71M used, 75M capacity, 75M committed, 76M reserved
[58.731s][info][gc,ref      ] GC(26) Soft: 4839 encountered, 0 discovered, 0 enqueued
[58.731s][info][gc,ref      ] GC(26) Weak: 5176 encountered, 4132 discovered, 473 enqueued
[58.731s][info][gc,ref      ] GC(26) Final: 26 encountered, 0 discovered, 0 enqueued
[58.731s][info][gc,ref      ] GC(26) Phantom: 713 encountered, 709 discovered, 56 enqueued
[58.731s][info][gc,heap     ] GC(26)                Mark Start          Mark End        Relocate Start      Relocate End           High               Low         
[58.731s][info][gc,heap     ] GC(26)  Capacity:     2000M (100%)       2000M (100%)       2000M (100%)       2000M (100%)       2000M (100%)       2000M (100%)   
[58.731s][info][gc,heap     ] GC(26)   Reserve:       34M (2%)           34M (2%)           34M (2%)           34M (2%)           34M (2%)           34M (2%)     
[58.731s][info][gc,heap     ] GC(26)      Free:      662M (33%)         536M (27%)        1416M (71%)        1594M (80%)        1594M (80%)         536M (27%)    
[58.731s][info][gc,heap     ] GC(26)      Used:     1304M (65%)        1430M (72%)         550M (28%)         372M (19%)        1430M (72%)         372M (19%)    
[58.731s][info][gc,heap     ] GC(26)      Live:         -               201M (10%)         201M (10%)         201M (10%)            -                  -          
[58.731s][info][gc,heap     ] GC(26) Allocated:         -               126M (6%)          128M (6%)          180M (9%)             -                  -          
[58.731s][info][gc,heap     ] GC(26)   Garbage:         -              1102M (55%)         220M (11%)          36M (2%)             -                  -          
[58.731s][info][gc,heap     ] GC(26) Reclaimed:         -                  -               882M (44%)        1066M (53%)            -                  -          
[58.731s][info][gc          ] GC(26) Garbage Collection (Allocation Rate) 1304M(65%)->372M(19%)
[60.100s][info][gc,stats    ] === Garbage Collection Statistics =======================================================================================================================
[60.101s][info][gc,stats    ]                                                              Last 10s              Last 10m              Last 10h                Total
[60.101s][info][gc,stats    ]                                                              Avg / Max             Avg / Max             Avg / Max             Avg / Max
[60.101s][info][gc,stats    ]   Collector: Garbage Collection Cycle                   1290.468 / 1531.594    853.088 / 2745.518    853.088 / 2745.518    853.088 / 2745.518    ms
[60.101s][info][gc,stats    ]  Contention: Mark Segment Reset Contention                     0 / 0                 0 / 0                 0 / 0                 0 / 0           ops/s
[60.101s][info][gc,stats    ]  Contention: Mark SeqNum Reset Contention                      0 / 0                 0 / 0                 0 / 0                 0 / 0           ops/s
[60.101s][info][gc,stats    ]  Contention: Relocation Contention                             0 / 1                 0 / 2                 0 / 2                 0 / 2           ops/s
[60.101s][info][gc,stats    ]    Critical: Allocation Stall                              0.000 / 0.000        91.379 / 91.379       91.379 / 91.379       91.379 / 91.379      ms
[60.101s][info][gc,stats    ]    Critical: Allocation Stall                                  0 / 0                 0 / 1                 0 / 1                 0 / 1           ops/s
[60.101s][info][gc,stats    ]    Critical: GC Locker Stall                               0.000 / 0.000         0.013 / 0.013         0.013 / 0.013         0.013 / 0.013       ms
[60.101s][info][gc,stats    ]    Critical: GC Locker Stall                                   0 / 0                 0 / 1                 0 / 1                 0 / 1           ops/s
[60.101s][info][gc,stats    ]      Memory: Allocation Rate                                 149 / 286             263 / 1152            263 / 1152            263 / 1152        MB/s
[60.101s][info][gc,stats    ]      Memory: Heap Used After Mark                           1114 / 1430            892 / 1966            892 / 1966            892 / 1966        MB
[60.101s][info][gc,stats    ]      Memory: Heap Used After Relocation                      392 / 410             341 / 912             341 / 912             341 / 912         MB
[60.101s][info][gc,stats    ]      Memory: Heap Used Before Mark                           973 / 1304            778 / 1860            778 / 1860            778 / 1860        MB
[60.101s][info][gc,stats    ]      Memory: Heap Used Before Relocation                     513 / 550             514 / 996             514 / 996             514 / 996         MB
[60.101s][info][gc,stats    ]      Memory: Out Of Memory                                     0 / 0                 0 / 0                 0 / 0                 0 / 0           ops/s
[60.101s][info][gc,stats    ]      Memory: Page Cache Flush                                 11 / 50                6 / 50                6 / 50                6 / 50          MB/s
[60.101s][info][gc,stats    ]      Memory: Page Cache Hit L1                                67 / 130             113 / 577             113 / 577             113 / 577         ops/s
[60.101s][info][gc,stats    ]      Memory: Page Cache Hit L2                                 0 / 0                 0 / 0                 0 / 0                 0 / 0           ops/s
[60.101s][info][gc,stats    ]      Memory: Page Cache Miss                                   1 / 2                16 / 303              16 / 303              16 / 303         ops/s
[60.101s][info][gc,stats    ]      Memory: Undo Object Allocation Failed                     0 / 0                 0 / 1                 0 / 1                 0 / 1           ops/s
[60.101s][info][gc,stats    ]      Memory: Undo Object Allocation Succeeded                  0 / 1                 0 / 1                 0 / 1                 0 / 1           ops/s
[60.101s][info][gc,stats    ]      Memory: Undo Page Allocation                              0 / 0                 0 / 0                 0 / 0                 0 / 0           ops/s
[60.101s][info][gc,stats    ]       Phase: Concurrent Destroy Detached Pages             0.010 / 0.012         0.002 / 0.013         0.002 / 0.013         0.002 / 0.013       ms
[60.101s][info][gc,stats    ]       Phase: Concurrent Mark                            1004.146 / 1044.065    708.376 / 2737.214    708.376 / 2737.214    708.376 / 2737.214    ms
[60.101s][info][gc,stats    ]       Phase: Concurrent Mark Continue                      0.000 / 0.000         0.000 / 0.000         0.000 / 0.000         0.000 / 0.000       ms
[60.101s][info][gc,stats    ]       Phase: Concurrent Prepare Relocation Set             3.796 / 5.739         6.987 / 51.007        6.987 / 51.007        6.987 / 51.007      ms
[60.101s][info][gc,stats    ]       Phase: Concurrent Process Non-Strong References      3.273 / 4.840         1.743 / 4.840         1.743 / 4.840         1.743 / 4.840       ms
[60.101s][info][gc,stats    ]       Phase: Concurrent Relocate                         157.014 / 205.824     120.219 / 439.061     120.219 / 439.061     120.219 / 439.061     ms
[60.101s][info][gc,stats    ]       Phase: Concurrent Reset Relocation Set               0.472 / 0.704         0.370 / 1.431         0.370 / 1.431         0.370 / 1.431       ms
[60.101s][info][gc,stats    ]       Phase: Concurrent Select Relocation Set              3.379 / 4.408         2.362 / 9.502         2.362 / 9.502         2.362 / 9.502       ms
[60.101s][info][gc,stats    ]       Phase: Pause Mark End                                0.375 / 0.394         0.248 / 0.459         0.248 / 0.459         0.248 / 0.459       ms
[60.101s][info][gc,stats    ]       Phase: Pause Mark Start                              2.881 / 2.935         2.867 / 9.147         2.867 / 9.147         2.867 / 9.147       ms
[60.101s][info][gc,stats    ]       Phase: Pause Relocate Start                          2.591 / 2.629         2.087 / 3.038         2.087 / 3.038         2.087 / 3.038       ms
[60.101s][info][gc,stats    ]    Subphase: Concurrent Mark                            1001.931 / 1039.661    707.594 / 2737.185    707.594 / 2737.185    707.594 / 2737.185    ms
[60.101s][info][gc,stats    ]    Subphase: Concurrent Mark Idle                          0.000 / 0.000         0.000 / 0.000         0.000 / 0.000         0.000 / 0.000       ms
[60.101s][info][gc,stats    ]    Subphase: Concurrent Mark Try Flush                     3.669 / 5.303         1.579 / 8.091         1.579 / 8.091         1.579 / 8.091       ms
[60.101s][info][gc,stats    ]    Subphase: Concurrent Mark Try Terminate                 1.211 / 3.913         0.504 / 3.913         0.504 / 3.913         0.504 / 3.913       ms
[60.101s][info][gc,stats    ]    Subphase: Concurrent References Enqueue                 0.004 / 0.005         0.002 / 0.005         0.002 / 0.005         0.002 / 0.005       ms
[60.101s][info][gc,stats    ]    Subphase: Concurrent References Process                 2.449 / 4.061         0.841 / 4.061         0.841 / 4.061         0.841 / 4.061       ms
[60.101s][info][gc,stats    ]    Subphase: Concurrent Weak Roots                         0.807 / 0.855         0.889 / 1.844         0.889 / 1.844         0.889 / 1.844       ms
[60.101s][info][gc,stats    ]    Subphase: Concurrent Weak Roots JNIWeakHandles          0.000 / 0.001         0.000 / 0.001         0.000 / 0.001         0.000 / 0.001       ms
[60.101s][info][gc,stats    ]    Subphase: Concurrent Weak Roots StringTable             0.561 / 0.573         0.685 / 1.616         0.685 / 1.616         0.685 / 1.616       ms
[60.101s][info][gc,stats    ]    Subphase: Concurrent Weak Roots VMWeakHandles           0.244 / 0.280         0.203 / 0.295         0.203 / 0.295         0.203 / 0.295       ms
[60.101s][info][gc,stats    ]    Subphase: Pause Mark Try Complete                       0.000 / 0.000         0.001 / 0.002         0.001 / 0.002         0.001 / 0.002       ms
[60.101s][info][gc,stats    ]    Subphase: Pause Remap TLABS                             0.002 / 0.002         0.001 / 0.002         0.001 / 0.002         0.001 / 0.002       ms
[60.101s][info][gc,stats    ]    Subphase: Pause Retire TLABS                            0.018 / 0.022         0.014 / 0.038         0.014 / 0.038         0.014 / 0.038       ms
[60.101s][info][gc,stats    ]    Subphase: Pause Roots                                   1.721 / 2.588         1.494 / 8.878         1.494 / 8.878         1.494 / 8.878       ms
[60.101s][info][gc,stats    ]    Subphase: Pause Roots ClassLoaderDataGraph              0.674 / 0.754         0.799 / 7.463         0.799 / 7.463         0.799 / 7.463       ms
[60.101s][info][gc,stats    ]    Subphase: Pause Roots CodeCache                         1.397 / 1.481         1.020 / 2.310         1.020 / 2.310         1.020 / 2.310       ms
[60.101s][info][gc,stats    ]    Subphase: Pause Roots JNIHandles                        0.001 / 0.001         0.001 / 0.004         0.001 / 0.004         0.001 / 0.004       ms
[60.101s][info][gc,stats    ]    Subphase: Pause Roots JNIWeakHandles                    0.000 / 0.000         0.000 / 0.000         0.000 / 0.000         0.000 / 0.000       ms
[60.101s][info][gc,stats    ]    Subphase: Pause Roots JRFWeak                           0.000 / 0.000         0.000 / 0.000         0.000 / 0.000         0.000 / 0.000       ms
[60.101s][info][gc,stats    ]    Subphase: Pause Roots JVMTIExport                       0.001 / 0.001         0.001 / 0.002         0.001 / 0.002         0.001 / 0.002       ms
[60.101s][info][gc,stats    ]    Subphase: Pause Roots JVMTIWeakExport                   0.001 / 0.001         0.001 / 0.001         0.001 / 0.001         0.001 / 0.001       ms
[60.101s][info][gc,stats    ]    Subphase: Pause Roots Management                        0.001 / 0.001         0.001 / 0.004         0.001 / 0.004         0.001 / 0.004       ms
[60.101s][info][gc,stats    ]    Subphase: Pause Roots ObjectSynchronizer                0.000 / 0.000         0.000 / 0.001         0.000 / 0.001         0.000 / 0.001       ms
[60.101s][info][gc,stats    ]    Subphase: Pause Roots Setup                             0.191 / 0.292         0.164 / 0.425         0.164 / 0.425         0.164 / 0.425       ms
[60.101s][info][gc,stats    ]    Subphase: Pause Roots StringTable                       0.000 / 0.000         0.000 / 0.000         0.000 / 0.000         0.000 / 0.000       ms
[60.101s][info][gc,stats    ]    Subphase: Pause Roots SystemDictionary                  0.013 / 0.016         0.014 / 0.034         0.014 / 0.034         0.014 / 0.034       ms
[60.101s][info][gc,stats    ]    Subphase: Pause Roots Teardown                          0.001 / 0.002         0.001 / 0.004         0.001 / 0.004         0.001 / 0.004       ms
[60.101s][info][gc,stats    ]    Subphase: Pause Roots Threads                           0.326 / 0.365         0.262 / 0.985         0.262 / 0.985         0.262 / 0.985       ms
[60.101s][info][gc,stats    ]    Subphase: Pause Roots Universe                          0.002 / 0.003         0.009 / 0.370         0.009 / 0.370         0.009 / 0.370       ms
[60.101s][info][gc,stats    ]    Subphase: Pause Roots VMWeakHandles                     0.000 / 0.000         0.000 / 0.000         0.000 / 0.000         0.000 / 0.000       ms
[60.101s][info][gc,stats    ]    Subphase: Pause Weak Roots                              0.002 / 0.002         0.002 / 0.010         0.002 / 0.010         0.002 / 0.010       ms
[60.101s][info][gc,stats    ]    Subphase: Pause Weak Roots JFRWeak                      0.001 / 0.001         0.001 / 0.001         0.001 / 0.001         0.001 / 0.001       ms
[60.101s][info][gc,stats    ]    Subphase: Pause Weak Roots JNIWeakHandles               0.000 / 0.000         0.000 / 0.000         0.000 / 0.000         0.000 / 0.000       ms
[60.101s][info][gc,stats    ]    Subphase: Pause Weak Roots JVMTIWeakExport              0.001 / 0.001         0.001 / 0.009         0.001 / 0.009         0.001 / 0.009       ms
[60.101s][info][gc,stats    ]    Subphase: Pause Weak Roots Setup                        0.000 / 0.000         0.000 / 0.000         0.000 / 0.000         0.000 / 0.000       ms
[60.101s][info][gc,stats    ]    Subphase: Pause Weak Roots StringTable                  0.000 / 0.000         0.000 / 0.000         0.000 / 0.000         0.000 / 0.000       ms
[60.101s][info][gc,stats    ]    Subphase: Pause Weak Roots SymbolTable                  0.000 / 0.000         0.000 / 0.000         0.000 / 0.000         0.000 / 0.000       ms
[60.101s][info][gc,stats    ]    Subphase: Pause Weak Roots Teardown                     0.001 / 0.001         0.001 / 0.001         0.001 / 0.001         0.001 / 0.001       ms
[60.101s][info][gc,stats    ]    Subphase: Pause Weak Roots VMWeakHandles                0.000 / 0.000         0.000 / 0.000         0.000 / 0.000         0.000 / 0.000       ms
[60.101s][info][gc,stats    ]      System: Java Threads                                     66 / 69               51 / 69               51 / 69               51 / 69          threads
[60.101s][info][gc,stats    ] =========================================================================================================================================================
[63.201s][info][gc,start    ] GC(27) Garbage Collection (Allocation Rate)
[63.207s][info][gc,phases   ] GC(27) Pause Mark Start 3.117ms
[64.487s][info][gc,phases   ] GC(27) Concurrent Mark 1280.552ms
[64.491s][info][gc,phases   ] GC(27) Pause Mark End 0.653ms
[64.492s][info][gc,phases   ] GC(27) Concurrent Process Non-Strong References 1.715ms
[64.493s][info][gc,phases   ] GC(27) Concurrent Reset Relocation Set 0.020ms
[64.493s][info][gc,phases   ] GC(27) Concurrent Destroy Detached Pages 0.001ms
[64.494s][info][gc,phases   ] GC(27) Concurrent Select Relocation Set 1.570ms
[64.511s][info][gc,phases   ] GC(27) Concurrent Prepare Relocation Set 16.382ms
[64.516s][info][gc,phases   ] GC(27) Pause Relocate Start 2.826ms
[64.872s][info][gc,phases   ] GC(27) Concurrent Relocate 355.934ms
[64.872s][info][gc,load     ] GC(27) Load: 1.90/2.09/2.39
[64.872s][info][gc,mmu      ] GC(27) MMU: 2ms/0.0%, 5ms/0.0%, 10ms/8.5%, 20ms/54.3%, 50ms/81.7%, 100ms/90.9%
[64.872s][info][gc,marking  ] GC(27) Mark: 1 stripe(s), 2 proactive flush(es), 1 terminate flush(es), 0 completion(s), 0 continuation(s) 
[64.872s][info][gc,reloc    ] GC(27) Relocation: Successful, 62M relocated
[64.872s][info][gc,nmethod  ] GC(27) NMethods: 3911 registered, 0 unregistered
[64.872s][info][gc,metaspace] GC(27) Metaspace: 73M used, 77M capacity, 77M committed, 78M reserved
[64.872s][info][gc,ref      ] GC(27) Soft: 4898 encountered, 0 discovered, 0 enqueued
[64.872s][info][gc,ref      ] GC(27) Weak: 4897 encountered, 3844 discovered, 59 enqueued
[64.872s][info][gc,ref      ] GC(27) Final: 28 encountered, 0 discovered, 0 enqueued
[64.872s][info][gc,ref      ] GC(27) Phantom: 711 encountered, 636 discovered, 48 enqueued
[64.872s][info][gc,heap     ] GC(27)                Mark Start          Mark End        Relocate Start      Relocate End           High               Low         
[64.872s][info][gc,heap     ] GC(27)  Capacity:     2000M (100%)       2000M (100%)       2000M (100%)       2000M (100%)       2000M (100%)       2000M (100%)   
[64.872s][info][gc,heap     ] GC(27)   Reserve:       34M (2%)           34M (2%)           34M (2%)           34M (2%)           34M (2%)           34M (2%)     
[64.872s][info][gc,heap     ] GC(27)      Free:     1006M (50%)         918M (46%)        1196M (60%)        1576M (79%)        1576M (79%)         918M (46%)    
[64.872s][info][gc,heap     ] GC(27)      Used:      960M (48%)        1048M (52%)         770M (38%)         390M (20%)        1048M (52%)         390M (20%)    
[64.872s][info][gc,heap     ] GC(27)      Live:         -               241M (12%)         241M (12%)         241M (12%)            -                  -          
[64.872s][info][gc,heap     ] GC(27) Allocated:         -                88M (4%)           88M (4%)          198M (10%)            -                  -          
[64.872s][info][gc,heap     ] GC(27)   Garbage:         -               718M (36%)         440M (22%)          44M (2%)             -                  -          
[64.872s][info][gc,heap     ] GC(27) Reclaimed:         -                  -               278M (14%)         674M (34%)            -                  -          
[64.872s][info][gc          ] GC(27) Garbage Collection (Allocation Rate) 960M(48%)->390M(20%)
[65.052s][info][gc,heap     ] Page Cache Flushed: 8M requested, 10M(1572M->1562M) flushed
[65.063s][info][gc,heap     ] Page Cache Flushed: 8M requested, 10M(1552M->1542M) flushed
[65.069s][info][gc,heap     ] Page Cache Flushed: 8M requested, 10M(1542M->1532M) flushed
[65.300s][info][gc,start    ] GC(28) Garbage Collection (Allocation Rate)
[65.308s][info][gc,phases   ] GC(28) Pause Mark Start 4.370ms
[66.483s][info][gc,phases   ] GC(28) Concurrent Mark 1174.933ms
[66.486s][info][gc,phases   ] GC(28) Pause Mark End 0.284ms
[66.488s][info][gc,phases   ] GC(28) Concurrent Process Non-Strong References 1.708ms
[66.489s][info][gc,phases   ] GC(28) Concurrent Reset Relocation Set 0.964ms
[66.489s][info][gc,phases   ] GC(28) Concurrent Destroy Detached Pages 0.005ms
[66.490s][info][gc,phases   ] GC(28) Concurrent Select Relocation Set 1.578ms
[66.498s][info][gc,phases   ] GC(28) Concurrent Prepare Relocation Set 7.344ms
[66.501s][info][gc,phases   ] GC(28) Pause Relocate Start 2.983ms
[66.676s][info][gc,phases   ] GC(28) Concurrent Relocate 174.635ms
[66.676s][info][gc,load     ] GC(28) Load: 1.90/2.09/2.39
[66.676s][info][gc,mmu      ] GC(28) MMU: 2ms/0.0%, 5ms/0.0%, 10ms/8.5%, 20ms/54.3%, 50ms/81.7%, 100ms/90.9%
[66.676s][info][gc,marking  ] GC(28) Mark: 1 stripe(s), 2 proactive flush(es), 1 terminate flush(es), 0 completion(s), 0 continuation(s) 
[66.676s][info][gc,reloc    ] GC(28) Relocation: Successful, 47M relocated
[66.676s][info][gc,nmethod  ] GC(28) NMethods: 3978 registered, 6 unregistered
[66.676s][info][gc,metaspace] GC(28) Metaspace: 73M used, 77M capacity, 77M committed, 78M reserved
[66.676s][info][gc,ref      ] GC(28) Soft: 4898 encountered, 0 discovered, 0 enqueued
[66.676s][info][gc,ref      ] GC(28) Weak: 4855 encountered, 3796 discovered, 12 enqueued
[66.676s][info][gc,ref      ] GC(28) Final: 28 encountered, 0 discovered, 0 enqueued
[66.676s][info][gc,ref      ] GC(28) Phantom: 663 encountered, 659 discovered, 0 enqueued
[66.676s][info][gc,heap     ] GC(28)                Mark Start          Mark End        Relocate Start      Relocate End           High               Low         
[66.676s][info][gc,heap     ] GC(28)  Capacity:     2000M (100%)       2000M (100%)       2000M (100%)       2000M (100%)       2000M (100%)       2000M (100%)   
[66.676s][info][gc,heap     ] GC(28)   Reserve:       34M (2%)           34M (2%)           34M (2%)           34M (2%)           34M (2%)           34M (2%)     
[66.676s][info][gc,heap     ] GC(28)      Free:     1360M (68%)        1096M (55%)        1214M (61%)        1402M (70%)        1402M (70%)        1096M (55%)    
[66.676s][info][gc,heap     ] GC(28)      Used:      606M (30%)         870M (44%)         752M (38%)         564M (28%)         870M (44%)         564M (28%)    
[66.676s][info][gc,heap     ] GC(28)      Live:         -               260M (13%)         260M (13%)         260M (13%)            -                  -          
[66.676s][info][gc,heap     ] GC(28) Allocated:         -               264M (13%)         266M (13%)         334M (17%)            -                  -          
[66.676s][info][gc,heap     ] GC(28)   Garbage:         -               345M (17%)         225M (11%)          29M (1%)             -                  -          
[66.676s][info][gc,heap     ] GC(28) Reclaimed:         -                  -               120M (6%)          316M (16%)            -                  -          
[66.676s][info][gc          ] GC(28) Garbage Collection (Allocation Rate) 606M(30%)->564M(28%)
[66.893s][info][gc,heap     ] Page Cache Flushed: 6M requested, 10M(1258M->1248M) flushed
[66.901s][info][gc,start    ] GC(29) Garbage Collection (Allocation Rate)
[66.907s][info][gc,phases   ] GC(29) Pause Mark Start 3.284ms
[66.956s][info][gc,heap     ] Page Cache Flushed: 6M requested, 8M(1244M->1236M) flushed
[67.116s][info][gc,heap     ] Page Cache Flushed: 6M requested, 32M(1208M->1176M) flushed
[68.233s][info][gc,phases   ] GC(29) Concurrent Mark 1326.025ms
[68.234s][info][gc,phases   ] GC(29) Pause Mark End 0.352ms
[68.237s][info][gc,phases   ] GC(29) Concurrent Process Non-Strong References 2.929ms
[68.238s][info][gc,phases   ] GC(29) Concurrent Reset Relocation Set 0.031ms
[68.238s][info][gc,phases   ] GC(29) Concurrent Destroy Detached Pages 0.004ms
[68.239s][info][gc,phases   ] GC(29) Concurrent Select Relocation Set 1.527ms
[68.246s][info][gc,phases   ] GC(29) Concurrent Prepare Relocation Set 6.838ms
[68.253s][info][gc,phases   ] GC(29) Pause Relocate Start 2.864ms
[68.577s][info][gc,phases   ] GC(29) Concurrent Relocate 324.697ms
[68.578s][info][gc,load     ] GC(29) Load: 1.90/2.09/2.39
[68.578s][info][gc,mmu      ] GC(29) MMU: 2ms/0.0%, 5ms/0.0%, 10ms/8.5%, 20ms/54.3%, 50ms/81.7%, 100ms/90.9%
[68.578s][info][gc,marking  ] GC(29) Mark: 1 stripe(s), 3 proactive flush(es), 1 terminate flush(es), 0 completion(s), 0 continuation(s) 
[68.578s][info][gc,reloc    ] GC(29) Relocation: Successful, 43M relocated
[68.578s][info][gc,nmethod  ] GC(29) NMethods: 4078 registered, 6 unregistered
[68.578s][info][gc,metaspace] GC(29) Metaspace: 73M used, 77M capacity, 77M committed, 78M reserved
[68.578s][info][gc,ref      ] GC(29) Soft: 4897 encountered, 0 discovered, 0 enqueued
[68.578s][info][gc,ref      ] GC(29) Weak: 4857 encountered, 3831 discovered, 107 enqueued
[68.578s][info][gc,ref      ] GC(29) Final: 28 encountered, 0 discovered, 0 enqueued
[68.578s][info][gc,ref      ] GC(29) Phantom: 662 encountered, 658 discovered, 0 enqueued
[68.578s][info][gc,heap     ] GC(29)                Mark Start          Mark End        Relocate Start      Relocate End           High               Low         
[68.578s][info][gc,heap     ] GC(29)  Capacity:     2000M (100%)       2000M (100%)       2000M (100%)       2000M (100%)       2000M (100%)       2000M (100%)   
[68.578s][info][gc,heap     ] GC(29)   Reserve:       34M (2%)           34M (2%)           34M (2%)           34M (2%)           34M (2%)           34M (2%)     
[68.578s][info][gc,heap     ] GC(29)      Free:     1224M (61%)         636M (32%)         886M (44%)         880M (44%)        1224M (61%)         636M (32%)    
[68.578s][info][gc,heap     ] GC(29)      Used:      742M (37%)        1330M (66%)        1080M (54%)        1086M (54%)        1330M (66%)         742M (37%)    
[68.578s][info][gc,heap     ] GC(29)      Live:         -               247M (12%)         247M (12%)         247M (12%)            -                  -          
[68.578s][info][gc,heap     ] GC(29) Allocated:         -               588M (29%)         590M (30%)         864M (43%)            -                  -          
[68.578s][info][gc,heap     ] GC(29)   Garbage:         -               494M (25%)         242M (12%)          34M (2%)             -                  -          
[68.578s][info][gc,heap     ] GC(29) Reclaimed:         -                  -               252M (13%)         460M (23%)            -                  -          
[68.578s][info][gc          ] GC(29) Garbage Collection (Allocation Rate) 742M(37%)->1086M(54%)
[68.578s][info][gc,start    ] GC(30) Garbage Collection (System.gc())
[68.582s][info][gc,phases   ] GC(30) Pause Mark Start 4.244ms
[68.879s][info][gc,phases   ] GC(30) Concurrent Mark 296.541ms
[68.879s][info][gc,phases   ] GC(30) Pause Mark End 0.286ms
[68.881s][info][gc,phases   ] GC(30) Concurrent Process Non-Strong References 1.674ms
[68.881s][info][gc,phases   ] GC(30) Concurrent Reset Relocation Set 0.344ms
[68.881s][info][gc,phases   ] GC(30) Concurrent Destroy Detached Pages 0.000ms
[68.883s][info][gc,phases   ] GC(30) Concurrent Select Relocation Set 1.559ms
[68.883s][info][gc,phases   ] GC(30) Concurrent Prepare Relocation Set 0.021ms
[68.886s][info][gc,phases   ] GC(30) Pause Relocate Start 2.840ms
[68.892s][info][gc,phases   ] GC(30) Concurrent Relocate 5.958ms
[68.892s][info][gc,load     ] GC(30) Load: 1.90/2.09/2.39
[68.892s][info][gc,mmu      ] GC(30) MMU: 2ms/0.0%, 5ms/0.0%, 10ms/8.5%, 20ms/54.3%, 50ms/81.7%, 100ms/90.9%
[68.892s][info][gc,marking  ] GC(30) Mark: 1 stripe(s), 2 proactive flush(es), 1 terminate flush(es), 0 completion(s), 0 continuation(s) 
[68.892s][info][gc,reloc    ] GC(30) Relocation: Successful, 13M relocated
[68.892s][info][gc,nmethod  ] GC(30) NMethods: 4081 registered, 6 unregistered
[68.892s][info][gc,metaspace] GC(30) Metaspace: 73M used, 77M capacity, 77M committed, 78M reserved
[68.892s][info][gc,ref      ] GC(30) Soft: 4908 encountered, 0 discovered, 0 enqueued
[68.892s][info][gc,ref      ] GC(30) Weak: 4793 encountered, 3856 discovered, 19 enqueued
[68.892s][info][gc,ref      ] GC(30) Final: 28 encountered, 0 discovered, 0 enqueued
[68.892s][info][gc,ref      ] GC(30) Phantom: 673 encountered, 669 discovered, 11 enqueued
[68.892s][info][gc,heap     ] GC(30)                Mark Start          Mark End        Relocate Start      Relocate End           High               Low         
[68.892s][info][gc,heap     ] GC(30)  Capacity:     2000M (100%)       2000M (100%)       2000M (100%)       2000M (100%)       2000M (100%)       2000M (100%)   
[68.892s][info][gc,heap     ] GC(30)   Reserve:       34M (2%)           34M (2%)           34M (2%)           34M (2%)           34M (2%)           34M (2%)     
[68.892s][info][gc,heap     ] GC(30)      Free:      880M (44%)         878M (44%)        1700M (85%)        1738M (87%)        1738M (87%)         878M (44%)    
[68.892s][info][gc,heap     ] GC(30)      Used:     1086M (54%)        1088M (54%)         266M (13%)         228M (11%)        1088M (54%)         228M (11%)    
[68.892s][info][gc,heap     ] GC(30)      Live:         -               191M (10%)         191M (10%)         191M (10%)            -                  -          
[68.892s][info][gc,heap     ] GC(30) Allocated:         -                 2M (0%)            2M (0%)            4M (0%)             -                  -          
[68.892s][info][gc,heap     ] GC(30)   Garbage:         -               894M (45%)          72M (4%)           34M (2%)             -                  -          
[68.892s][info][gc,heap     ] GC(30) Reclaimed:         -                  -               822M (41%)         860M (43%)            -                  -          
[68.892s][info][gc          ] GC(30) Garbage Collection (System.gc()) 1086M(54%)->228M(11%)
[68.900s][info][gc,start    ] GC(31) Garbage Collection (Allocation Rate)
[68.926s][info][gc,phases   ] GC(31) Pause Mark Start 3.431ms
[70.000s][info][gc,phases   ] GC(31) Concurrent Mark 1073.685ms
[70.003s][info][gc,phases   ] GC(31) Pause Mark End 0.340ms
[70.005s][info][gc,phases   ] GC(31) Concurrent Process Non-Strong References 1.694ms
[70.005s][info][gc,phases   ] GC(31) Concurrent Reset Relocation Set 0.005ms
[70.005s][info][gc,phases   ] GC(31) Concurrent Destroy Detached Pages 0.001ms
[70.007s][info][gc,phases   ] GC(31) Concurrent Select Relocation Set 1.574ms
[70.007s][info][gc,phases   ] GC(31) Concurrent Prepare Relocation Set 0.016ms
[70.010s][info][gc,phases   ] GC(31) Pause Relocate Start 2.923ms
[70.019s][info][gc,phases   ] GC(31) Concurrent Relocate 8.560ms
[70.019s][info][gc,load     ] GC(31) Load: 1.99/2.10/2.39
[70.019s][info][gc,mmu      ] GC(31) MMU: 2ms/0.0%, 5ms/0.0%, 10ms/8.5%, 20ms/54.3%, 50ms/81.7%, 100ms/90.9%
[70.019s][info][gc,marking  ] GC(31) Mark: 1 stripe(s), 2 proactive flush(es), 1 terminate flush(es), 0 completion(s), 0 continuation(s) 
[70.019s][info][gc,reloc    ] GC(31) Relocation: Successful, 13M relocated
[70.019s][info][gc,nmethod  ] GC(31) NMethods: 4138 registered, 6 unregistered
[70.019s][info][gc,metaspace] GC(31) Metaspace: 73M used, 77M capacity, 77M committed, 78M reserved
[70.019s][info][gc,ref      ] GC(31) Soft: 4910 encountered, 0 discovered, 0 enqueued
[70.019s][info][gc,ref      ] GC(31) Weak: 4806 encountered, 3870 discovered, 7 enqueued
[70.019s][info][gc,ref      ] GC(31) Final: 28 encountered, 0 discovered, 0 enqueued
[70.019s][info][gc,ref      ] GC(31) Phantom: 672 encountered, 668 discovered, 10 enqueued
[70.019s][info][gc,heap     ] GC(31)                Mark Start          Mark End        Relocate Start      Relocate End           High               Low         
[70.019s][info][gc,heap     ] GC(31)  Capacity:     2000M (100%)       2000M (100%)       2000M (100%)       2000M (100%)       2000M (100%)       2000M (100%)   
[70.019s][info][gc,heap     ] GC(31)   Reserve:       34M (2%)           34M (2%)           34M (2%)           34M (2%)           34M (2%)           34M (2%)     
[70.019s][info][gc,heap     ] GC(31)      Free:     1736M (87%)        1508M (75%)        1508M (75%)        1512M (76%)        1736M (87%)        1506M (75%)    
[70.019s][info][gc,heap     ] GC(31)      Used:      230M (12%)         458M (23%)         458M (23%)         454M (23%)         460M (23%)         230M (12%)    
[70.019s][info][gc,heap     ] GC(31)      Live:         -               191M (10%)         191M (10%)         191M (10%)            -                  -          
[70.019s][info][gc,heap     ] GC(31) Allocated:         -               228M (11%)         228M (11%)         230M (12%)            -                  -          
[70.019s][info][gc,heap     ] GC(31)   Garbage:         -                38M (2%)           38M (2%)           34M (2%)             -                  -          
[70.019s][info][gc,heap     ] GC(31) Reclaimed:         -                  -                 0M (0%)            4M (0%)             -                  -          
[70.019s][info][gc          ] GC(31) Garbage Collection (Allocation Rate) 230M(12%)->454M(23%)
[70.100s][info][gc,stats    ] === Garbage Collection Statistics =======================================================================================================================
[70.100s][info][gc,stats    ]                                                              Last 10s              Last 10m              Last 10h                Total
[70.100s][info][gc,stats    ]                                                              Avg / Max             Avg / Max             Avg / Max             Avg / Max
[70.100s][info][gc,stats    ]   Collector: Garbage Collection Cycle                   1231.224 / 1676.611    912.172 / 2745.518    912.172 / 2745.518    912.172 / 2745.518    ms
[70.100s][info][gc,stats    ]  Contention: Mark Segment Reset Contention                     0 / 0                 0 / 0                 0 / 0                 0 / 0           ops/s
[70.100s][info][gc,stats    ]  Contention: Mark SeqNum Reset Contention                      0 / 0                 0 / 0                 0 / 0                 0 / 0           ops/s
[70.100s][info][gc,stats    ]  Contention: Relocation Contention                             0 / 0                 0 / 2                 0 / 2                 0 / 2           ops/s
[70.100s][info][gc,stats    ]    Critical: Allocation Stall                              0.000 / 0.000        91.379 / 91.379       91.379 / 91.379       91.379 / 91.379      ms
[70.100s][info][gc,stats    ]    Critical: Allocation Stall                                  0 / 0                 0 / 1                 0 / 1                 0 / 1           ops/s
[70.100s][info][gc,stats    ]    Critical: GC Locker Stall                               0.000 / 0.000         0.013 / 0.013         0.013 / 0.013         0.013 / 0.013       ms
[70.100s][info][gc,stats    ]    Critical: GC Locker Stall                                   0 / 0                 0 / 1                 0 / 1                 0 / 1           ops/s
[70.100s][info][gc,stats    ]      Memory: Allocation Rate                                 240 / 522             259 / 1152            259 / 1152            259 / 1152        MB/s
[70.100s][info][gc,stats    ]      Memory: Heap Used After Mark                            958 / 1330            903 / 1966            903 / 1966            903 / 1966        MB
[70.100s][info][gc,stats    ]      Memory: Heap Used After Relocation                      544 / 1086            373 / 1086            373 / 1086            373 / 1086        MB
[70.100s][info][gc,stats    ]      Memory: Heap Used Before Mark                           724 / 1086            770 / 1860            770 / 1860            770 / 1860        MB
[70.101s][info][gc,stats    ]      Memory: Heap Used Before Relocation                     665 / 1080            538 / 1080            538 / 1080            538 / 1080        MB
[70.101s][info][gc,stats    ]      Memory: Out Of Memory                                     0 / 0                 0 / 0                 0 / 0                 0 / 0           ops/s
[70.101s][info][gc,stats    ]      Memory: Page Cache Flush                                  8 / 32                6 / 50                6 / 50                6 / 50          MB/s
[70.101s][info][gc,stats    ]      Memory: Page Cache Hit L1                               109 / 255             113 / 577             113 / 577             113 / 577         ops/s
[70.101s][info][gc,stats    ]      Memory: Page Cache Hit L2                                 0 / 0                 0 / 0                 0 / 0                 0 / 0           ops/s
[70.101s][info][gc,stats    ]      Memory: Page Cache Miss                                   0 / 3                13 / 303              13 / 303              13 / 303         ops/s
[70.101s][info][gc,stats    ]      Memory: Undo Object Allocation Failed                     0 / 0                 0 / 1                 0 / 1                 0 / 1           ops/s
[70.101s][info][gc,stats    ]      Memory: Undo Object Allocation Succeeded                  0 / 0                 0 / 1                 0 / 1                 0 / 1           ops/s
[70.101s][info][gc,stats    ]      Memory: Undo Page Allocation                              0 / 0                 0 / 0                 0 / 0                 0 / 0           ops/s
[70.101s][info][gc,stats    ]       Phase: Concurrent Destroy Detached Pages             0.002 / 0.005         0.002 / 0.013         0.002 / 0.013         0.002 / 0.013       ms
[70.101s][info][gc,stats    ]       Phase: Concurrent Mark                            1030.347 / 1326.025    758.684 / 2737.214    758.684 / 2737.214    758.684 / 2737.214    ms
[70.101s][info][gc,stats    ]       Phase: Concurrent Mark Continue                      0.000 / 0.000         0.000 / 0.000         0.000 / 0.000         0.000 / 0.000       ms
[70.101s][info][gc,stats    ]       Phase: Concurrent Prepare Relocation Set             6.120 / 16.382        6.851 / 51.007        6.851 / 51.007        6.851 / 51.007      ms
[70.101s][info][gc,stats    ]       Phase: Concurrent Process Non-Strong References      1.944 / 2.929         1.775 / 4.840         1.775 / 4.840         1.775 / 4.840       ms
[70.101s][info][gc,stats    ]       Phase: Concurrent Relocate                         173.957 / 355.934     128.615 / 439.061     128.615 / 439.061     128.615 / 439.061     ms
[70.101s][info][gc,stats    ]       Phase: Concurrent Reset Relocation Set               0.273 / 0.964         0.355 / 1.431         0.355 / 1.431         0.355 / 1.431       ms
[70.101s][info][gc,stats    ]       Phase: Concurrent Select Relocation Set              1.562 / 1.578         2.237 / 9.502         2.237 / 9.502         2.237 / 9.502       ms
[70.101s][info][gc,stats    ]       Phase: Pause Mark End                                0.383 / 0.653         0.269 / 0.653         0.269 / 0.653         0.269 / 0.653       ms
[70.101s][info][gc,stats    ]       Phase: Pause Mark Start                              3.689 / 4.370         2.995 / 9.147         2.995 / 9.147         2.995 / 9.147       ms
[70.101s][info][gc,stats    ]       Phase: Pause Relocate Start                          2.887 / 2.983         2.212 / 3.038         2.212 / 3.038         2.212 / 3.038       ms
[70.101s][info][gc,stats    ]    Subphase: Concurrent Mark                            1027.012 / 1325.608    757.503 / 2737.185    757.503 / 2737.185    757.503 / 2737.185    ms
[70.101s][info][gc,stats    ]    Subphase: Concurrent Mark Idle                          0.000 / 0.000         0.000 / 0.000         0.000 / 0.000         0.000 / 0.000       ms
[70.101s][info][gc,stats    ]    Subphase: Concurrent Mark Try Flush                     1.445 / 6.738         1.559 / 8.091         1.559 / 8.091         1.559 / 8.091       ms
[70.101s][info][gc,stats    ]    Subphase: Concurrent Mark Try Terminate                 0.552 / 1.942         0.512 / 3.913         0.512 / 3.913         0.512 / 3.913       ms
[70.101s][info][gc,stats    ]    Subphase: Concurrent References Enqueue                 0.003 / 0.004         0.002 / 0.005         0.002 / 0.005         0.002 / 0.005       ms
[70.101s][info][gc,stats    ]    Subphase: Concurrent References Process                 0.803 / 0.841         0.835 / 4.061         0.835 / 4.061         0.835 / 4.061       ms
[70.101s][info][gc,stats    ]    Subphase: Concurrent Weak Roots                         0.879 / 0.907         0.888 / 1.844         0.888 / 1.844         0.888 / 1.844       ms
[70.101s][info][gc,stats    ]    Subphase: Concurrent Weak Roots JNIWeakHandles          0.000 / 0.000         0.000 / 0.001         0.000 / 0.001         0.000 / 0.001       ms
[70.101s][info][gc,stats    ]    Subphase: Concurrent Weak Roots StringTable             0.640 / 0.655         0.678 / 1.616         0.678 / 1.616         0.678 / 1.616       ms
[70.101s][info][gc,stats    ]    Subphase: Concurrent Weak Roots VMWeakHandles           0.237 / 0.264         0.208 / 0.295         0.208 / 0.295         0.208 / 0.295       ms
[70.101s][info][gc,stats    ]    Subphase: Pause Mark Try Complete                       0.000 / 0.000         0.001 / 0.002         0.001 / 0.002         0.001 / 0.002       ms
[70.101s][info][gc,stats    ]    Subphase: Pause Remap TLABS                             0.001 / 0.002         0.001 / 0.002         0.001 / 0.002         0.001 / 0.002       ms
[70.101s][info][gc,stats    ]    Subphase: Pause Retire TLABS                            0.024 / 0.029         0.015 / 0.038         0.015 / 0.038         0.015 / 0.038       ms
[70.101s][info][gc,stats    ]    Subphase: Pause Roots                                   2.068 / 4.007         1.584 / 8.878         1.584 / 8.878         1.584 / 8.878       ms
[70.101s][info][gc,stats    ]    Subphase: Pause Roots ClassLoaderDataGraph              0.727 / 0.821         0.788 / 7.463         0.788 / 7.463         0.788 / 7.463       ms
[70.101s][info][gc,stats    ]    Subphase: Pause Roots CodeCache                         1.787 / 2.721         1.140 / 2.721         1.140 / 2.721         1.140 / 2.721       ms
[70.101s][info][gc,stats    ]    Subphase: Pause Roots JNIHandles                        0.001 / 0.001         0.001 / 0.004         0.001 / 0.004         0.001 / 0.004       ms
[70.101s][info][gc,stats    ]    Subphase: Pause Roots JNIWeakHandles                    0.000 / 0.000         0.000 / 0.000         0.000 / 0.000         0.000 / 0.000       ms
[70.101s][info][gc,stats    ]    Subphase: Pause Roots JRFWeak                           0.000 / 0.000         0.000 / 0.000         0.000 / 0.000         0.000 / 0.000       ms
[70.101s][info][gc,stats    ]    Subphase: Pause Roots JVMTIExport                       0.001 / 0.001         0.001 / 0.002         0.001 / 0.002         0.001 / 0.002       ms
[70.101s][info][gc,stats    ]    Subphase: Pause Roots JVMTIWeakExport                   0.001 / 0.001         0.001 / 0.001         0.001 / 0.001         0.001 / 0.001       ms
[70.101s][info][gc,stats    ]    Subphase: Pause Roots Management                        0.001 / 0.002         0.001 / 0.004         0.001 / 0.004         0.001 / 0.004       ms
[70.101s][info][gc,stats    ]    Subphase: Pause Roots ObjectSynchronizer                0.000 / 0.000         0.000 / 0.001         0.000 / 0.001         0.000 / 0.001       ms
[70.101s][info][gc,stats    ]    Subphase: Pause Roots Setup                             0.209 / 0.381         0.171 / 0.425         0.171 / 0.425         0.171 / 0.425       ms
[70.101s][info][gc,stats    ]    Subphase: Pause Roots StringTable                       0.000 / 0.000         0.000 / 0.000         0.000 / 0.000         0.000 / 0.000       ms
[70.101s][info][gc,stats    ]    Subphase: Pause Roots SystemDictionary                  0.014 / 0.019         0.014 / 0.034         0.014 / 0.034         0.014 / 0.034       ms
[70.101s][info][gc,stats    ]    Subphase: Pause Roots Teardown                          0.001 / 0.003         0.001 / 0.004         0.001 / 0.004         0.001 / 0.004       ms
[70.101s][info][gc,stats    ]    Subphase: Pause Roots Threads                           0.377 / 0.622         0.280 / 0.985         0.280 / 0.985         0.280 / 0.985       ms
[70.101s][info][gc,stats    ]    Subphase: Pause Roots Universe                          0.002 / 0.005         0.008 / 0.370         0.008 / 0.370         0.008 / 0.370       ms
[70.101s][info][gc,stats    ]    Subphase: Pause Roots VMWeakHandles                     0.000 / 0.000         0.000 / 0.000         0.000 / 0.000         0.000 / 0.000       ms
[70.101s][info][gc,stats    ]    Subphase: Pause Weak Roots                              0.002 / 0.002         0.002 / 0.010         0.002 / 0.010         0.002 / 0.010       ms
[70.101s][info][gc,stats    ]    Subphase: Pause Weak Roots JFRWeak                      0.001 / 0.001         0.001 / 0.001         0.001 / 0.001         0.001 / 0.001       ms
[70.101s][info][gc,stats    ]    Subphase: Pause Weak Roots JNIWeakHandles               0.000 / 0.000         0.000 / 0.000         0.000 / 0.000         0.000 / 0.000       ms
[70.101s][info][gc,stats    ]    Subphase: Pause Weak Roots JVMTIWeakExport              0.001 / 0.001         0.001 / 0.009         0.001 / 0.009         0.001 / 0.009       ms
[70.101s][info][gc,stats    ]    Subphase: Pause Weak Roots Setup                        0.000 / 0.000         0.000 / 0.000         0.000 / 0.000         0.000 / 0.000       ms
[70.101s][info][gc,stats    ]    Subphase: Pause Weak Roots StringTable                  0.000 / 0.000         0.000 / 0.000         0.000 / 0.000         0.000 / 0.000       ms
[70.101s][info][gc,stats    ]    Subphase: Pause Weak Roots SymbolTable                  0.000 / 0.000         0.000 / 0.000         0.000 / 0.000         0.000 / 0.000       ms
[70.101s][info][gc,stats    ]    Subphase: Pause Weak Roots Teardown                     0.001 / 0.001         0.001 / 0.001         0.001 / 0.001         0.001 / 0.001       ms
[70.101s][info][gc,stats    ]    Subphase: Pause Weak Roots VMWeakHandles                0.000 / 0.000         0.000 / 0.000         0.000 / 0.000         0.000 / 0.000       ms
[70.101s][info][gc,stats    ]      System: Java Threads                                     98 / 117              58 / 117              58 / 117              58 / 117         threads
[70.101s][info][gc,stats    ] =========================================================================================================================================================
[70.800s][info][gc,start    ] GC(32) Garbage Collection (Allocation Rate)
[70.809s][info][gc,phases   ] GC(32) Pause Mark Start 5.499ms
[71.802s][info][gc,heap     ] Page Cache Flushed: 18M requested, 20M(1044M->1024M) flushed
[71.865s][info][gc,phases   ] GC(32) Concurrent Mark 1055.839ms
[71.868s][info][gc,phases   ] GC(32) Pause Mark End 0.351ms
[71.870s][info][gc,phases   ] GC(32) Concurrent Process Non-Strong References 1.831ms
[71.870s][info][gc,phases   ] GC(32) Concurrent Reset Relocation Set 0.003ms
[71.870s][info][gc,phases   ] GC(32) Concurrent Destroy Detached Pages 0.004ms
[71.872s][info][gc,phases   ] GC(32) Concurrent Select Relocation Set 1.522ms
[71.879s][info][gc,phases   ] GC(32) Concurrent Prepare Relocation Set 7.688ms
[71.885s][info][gc,phases   ] GC(32) Pause Relocate Start 3.106ms
[72.127s][info][gc,phases   ] GC(32) Concurrent Relocate 237.470ms
[72.127s][info][gc,load     ] GC(32) Load: 1.99/2.10/2.39
[72.127s][info][gc,mmu      ] GC(32) MMU: 2ms/0.0%, 5ms/0.0%, 10ms/8.5%, 20ms/54.3%, 50ms/81.7%, 100ms/90.9%
[72.127s][info][gc,marking  ] GC(32) Mark: 1 stripe(s), 2 proactive flush(es), 1 terminate flush(es), 0 completion(s), 0 continuation(s) 
[72.127s][info][gc,reloc    ] GC(32) Relocation: Successful, 72M relocated
[72.127s][info][gc,nmethod  ] GC(32) NMethods: 4146 registered, 6 unregistered
[72.127s][info][gc,metaspace] GC(32) Metaspace: 73M used, 77M capacity, 77M committed, 78M reserved
[72.127s][info][gc,ref      ] GC(32) Soft: 4913 encountered, 0 discovered, 0 enqueued
[72.127s][info][gc,ref      ] GC(32) Weak: 4889 encountered, 3907 discovered, 18 enqueued
[72.127s][info][gc,ref      ] GC(32) Final: 28 encountered, 0 discovered, 0 enqueued
[72.127s][info][gc,ref      ] GC(32) Phantom: 662 encountered, 658 discovered, 0 enqueued
[72.127s][info][gc,heap     ] GC(32)                Mark Start          Mark End        Relocate Start      Relocate End           High               Low         
[72.127s][info][gc,heap     ] GC(32)  Capacity:     2000M (100%)       2000M (100%)       2000M (100%)       2000M (100%)       2000M (100%)       2000M (100%)   
[72.127s][info][gc,heap     ] GC(32)   Reserve:       34M (2%)           34M (2%)           34M (2%)           34M (2%)           34M (2%)           34M (2%)     
[72.127s][info][gc,heap     ] GC(32)      Free:     1230M (62%)         994M (50%)        1044M (52%)        1414M (71%)        1416M (71%)         994M (50%)    
[72.127s][info][gc,heap     ] GC(32)      Used:      736M (37%)         972M (49%)         922M (46%)         552M (28%)         972M (49%)         550M (28%)    
[72.127s][info][gc,heap     ] GC(32)      Live:         -               269M (13%)         269M (13%)         269M (13%)            -                  -          
[72.127s][info][gc,heap     ] GC(32) Allocated:         -               236M (12%)         236M (12%)         290M (14%)            -                  -          
[72.127s][info][gc,heap     ] GC(32)   Garbage:         -               466M (23%)         416M (21%)          40M (2%)             -                  -          
[72.127s][info][gc,heap     ] GC(32) Reclaimed:         -                  -                50M (2%)          426M (21%)            -                  -          
[72.127s][info][gc          ] GC(32) Garbage Collection (Allocation Rate) 736M(37%)->552M(28%)
[73.301s][info][gc,start    ] GC(33) Garbage Collection (Allocation Rate)
[73.307s][info][gc,phases   ] GC(33) Pause Mark Start 3.273ms
[73.887s][info][gc,heap     ] Page Cache Flushed: 10M requested, 12M(964M->952M) flushed
[74.127s][info][gc,phases   ] GC(33) Concurrent Mark 820.493ms
[74.130s][info][gc,phases   ] GC(33) Pause Mark End 0.356ms
[74.132s][info][gc,phases   ] GC(33) Concurrent Process Non-Strong References 1.726ms
[74.133s][info][gc,phases   ] GC(33) Concurrent Reset Relocation Set 0.752ms
[74.133s][info][gc,phases   ] GC(33) Concurrent Destroy Detached Pages 0.004ms
[74.134s][info][gc,phases   ] GC(33) Concurrent Select Relocation Set 1.587ms
[74.141s][info][gc,phases   ] GC(33) Concurrent Prepare Relocation Set 6.762ms
[74.150s][info][gc,phases   ] GC(33) Pause Relocate Start 5.290ms
[74.277s][info][gc,phases   ] GC(33) Concurrent Relocate 127.481ms
[74.277s][info][gc,load     ] GC(33) Load: 1.99/2.10/2.39
[74.277s][info][gc,mmu      ] GC(33) MMU: 2ms/0.0%, 5ms/0.0%, 10ms/8.5%, 20ms/54.3%, 50ms/81.7%, 100ms/90.9%
[74.277s][info][gc,marking  ] GC(33) Mark: 1 stripe(s), 2 proactive flush(es), 1 terminate flush(es), 0 completion(s), 0 continuation(s) 
[74.277s][info][gc,reloc    ] GC(33) Relocation: Successful, 58M relocated
[74.277s][info][gc,nmethod  ] GC(33) NMethods: 4177 registered, 6 unregistered
[74.277s][info][gc,metaspace] GC(33) Metaspace: 73M used, 77M capacity, 77M committed, 78M reserved
[74.277s][info][gc,ref      ] GC(33) Soft: 4914 encountered, 0 discovered, 0 enqueued
[74.277s][info][gc,ref      ] GC(33) Weak: 4837 encountered, 3836 discovered, 27 enqueued
[74.278s][info][gc,ref      ] GC(33) Final: 28 encountered, 0 discovered, 0 enqueued
[74.278s][info][gc,ref      ] GC(33) Phantom: 662 encountered, 658 discovered, 0 enqueued
[74.278s][info][gc,heap     ] GC(33)                Mark Start          Mark End        Relocate Start      Relocate End           High               Low         
[74.278s][info][gc,heap     ] GC(33)  Capacity:     2000M (100%)       2000M (100%)       2000M (100%)       2000M (100%)       2000M (100%)       2000M (100%)   
[74.278s][info][gc,heap     ] GC(33)   Reserve:       34M (2%)           34M (2%)           34M (2%)           34M (2%)           34M (2%)           34M (2%)     
[74.278s][info][gc,heap     ] GC(33)      Free:     1078M (54%)         876M (44%)        1322M (66%)        1446M (72%)        1448M (72%)         876M (44%)    
[74.278s][info][gc,heap     ] GC(33)      Used:      888M (44%)        1090M (55%)         644M (32%)         520M (26%)        1090M (55%)         518M (26%)    
[74.278s][info][gc,heap     ] GC(33)      Live:         -               245M (12%)         245M (12%)         245M (12%)            -                  -          
[74.278s][info][gc,heap     ] GC(33) Allocated:         -               202M (10%)         204M (10%)         292M (15%)            -                  -          
[74.278s][info][gc,heap     ] GC(33)   Garbage:         -               642M (32%)         194M (10%)          58M (3%)             -                  -          
[74.278s][info][gc,heap     ] GC(33) Reclaimed:         -                  -               448M (22%)         584M (29%)            -                  -          
[74.278s][info][gc          ] GC(33) Garbage Collection (Allocation Rate) 888M(44%)->520M(26%)
[74.801s][info][gc,start    ] GC(34) Garbage Collection (Allocation Rate)
[74.807s][info][gc,phases   ] GC(34) Pause Mark Start 3.410ms
[75.990s][info][gc,phases   ] GC(34) Concurrent Mark 1183.141ms
[75.993s][info][gc,phases   ] GC(34) Pause Mark End 0.346ms
[75.995s][info][gc,phases   ] GC(34) Concurrent Process Non-Strong References 1.699ms
[75.995s][info][gc,phases   ] GC(34) Concurrent Reset Relocation Set 0.023ms
[75.995s][info][gc,phases   ] GC(34) Concurrent Destroy Detached Pages 0.001ms
[75.997s][info][gc,phases   ] GC(34) Concurrent Select Relocation Set 1.835ms
[76.000s][info][gc,phases   ] GC(34) Concurrent Prepare Relocation Set 2.599ms
[76.003s][info][gc,phases   ] GC(34) Pause Relocate Start 2.902ms
[76.171s][info][gc,phases   ] GC(34) Concurrent Relocate 164.999ms
[76.171s][info][gc,load     ] GC(34) Load: 1.91/2.08/2.38
[76.171s][info][gc,mmu      ] GC(34) MMU: 2ms/0.0%, 5ms/0.0%, 10ms/8.5%, 20ms/54.3%, 50ms/81.7%, 100ms/90.9%
[76.171s][info][gc,marking  ] GC(34) Mark: 1 stripe(s), 2 proactive flush(es), 1 terminate flush(es), 0 completion(s), 0 continuation(s) 
[76.171s][info][gc,reloc    ] GC(34) Relocation: Successful, 55M relocated
[76.171s][info][gc,nmethod  ] GC(34) NMethods: 4177 registered, 6 unregistered
[76.171s][info][gc,metaspace] GC(34) Metaspace: 73M used, 77M capacity, 77M committed, 78M reserved
[76.171s][info][gc,ref      ] GC(34) Soft: 4914 encountered, 0 discovered, 0 enqueued
[76.171s][info][gc,ref      ] GC(34) Weak: 4810 encountered, 3808 discovered, 0 enqueued
[76.171s][info][gc,ref      ] GC(34) Final: 28 encountered, 0 discovered, 0 enqueued
[76.171s][info][gc,ref      ] GC(34) Phantom: 662 encountered, 658 discovered, 0 enqueued
[76.171s][info][gc,heap     ] GC(34)                Mark Start          Mark End        Relocate Start      Relocate End           High               Low         
[76.171s][info][gc,heap     ] GC(34)  Capacity:     2000M (100%)       2000M (100%)       2000M (100%)       2000M (100%)       2000M (100%)       2000M (100%)   
[76.171s][info][gc,heap     ] GC(34)   Reserve:       34M (2%)           34M (2%)           34M (2%)           34M (2%)           34M (2%)           34M (2%)     
[76.171s][info][gc,heap     ] GC(34)      Free:     1196M (60%)        1014M (51%)        1020M (51%)        1464M (73%)        1464M (73%)        1014M (51%)    
[76.171s][info][gc,heap     ] GC(34)      Used:      770M (38%)         952M (48%)         946M (47%)         502M (25%)         952M (48%)         502M (25%)    
[76.171s][info][gc,heap     ] GC(34)      Live:         -               277M (14%)         277M (14%)         277M (14%)            -                  -          
[76.171s][info][gc,heap     ] GC(34) Allocated:         -               182M (9%)          182M (9%)          208M (10%)            -                  -          
[76.171s][info][gc,heap     ] GC(34)   Garbage:         -               492M (25%)         486M (24%)          42M (2%)             -                  -          
[76.171s][info][gc,heap     ] GC(34) Reclaimed:         -                  -                 6M (0%)          450M (22%)            -                  -          
[76.171s][info][gc          ] GC(34) Garbage Collection (Allocation Rate) 770M(38%)->502M(25%)
[77.001s][info][gc,start    ] GC(35) Garbage Collection (Allocation Rate)
[77.006s][info][gc,phases   ] GC(35) Pause Mark Start 3.284ms
[77.973s][info][gc,phases   ] GC(35) Concurrent Mark 966.238ms
[77.976s][info][gc,phases   ] GC(35) Pause Mark End 0.379ms
[77.982s][info][gc,phases   ] GC(35) Concurrent Process Non-Strong References 5.852ms
[77.982s][info][gc,phases   ] GC(35) Concurrent Reset Relocation Set 0.455ms
[77.982s][info][gc,phases   ] GC(35) Concurrent Destroy Detached Pages 0.000ms
[77.984s][info][gc,phases   ] GC(35) Concurrent Select Relocation Set 1.544ms
[77.988s][info][gc,phases   ] GC(35) Concurrent Prepare Relocation Set 3.962ms
[77.994s][info][gc,phases   ] GC(35) Pause Relocate Start 3.019ms
[78.163s][info][gc,phases   ] GC(35) Concurrent Relocate 168.838ms
[78.163s][info][gc,load     ] GC(35) Load: 1.91/2.08/2.38
[78.163s][info][gc,mmu      ] GC(35) MMU: 2ms/0.0%, 5ms/0.0%, 10ms/8.5%, 20ms/54.3%, 50ms/81.7%, 100ms/90.9%
[78.163s][info][gc,marking  ] GC(35) Mark: 1 stripe(s), 2 proactive flush(es), 1 terminate flush(es), 0 completion(s), 0 continuation(s) 
[78.163s][info][gc,reloc    ] GC(35) Relocation: Successful, 64M relocated
[78.163s][info][gc,nmethod  ] GC(35) NMethods: 4217 registered, 6 unregistered
[78.163s][info][gc,metaspace] GC(35) Metaspace: 73M used, 77M capacity, 77M committed, 78M reserved
[78.163s][info][gc,ref      ] GC(35) Soft: 4914 encountered, 0 discovered, 0 enqueued
[78.163s][info][gc,ref      ] GC(35) Weak: 5007 encountered, 4007 discovered, 141 enqueued
[78.163s][info][gc,ref      ] GC(35) Final: 28 encountered, 0 discovered, 0 enqueued
[78.163s][info][gc,ref      ] GC(35) Phantom: 662 encountered, 658 discovered, 0 enqueued
[78.163s][info][gc,heap     ] GC(35)                Mark Start          Mark End        Relocate Start      Relocate End           High               Low         
[78.163s][info][gc,heap     ] GC(35)  Capacity:     2000M (100%)       2000M (100%)       2000M (100%)       2000M (100%)       2000M (100%)       2000M (100%)   
[78.163s][info][gc,heap     ] GC(35)   Reserve:       34M (2%)           34M (2%)           34M (2%)           34M (2%)           34M (2%)           34M (2%)     
[78.163s][info][gc,heap     ] GC(35)      Free:     1160M (58%)         954M (48%)        1240M (62%)        1420M (71%)        1424M (71%)         952M (48%)    
[78.163s][info][gc,heap     ] GC(35)      Used:      806M (40%)        1012M (51%)         726M (36%)         546M (27%)        1014M (51%)         542M (27%)    
[78.163s][info][gc,heap     ] GC(35)      Live:         -               257M (13%)         257M (13%)         257M (13%)            -                  -          
[78.163s][info][gc,heap     ] GC(35) Allocated:         -               206M (10%)         208M (10%)         278M (14%)            -                  -          
[78.163s][info][gc,heap     ] GC(35)   Garbage:         -               548M (27%)         260M (13%)          66M (3%)             -                  -          
[78.163s][info][gc,heap     ] GC(35) Reclaimed:         -                  -               288M (14%)         482M (24%)            -                  -          
[78.163s][info][gc          ] GC(35) Garbage Collection (Allocation Rate) 806M(40%)->546M(27%)
[78.800s][info][gc,start    ] GC(36) Garbage Collection (Allocation Rate)
[78.806s][info][gc,phases   ] GC(36) Pause Mark Start 3.312ms
[80.100s][info][gc,stats    ] === Garbage Collection Statistics =======================================================================================================================
[80.100s][info][gc,stats    ]                                                              Last 10s              Last 10m              Last 10h                Total
[80.100s][info][gc,stats    ]                                                              Avg / Max             Avg / Max             Avg / Max             Avg / Max
[80.100s][info][gc,stats    ]   Collector: Garbage Collection Cycle                   1209.068 / 1370.345    945.160 / 2745.518    945.160 / 2745.518    945.160 / 2745.518    ms
[80.100s][info][gc,stats    ]  Contention: Mark Segment Reset Contention                     0 / 0                 0 / 0                 0 / 0                 0 / 0           ops/s
[80.100s][info][gc,stats    ]  Contention: Mark SeqNum Reset Contention                      0 / 0                 0 / 0                 0 / 0                 0 / 0           ops/s
[80.100s][info][gc,stats    ]  Contention: Relocation Contention                             0 / 2                 0 / 2                 0 / 2                 0 / 2           ops/s
[80.100s][info][gc,stats    ]    Critical: Allocation Stall                              0.000 / 0.000        91.379 / 91.379       91.379 / 91.379       91.379 / 91.379      ms
[80.100s][info][gc,stats    ]    Critical: Allocation Stall                                  0 / 0                 0 / 1                 0 / 1                 0 / 1           ops/s
[80.100s][info][gc,stats    ]    Critical: GC Locker Stall                               0.000 / 0.000         0.013 / 0.013         0.013 / 0.013         0.013 / 0.013       ms
[80.100s][info][gc,stats    ]    Critical: GC Locker Stall                                   0 / 0                 0 / 1                 0 / 1                 0 / 1           ops/s
[80.100s][info][gc,stats    ]      Memory: Allocation Rate                                 237 / 346             257 / 1152            257 / 1152            257 / 1152        MB/s
[80.100s][info][gc,stats    ]      Memory: Heap Used After Mark                           1006 / 1090            914 / 1966            914 / 1966            914 / 1966        MB
[80.100s][info][gc,stats    ]      Memory: Heap Used After Relocation                      530 / 552             390 / 1086            390 / 1086            390 / 1086        MB
[80.100s][info][gc,stats    ]      Memory: Heap Used Before Mark                           800 / 888             774 / 1860            774 / 1860            774 / 1860        MB
[80.100s][info][gc,stats    ]      Memory: Heap Used Before Relocation                     809 / 946             568 / 1080            568 / 1080            568 / 1080        MB
[80.100s][info][gc,stats    ]      Memory: Out Of Memory                                     0 / 0                 0 / 0                 0 / 0                 0 / 0           ops/s
[80.100s][info][gc,stats    ]      Memory: Page Cache Flush                                  3 / 20                6 / 50                6 / 50                6 / 50          MB/s
[80.100s][info][gc,stats    ]      Memory: Page Cache Hit L1                               115 / 167             113 / 577             113 / 577             113 / 577         ops/s
[80.100s][info][gc,stats    ]      Memory: Page Cache Hit L2                                 0 / 0                 0 / 0                 0 / 0                 0 / 0           ops/s
[80.100s][info][gc,stats    ]      Memory: Page Cache Miss                                   0 / 1                12 / 303              12 / 303              12 / 303         ops/s
[80.100s][info][gc,stats    ]      Memory: Undo Object Allocation Failed                     0 / 0                 0 / 1                 0 / 1                 0 / 1           ops/s
[80.100s][info][gc,stats    ]      Memory: Undo Object Allocation Succeeded                  0 / 2                 0 / 2                 0 / 2                 0 / 2           ops/s
[80.100s][info][gc,stats    ]      Memory: Undo Page Allocation                              0 / 0                 0 / 0                 0 / 0                 0 / 0           ops/s
[80.100s][info][gc,stats    ]       Phase: Concurrent Destroy Detached Pages             0.002 / 0.004         0.002 / 0.013         0.002 / 0.013         0.002 / 0.013       ms
[80.100s][info][gc,stats    ]       Phase: Concurrent Mark                            1006.428 / 1183.141    786.211 / 2737.214    786.211 / 2737.214    786.211 / 2737.214    ms
[80.100s][info][gc,stats    ]       Phase: Concurrent Mark Continue                      0.000 / 0.000         0.000 / 0.000         0.000 / 0.000         0.000 / 0.000       ms
[80.100s][info][gc,stats    ]       Phase: Concurrent Prepare Relocation Set             5.253 / 7.688         6.674 / 51.007        6.674 / 51.007        6.674 / 51.007      ms
[80.100s][info][gc,stats    ]       Phase: Concurrent Process Non-Strong References      2.777 / 5.852         1.886 / 5.852         1.886 / 5.852         1.886 / 5.852       ms
[80.100s][info][gc,stats    ]       Phase: Concurrent Relocate                         174.697 / 237.470     133.735 / 439.061     133.735 / 439.061     133.735 / 439.061     ms
[80.101s][info][gc,stats    ]       Phase: Concurrent Reset Relocation Set               0.308 / 0.752         0.350 / 1.431         0.350 / 1.431         0.350 / 1.431       ms
[80.101s][info][gc,stats    ]       Phase: Concurrent Select Relocation Set              1.622 / 1.835         2.169 / 9.502         2.169 / 9.502         2.169 / 9.502       ms
[80.101s][info][gc,stats    ]       Phase: Pause Mark End                                0.358 / 0.379         0.279 / 0.653         0.279 / 0.653         0.279 / 0.653       ms
[80.101s][info][gc,stats    ]       Phase: Pause Mark Start                              3.755 / 5.499         3.098 / 9.147         3.098 / 9.147         3.098 / 9.147       ms
[80.101s][info][gc,stats    ]       Phase: Pause Relocate Start                          3.579 / 5.290         2.364 / 5.290         2.364 / 5.290         2.364 / 5.290       ms
[80.101s][info][gc,stats    ]    Subphase: Concurrent Mark                            1003.879 / 1176.497    784.878 / 2737.185    784.878 / 2737.185    784.878 / 2737.185    ms
[80.101s][info][gc,stats    ]    Subphase: Concurrent Mark Idle                          0.000 / 0.000         0.000 / 0.000         0.000 / 0.000         0.000 / 0.000       ms
[80.101s][info][gc,stats    ]    Subphase: Concurrent Mark Try Flush                     1.341 / 5.309         1.537 / 8.091         1.537 / 8.091         1.537 / 8.091       ms
[80.101s][info][gc,stats    ]    Subphase: Concurrent Mark Try Terminate                 0.482 / 1.014         0.508 / 3.913         0.508 / 3.913         0.508 / 3.913       ms
[80.101s][info][gc,stats    ]    Subphase: Concurrent References Enqueue                 0.003 / 0.005         0.002 / 0.005         0.002 / 0.005         0.002 / 0.005       ms
[80.101s][info][gc,stats    ]    Subphase: Concurrent References Process                 0.878 / 0.944         0.840 / 4.061         0.840 / 4.061         0.840 / 4.061       ms
[80.101s][info][gc,stats    ]    Subphase: Concurrent Weak Roots                         1.884 / 4.887         0.998 / 4.887         0.998 / 4.887         0.998 / 4.887       ms
[80.101s][info][gc,stats    ]    Subphase: Concurrent Weak Roots JNIWeakHandles          0.000 / 0.000         0.000 / 0.001         0.000 / 0.001         0.000 / 0.001       ms
[80.101s][info][gc,stats    ]    Subphase: Concurrent Weak Roots StringTable             1.641 / 4.663         0.785 / 4.663         0.785 / 4.663         0.785 / 4.663       ms
[80.101s][info][gc,stats    ]    Subphase: Concurrent Weak Roots VMWeakHandles           0.242 / 0.284         0.212 / 0.295         0.212 / 0.295         0.212 / 0.295       ms
[80.101s][info][gc,stats    ]    Subphase: Pause Mark Try Complete                       0.000 / 0.000         0.001 / 0.002         0.001 / 0.002         0.001 / 0.002       ms
[80.101s][info][gc,stats    ]    Subphase: Pause Remap TLABS                             0.003 / 0.004         0.001 / 0.004         0.001 / 0.004         0.001 / 0.004       ms
[80.101s][info][gc,stats    ]    Subphase: Pause Retire TLABS                            0.023 / 0.038         0.016 / 0.038         0.016 / 0.038         0.016 / 0.038       ms
[80.101s][info][gc,stats    ]    Subphase: Pause Roots                                   2.368 / 5.032         1.678 / 8.878         1.678 / 8.878         1.678 / 8.878       ms
[80.101s][info][gc,stats    ]    Subphase: Pause Roots ClassLoaderDataGraph              0.880 / 1.379         0.799 / 7.463         0.799 / 7.463         0.799 / 7.463       ms
[80.101s][info][gc,stats    ]    Subphase: Pause Roots CodeCache                         1.866 / 2.792         1.229 / 2.792         1.229 / 2.792         1.229 / 2.792       ms
[80.101s][info][gc,stats    ]    Subphase: Pause Roots JNIHandles                        0.001 / 0.002         0.001 / 0.004         0.001 / 0.004         0.001 / 0.004       ms
[80.101s][info][gc,stats    ]    Subphase: Pause Roots JNIWeakHandles                    0.000 / 0.000         0.000 / 0.000         0.000 / 0.000         0.000 / 0.000       ms
[80.101s][info][gc,stats    ]    Subphase: Pause Roots JRFWeak                           0.000 / 0.000         0.000 / 0.000         0.000 / 0.000         0.000 / 0.000       ms
[80.101s][info][gc,stats    ]    Subphase: Pause Roots JVMTIExport                       0.001 / 0.001         0.001 / 0.002         0.001 / 0.002         0.001 / 0.002       ms
[80.101s][info][gc,stats    ]    Subphase: Pause Roots JVMTIWeakExport                   0.001 / 0.002         0.001 / 0.002         0.001 / 0.002         0.001 / 0.002       ms
[80.101s][info][gc,stats    ]    Subphase: Pause Roots Management                        0.002 / 0.003         0.001 / 0.004         0.001 / 0.004         0.001 / 0.004       ms
[80.101s][info][gc,stats    ]    Subphase: Pause Roots ObjectSynchronizer                0.000 / 0.001         0.000 / 0.001         0.000 / 0.001         0.000 / 0.001       ms
[80.101s][info][gc,stats    ]    Subphase: Pause Roots Setup                             0.238 / 0.527         0.179 / 0.527         0.179 / 0.527         0.179 / 0.527       ms
[80.101s][info][gc,stats    ]    Subphase: Pause Roots StringTable                       0.000 / 0.000         0.000 / 0.000         0.000 / 0.000         0.000 / 0.000       ms
[80.101s][info][gc,stats    ]    Subphase: Pause Roots SystemDictionary                  0.016 / 0.028         0.014 / 0.034         0.014 / 0.034         0.014 / 0.034       ms
[80.101s][info][gc,stats    ]    Subphase: Pause Roots Teardown                          0.001 / 0.003         0.001 / 0.004         0.001 / 0.004         0.001 / 0.004       ms
[80.101s][info][gc,stats    ]    Subphase: Pause Roots Threads                           0.448 / 0.894         0.300 / 0.985         0.300 / 0.985         0.300 / 0.985       ms
[80.101s][info][gc,stats    ]    Subphase: Pause Roots Universe                          0.003 / 0.004         0.007 / 0.370         0.007 / 0.370         0.007 / 0.370       ms
[80.101s][info][gc,stats    ]    Subphase: Pause Roots VMWeakHandles                     0.000 / 0.000         0.000 / 0.000         0.000 / 0.000         0.000 / 0.000       ms
[80.101s][info][gc,stats    ]    Subphase: Pause Weak Roots                              0.002 / 0.002         0.002 / 0.010         0.002 / 0.010         0.002 / 0.010       ms
[80.101s][info][gc,stats    ]    Subphase: Pause Weak Roots JFRWeak                      0.001 / 0.001         0.001 / 0.001         0.001 / 0.001         0.001 / 0.001       ms
[80.101s][info][gc,stats    ]    Subphase: Pause Weak Roots JNIWeakHandles               0.000 / 0.000         0.000 / 0.000         0.000 / 0.000         0.000 / 0.000       ms
[80.101s][info][gc,stats    ]    Subphase: Pause Weak Roots JVMTIWeakExport              0.001 / 0.001         0.001 / 0.009         0.001 / 0.009         0.001 / 0.009       ms
[80.101s][info][gc,stats    ]    Subphase: Pause Weak Roots Setup                        0.000 / 0.000         0.000 / 0.000         0.000 / 0.000         0.000 / 0.000       ms
[80.101s][info][gc,stats    ]    Subphase: Pause Weak Roots StringTable                  0.000 / 0.000         0.000 / 0.000         0.000 / 0.000         0.000 / 0.000       ms
[80.101s][info][gc,stats    ]    Subphase: Pause Weak Roots SymbolTable                  0.000 / 0.000         0.000 / 0.000         0.000 / 0.000         0.000 / 0.000       ms
[80.101s][info][gc,stats    ]    Subphase: Pause Weak Roots Teardown                     0.001 / 0.001         0.001 / 0.001         0.001 / 0.001         0.001 / 0.001       ms
[80.101s][info][gc,stats    ]    Subphase: Pause Weak Roots VMWeakHandles                0.000 / 0.000         0.000 / 0.000         0.000 / 0.000         0.000 / 0.000       ms
[80.101s][info][gc,stats    ]      System: Java Threads                                    117 / 117              65 / 117              65 / 117              65 / 117         threads
[80.101s][info][gc,stats    ] =========================================================================================================================================================
[80.153s][info][gc,phases   ] GC(36) Concurrent Mark 1346.272ms
[80.156s][info][gc,phases   ] GC(36) Pause Mark End 0.336ms
[80.157s][info][gc,phases   ] GC(36) Concurrent Process Non-Strong References 1.665ms
[80.158s][info][gc,phases   ] GC(36) Concurrent Reset Relocation Set 0.487ms
[80.158s][info][gc,phases   ] GC(36) Concurrent Destroy Detached Pages 0.000ms
[80.159s][info][gc,phases   ] GC(36) Concurrent Select Relocation Set 1.531ms
[80.167s][info][gc,phases   ] GC(36) Concurrent Prepare Relocation Set 7.123ms
[80.172s][info][gc,phases   ] GC(36) Pause Relocate Start 2.724ms
[80.335s][info][gc,phases   ] GC(36) Concurrent Relocate 162.908ms
[80.335s][info][gc,load     ] GC(36) Load: 1.92/2.08/2.38
[80.335s][info][gc,mmu      ] GC(36) MMU: 2ms/0.0%, 5ms/0.0%, 10ms/8.5%, 20ms/54.3%, 50ms/81.7%, 100ms/90.9%
[80.335s][info][gc,marking  ] GC(36) Mark: 1 stripe(s), 2 proactive flush(es), 1 terminate flush(es), 0 completion(s), 0 continuation(s) 
[80.335s][info][gc,reloc    ] GC(36) Relocation: Successful, 54M relocated
[80.335s][info][gc,nmethod  ] GC(36) NMethods: 4228 registered, 6 unregistered
[80.335s][info][gc,metaspace] GC(36) Metaspace: 73M used, 77M capacity, 77M committed, 78M reserved
[80.335s][info][gc,ref      ] GC(36) Soft: 4914 encountered, 0 discovered, 0 enqueued
[80.335s][info][gc,ref      ] GC(36) Weak: 4866 encountered, 3864 discovered, 0 enqueued
[80.335s][info][gc,ref      ] GC(36) Final: 28 encountered, 0 discovered, 0 enqueued
[80.335s][info][gc,ref      ] GC(36) Phantom: 662 encountered, 658 discovered, 0 enqueued
[80.335s][info][gc,heap     ] GC(36)                Mark Start          Mark End        Relocate Start      Relocate End           High               Low         
[80.335s][info][gc,heap     ] GC(36)  Capacity:     2000M (100%)       2000M (100%)       2000M (100%)       2000M (100%)       2000M (100%)       2000M (100%)   
[80.335s][info][gc,heap     ] GC(36)   Reserve:       34M (2%)           34M (2%)           34M (2%)           34M (2%)           34M (2%)           34M (2%)     
[80.335s][info][gc,heap     ] GC(36)      Free:     1166M (58%)        1100M (55%)        1116M (56%)        1562M (78%)        1562M (78%)        1100M (55%)    
[80.335s][info][gc,heap     ] GC(36)      Used:      800M (40%)         866M (43%)         850M (42%)         404M (20%)         866M (43%)         404M (20%)    
[80.335s][info][gc,heap     ] GC(36)      Live:         -               288M (14%)         288M (14%)         288M (14%)            -                  -          
[80.335s][info][gc,heap     ] GC(36) Allocated:         -                66M (3%)           66M (3%)           98M (5%)             -                  -          
[80.335s][info][gc,heap     ] GC(36)   Garbage:         -               511M (26%)         495M (25%)          49M (2%)             -                  -          
[80.335s][info][gc,heap     ] GC(36) Reclaimed:         -                  -                16M (1%)          462M (23%)            -                  -          
[80.335s][info][gc          ] GC(36) Garbage Collection (Allocation Rate) 800M(40%)->404M(20%)
[80.901s][info][gc,start    ] GC(37) Garbage Collection (Allocation Rate)
[80.907s][info][gc,phases   ] GC(37) Pause Mark Start 3.364ms
[81.767s][info][gc,phases   ] GC(37) Concurrent Mark 860.486ms
[81.770s][info][gc,phases   ] GC(37) Pause Mark End 0.358ms
[81.772s][info][gc,phases   ] GC(37) Concurrent Process Non-Strong References 1.632ms
[81.773s][info][gc,phases   ] GC(37) Concurrent Reset Relocation Set 0.067ms
[81.773s][info][gc,phases   ] GC(37) Concurrent Destroy Detached Pages 0.001ms
[81.775s][info][gc,phases   ] GC(37) Concurrent Select Relocation Set 1.818ms
[81.777s][info][gc,phases   ] GC(37) Concurrent Prepare Relocation Set 1.254ms
[81.785s][info][gc,phases   ] GC(37) Pause Relocate Start 4.799ms
[81.918s][info][gc,phases   ] GC(37) Concurrent Relocate 128.683ms
[81.918s][info][gc,load     ] GC(37) Load: 1.92/2.08/2.38
[81.918s][info][gc,mmu      ] GC(37) MMU: 2ms/0.0%, 5ms/0.0%, 10ms/8.5%, 20ms/54.3%, 50ms/81.7%, 100ms/90.9%
[81.918s][info][gc,marking  ] GC(37) Mark: 1 stripe(s), 2 proactive flush(es), 1 terminate flush(es), 0 completion(s), 0 continuation(s) 
[81.918s][info][gc,reloc    ] GC(37) Relocation: Successful, 54M relocated
[81.919s][info][gc,nmethod  ] GC(37) NMethods: 4276 registered, 6 unregistered
[81.919s][info][gc,metaspace] GC(37) Metaspace: 73M used, 77M capacity, 77M committed, 78M reserved
[81.919s][info][gc,ref      ] GC(37) Soft: 4917 encountered, 0 discovered, 0 enqueued
[81.919s][info][gc,ref      ] GC(37) Weak: 5084 encountered, 4052 discovered, 86 enqueued
[81.919s][info][gc,ref      ] GC(37) Final: 28 encountered, 0 discovered, 0 enqueued
[81.919s][info][gc,ref      ] GC(37) Phantom: 662 encountered, 658 discovered, 0 enqueued
[81.919s][info][gc,heap     ] GC(37)                Mark Start          Mark End        Relocate Start      Relocate End           High               Low         
[81.919s][info][gc,heap     ] GC(37)  Capacity:     2000M (100%)       2000M (100%)       2000M (100%)       2000M (100%)       2000M (100%)       2000M (100%)   
[81.919s][info][gc,heap     ] GC(37)   Reserve:       34M (2%)           34M (2%)           34M (2%)           34M (2%)           34M (2%)           34M (2%)     
[81.919s][info][gc,heap     ] GC(37)      Free:     1316M (66%)        1086M (54%)        1264M (63%)        1458M (73%)        1460M (73%)        1086M (54%)    
[81.919s][info][gc,heap     ] GC(37)      Used:      650M (32%)         880M (44%)         702M (35%)         508M (25%)         880M (44%)         506M (25%)    
[81.919s][info][gc,heap     ] GC(37)      Live:         -               241M (12%)         241M (12%)         241M (12%)            -                  -          
[81.919s][info][gc,heap     ] GC(37) Allocated:         -               230M (12%)         230M (12%)         284M (14%)            -                  -          
[81.919s][info][gc,heap     ] GC(37)   Garbage:         -               408M (20%)         230M (12%)          18M (1%)             -                  -          
[81.919s][info][gc,heap     ] GC(37) Reclaimed:         -                  -               178M (9%)          390M (20%)            -                  -          
[81.919s][info][gc          ] GC(37) Garbage Collection (Allocation Rate) 650M(32%)->508M(25%)
[82.500s][info][gc,start    ] GC(38) Garbage Collection (Allocation Rate)
[82.506s][info][gc,phases   ] GC(38) Pause Mark Start 3.426ms
[83.750s][info][gc,phases   ] GC(38) Concurrent Mark 1243.581ms
[83.753s][info][gc,phases   ] GC(38) Pause Mark End 0.366ms
[83.755s][info][gc,phases   ] GC(38) Concurrent Process Non-Strong References 1.713ms
[83.755s][info][gc,phases   ] GC(38) Concurrent Reset Relocation Set 0.024ms
[83.755s][info][gc,phases   ] GC(38) Concurrent Destroy Detached Pages 0.000ms
[83.756s][info][gc,phases   ] GC(38) Concurrent Select Relocation Set 1.550ms
[83.763s][info][gc,phases   ] GC(38) Concurrent Prepare Relocation Set 6.620ms
[83.768s][info][gc,phases   ] GC(38) Pause Relocate Start 2.791ms
[83.951s][info][gc,phases   ] GC(38) Concurrent Relocate 182.518ms
[83.951s][info][gc,load     ] GC(38) Load: 1.92/2.08/2.38
[83.951s][info][gc,mmu      ] GC(38) MMU: 2ms/0.0%, 5ms/0.0%, 10ms/8.5%, 20ms/54.3%, 50ms/81.7%, 100ms/90.9%
[83.951s][info][gc,marking  ] GC(38) Mark: 1 stripe(s), 2 proactive flush(es), 1 terminate flush(es), 0 completion(s), 0 continuation(s) 
[83.951s][info][gc,reloc    ] GC(38) Relocation: Successful, 54M relocated
[83.951s][info][gc,nmethod  ] GC(38) NMethods: 4282 registered, 6 unregistered
[83.951s][info][gc,metaspace] GC(38) Metaspace: 73M used, 77M capacity, 77M committed, 78M reserved
[83.951s][info][gc,ref      ] GC(38) Soft: 4917 encountered, 0 discovered, 0 enqueued
[83.951s][info][gc,ref      ] GC(38) Weak: 5008 encountered, 3955 discovered, 78 enqueued
[83.951s][info][gc,ref      ] GC(38) Final: 28 encountered, 0 discovered, 0 enqueued
[83.951s][info][gc,ref      ] GC(38) Phantom: 662 encountered, 658 discovered, 0 enqueued
[83.951s][info][gc,heap     ] GC(38)                Mark Start          Mark End        Relocate Start      Relocate End           High               Low         
[83.951s][info][gc,heap     ] GC(38)  Capacity:     2000M (100%)       2000M (100%)       2000M (100%)       2000M (100%)       2000M (100%)       2000M (100%)   
[83.951s][info][gc,heap     ] GC(38)   Reserve:       34M (2%)           34M (2%)           34M (2%)           34M (2%)           34M (2%)           34M (2%)     
[83.951s][info][gc,heap     ] GC(38)      Free:     1206M (60%)        1056M (53%)        1062M (53%)        1498M (75%)        1498M (75%)        1056M (53%)    
[83.951s][info][gc,heap     ] GC(38)      Used:      760M (38%)         910M (46%)         904M (45%)         468M (23%)         910M (46%)         468M (23%)    
[83.951s][info][gc,heap     ] GC(38)      Live:         -               276M (14%)         276M (14%)         276M (14%)            -                  -          
[83.951s][info][gc,heap     ] GC(38) Allocated:         -               150M (8%)          150M (8%)          178M (9%)             -                  -          
[83.951s][info][gc,heap     ] GC(38)   Garbage:         -               483M (24%)         477M (24%)          41M (2%)             -                  -          
[83.951s][info][gc,heap     ] GC(38) Reclaimed:         -                  -                 6M (0%)          442M (22%)            -                  -          
[83.951s][info][gc          ] GC(38) Garbage Collection (Allocation Rate) 760M(38%)->468M(23%)
[84.701s][info][gc,start    ] GC(39) Garbage Collection (Allocation Rate)
[84.707s][info][gc,phases   ] GC(39) Pause Mark Start 3.334ms
[85.298s][info][gc,heap     ] Page Cache Flushed: 10M requested, 12M(1086M->1074M) flushed
[85.505s][info][gc,phases   ] GC(39) Concurrent Mark 798.031ms
[85.508s][info][gc,phases   ] GC(39) Pause Mark End 0.394ms
[85.509s][info][gc,phases   ] GC(39) Concurrent Process Non-Strong References 1.601ms
[85.510s][info][gc,phases   ] GC(39) Concurrent Reset Relocation Set 0.584ms
[85.510s][info][gc,phases   ] GC(39) Concurrent Destroy Detached Pages 0.004ms
[85.512s][info][gc,phases   ] GC(39) Concurrent Select Relocation Set 1.618ms
[85.518s][info][gc,phases   ] GC(39) Concurrent Prepare Relocation Set 6.392ms
[85.524s][info][gc,phases   ] GC(39) Pause Relocate Start 3.114ms
[85.661s][info][gc,phases   ] GC(39) Concurrent Relocate 137.031ms
[85.661s][info][gc,load     ] GC(39) Load: 2.00/2.10/2.39
[85.661s][info][gc,mmu      ] GC(39) MMU: 2ms/0.0%, 5ms/0.0%, 10ms/8.5%, 20ms/54.3%, 50ms/81.7%, 100ms/90.9%
[85.661s][info][gc,marking  ] GC(39) Mark: 1 stripe(s), 2 proactive flush(es), 1 terminate flush(es), 0 completion(s), 0 continuation(s) 
[85.661s][info][gc,reloc    ] GC(39) Relocation: Successful, 56M relocated
[85.661s][info][gc,nmethod  ] GC(39) NMethods: 4303 registered, 6 unregistered
[85.661s][info][gc,metaspace] GC(39) Metaspace: 73M used, 77M capacity, 77M committed, 78M reserved
[85.661s][info][gc,ref      ] GC(39) Soft: 4918 encountered, 0 discovered, 0 enqueued
[85.661s][info][gc,ref      ] GC(39) Weak: 4899 encountered, 3846 discovered, 29 enqueued
[85.661s][info][gc,ref      ] GC(39) Final: 28 encountered, 0 discovered, 0 enqueued
[85.661s][info][gc,ref      ] GC(39) Phantom: 662 encountered, 658 discovered, 0 enqueued
[85.661s][info][gc,heap     ] GC(39)                Mark Start          Mark End        Relocate Start      Relocate End           High               Low         
[85.661s][info][gc,heap     ] GC(39)  Capacity:     2000M (100%)       2000M (100%)       2000M (100%)       2000M (100%)       2000M (100%)       2000M (100%)   
[85.661s][info][gc,heap     ] GC(39)   Reserve:       34M (2%)           34M (2%)           34M (2%)           34M (2%)           34M (2%)           34M (2%)     
[85.661s][info][gc,heap     ] GC(39)      Free:     1234M (62%)        1010M (50%)        1240M (62%)        1460M (73%)        1464M (73%)        1010M (50%)    
[85.661s][info][gc,heap     ] GC(39)      Used:      732M (37%)         956M (48%)         726M (36%)         506M (25%)         956M (48%)         502M (25%)    
[85.661s][info][gc,heap     ] GC(39)      Live:         -               243M (12%)         243M (12%)         243M (12%)            -                  -          
[85.661s][info][gc,heap     ] GC(39) Allocated:         -               224M (11%)         226M (11%)         282M (14%)            -                  -          
[85.661s][info][gc,heap     ] GC(39)   Garbage:         -               488M (24%)         256M (13%)          22M (1%)             -                  -          
[85.661s][info][gc,heap     ] GC(39) Reclaimed:         -                  -               232M (12%)         466M (23%)            -                  -          
[85.661s][info][gc          ] GC(39) Garbage Collection (Allocation Rate) 732M(37%)->506M(25%)
[86.100s][info][gc,start    ] GC(40) Garbage Collection (Allocation Rate)
[86.106s][info][gc,phases   ] GC(40) Pause Mark Start 3.380ms
[87.389s][info][gc,phases   ] GC(40) Concurrent Mark 1282.623ms
[87.392s][info][gc,phases   ] GC(40) Pause Mark End 0.365ms
[87.393s][info][gc,phases   ] GC(40) Concurrent Process Non-Strong References 1.649ms
[87.394s][info][gc,phases   ] GC(40) Concurrent Reset Relocation Set 0.027ms
[87.394s][info][gc,phases   ] GC(40) Concurrent Destroy Detached Pages 0.001ms
[87.395s][info][gc,phases   ] GC(40) Concurrent Select Relocation Set 1.537ms
[87.401s][info][gc,phases   ] GC(40) Concurrent Prepare Relocation Set 6.036ms
[87.407s][info][gc,phases   ] GC(40) Pause Relocate Start 2.840ms
[87.582s][info][gc,phases   ] GC(40) Concurrent Relocate 175.648ms
[87.582s][info][gc,load     ] GC(40) Load: 2.00/2.10/2.39
[87.582s][info][gc,mmu      ] GC(40) MMU: 2ms/0.0%, 5ms/0.0%, 10ms/8.5%, 20ms/54.3%, 50ms/81.7%, 100ms/90.9%
[87.582s][info][gc,marking  ] GC(40) Mark: 1 stripe(s), 2 proactive flush(es), 1 terminate flush(es), 0 completion(s), 0 continuation(s) 
[87.582s][info][gc,reloc    ] GC(40) Relocation: Successful, 52M relocated
[87.582s][info][gc,nmethod  ] GC(40) NMethods: 4303 registered, 6 unregistered
[87.582s][info][gc,metaspace] GC(40) Metaspace: 73M used, 77M capacity, 77M committed, 78M reserved
[87.582s][info][gc,ref      ] GC(40) Soft: 4918 encountered, 0 discovered, 0 enqueued
[87.583s][info][gc,ref      ] GC(40) Weak: 4861 encountered, 3807 discovered, 0 enqueued
[87.583s][info][gc,ref      ] GC(40) Final: 28 encountered, 0 discovered, 0 enqueued
[87.583s][info][gc,ref      ] GC(40) Phantom: 662 encountered, 658 discovered, 0 enqueued
[87.583s][info][gc,heap     ] GC(40)                Mark Start          Mark End        Relocate Start      Relocate End           High               Low         
[87.583s][info][gc,heap     ] GC(40)  Capacity:     2000M (100%)       2000M (100%)       2000M (100%)       2000M (100%)       2000M (100%)       2000M (100%)   
[87.583s][info][gc,heap     ] GC(40)   Reserve:       34M (2%)           34M (2%)           34M (2%)           34M (2%)           34M (2%)           34M (2%)     
[87.583s][info][gc,heap     ] GC(40)      Free:     1254M (63%)        1074M (54%)        1080M (54%)        1470M (74%)        1470M (74%)        1074M (54%)    
[87.583s][info][gc,heap     ] GC(40)      Used:      712M (36%)         892M (45%)         886M (44%)         496M (25%)         892M (45%)         496M (25%)    
[87.583s][info][gc,heap     ] GC(40)      Live:         -               275M (14%)         275M (14%)         275M (14%)            -                  -          
[87.583s][info][gc,heap     ] GC(40) Allocated:         -               180M (9%)          180M (9%)          208M (10%)            -                  -          
[87.583s][info][gc,heap     ] GC(40)   Garbage:         -               436M (22%)         430M (22%)          40M (2%)             -                  -          
[87.583s][info][gc,heap     ] GC(40) Reclaimed:         -                  -                 6M (0%)          396M (20%)            -                  -          
[87.583s][info][gc          ] GC(40) Garbage Collection (Allocation Rate) 712M(36%)->496M(25%)
[88.500s][info][gc,start    ] GC(41) Garbage Collection (Allocation Rate)
[88.506s][info][gc,phases   ] GC(41) Pause Mark Start 3.376ms
[89.355s][info][gc,phases   ] GC(41) Concurrent Mark 848.786ms
[89.358s][info][gc,phases   ] GC(41) Pause Mark End 0.348ms
[89.360s][info][gc,phases   ] GC(41) Concurrent Process Non-Strong References 1.636ms
[89.360s][info][gc,phases   ] GC(41) Concurrent Reset Relocation Set 0.490ms
[89.360s][info][gc,phases   ] GC(41) Concurrent Destroy Detached Pages 0.000ms
[89.362s][info][gc,phases   ] GC(41) Concurrent Select Relocation Set 1.607ms
[89.365s][info][gc,phases   ] GC(41) Concurrent Prepare Relocation Set 3.179ms
[89.368s][info][gc,phases   ] GC(41) Pause Relocate Start 3.060ms
[89.515s][info][gc,phases   ] GC(41) Concurrent Relocate 140.930ms
[89.515s][info][gc,load     ] GC(41) Load: 2.00/2.10/2.39
[89.515s][info][gc,mmu      ] GC(41) MMU: 2ms/0.0%, 5ms/0.0%, 10ms/8.5%, 20ms/54.3%, 50ms/81.7%, 100ms/90.9%
[89.515s][info][gc,marking  ] GC(41) Mark: 1 stripe(s), 2 proactive flush(es), 1 terminate flush(es), 0 completion(s), 0 continuation(s) 
[89.515s][info][gc,reloc    ] GC(41) Relocation: Successful, 58M relocated
[89.515s][info][gc,nmethod  ] GC(41) NMethods: 4325 registered, 6 unregistered
[89.515s][info][gc,metaspace] GC(41) Metaspace: 73M used, 77M capacity, 77M committed, 78M reserved
[89.515s][info][gc,ref      ] GC(41) Soft: 4918 encountered, 0 discovered, 0 enqueued
[89.515s][info][gc,ref      ] GC(41) Weak: 5071 encountered, 4018 discovered, 104 enqueued
[89.515s][info][gc,ref      ] GC(41) Final: 28 encountered, 0 discovered, 0 enqueued
[89.515s][info][gc,ref      ] GC(41) Phantom: 662 encountered, 658 discovered, 0 enqueued
[89.515s][info][gc,heap     ] GC(41)                Mark Start          Mark End        Relocate Start      Relocate End           High               Low         
[89.515s][info][gc,heap     ] GC(41)  Capacity:     2000M (100%)       2000M (100%)       2000M (100%)       2000M (100%)       2000M (100%)       2000M (100%)   
[89.515s][info][gc,heap     ] GC(41)   Reserve:       34M (2%)           34M (2%)           34M (2%)           34M (2%)           34M (2%)           34M (2%)     
[89.515s][info][gc,heap     ] GC(41)      Free:     1188M (59%)         988M (49%)        1262M (63%)        1452M (73%)        1454M (73%)         988M (49%)    
[89.515s][info][gc,heap     ] GC(41)      Used:      778M (39%)         978M (49%)         704M (35%)         514M (26%)         978M (49%)         512M (26%)    
[89.515s][info][gc,heap     ] GC(41)      Live:         -               246M (12%)         246M (12%)         246M (12%)            -                  -          
[89.515s][info][gc,heap     ] GC(41) Allocated:         -               200M (10%)         200M (10%)         296M (15%)            -                  -          
[89.515s][info][gc,heap     ] GC(41)   Garbage:         -               531M (27%)         257M (13%)          57M (3%)             -                  -          
[89.515s][info][gc,heap     ] GC(41) Reclaimed:         -                  -               274M (14%)         474M (24%)            -                  -          
[89.515s][info][gc          ] GC(41) Garbage Collection (Allocation Rate) 778M(39%)->514M(26%)
[90.000s][info][gc,start    ] GC(42) Garbage Collection (Allocation Rate)
[90.009s][info][gc,phases   ] GC(42) Pause Mark Start 6.258ms
[90.101s][info][gc,stats    ] === Garbage Collection Statistics =======================================================================================================================
[90.101s][info][gc,stats    ]                                                              Last 10s              Last 10m              Last 10h                Total
[90.101s][info][gc,stats    ]                                                              Avg / Max             Avg / Max             Avg / Max             Avg / Max
[90.101s][info][gc,stats    ]   Collector: Garbage Collection Cycle                   1243.487 / 1534.572    987.778 / 2745.518    987.778 / 2745.518    987.778 / 2745.518    ms
[90.101s][info][gc,stats    ]  Contention: Mark Segment Reset Contention                     0 / 0                 0 / 0                 0 / 0                 0 / 0           ops/s
[90.101s][info][gc,stats    ]  Contention: Mark SeqNum Reset Contention                      0 / 0                 0 / 0                 0 / 0                 0 / 0           ops/s
[90.101s][info][gc,stats    ]  Contention: Relocation Contention                             0 / 2                 0 / 2                 0 / 2                 0 / 2           ops/s
[90.101s][info][gc,stats    ]    Critical: Allocation Stall                              0.000 / 0.000        91.379 / 91.379       91.379 / 91.379       91.379 / 91.379      ms
[90.101s][info][gc,stats    ]    Critical: Allocation Stall                                  0 / 0                 0 / 1                 0 / 1                 0 / 1           ops/s
[90.101s][info][gc,stats    ]    Critical: GC Locker Stall                               0.000 / 0.000         0.013 / 0.013         0.013 / 0.013         0.013 / 0.013       ms
[90.101s][info][gc,stats    ]    Critical: GC Locker Stall                                   0 / 0                 0 / 1                 0 / 1                 0 / 1           ops/s
[90.101s][info][gc,stats    ]      Memory: Allocation Rate                                 259 / 396             257 / 1152            257 / 1152            257 / 1152        MB/s
[90.101s][info][gc,stats    ]      Memory: Heap Used After Mark                            913 / 978             914 / 1966            914 / 1966            914 / 1966        MB
[90.101s][info][gc,stats    ]      Memory: Heap Used After Relocation                      482 / 514             403 / 1086            403 / 1086            403 / 1086        MB
[90.101s][info][gc,stats    ]      Memory: Heap Used Before Mark                           728 / 778             767 / 1860            767 / 1860            767 / 1860        MB
[90.101s][info][gc,stats    ]      Memory: Heap Used Before Relocation                     795 / 904             600 / 1080            600 / 1080            600 / 1080        MB
[90.101s][info][gc,stats    ]      Memory: Out Of Memory                                     0 / 0                 0 / 0                 0 / 0                 0 / 0           ops/s
[90.101s][info][gc,stats    ]      Memory: Page Cache Flush                                  1 / 12                5 / 50                5 / 50                5 / 50          MB/s
[90.101s][info][gc,stats    ]      Memory: Page Cache Hit L1                               123 / 182             114 / 577             114 / 577             114 / 577         ops/s
[90.101s][info][gc,stats    ]      Memory: Page Cache Hit L2                                 0 / 0                 0 / 0                 0 / 0                 0 / 0           ops/s
[90.101s][info][gc,stats    ]      Memory: Page Cache Miss                                   0 / 1                10 / 303              10 / 303              10 / 303         ops/s
[90.101s][info][gc,stats    ]      Memory: Undo Object Allocation Failed                     0 / 0                 0 / 1                 0 / 1                 0 / 1           ops/s
[90.101s][info][gc,stats    ]      Memory: Undo Object Allocation Succeeded                  0 / 2                 0 / 2                 0 / 2                 0 / 2           ops/s
[90.101s][info][gc,stats    ]      Memory: Undo Page Allocation                              0 / 0                 0 / 0                 0 / 0                 0 / 0           ops/s
[90.101s][info][gc,stats    ]       Phase: Concurrent Destroy Detached Pages             0.001 / 0.004         0.002 / 0.013         0.002 / 0.013         0.002 / 0.013       ms
[90.101s][info][gc,stats    ]       Phase: Concurrent Mark                            1063.296 / 1346.272    825.795 / 2737.214    825.795 / 2737.214    825.795 / 2737.214    ms
[90.101s][info][gc,stats    ]       Phase: Concurrent Mark Continue                      0.000 / 0.000         0.000 / 0.000         0.000 / 0.000         0.000 / 0.000       ms
[90.101s][info][gc,stats    ]       Phase: Concurrent Prepare Relocation Set             5.101 / 7.123         6.449 / 51.007        6.449 / 51.007        6.449 / 51.007      ms
[90.101s][info][gc,stats    ]       Phase: Concurrent Process Non-Strong References      1.649 / 1.713         1.852 / 5.852         1.852 / 5.852         1.852 / 5.852       ms
[90.101s][info][gc,stats    ]       Phase: Concurrent Relocate                         154.620 / 182.518     136.719 / 439.061     136.719 / 439.061     136.719 / 439.061     ms
[90.101s][info][gc,stats    ]       Phase: Concurrent Reset Relocation Set               0.280 / 0.584         0.340 / 1.431         0.340 / 1.431         0.340 / 1.431       ms
[90.101s][info][gc,stats    ]       Phase: Concurrent Select Relocation Set              1.610 / 1.818         2.089 / 9.502         2.089 / 9.502         2.089 / 9.502       ms
[90.101s][info][gc,stats    ]       Phase: Pause Mark End                                0.361 / 0.394         0.291 / 0.653         0.291 / 0.653         0.291 / 0.653       ms
[90.101s][info][gc,stats    ]       Phase: Pause Mark Start                              3.857 / 6.258         3.204 / 9.147         3.204 / 9.147         3.204 / 9.147       ms
[90.101s][info][gc,stats    ]       Phase: Pause Relocate Start                          3.221 / 4.799         2.487 / 5.290         2.487 / 5.290         2.487 / 5.290       ms
[90.101s][info][gc,stats    ]    Subphase: Concurrent Mark                            1062.082 / 1346.238    824.479 / 2737.185    824.479 / 2737.185    824.479 / 2737.185    ms
[90.101s][info][gc,stats    ]    Subphase: Concurrent Mark Idle                          0.000 / 0.000         0.000 / 0.000         0.000 / 0.000         0.000 / 0.000       ms
[90.101s][info][gc,stats    ]    Subphase: Concurrent Mark Try Flush                     1.143 / 4.702         1.486 / 8.091         1.486 / 8.091         1.486 / 8.091       ms
[90.101s][info][gc,stats    ]    Subphase: Concurrent Mark Try Terminate                 0.492 / 0.998         0.506 / 3.913         0.506 / 3.913         0.506 / 3.913       ms
[90.101s][info][gc,stats    ]    Subphase: Concurrent References Enqueue                 0.002 / 0.003         0.002 / 0.005         0.002 / 0.005         0.002 / 0.005       ms
[90.101s][info][gc,stats    ]    Subphase: Concurrent References Process                 0.815 / 0.846         0.836 / 4.061         0.836 / 4.061         0.836 / 4.061       ms
[90.101s][info][gc,stats    ]    Subphase: Concurrent Weak Roots                         0.820 / 0.865         0.973 / 4.887         0.973 / 4.887         0.973 / 4.887       ms
[90.101s][info][gc,stats    ]    Subphase: Concurrent Weak Roots JNIWeakHandles          0.000 / 0.000         0.000 / 0.001         0.000 / 0.001         0.000 / 0.001       ms
[90.101s][info][gc,stats    ]    Subphase: Concurrent Weak Roots StringTable             0.604 / 0.630         0.759 / 4.663         0.759 / 4.663         0.759 / 4.663       ms
[90.101s][info][gc,stats    ]    Subphase: Concurrent Weak Roots VMWeakHandles           0.215 / 0.233         0.212 / 0.295         0.212 / 0.295         0.212 / 0.295       ms
[90.101s][info][gc,stats    ]    Subphase: Pause Mark Try Complete                       0.000 / 0.000         0.001 / 0.002         0.001 / 0.002         0.001 / 0.002       ms
[90.101s][info][gc,stats    ]    Subphase: Pause Remap TLABS                             0.002 / 0.004         0.001 / 0.004         0.001 / 0.004         0.001 / 0.004       ms
[90.101s][info][gc,stats    ]    Subphase: Pause Retire TLABS                            0.025 / 0.048         0.017 / 0.048         0.017 / 0.048         0.017 / 0.048       ms
[90.101s][info][gc,stats    ]    Subphase: Pause Roots                                   2.208 / 5.713         1.753 / 8.878         1.753 / 8.878         1.753 / 8.878       ms
[90.101s][info][gc,stats    ]    Subphase: Pause Roots ClassLoaderDataGraph              0.832 / 1.702         0.804 / 7.463         0.804 / 7.463         0.804 / 7.463       ms
[90.101s][info][gc,stats    ]    Subphase: Pause Roots CodeCache                         1.840 / 3.027         1.316 / 3.027         1.316 / 3.027         1.316 / 3.027       ms
[90.101s][info][gc,stats    ]    Subphase: Pause Roots JNIHandles                        0.001 / 0.002         0.001 / 0.004         0.001 / 0.004         0.001 / 0.004       ms
[90.101s][info][gc,stats    ]    Subphase: Pause Roots JNIWeakHandles                    0.000 / 0.000         0.000 / 0.000         0.000 / 0.000         0.000 / 0.000       ms
[90.101s][info][gc,stats    ]    Subphase: Pause Roots JRFWeak                           0.000 / 0.000         0.000 / 0.000         0.000 / 0.000         0.000 / 0.000       ms
[90.101s][info][gc,stats    ]    Subphase: Pause Roots JVMTIExport                       0.001 / 0.001         0.001 / 0.002         0.001 / 0.002         0.001 / 0.002       ms
[90.101s][info][gc,stats    ]    Subphase: Pause Roots JVMTIWeakExport                   0.001 / 0.002         0.001 / 0.002         0.001 / 0.002         0.001 / 0.002       ms
[90.101s][info][gc,stats    ]    Subphase: Pause Roots Management                        0.001 / 0.002         0.001 / 0.004         0.001 / 0.004         0.001 / 0.004       ms
[90.101s][info][gc,stats    ]    Subphase: Pause Roots ObjectSynchronizer                0.000 / 0.001         0.000 / 0.001         0.000 / 0.001         0.000 / 0.001       ms
[90.101s][info][gc,stats    ]    Subphase: Pause Roots Setup                             0.219 / 0.440         0.184 / 0.527         0.184 / 0.527         0.184 / 0.527       ms
[90.101s][info][gc,stats    ]    Subphase: Pause Roots StringTable                       0.000 / 0.000         0.000 / 0.000         0.000 / 0.000         0.000 / 0.000       ms
[90.101s][info][gc,stats    ]    Subphase: Pause Roots SystemDictionary                  0.014 / 0.025         0.014 / 0.034         0.014 / 0.034         0.014 / 0.034       ms
[90.101s][info][gc,stats    ]    Subphase: Pause Roots Teardown                          0.001 / 0.003         0.001 / 0.004         0.001 / 0.004         0.001 / 0.004       ms
[90.101s][info][gc,stats    ]    Subphase: Pause Roots Threads                           0.410 / 0.942         0.316 / 0.985         0.316 / 0.985         0.316 / 0.985       ms
[90.101s][info][gc,stats    ]    Subphase: Pause Roots Universe                          0.002 / 0.005         0.007 / 0.370         0.007 / 0.370         0.007 / 0.370       ms
[90.101s][info][gc,stats    ]    Subphase: Pause Roots VMWeakHandles                     0.000 / 0.000         0.000 / 0.000         0.000 / 0.000         0.000 / 0.000       ms
[90.101s][info][gc,stats    ]    Subphase: Pause Weak Roots                              0.002 / 0.003         0.002 / 0.010         0.002 / 0.010         0.002 / 0.010       ms
[90.101s][info][gc,stats    ]    Subphase: Pause Weak Roots JFRWeak                      0.001 / 0.001         0.001 / 0.001         0.001 / 0.001         0.001 / 0.001       ms
[90.101s][info][gc,stats    ]    Subphase: Pause Weak Roots JNIWeakHandles               0.000 / 0.000         0.000 / 0.000         0.000 / 0.000         0.000 / 0.000       ms
[90.101s][info][gc,stats    ]    Subphase: Pause Weak Roots JVMTIWeakExport              0.001 / 0.001         0.001 / 0.009         0.001 / 0.009         0.001 / 0.009       ms
[90.101s][info][gc,stats    ]    Subphase: Pause Weak Roots Setup                        0.000 / 0.000         0.000 / 0.000         0.000 / 0.000         0.000 / 0.000       ms
[90.101s][info][gc,stats    ]    Subphase: Pause Weak Roots StringTable                  0.000 / 0.000         0.000 / 0.000         0.000 / 0.000         0.000 / 0.000       ms
[90.101s][info][gc,stats    ]    Subphase: Pause Weak Roots SymbolTable                  0.000 / 0.000         0.000 / 0.000         0.000 / 0.000         0.000 / 0.000       ms
[90.101s][info][gc,stats    ]    Subphase: Pause Weak Roots Teardown                     0.001 / 0.001         0.001 / 0.001         0.001 / 0.001         0.001 / 0.001       ms
[90.101s][info][gc,stats    ]    Subphase: Pause Weak Roots VMWeakHandles                0.000 / 0.000         0.000 / 0.000         0.000 / 0.000         0.000 / 0.000       ms
[90.101s][info][gc,stats    ]      System: Java Threads                                    117 / 121              72 / 121              72 / 121              72 / 121         threads
[90.101s][info][gc,stats    ] =========================================================================================================================================================
[91.233s][info][gc,phases   ] GC(42) Concurrent Mark 1223.716ms
[91.236s][info][gc,phases   ] GC(42) Pause Mark End 0.354ms
[91.238s][info][gc,phases   ] GC(42) Concurrent Process Non-Strong References 1.810ms
[91.238s][info][gc,phases   ] GC(42) Concurrent Reset Relocation Set 0.030ms
[91.238s][info][gc,phases   ] GC(42) Concurrent Destroy Detached Pages 0.001ms
[91.240s][info][gc,phases   ] GC(42) Concurrent Select Relocation Set 1.525ms
[91.247s][info][gc,phases   ] GC(42) Concurrent Prepare Relocation Set 7.534ms
[91.253s][info][gc,phases   ] GC(42) Pause Relocate Start 2.908ms
[91.439s][info][gc,phases   ] GC(42) Concurrent Relocate 186.652ms
[91.440s][info][gc,load     ] GC(42) Load: 2.00/2.10/2.38
[91.440s][info][gc,mmu      ] GC(42) MMU: 2ms/0.0%, 5ms/0.0%, 10ms/8.5%, 20ms/54.3%, 50ms/81.7%, 100ms/90.9%
[91.440s][info][gc,marking  ] GC(42) Mark: 1 stripe(s), 2 proactive flush(es), 1 terminate flush(es), 0 completion(s), 0 continuation(s) 
[91.440s][info][gc,reloc    ] GC(42) Relocation: Successful, 49M relocated
[91.440s][info][gc,nmethod  ] GC(42) NMethods: 4327 registered, 6 unregistered
[91.440s][info][gc,metaspace] GC(42) Metaspace: 73M used, 77M capacity, 77M committed, 78M reserved
[91.440s][info][gc,ref      ] GC(42) Soft: 4918 encountered, 0 discovered, 0 enqueued
[91.440s][info][gc,ref      ] GC(42) Weak: 4967 encountered, 3914 discovered, 0 enqueued
[91.440s][info][gc,ref      ] GC(42) Final: 28 encountered, 0 discovered, 0 enqueued
[91.440s][info][gc,ref      ] GC(42) Phantom: 662 encountered, 658 discovered, 0 enqueued
[91.440s][info][gc,heap     ] GC(42)                Mark Start          Mark End        Relocate Start      Relocate End           High               Low         
[91.440s][info][gc,heap     ] GC(42)  Capacity:     2000M (100%)       2000M (100%)       2000M (100%)       2000M (100%)       2000M (100%)       2000M (100%)   
[91.440s][info][gc,heap     ] GC(42)   Reserve:       34M (2%)           34M (2%)           34M (2%)           34M (2%)           34M (2%)           34M (2%)     
[91.440s][info][gc,heap     ] GC(42)      Free:     1230M (62%)        1090M (55%)        1096M (55%)        1510M (76%)        1510M (76%)        1090M (55%)    
[91.440s][info][gc,heap     ] GC(42)      Used:      736M (37%)         876M (44%)         870M (44%)         456M (23%)         876M (44%)         456M (23%)    
[91.440s][info][gc,heap     ] GC(42)      Live:         -               277M (14%)         277M (14%)         277M (14%)            -                  -          
[91.440s][info][gc,heap     ] GC(42) Allocated:         -               140M (7%)          140M (7%)          170M (8%)             -                  -          
[91.440s][info][gc,heap     ] GC(42)   Garbage:         -               458M (23%)         452M (23%)          38M (2%)             -                  -          
[91.440s][info][gc,heap     ] GC(42) Reclaimed:         -                  -                 6M (0%)          420M (21%)            -                  -          
[91.440s][info][gc          ] GC(42) Garbage Collection (Allocation Rate) 736M(37%)->456M(23%)
[92.400s][info][gc,start    ] GC(43) Garbage Collection (Allocation Rate)
[92.407s][info][gc,phases   ] GC(43) Pause Mark Start 3.950ms
[93.264s][info][gc,heap     ] Page Cache Flushed: 10M requested, 14M(1118M->1104M) flushed
[93.319s][info][gc,phases   ] GC(43) Concurrent Mark 909.731ms
[93.322s][info][gc,phases   ] GC(43) Pause Mark End 0.385ms
[93.324s][info][gc,phases   ] GC(43) Concurrent Process Non-Strong References 1.662ms
[93.325s][info][gc,phases   ] GC(43) Concurrent Reset Relocation Set 0.520ms
[93.325s][info][gc,phases   ] GC(43) Concurrent Destroy Detached Pages 0.004ms
[93.326s][info][gc,phases   ] GC(43) Concurrent Select Relocation Set 1.680ms
[93.327s][info][gc,phases   ] GC(43) Concurrent Prepare Relocation Set 0.695ms
[93.331s][info][gc,phases   ] GC(43) Pause Relocate Start 3.319ms
[93.398s][info][gc,phases   ] GC(43) Concurrent Relocate 64.112ms
[93.398s][info][gc,load     ] GC(43) Load: 2.00/2.10/2.38
[93.398s][info][gc,mmu      ] GC(43) MMU: 2ms/0.0%, 5ms/0.0%, 10ms/8.5%, 20ms/54.3%, 50ms/81.7%, 100ms/90.9%
[93.398s][info][gc,marking  ] GC(43) Mark: 1 stripe(s), 2 proactive flush(es), 1 terminate flush(es), 0 completion(s), 0 continuation(s) 
[93.398s][info][gc,reloc    ] GC(43) Relocation: Successful, 21M relocated
[93.398s][info][gc,nmethod  ] GC(43) NMethods: 4444 registered, 6 unregistered
[93.398s][info][gc,metaspace] GC(43) Metaspace: 73M used, 77M capacity, 77M committed, 78M reserved
[93.398s][info][gc,ref      ] GC(43) Soft: 4917 encountered, 0 discovered, 0 enqueued
[93.398s][info][gc,ref      ] GC(43) Weak: 5074 encountered, 4079 discovered, 2 enqueued
[93.398s][info][gc,ref      ] GC(43) Final: 28 encountered, 0 discovered, 0 enqueued
[93.398s][info][gc,ref      ] GC(43) Phantom: 663 encountered, 659 discovered, 0 enqueued
[93.398s][info][gc,heap     ] GC(43)                Mark Start          Mark End        Relocate Start      Relocate End           High               Low         
[93.398s][info][gc,heap     ] GC(43)  Capacity:     2000M (100%)       2000M (100%)       2000M (100%)       2000M (100%)       2000M (100%)       2000M (100%)   
[93.398s][info][gc,heap     ] GC(43)   Reserve:       34M (2%)           34M (2%)           34M (2%)           34M (2%)           34M (2%)           34M (2%)     
[93.398s][info][gc,heap     ] GC(43)      Free:     1252M (63%)        1078M (54%)        1504M (75%)        1544M (77%)        1544M (77%)        1078M (54%)    
[93.398s][info][gc,heap     ] GC(43)      Used:      714M (36%)         888M (44%)         462M (23%)         422M (21%)         888M (44%)         422M (21%)    
[93.398s][info][gc,heap     ] GC(43)      Live:         -               204M (10%)         204M (10%)         204M (10%)            -                  -          
[93.398s][info][gc,heap     ] GC(43) Allocated:         -               174M (9%)          174M (9%)          192M (10%)            -                  -          
[93.398s][info][gc,heap     ] GC(43)   Garbage:         -               509M (25%)          83M (4%)           37M (2%)             -                  -          
[93.398s][info][gc,heap     ] GC(43) Reclaimed:         -                  -               426M (21%)         472M (24%)            -                  -          
[93.398s][info][gc          ] GC(43) Garbage Collection (Allocation Rate) 714M(36%)->422M(21%)
[94.600s][info][gc,start    ] GC(44) Garbage Collection (Allocation Rate)
[94.607s][info][gc,phases   ] GC(44) Pause Mark Start 3.675ms
[95.376s][info][gc,phases   ] GC(44) Concurrent Mark 769.142ms
[95.379s][info][gc,phases   ] GC(44) Pause Mark End 0.360ms
[95.381s][info][gc,phases   ] GC(44) Concurrent Process Non-Strong References 1.601ms
[95.381s][info][gc,phases   ] GC(44) Concurrent Reset Relocation Set 0.009ms
[95.381s][info][gc,phases   ] GC(44) Concurrent Destroy Detached Pages 0.000ms
[95.387s][info][gc,phases   ] GC(44) Concurrent Select Relocation Set 5.808ms
[95.388s][info][gc,phases   ] GC(44) Concurrent Prepare Relocation Set 0.952ms
[95.393s][info][gc,phases   ] GC(44) Pause Relocate Start 3.315ms
[95.485s][info][gc,phases   ] GC(44) Concurrent Relocate 87.250ms
[95.485s][info][gc,load     ] GC(44) Load: 1.92/2.08/2.38
[95.485s][info][gc,mmu      ] GC(44) MMU: 2ms/0.0%, 5ms/0.0%, 10ms/8.5%, 20ms/54.3%, 50ms/81.7%, 100ms/90.9%
[95.485s][info][gc,marking  ] GC(44) Mark: 1 stripe(s), 2 proactive flush(es), 1 terminate flush(es), 0 completion(s), 0 continuation(s) 
[95.485s][info][gc,reloc    ] GC(44) Relocation: Successful, 23M relocated
[95.485s][info][gc,nmethod  ] GC(44) NMethods: 4542 registered, 6 unregistered
[95.485s][info][gc,metaspace] GC(44) Metaspace: 73M used, 77M capacity, 77M committed, 78M reserved
[95.485s][info][gc,ref      ] GC(44) Soft: 4922 encountered, 0 discovered, 0 enqueued
[95.485s][info][gc,ref      ] GC(44) Weak: 5249 encountered, 4238 discovered, 212 enqueued
[95.485s][info][gc,ref      ] GC(44) Final: 28 encountered, 0 discovered, 0 enqueued
[95.485s][info][gc,ref      ] GC(44) Phantom: 665 encountered, 470 discovered, 0 enqueued
[95.485s][info][gc,heap     ] GC(44)                Mark Start          Mark End        Relocate Start      Relocate End           High               Low         
[95.485s][info][gc,heap     ] GC(44)  Capacity:     2000M (100%)       2000M (100%)       2000M (100%)       2000M (100%)       2000M (100%)       2000M (100%)   
[95.485s][info][gc,heap     ] GC(44)   Reserve:       34M (2%)           34M (2%)           34M (2%)           34M (2%)           34M (2%)           34M (2%)     
[95.485s][info][gc,heap     ] GC(44)      Free:     1140M (57%)         970M (48%)        1452M (73%)        1530M (76%)        1530M (76%)         970M (48%)    
[95.485s][info][gc,heap     ] GC(44)      Used:      826M (41%)         996M (50%)         514M (26%)         436M (22%)         996M (50%)         436M (22%)    
[95.485s][info][gc,heap     ] GC(44)      Live:         -               211M (11%)         211M (11%)         211M (11%)            -                  -          
[95.485s][info][gc,heap     ] GC(44) Allocated:         -               170M (8%)          172M (9%)          204M (10%)            -                  -          
[95.485s][info][gc,heap     ] GC(44)   Garbage:         -               614M (31%)         130M (7%)           36M (2%)             -                  -          
[95.485s][info][gc,heap     ] GC(44) Reclaimed:         -                  -               484M (24%)         578M (29%)            -                  -          
[95.485s][info][gc          ] GC(44) Garbage Collection (Allocation Rate) 826M(41%)->436M(22%)
[96.400s][info][gc,start    ] GC(45) Garbage Collection (Allocation Rate)
[96.407s][info][gc,phases   ] GC(45) Pause Mark Start 3.514ms
[97.238s][info][gc,phases   ] GC(45) Concurrent Mark 831.032ms
[97.241s][info][gc,phases   ] GC(45) Pause Mark End 0.370ms
[97.242s][info][gc,phases   ] GC(45) Concurrent Process Non-Strong References 1.732ms
[97.244s][info][gc,phases   ] GC(45) Concurrent Reset Relocation Set 0.018ms
[97.244s][info][gc,phases   ] GC(45) Concurrent Destroy Detached Pages 0.000ms
[97.245s][info][gc,phases   ] GC(45) Concurrent Select Relocation Set 1.531ms
[97.249s][info][gc,phases   ] GC(45) Concurrent Prepare Relocation Set 3.523ms
[97.255s][info][gc,phases   ] GC(45) Pause Relocate Start 3.028ms
[97.515s][info][gc,phases   ] GC(45) Concurrent Relocate 256.285ms
[97.516s][info][gc,load     ] GC(45) Load: 1.92/2.08/2.38
[97.516s][info][gc,mmu      ] GC(45) MMU: 2ms/0.0%, 5ms/0.0%, 10ms/8.5%, 20ms/54.3%, 50ms/81.7%, 100ms/90.9%
[97.516s][info][gc,marking  ] GC(45) Mark: 1 stripe(s), 2 proactive flush(es), 1 terminate flush(es), 0 completion(s), 0 continuation(s) 
[97.516s][info][gc,reloc    ] GC(45) Relocation: Successful, 34M relocated
[97.516s][info][gc,nmethod  ] GC(45) NMethods: 4562 registered, 6 unregistered
[97.516s][info][gc,metaspace] GC(45) Metaspace: 73M used, 77M capacity, 78M committed, 80M reserved
[97.516s][info][gc,ref      ] GC(45) Soft: 4921 encountered, 0 discovered, 0 enqueued
[97.516s][info][gc,ref      ] GC(45) Weak: 5109 encountered, 4054 discovered, 156 enqueued
[97.516s][info][gc,ref      ] GC(45) Final: 28 encountered, 0 discovered, 0 enqueued
[97.516s][info][gc,ref      ] GC(45) Phantom: 663 encountered, 659 discovered, 0 enqueued
[97.516s][info][gc,heap     ] GC(45)                Mark Start          Mark End        Relocate Start      Relocate End           High               Low         
[97.516s][info][gc,heap     ] GC(45)  Capacity:     2000M (100%)       2000M (100%)       2000M (100%)       2000M (100%)       2000M (100%)       2000M (100%)   
[97.516s][info][gc,heap     ] GC(45)   Reserve:       34M (2%)           34M (2%)           34M (2%)           34M (2%)           34M (2%)           34M (2%)     
[97.516s][info][gc,heap     ] GC(45)      Free:     1088M (54%)         980M (49%)        1386M (69%)        1598M (80%)        1598M (80%)         978M (49%)    
[97.516s][info][gc,heap     ] GC(45)      Used:      878M (44%)         986M (49%)         580M (29%)         368M (18%)         988M (49%)         368M (18%)    
[97.516s][info][gc,heap     ] GC(45)      Live:         -               218M (11%)         218M (11%)         218M (11%)            -                  -          
[97.516s][info][gc,heap     ] GC(45) Allocated:         -               108M (5%)          110M (6%)          138M (7%)             -                  -          
[97.516s][info][gc,heap     ] GC(45)   Garbage:         -               659M (33%)         251M (13%)          39M (2%)             -                  -          
[97.516s][info][gc,heap     ] GC(45) Reclaimed:         -                  -               408M (20%)         620M (31%)            -                  -          
[97.516s][info][gc          ] GC(45) Garbage Collection (Allocation Rate) 878M(44%)->368M(18%)
[97.874s][info][gc,heap     ] Page Cache Flushed: 6M requested, 18M(1370M->1352M) flushed
[97.900s][info][gc,start    ] GC(46) Garbage Collection (Allocation Rate)
[97.911s][info][gc,phases   ] GC(46) Pause Mark Start 6.033ms
[97.966s][info][gc,heap     ] Page Cache Flushed: 32M requested, 40M(1294M->1254M) flushed
[98.174s][info][gc,heap     ] Page Cache Flushed: 6M requested, 6M(1164M->1158M) flushed
[98.872s][info][gc,phases   ] GC(46) Concurrent Mark 960.767ms
[98.876s][info][gc,phases   ] GC(46) Pause Mark End 0.470ms
[98.877s][info][gc,phases   ] GC(46) Concurrent Process Non-Strong References 1.740ms
[98.878s][info][gc,phases   ] GC(46) Concurrent Reset Relocation Set 0.358ms
[98.878s][info][gc,phases   ] GC(46) Concurrent Destroy Detached Pages 0.007ms
[98.879s][info][gc,phases   ] GC(46) Concurrent Select Relocation Set 1.548ms
[98.886s][info][gc,phases   ] GC(46) Concurrent Prepare Relocation Set 6.373ms
[98.893s][info][gc,phases   ] GC(46) Pause Relocate Start 3.985ms
[99.039s][info][gc,phases   ] GC(46) Concurrent Relocate 146.112ms
[99.039s][info][gc,load     ] GC(46) Load: 1.92/2.08/2.38
[99.039s][info][gc,mmu      ] GC(46) MMU: 2ms/0.0%, 5ms/0.0%, 10ms/8.5%, 20ms/54.3%, 50ms/81.7%, 100ms/90.9%
[99.039s][info][gc,marking  ] GC(46) Mark: 1 stripe(s), 2 proactive flush(es), 1 terminate flush(es), 0 completion(s), 0 continuation(s) 
[99.039s][info][gc,reloc    ] GC(46) Relocation: Successful, 34M relocated
[99.039s][info][gc,nmethod  ] GC(46) NMethods: 4614 registered, 6 unregistered
[99.039s][info][gc,metaspace] GC(46) Metaspace: 73M used, 77M capacity, 78M committed, 80M reserved
[99.039s][info][gc,ref      ] GC(46) Soft: 4921 encountered, 0 discovered, 0 enqueued
[99.039s][info][gc,ref      ] GC(46) Weak: 4959 encountered, 3911 discovered, 8 enqueued
[99.039s][info][gc,ref      ] GC(46) Final: 28 encountered, 0 discovered, 0 enqueued
[99.039s][info][gc,ref      ] GC(46) Phantom: 663 encountered, 659 discovered, 0 enqueued
[99.039s][info][gc,heap     ] GC(46)                Mark Start          Mark End        Relocate Start      Relocate End           High               Low         
[99.039s][info][gc,heap     ] GC(46)  Capacity:     2000M (100%)       2000M (100%)       2000M (100%)       2000M (100%)       2000M (100%)       2000M (100%)   
[99.039s][info][gc,heap     ] GC(46)   Reserve:       34M (2%)           34M (2%)           34M (2%)           34M (2%)           34M (2%)           34M (2%)     
[99.039s][info][gc,heap     ] GC(46)      Free:     1322M (66%)        1080M (54%)        1226M (61%)        1466M (73%)        1466M (73%)        1080M (54%)    
[99.039s][info][gc,heap     ] GC(46)      Used:      644M (32%)         886M (44%)         740M (37%)         500M (25%)         886M (44%)         500M (25%)    
[99.039s][info][gc,heap     ] GC(46)      Live:         -               245M (12%)         245M (12%)         245M (12%)            -                  -          
[99.039s][info][gc,heap     ] GC(46) Allocated:         -               242M (12%)         242M (12%)         274M (14%)            -                  -          
[99.039s][info][gc,heap     ] GC(46)   Garbage:         -               398M (20%)         252M (13%)           6M (0%)             -                  -          
[99.039s][info][gc,heap     ] GC(46) Reclaimed:         -                  -               146M (7%)          392M (20%)            -                  -          
[99.039s][info][gc          ] GC(46) Garbage Collection (Allocation Rate) 644M(32%)->500M(25%)
[99.292s][info][gc,heap     ] Page Cache Flushed: 10M requested, 12M(1378M->1366M) flushed
[99.320s][info][gc,heap     ] Page Cache Flushed: 6M requested, 32M(1364M->1332M) flushed
[99.501s][info][gc,start    ] GC(47) Garbage Collection (Allocation Rate)
[99.507s][info][gc,phases   ] GC(47) Pause Mark Start 3.543ms
[99.722s][info][gc,heap     ] Page Cache Flushed: 4M requested, 4M(1016M->1012M) flushed
[100.101s][info][gc,stats    ] === Garbage Collection Statistics =======================================================================================================================
[100.101s][info][gc,stats    ]                                                              Last 10s              Last 10m              Last 10h                Total
[100.101s][info][gc,stats    ]                                                              Avg / Max             Avg / Max             Avg / Max             Avg / Max
[100.101s][info][gc,stats    ]   Collector: Garbage Collection Cycle                   1115.218 / 1439.541   1001.336 / 2745.518   1001.336 / 2745.518   1001.336 / 2745.518    ms
[100.101s][info][gc,stats    ]  Contention: Mark Segment Reset Contention                     0 / 0                 0 / 0                 0 / 0                 0 / 0           ops/s
[100.101s][info][gc,stats    ]  Contention: Mark SeqNum Reset Contention                      0 / 0                 0 / 0                 0 / 0                 0 / 0           ops/s
[100.101s][info][gc,stats    ]  Contention: Relocation Contention                             0 / 2                 0 / 2                 0 / 2                 0 / 2           ops/s
[100.101s][info][gc,stats    ]    Critical: Allocation Stall                              0.000 / 0.000        91.379 / 91.379       91.379 / 91.379       91.379 / 91.379      ms
[100.101s][info][gc,stats    ]    Critical: Allocation Stall                                  0 / 0                 0 / 1                 0 / 1                 0 / 1           ops/s
[100.101s][info][gc,stats    ]    Critical: GC Locker Stall                               0.000 / 0.000         0.013 / 0.013         0.013 / 0.013         0.013 / 0.013       ms
[100.101s][info][gc,stats    ]    Critical: GC Locker Stall                                   0 / 0                 0 / 1                 0 / 1                 0 / 1           ops/s
[100.101s][info][gc,stats    ]      Memory: Allocation Rate                                 279 / 504             259 / 1152            259 / 1152            259 / 1152        MB/s
[100.101s][info][gc,stats    ]      Memory: Heap Used After Mark                            926 / 996             915 / 1966            915 / 1966            915 / 1966        MB
[100.101s][info][gc,stats    ]      Memory: Heap Used After Relocation                      436 / 500             407 / 1086            407 / 1086            407 / 1086        MB
[100.101s][info][gc,stats    ]      Memory: Heap Used Before Mark                           770 / 878             768 / 1860            768 / 1860            768 / 1860        MB
[100.101s][info][gc,stats    ]      Memory: Heap Used Before Relocation                     633 / 870             604 / 1080            604 / 1080            604 / 1080        MB
[100.101s][info][gc,stats    ]      Memory: Out Of Memory                                     0 / 0                 0 / 0                 0 / 0                 0 / 0           ops/s
[100.101s][info][gc,stats    ]      Memory: Page Cache Flush                                 12 / 58                6 / 58                6 / 58                6 / 58          MB/s
[100.101s][info][gc,stats    ]      Memory: Page Cache Hit L1                               119 / 206             115 / 577             115 / 577             115 / 577         ops/s
[100.101s][info][gc,stats    ]      Memory: Page Cache Hit L2                                 0 / 0                 0 / 0                 0 / 0                 0 / 0           ops/s
[100.101s][info][gc,stats    ]      Memory: Page Cache Miss                                   1 / 7                 9 / 303               9 / 303               9 / 303         ops/s
[100.101s][info][gc,stats    ]      Memory: Undo Object Allocation Failed                     0 / 0                 0 / 1                 0 / 1                 0 / 1           ops/s
[100.101s][info][gc,stats    ]      Memory: Undo Object Allocation Succeeded                  0 / 2                 0 / 2                 0 / 2                 0 / 2           ops/s
[100.101s][info][gc,stats    ]      Memory: Undo Page Allocation                              0 / 1                 0 / 1                 0 / 1                 0 / 1           ops/s
[100.101s][info][gc,stats    ]       Phase: Concurrent Destroy Detached Pages             0.002 / 0.007         0.002 / 0.013         0.002 / 0.013         0.002 / 0.013       ms
[100.101s][info][gc,stats    ]       Phase: Concurrent Mark                             938.877 / 1223.716    837.825 / 2737.214    837.825 / 2737.214    837.825 / 2737.214    ms
[100.101s][info][gc,stats    ]       Phase: Concurrent Mark Continue                      0.000 / 0.000         0.000 / 0.000         0.000 / 0.000         0.000 / 0.000       ms
[100.101s][info][gc,stats    ]       Phase: Concurrent Prepare Relocation Set             3.815 / 7.534         6.169 / 51.007        6.169 / 51.007        6.169 / 51.007      ms
[100.101s][info][gc,stats    ]       Phase: Concurrent Process Non-Strong References      1.709 / 1.810         1.837 / 5.852         1.837 / 5.852         1.837 / 5.852       ms
[100.101s][info][gc,stats    ]       Phase: Concurrent Relocate                         148.082 / 256.285     137.928 / 439.061     137.928 / 439.061     137.928 / 439.061     ms
[100.101s][info][gc,stats    ]       Phase: Concurrent Reset Relocation Set               0.187 / 0.520         0.323 / 1.431         0.323 / 1.431         0.323 / 1.431       ms
[100.101s][info][gc,stats    ]       Phase: Concurrent Select Relocation Set              2.418 / 5.808         2.124 / 9.502         2.124 / 9.502         2.124 / 9.502       ms
[100.101s][info][gc,stats    ]       Phase: Pause Mark End                                0.388 / 0.470         0.301 / 0.653         0.301 / 0.653         0.301 / 0.653       ms
[100.101s][info][gc,stats    ]       Phase: Pause Mark Start                              4.143 / 6.033         3.302 / 9.147         3.302 / 9.147         3.302 / 9.147       ms
[100.101s][info][gc,stats    ]       Phase: Pause Relocate Start                          3.311 / 3.985         2.574 / 5.290         2.574 / 5.290         2.574 / 5.290       ms
[100.101s][info][gc,stats    ]    Subphase: Concurrent Mark                             931.936 / 1215.523    835.910 / 2737.185    835.910 / 2737.185    835.910 / 2737.185    ms
[100.101s][info][gc,stats    ]    Subphase: Concurrent Mark Idle                          0.000 / 0.000         0.000 / 0.000         0.000 / 0.000         0.000 / 0.000       ms
[100.101s][info][gc,stats    ]    Subphase: Concurrent Mark Try Flush                     0.872 / 1.139         1.425 / 8.091         1.425 / 8.091         1.425 / 8.091       ms
[100.101s][info][gc,stats    ]    Subphase: Concurrent Mark Try Terminate                 0.497 / 1.019         0.505 / 3.913         0.505 / 3.913         0.505 / 3.913       ms
[100.101s][info][gc,stats    ]    Subphase: Concurrent References Enqueue                 0.002 / 0.004         0.002 / 0.005         0.002 / 0.005         0.002 / 0.005       ms
[100.101s][info][gc,stats    ]    Subphase: Concurrent References Process                 0.805 / 0.856         0.833 / 4.061         0.833 / 4.061         0.833 / 4.061       ms
[100.101s][info][gc,stats    ]    Subphase: Concurrent Weak Roots                         0.891 / 1.001         0.964 / 4.887         0.964 / 4.887         0.964 / 4.887       ms
[100.101s][info][gc,stats    ]    Subphase: Concurrent Weak Roots JNIWeakHandles          0.000 / 0.000         0.000 / 0.001         0.000 / 0.001         0.000 / 0.001       ms
[100.101s][info][gc,stats    ]    Subphase: Concurrent Weak Roots StringTable             0.634 / 0.682         0.746 / 4.663         0.746 / 4.663         0.746 / 4.663       ms
[100.101s][info][gc,stats    ]    Subphase: Concurrent Weak Roots VMWeakHandles           0.255 / 0.328         0.217 / 0.328         0.217 / 0.328         0.217 / 0.328       ms
[100.101s][info][gc,stats    ]    Subphase: Pause Mark Try Complete                       0.000 / 0.000         0.001 / 0.002         0.001 / 0.002         0.001 / 0.002       ms
[100.101s][info][gc,stats    ]    Subphase: Pause Remap TLABS                             0.002 / 0.004         0.001 / 0.004         0.001 / 0.004         0.001 / 0.004       ms
[100.101s][info][gc,stats    ]    Subphase: Pause Retire TLABS                            0.031 / 0.043         0.019 / 0.048         0.019 / 0.048         0.019 / 0.048       ms
[100.101s][info][gc,stats    ]    Subphase: Pause Roots                                   2.326 / 5.573         1.813 / 8.878         1.813 / 8.878         1.813 / 8.878       ms
[100.101s][info][gc,stats    ]    Subphase: Pause Roots ClassLoaderDataGraph              0.827 / 1.439         0.806 / 7.463         0.806 / 7.463         0.806 / 7.463       ms
[100.101s][info][gc,stats    ]    Subphase: Pause Roots CodeCache                         1.940 / 3.209         1.381 / 3.209         1.381 / 3.209         1.381 / 3.209       ms
[100.101s][info][gc,stats    ]    Subphase: Pause Roots JNIHandles                        0.001 / 0.002         0.001 / 0.004         0.001 / 0.004         0.001 / 0.004       ms
[100.101s][info][gc,stats    ]    Subphase: Pause Roots JNIWeakHandles                    0.000 / 0.000         0.000 / 0.000         0.000 / 0.000         0.000 / 0.000       ms
[100.101s][info][gc,stats    ]    Subphase: Pause Roots JRFWeak                           0.000 / 0.000         0.000 / 0.000         0.000 / 0.000         0.000 / 0.000       ms
[100.101s][info][gc,stats    ]    Subphase: Pause Roots JVMTIExport                       0.001 / 0.001         0.001 / 0.002         0.001 / 0.002         0.001 / 0.002       ms
[100.101s][info][gc,stats    ]    Subphase: Pause Roots JVMTIWeakExport                   0.001 / 0.001         0.001 / 0.002         0.001 / 0.002         0.001 / 0.002       ms
[100.101s][info][gc,stats    ]    Subphase: Pause Roots Management                        0.001 / 0.003         0.001 / 0.004         0.001 / 0.004         0.001 / 0.004       ms
[100.101s][info][gc,stats    ]    Subphase: Pause Roots ObjectSynchronizer                0.000 / 0.000         0.000 / 0.001         0.000 / 0.001         0.000 / 0.001       ms
[100.101s][info][gc,stats    ]    Subphase: Pause Roots Setup                             0.235 / 0.538         0.190 / 0.538         0.190 / 0.538         0.190 / 0.538       ms
[100.101s][info][gc,stats    ]    Subphase: Pause Roots StringTable                       0.000 / 0.000         0.000 / 0.000         0.000 / 0.000         0.000 / 0.000       ms
[100.101s][info][gc,stats    ]    Subphase: Pause Roots SystemDictionary                  0.015 / 0.022         0.014 / 0.034         0.014 / 0.034         0.014 / 0.034       ms
[100.101s][info][gc,stats    ]    Subphase: Pause Roots Teardown                          0.002 / 0.003         0.001 / 0.004         0.001 / 0.004         0.001 / 0.004       ms
[100.101s][info][gc,stats    ]    Subphase: Pause Roots Threads                           0.463 / 0.890         0.331 / 0.985         0.331 / 0.985         0.331 / 0.985       ms
[100.101s][info][gc,stats    ]    Subphase: Pause Roots Universe                          0.003 / 0.006         0.006 / 0.370         0.006 / 0.370         0.006 / 0.370       ms
[100.101s][info][gc,stats    ]    Subphase: Pause Roots VMWeakHandles                     0.000 / 0.000         0.000 / 0.000         0.000 / 0.000         0.000 / 0.000       ms
[100.101s][info][gc,stats    ]    Subphase: Pause Weak Roots                              0.002 / 0.002         0.002 / 0.010         0.002 / 0.010         0.002 / 0.010       ms
[100.101s][info][gc,stats    ]    Subphase: Pause Weak Roots JFRWeak                      0.001 / 0.001         0.001 / 0.001         0.001 / 0.001         0.001 / 0.001       ms
[100.101s][info][gc,stats    ]    Subphase: Pause Weak Roots JNIWeakHandles               0.000 / 0.000         0.000 / 0.000         0.000 / 0.000         0.000 / 0.000       ms
[100.101s][info][gc,stats    ]    Subphase: Pause Weak Roots JVMTIWeakExport              0.001 / 0.001         0.001 / 0.009         0.001 / 0.009         0.001 / 0.009       ms
[100.101s][info][gc,stats    ]    Subphase: Pause Weak Roots Setup                        0.000 / 0.000         0.000 / 0.000         0.000 / 0.000         0.000 / 0.000       ms
[100.101s][info][gc,stats    ]    Subphase: Pause Weak Roots StringTable                  0.000 / 0.000         0.000 / 0.000         0.000 / 0.000         0.000 / 0.000       ms
[100.101s][info][gc,stats    ]    Subphase: Pause Weak Roots SymbolTable                  0.000 / 0.000         0.000 / 0.000         0.000 / 0.000         0.000 / 0.000       ms
[100.101s][info][gc,stats    ]    Subphase: Pause Weak Roots Teardown                     0.001 / 0.001         0.001 / 0.001         0.001 / 0.001         0.001 / 0.001       ms
[100.101s][info][gc,stats    ]    Subphase: Pause Weak Roots VMWeakHandles                0.000 / 0.000         0.000 / 0.000         0.000 / 0.000         0.000 / 0.000       ms
[100.101s][info][gc,stats    ]      System: Java Threads                                    126 / 140              78 / 140              78 / 140              78 / 140         threads
[100.101s][info][gc,stats    ] =========================================================================================================================================================
[100.379s][info][gc,phases   ] GC(47) Concurrent Mark 871.904ms
[100.382s][info][gc,phases   ] GC(47) Pause Mark End 0.444ms
[100.384s][info][gc,phases   ] GC(47) Concurrent Process Non-Strong References 1.739ms
[100.384s][info][gc,phases   ] GC(47) Concurrent Reset Relocation Set 0.029ms
[100.384s][info][gc,phases   ] GC(47) Concurrent Destroy Detached Pages 0.006ms
[100.386s][info][gc,phases   ] GC(47) Concurrent Select Relocation Set 1.587ms
[100.388s][info][gc,phases   ] GC(47) Concurrent Prepare Relocation Set 2.322ms
[100.392s][info][gc,phases   ] GC(47) Pause Relocate Start 3.520ms
[100.584s][info][gc,phases   ] GC(47) Concurrent Relocate 186.388ms
[100.584s][info][gc,load     ] GC(47) Load: 1.93/2.08/2.37
[100.584s][info][gc,mmu      ] GC(47) MMU: 2ms/0.0%, 5ms/0.0%, 10ms/8.5%, 20ms/54.3%, 50ms/81.7%, 100ms/90.9%
[100.584s][info][gc,marking  ] GC(47) Mark: 1 stripe(s), 2 proactive flush(es), 1 terminate flush(es), 0 completion(s), 0 continuation(s) 
[100.584s][info][gc,reloc    ] GC(47) Relocation: Successful, 42M relocated
[100.584s][info][gc,nmethod  ] GC(47) NMethods: 4647 registered, 6 unregistered
[100.584s][info][gc,metaspace] GC(47) Metaspace: 73M used, 77M capacity, 78M committed, 80M reserved
[100.584s][info][gc,ref      ] GC(47) Soft: 4921 encountered, 0 discovered, 0 enqueued
[100.584s][info][gc,ref      ] GC(47) Weak: 4979 encountered, 3927 discovered, 15 enqueued
[100.584s][info][gc,ref      ] GC(47) Final: 28 encountered, 0 discovered, 0 enqueued
[100.584s][info][gc,ref      ] GC(47) Phantom: 663 encountered, 659 discovered, 0 enqueued
[100.584s][info][gc,heap     ] GC(47)                Mark Start          Mark End        Relocate Start      Relocate End           High               Low         
[100.584s][info][gc,heap     ] GC(47)  Capacity:     2000M (100%)       2000M (100%)       2000M (100%)       2000M (100%)       2000M (100%)       2000M (100%)   
[100.584s][info][gc,heap     ] GC(47)   Reserve:       34M (2%)           34M (2%)           34M (2%)           34M (2%)           34M (2%)           34M (2%)     
[100.584s][info][gc,heap     ] GC(47)      Free:     1178M (59%)         910M (46%)        1174M (59%)        1424M (71%)        1424M (71%)         910M (46%)    
[100.584s][info][gc,heap     ] GC(47)      Used:      788M (39%)        1056M (53%)         792M (40%)         542M (27%)        1056M (53%)         542M (27%)    
[100.584s][info][gc,heap     ] GC(47)      Live:         -               261M (13%)         261M (13%)         261M (13%)            -                  -          
[100.584s][info][gc,heap     ] GC(47) Allocated:         -               268M (13%)         268M (13%)         304M (15%)            -                  -          
[100.584s][info][gc,heap     ] GC(47)   Garbage:         -               526M (26%)         262M (13%)           4M (0%)             -                  -          
[100.584s][info][gc,heap     ] GC(47) Reclaimed:         -                  -               264M (13%)         522M (26%)            -                  -          
[100.584s][info][gc          ] GC(47) Garbage Collection (Allocation Rate) 788M(39%)->542M(27%)
[100.938s][info][gc,heap     ] Page Cache Flushed: 8M requested, 12M(1314M->1302M) flushed
[100.941s][info][gc,heap     ] Page Cache Flushed: 4M requested, 6M(1302M->1296M) flushed
[100.944s][info][gc,heap     ] Page Cache Flushed: 6M requested, 6M(1296M->1290M) flushed
[101.078s][info][gc,heap     ] Page Cache Flushed: 6M requested, 32M(1160M->1128M) flushed
[101.099s][info][gc,start    ] GC(48) Garbage Collection (Allocation Rate)
[101.105s][info][gc,phases   ] GC(48) Pause Mark Start 3.476ms
[102.281s][info][gc,phases   ] GC(48) Concurrent Mark 1174.526ms
[102.285s][info][gc,phases   ] GC(48) Pause Mark End 0.393ms
[102.286s][info][gc,phases   ] GC(48) Concurrent Process Non-Strong References 1.644ms
[102.288s][info][gc,phases   ] GC(48) Concurrent Reset Relocation Set 0.038ms
[102.288s][info][gc,phases   ] GC(48) Concurrent Destroy Detached Pages 0.005ms
[102.289s][info][gc,phases   ] GC(48) Concurrent Select Relocation Set 1.527ms
[102.292s][info][gc,phases   ] GC(48) Concurrent Prepare Relocation Set 2.724ms
[102.297s][info][gc,phases   ] GC(48) Pause Relocate Start 3.137ms
[102.654s][info][gc,phases   ] GC(48) Concurrent Relocate 352.167ms
[102.655s][info][gc,load     ] GC(48) Load: 1.93/2.08/2.37
[102.655s][info][gc,mmu      ] GC(48) MMU: 2ms/0.0%, 5ms/0.0%, 10ms/8.5%, 20ms/54.3%, 50ms/81.7%, 100ms/90.9%
[102.655s][info][gc,marking  ] GC(48) Mark: 1 stripe(s), 2 proactive flush(es), 1 terminate flush(es), 0 completion(s), 0 continuation(s) 
[102.655s][info][gc,reloc    ] GC(48) Relocation: Successful, 40M relocated
[102.655s][info][gc,nmethod  ] GC(48) NMethods: 4738 registered, 6 unregistered
[102.655s][info][gc,metaspace] GC(48) Metaspace: 74M used, 78M capacity, 78M committed, 80M reserved
[102.655s][info][gc,ref      ] GC(48) Soft: 4920 encountered, 0 discovered, 0 enqueued
[102.655s][info][gc,ref      ] GC(48) Weak: 4967 encountered, 4052 discovered, 105 enqueued
[102.655s][info][gc,ref      ] GC(48) Final: 28 encountered, 0 discovered, 0 enqueued
[102.655s][info][gc,ref      ] GC(48) Phantom: 662 encountered, 658 discovered, 0 enqueued
[102.655s][info][gc,heap     ] GC(48)                Mark Start          Mark End        Relocate Start      Relocate End           High               Low         
[102.655s][info][gc,heap     ] GC(48)  Capacity:     2000M (100%)       2000M (100%)       2000M (100%)       2000M (100%)       2000M (100%)       2000M (100%)   
[102.655s][info][gc,heap     ] GC(48)   Reserve:       34M (2%)           34M (2%)           34M (2%)           34M (2%)           34M (2%)           34M (2%)     
[102.655s][info][gc,heap     ] GC(48)      Free:     1146M (57%)         522M (26%)         904M (45%)         860M (43%)        1146M (57%)         520M (26%)    
[102.655s][info][gc,heap     ] GC(48)      Used:      820M (41%)        1444M (72%)        1062M (53%)        1106M (55%)        1446M (72%)         820M (41%)    
[102.655s][info][gc,heap     ] GC(48)      Live:         -               249M (12%)         249M (12%)         249M (12%)            -                  -          
[102.655s][info][gc,heap     ] GC(48) Allocated:         -               624M (31%)         626M (31%)         850M (42%)            -                  -          
[102.655s][info][gc,heap     ] GC(48)   Garbage:         -               570M (29%)         186M (9%)           42M (2%)             -                  -          
[102.655s][info][gc,heap     ] GC(48) Reclaimed:         -                  -               384M (19%)         528M (26%)            -                  -          
[102.655s][info][gc          ] GC(48) Garbage Collection (Allocation Rate) 820M(41%)->1106M(55%)
[102.700s][info][gc,start    ] GC(49) Garbage Collection (Allocation Rate)
[102.717s][info][gc,phases   ] GC(49) Pause Mark Start 3.462ms
[102.817s][info][gc,phases   ] GC(49) Concurrent Mark 99.872ms
[102.817s][info][gc,phases   ] GC(49) Pause Mark End 0.059ms
[102.819s][info][gc,phases   ] GC(49) Concurrent Process Non-Strong References 1.626ms
[102.820s][info][gc,phases   ] GC(49) Concurrent Reset Relocation Set 0.526ms
[102.820s][info][gc,phases   ] GC(49) Concurrent Destroy Detached Pages 0.001ms
[102.821s][info][gc,phases   ] GC(49) Concurrent Select Relocation Set 1.856ms
[102.822s][info][gc,phases   ] GC(49) Concurrent Prepare Relocation Set 0.077ms
[102.832s][info][gc,phases   ] GC(49) Pause Relocate Start 10.096ms
[102.836s][info][gc,phases   ] GC(49) Concurrent Relocate 4.270ms
[102.836s][info][gc,load     ] GC(49) Load: 1.93/2.08/2.37
[102.836s][info][gc,mmu      ] GC(49) MMU: 2ms/0.0%, 5ms/0.0%, 10ms/0.0%, 20ms/49.2%, 50ms/79.7%, 100ms/89.8%
[102.836s][info][gc,marking  ] GC(49) Mark: 1 stripe(s), 2 proactive flush(es), 1 terminate flush(es), 0 completion(s), 0 continuation(s) 
[102.836s][info][gc,reloc    ] GC(49) Relocation: Successful, 9M relocated
[102.836s][info][gc,nmethod  ] GC(49) NMethods: 4750 registered, 6 unregistered
[102.836s][info][gc,metaspace] GC(49) Metaspace: 74M used, 78M capacity, 78M committed, 80M reserved
[102.836s][info][gc,ref      ] GC(49) Soft: 4936 encountered, 0 discovered, 0 enqueued
[102.836s][info][gc,ref      ] GC(49) Weak: 4618 encountered, 3573 discovered, 26 enqueued
[102.836s][info][gc,ref      ] GC(49) Final: 28 encountered, 2 discovered, 2 enqueued
[102.836s][info][gc,ref      ] GC(49) Phantom: 709 encountered, 515 discovered, 54 enqueued
[102.836s][info][gc,heap     ] GC(49)                Mark Start          Mark End        Relocate Start      Relocate End           High               Low         
[102.836s][info][gc,heap     ] GC(49)  Capacity:     2000M (100%)       2000M (100%)       2000M (100%)       2000M (100%)       2000M (100%)       2000M (100%)   
[102.836s][info][gc,heap     ] GC(49)   Reserve:       34M (2%)           34M (2%)           34M (2%)           34M (2%)           34M (2%)           34M (2%)     
[102.836s][info][gc,heap     ] GC(49)      Free:      850M (42%)         846M (42%)        1800M (90%)        1898M (95%)        1898M (95%)         846M (42%)    
[102.836s][info][gc,heap     ] GC(49)      Used:     1116M (56%)        1120M (56%)         166M (8%)           68M (3%)         1120M (56%)          68M (3%)     
[102.836s][info][gc,heap     ] GC(49)      Live:         -                33M (2%)           33M (2%)           33M (2%)             -                  -          
[102.836s][info][gc,heap     ] GC(49) Allocated:         -                 4M (0%)            4M (0%)            8M (0%)             -                  -          
[102.836s][info][gc,heap     ] GC(49)   Garbage:         -              1082M (54%)         128M (6%)           30M (2%)             -                  -          
[102.836s][info][gc,heap     ] GC(49) Reclaimed:         -                  -               954M (48%)        1052M (53%)            -                  -          
[102.836s][info][gc          ] GC(49) Garbage Collection (Allocation Rate) 1116M(56%)->68M(3%)
[102.836s][info][gc,heap,exit] Heap
[102.836s][info][gc,heap,exit]  ZHeap           used 68M, capacity 2000M, max capacity 2000M
[102.836s][info][gc,heap,exit]  Metaspace       used 76261K, capacity 80385K, committed 80452K, reserved 81920K
